03-31 17:59:03.745 D/KeyguardViewMediator( 1474): 	at com.android.internal.policy.impl.KeyguardViewMediator.doKeyguard(KeyguardViewMediator.java:527)
03-31 17:59:03.745 D/KeyguardViewMediator( 1474): 	at com.android.internal.policy.impl.KeyguardViewMediator.access$200(KeyguardViewMediator.java:94)
03-31 17:59:03.745 D/KeyguardViewMediator( 1474): 	at com.android.internal.policy.impl.KeyguardViewMediator$1.onReceive(KeyguardViewMediator.java:716)
03-31 17:59:03.745 D/KeyguardViewMediator( 1474): 	at android.app.LoadedApk$ReceiverDispatcher$Args.run(LoadedApk.java:709)
03-31 17:59:03.745 D/KeyguardViewMediator( 1474): 	at android.os.Handler.handleCallback(Handler.java:587)
03-31 17:59:03.745 D/KeyguardViewMediator( 1474): 	at android.os.Handler.dispatchMessage(Handler.java:92)
03-31 17:59:03.745 D/KeyguardViewMediator( 1474): 	at android.os.Looper.loop(Looper.java:130)
03-31 17:59:03.745 D/KeyguardViewMediator( 1474): 	at com.android.server.ServerThread.run(SystemServer.java:594)
03-31 17:59:03.745 V/LockscreenManager( 1474): getLockscreen. 
03-31 17:59:03.745 V/LockscreenService( 1474): LockscreenService. create
03-31 17:59:03.745 V/LockscreenService( 1474): getLockscreenView. this= com.orange.lockscreen.server.LockscreenService@3426faf0
03-31 17:59:03.745 W/Settings( 1474): Setting lock_pattern_autolock has moved from android.provider.Settings.System to android.provider.Settings.Secure, returning read-only value.
03-31 17:59:03.745 D/LockscreenView( 1474): onCreate, widthPixels=600
03-31 17:59:03.745 I/LockscreenView( 1474): onCreate. Lockscreen startup.
03-31 17:59:03.755 D/WidgetSlat( 1474): mLock=android.widget.ImageView@33d97930
03-31 17:59:03.755 D/WidgetSlat( 1474): mLock=android.widget.ImageView@33dc2590
03-31 17:59:03.755 D/WidgetSlat( 1474): mLock=android.widget.ImageView@33ddcd80
03-31 17:59:03.755 D/WidgetSlat( 1474): mLock=android.widget.ImageView@33de8b90
03-31 17:59:03.795 D/AwesomePlayer( 1254): reset_l
03-31 17:59:03.795 D/AwesomePlayer( 1254): Enter setDataSource(), fd = 41, offset = 2897, length = 6926
03-31 17:59:03.795 D/AwesomePlayer( 1254): reset_l
03-31 17:59:03.795 D/DrmSource( 1254): Enter  createDrmSource(int fd, int64_t offset, int64_t length)
03-31 17:59:03.795 I/DrmSource( 1254): Enter SVC_drm_openSession()
03-31 17:59:03.795 E/        ( 1254): (frameworks/base/media/libdrm/mobile1/src/objmng/drm_api.c:SVC_drm_openSession:1417)In
03-31 17:59:03.795 E/        ( 1254): (frameworks/base/media/libdrm/mobile1/src/objmng/drm_api.c:SVC_drm_openSession:1451)Got the mime type is 255
03-31 17:59:03.795 I/DrmSource( 1254): Leave SVC_drm_openSession(), mDrmSessionID = -4
03-31 17:59:03.795 W/DrmSource( 1254): WARNING: new drm source fail or initcheck fail
03-31 17:59:03.805 D/MPEG4Extractor( 1254): This file have udta component ,size = 2606
03-31 17:59:03.805 D/MPEG4Extractor( 1254): chunk_size = 2606
03-31 17:59:03.805 D/AwesomePlayer( 1254): LEAVE setDataSource(), status = 0
03-31 17:59:03.805 D/AwesomePlayer( 1254): add preparing flag
03-31 17:59:03.805 I/cmodule ( 1254): module libomx_ipp_aacdec.so successfully loaded
03-31 17:59:03.805 V/componentbase( 1254): command process workqueue started
03-31 17:59:03.805 I/componentbase( 1254): OMX.Intel.IPP.AACDEC: set working role audio_decoder.aac:
03-31 17:59:03.805 I/wrs-omxil-core( 1254): get handle of component OMX.Intel.IPP.AACDEC successfully
03-31 17:59:03.805 I/componentbase( 1254): OMX.Intel.IPP.AACDEC: set working role audio_decoder.aac:
03-31 17:59:03.805 W/OMXCodec( 1254): Codec outputs a different number of channels than the input stream contains (contains 1 channels, codec outputs 2 channels).
03-31 17:59:03.805 I/OMXCodec( 1254): [OMX.Intel.IPP.AACDEC] init: send CmdStateSet to Idle before allocation
03-31 17:59:03.805 V/componentbase( 1254): OMX.Intel.IPP.AACDEC:audio_decoder.aac: handling OMX_CommandStateSet command
03-31 17:59:03.805 V/componentbase( 1254): OMX.Intel.IPP.AACDEC:audio_decoder.aac: try to transit state from OMX_StateLoaded to OMX_StateIdle
03-31 17:59:03.805 I/OMXCodec( 1254): [OMX.Intel.IPP.AACDEC] setState 2, mAsyncCompletion signal
03-31 17:59:03.805 I/OMXCodec( 1254): [OMX.Intel.IPP.AACDEC] allocating 5 buffers of size 4096 on input port
03-31 17:59:03.805 I/OMXCodec( 1254): [OMX.Intel.IPP.AACDEC] allocating 5 buffers of size 16384 on output port
03-31 17:59:03.805 D/componentbase( 1254): OMX.Intel.IPP.AACDEC:audio_decoder.aac: transition from OMX_StateLoaded to OMX_StateIdle completed
03-31 17:59:03.805 I/OMXCodec( 1254): [OMX.Intel.IPP.AACDEC] init: AsyncCompletion wait until exe or error
03-31 17:59:03.805 V/componentbase( 1254): OMX.Intel.IPP.AACDEC:audio_decoder.aac: command OMX_CommandStateSet handling done
03-31 17:59:03.805 I/OMXCodec( 1254): [OMX.Intel.IPP.AACDEC] onEvent event 0, data1 0, data2 2
03-31 17:59:03.805 I/OMXCodec( 1254): [OMX.Intel.IPP.AACDEC] onStateChange: send cmdStateSet to Exe
03-31 17:59:03.805 I/OMXCodec( 1254): [OMX.Intel.IPP.AACDEC] setState 3, mAsyncCompletion signal
03-31 17:59:03.805 I/OMXCodec( 1254): [OMX.Intel.IPP.AACDEC] init: AsyncCompletion wait until exe or error
03-31 17:59:03.805 V/componentbase( 1254): OMX.Intel.IPP.AACDEC:audio_decoder.aac: handling OMX_CommandStateSet command
03-31 17:59:03.805 V/componentbase( 1254): OMX.Intel.IPP.AACDEC:audio_decoder.aac: try to transit state from OMX_StateIdle to OMX_StateExecuting
03-31 17:59:03.805 V/componentbase( 1254): OMX.Intel.IPP.AACDEC:audio_decoder.aac: buffer process work started with executing state
03-31 17:59:03.805 D/componentbase( 1254): OMX.Intel.IPP.AACDEC:audio_decoder.aac: transition from OMX_StateIdle to OMX_StateExecuting completed
03-31 17:59:03.805 V/componentbase( 1254): OMX.Intel.IPP.AACDEC:audio_decoder.aac: command OMX_CommandStateSet handling done
03-31 17:59:03.805 I/OMXCodec( 1254): [OMX.Intel.IPP.AACDEC] onEvent event 0, data1 0, data2 3
03-31 17:59:03.805 I/OMXCodec( 1254): [OMX.Intel.IPP.AACDEC] setState 4, mAsyncCompletion signal
03-31 17:59:03.805 D/AwesomePlayer( 1254): finishAsyncPrepare_l PreparedCondition broadcast
03-31 17:59:03.805 I/LockscreenView( 1474): onCreate. Lockscreen startup. mPluggedIn=false
03-31 17:59:03.805 V/LockscreenService( 1474): startLSWidgetService. 
03-31 17:59:03.805 V/LockscreenService( 1474): connectLSWidgetService. 
03-31 17:59:03.805 V/LockscreenService( 1474): connectLSWidgetService. success
03-31 17:59:03.805 V/LockscreenManager( 1474): getLockscreen. return ExtLockScreen.
03-31 17:59:03.805 V/LockscreenService( 1474): onServiceConnected. ILSWidgetService
03-31 17:59:03.805 D/LockscreenService( 1474): checkServiceReady, isReady=true
03-31 17:59:03.835 V/LockscreenView( 1474): onAttachedToWindow. this=com.orange.lockscreen.server.LockscreenView@33dc1470
03-31 17:59:03.835 D/LockscreenView( 1474): ##################### battery Change: level : 90,scale: 100
03-31 17:59:03.835 V/TimeDateView( 1474): plugged=true, level=90
03-31 17:59:03.845 D/***************( 2327): close dialogs
03-31 17:59:03.845 D/TimeDateView( 1474): ### mNextAlarm == null ? false, mNextAlarm: 
03-31 17:59:03.855 D/TimeDateView( 1474): ################### nextAlarmTempString == null ? false,nextAlarmTempString: 
03-31 17:59:03.855 D/TimeDateView( 1474): updateAlarmView. mNextAlarm: ,nextAlarmTempString : 
03-31 17:59:03.855 D/LockscreenView( 1474): onCreate. mPluggedIn=true
03-31 17:59:03.855 D/LockscreenService( 1474): HANDLE_READY
03-31 17:59:03.855 V/LockscreenService( 1474): loadLSWidgetList. 
03-31 17:59:03.855 D/LockscreenView( 1474): ## battery Init: level : 90 ,scale: 100 ,mPluggedIn: true
03-31 17:59:03.855 D/LockscreenView( 1474): $$$$$$$$$$$$$$$$$$$$$$$$$$$$mReceiver, null != mTimeDateViewCallback true,mBatteryLevel90,null != mTimeDateViewCallback true
03-31 17:59:03.855 V/LockscreenService( 1474): startListeningLSWidgetService. 
03-31 17:59:03.875 V/GridLayout( 1474): onLayout. who=com.orange.lockscreen.layers.widget.WidgetSlatPanel changed=true,child count: 4
03-31 17:59:03.875 V/WidgetSlat( 1474): onLayout. rowIndex=0
03-31 17:59:03.875 V/WidgetSlat( 1474): onLayout. rowIndex=1
03-31 17:59:03.875 V/WidgetSlat( 1474): onLayout. rowIndex=2
03-31 17:59:03.875 V/LockPar ( 1474): unlock;childLeft: 0,childTop: 738,childRight: 600,childBottom: 986
03-31 17:59:03.875 V/LockPar ( 1474): ^^^^^^^^^^^^^SlatHashMap.getScreenWidth(): 600
03-31 17:59:03.875 V/WidgetSlat( 1474): onLayout. rowIndex=3
03-31 17:59:03.875 D/lock    ( 1474): newConfig.orientation1
03-31 17:59:03.875 D/lock    ( 1474): %%%%%%%%%%%%%%%%%%%%%%%%%%%%%%%% l is: 0,t is: 738r is: 600,b is: 986
03-31 17:59:03.875 D/lock    ( 1474): onLayout() isUnlockPromptEnabled true ; mLock left: 270,top: 76,right: 330,bottom: 136
03-31 17:59:03.875 V/GridLayout( 1474): onLayout. who=com.orange.lockscreen.layers.slider.SliderSlatPanel changed=true,child count: 1
03-31 17:59:03.875 V/SliderSlat( 1474): onLayout. rowIndex=2 changed=true
03-31 17:59:03.875 V/TimeDateView( 1474): plugged=true, level=90
03-31 17:59:03.875 V/LockscreenService( 1474): addLSWidgetView. 
03-31 17:59:03.875 D/TimeDateView( 1474): ################### nextAlarmTempString == null ? false,nextAlarmTempString: 
03-31 17:59:03.875 D/TimeDateView( 1474): updateAlarmView. mNextAlarm: ,nextAlarmTempString : 
03-31 17:59:03.885 V/GridLayout( 1474): onLayout. who=com.orange.lockscreen.layers.widget.WidgetSlatPanel changed=false,child count: 4
03-31 17:59:03.885 V/WidgetSlat( 1474): onLayout. rowIndex=0
03-31 17:59:03.885 V/LockPar ( 1474): unlock;childLeft: 0,childTop: 738,childRight: 600,childBottom: 986
03-31 17:59:03.885 V/LockPar ( 1474): ^^^^^^^^^^^^^SlatHashMap.getScreenWidth(): 600
03-31 17:59:03.925 V/LockscreenService( 1474): run. LockscreenViewList.size()=2
03-31 17:59:03.925 V/LSWidgetHostView( 1474): LSWidgetHostView create [type=0x102]
03-31 17:59:03.935 V/LockscreenService( 1474): run. add WidgetView[type=0x102] into LS slat
03-31 17:59:03.935 V/LSWidgetHostView( 1474): LSWidgetHostView create [type=0x101]
03-31 17:59:03.935 V/LockscreenService( 1474): run. add WidgetView[type=0x101] into LS slat
03-31 17:59:03.945 I/AudioService( 1474):   Remote Control   registerMediaButtonEventReceiver() for ComponentInfo{com.android.music/com.android.music.MediaButtonIntentReceiver}
03-31 17:59:03.945 V/GridLayout( 1474): onLayout. who=com.orange.lockscreen.layers.widget.WidgetSlatPanel changed=false,child count: 4
03-31 17:59:03.955 V/WidgetSlat( 1474): onLayout. rowIndex=1
03-31 17:59:03.955 V/WidgetSlat( 1474): onLayout. rowIndex=2
03-31 17:59:03.955 V/LockPar ( 1474): unlock;childLeft: 0,childTop: 738,childRight: 600,childBottom: 986
03-31 17:59:03.955 V/LockPar ( 1474): ^^^^^^^^^^^^^SlatHashMap.getScreenWidth(): 600
03-31 17:59:03.975 D/LockscreenService( 1474): ***************** updateLSWidget(),RemoteView id: android.widget.RemoteViews@34281650
03-31 17:59:03.975 D/LockscreenService( 1474): ***************** updateLSWidget(),RemoteView id: android.widget.RemoteViews@34287ce0
03-31 17:59:03.975 V/LockscreenService( 1474): updateLSWidgetView. update LSWidget View, viewType=[0x101]
03-31 17:59:03.975 V/LockscreenService( 1474): updateLSWidgetView. update LSWidget View, viewType=[0x101]
03-31 17:59:03.975 D/LockscreenService( 1474): ************************* updateLSWidgetView,RemoteView id: android.widget.RemoteViews@34287ce0
03-31 17:59:03.975 D/LockscreenService( 1474): ************************* updateLSWidgetView,RemoteView id: android.widget.RemoteViews@34287ce0
03-31 17:59:03.985 D/LockscreenService( 1474): ***************** updateLSWidget(),RemoteView id: android.widget.RemoteViews@341cdae0
03-31 17:59:03.985 V/LockscreenService( 1474): updateLSWidgetView. update LSWidget View, viewType=[0x101]
03-31 17:59:03.985 D/LockscreenService( 1474): ************************* updateLSWidgetView,RemoteView id: android.widget.RemoteViews@341cdae0
03-31 17:59:04.205 D/BatteryService( 1474): /sys/class/power_supply/max17042_battery/capacity value is: 91
03-31 17:59:04.205 D/BatteryService( 1474): /sys/class/power_supply/max17042_battery/temp value is: 360
03-31 17:59:04.205 D/KeyguardUpdateMonitor( 1474): received broadcast android.intent.action.BATTERY_CHANGED
03-31 17:59:04.215 D/WifiService( 1474): ACTION_BATTERY_CHANGED pluggedType: 2
03-31 17:59:04.225 D/LockscreenView( 1474): ##################### battery Change: level : 91,scale: 100
03-31 17:59:04.225 D/LockscreenView( 1474): mReceiver, null != mTimeDateViewCallback true ,mBatteryLevel91,null != mTimeDateViewCallback true
03-31 17:59:04.225 V/TimeDateView( 1474): plugged=true, level=91
03-31 17:59:04.225 D/PHONEBACKUP_SRV(18956): SyncManager - batteryLevelGood
03-31 17:59:04.225 W/PHONEBACKUP_SRV(18956): SyncManager - batteryLevelGood no current sync or not previously suspended
03-31 17:59:04.225 D/BatteryService( 1474): /sys/class/power_supply/max17042_battery/capacity value is: 91
03-31 17:59:04.235 D/BatteryService( 1474): /sys/class/power_supply/max17042_battery/temp value is: 360
03-31 17:59:04.235 V/GridLayout( 1474): onLayout. who=com.orange.lockscreen.layers.widget.WidgetSlatPanel changed=false,child count: 4
03-31 17:59:04.235 V/WidgetSlat( 1474): onLayout. rowIndex=0
03-31 17:59:04.255 V/LockPar ( 1474): unlock;childLeft: 0,childTop: 738,childRight: 600,childBottom: 986
03-31 17:59:04.255 V/LockPar ( 1474): ^^^^^^^^^^^^^SlatHashMap.getScreenWidth(): 600
03-31 17:59:05.065 D/LockscreenView( 1474): enter run, widthPixels=600, was=600
03-31 17:59:05.065 D/LockscreenView( 1474): unlock icon, width=60, height=60
03-31 17:59:09.305 D/dalvikvm(18956): GC_EXPLICIT freed 408K, 57% free 3179K/7363K, external 1625K/4116K, paused 12ms
03-31 17:59:14.335 D/dalvikvm(18991): GC_EXPLICIT freed 1681K, 56% free 4216K/9415K, external 1625K/4116K, paused 29ms
03-31 17:59:19.315 D/dalvikvm( 7136): GC_EXPLICIT freed 2K, 64% free 3346K/9287K, external 2196K/6292K, paused 11ms
03-31 17:59:59.995 D/KeyguardUpdateMonitor( 1474): received broadcast android.intent.action.TIME_TICK
03-31 18:00:00.015 I/System.out(11218):  *********** Orange Clock ACTION_TIME_TICK Intent *********** 
03-31 18:00:00.025 V/GridLayout( 1474): onLayout. who=com.orange.lockscreen.layers.widget.WidgetSlatPanel changed=false,child count: 4
03-31 18:00:00.025 V/WidgetSlat( 1474): onLayout. rowIndex=0
03-31 18:00:00.025 V/LockPar ( 1474): unlock;childLeft: 0,childTop: 738,childRight: 600,childBottom: 986
03-31 18:00:00.025 V/LockPar ( 1474): ^^^^^^^^^^^^^SlatHashMap.getScreenWidth(): 600
03-31 18:00:00.045 I/System.out(11218):  *********** Orange Clock Receiver *********** com.orange.clockalarm.time_tick
03-31 18:00:05.085 D/dalvikvm(11218): GC_EXPLICIT freed 24K, 61% free 2917K/7431K, external 1625K/4116K, paused 6ms
03-31 18:00:59.995 D/KeyguardUpdateMonitor( 1474): received broadcast android.intent.action.TIME_TICK
03-31 18:01:00.015 I/System.out(11218):  *********** Orange Clock ACTION_TIME_TICK Intent *********** 
03-31 18:01:00.025 V/GridLayout( 1474): onLayout. who=com.orange.lockscreen.layers.widget.WidgetSlatPanel changed=false,child count: 4
03-31 18:01:00.025 V/WidgetSlat( 1474): onLayout. rowIndex=0
03-31 18:01:00.025 V/LockPar ( 1474): unlock;childLeft: 0,childTop: 738,childRight: 600,childBottom: 986
03-31 18:01:00.025 V/LockPar ( 1474): ^^^^^^^^^^^^^SlatHashMap.getScreenWidth(): 600
03-31 18:01:00.045 I/System.out(11218):  *********** Orange Clock Receiver *********** com.orange.clockalarm.time_tick
03-31 18:01:04.525 D/BatteryService( 1474): /sys/class/power_supply/max17042_battery/capacity value is: 92
03-31 18:01:04.525 D/BatteryService( 1474): /sys/class/power_supply/max17042_battery/temp value is: 350
03-31 18:01:04.535 D/KeyguardUpdateMonitor( 1474): received broadcast android.intent.action.BATTERY_CHANGED
03-31 18:01:04.545 D/LockscreenView( 1474): ##################### battery Change: level : 92,scale: 100
03-31 18:01:04.545 D/LockscreenView( 1474): mReceiver, null != mTimeDateViewCallback true ,mBatteryLevel92,null != mTimeDateViewCallback true
03-31 18:01:04.545 V/TimeDateView( 1474): plugged=true, level=92
03-31 18:01:04.545 D/WifiService( 1474): ACTION_BATTERY_CHANGED pluggedType: 2
03-31 18:01:04.555 D/BatteryService( 1474): /sys/class/power_supply/max17042_battery/capacity value is: 92
03-31 18:01:04.555 D/BatteryService( 1474): /sys/class/power_supply/max17042_battery/temp value is: 350
03-31 18:01:04.555 D/PHONEBACKUP_SRV(18956): SyncManager - batteryLevelGood
03-31 18:01:04.555 W/PHONEBACKUP_SRV(18956): SyncManager - batteryLevelGood no current sync or not previously suspended
03-31 18:01:04.565 V/GridLayout( 1474): onLayout. who=com.orange.lockscreen.layers.widget.WidgetSlatPanel changed=false,child count: 4
03-31 18:01:04.565 V/WidgetSlat( 1474): onLayout. rowIndex=0
03-31 18:01:04.565 V/LockPar ( 1474): unlock;childLeft: 0,childTop: 738,childRight: 600,childBottom: 986
03-31 18:01:04.565 V/LockPar ( 1474): ^^^^^^^^^^^^^SlatHashMap.getScreenWidth(): 600
03-31 18:01:09.645 D/dalvikvm( 2355): GC_EXPLICIT freed 369K, 73% free 3007K/10759K, external 1625K/4116K, paused 10ms
03-31 18:01:59.995 D/KeyguardUpdateMonitor( 1474): received broadcast android.intent.action.TIME_TICK
03-31 18:02:00.015 I/System.out(11218):  *********** Orange Clock ACTION_TIME_TICK Intent *********** 
03-31 18:02:00.015 V/GridLayout( 1474): onLayout. who=com.orange.lockscreen.layers.widget.WidgetSlatPanel changed=false,child count: 4
03-31 18:02:00.015 V/WidgetSlat( 1474): onLayout. rowIndex=0
03-31 18:02:00.015 V/LockPar ( 1474): unlock;childLeft: 0,childTop: 738,childRight: 600,childBottom: 986
03-31 18:02:00.025 V/LockPar ( 1474): ^^^^^^^^^^^^^SlatHashMap.getScreenWidth(): 600
03-31 18:02:00.055 I/System.out(11218):  *********** Orange Clock Receiver *********** com.orange.clockalarm.time_tick
03-31 18:02:03.955 D/KeyguardViewMediator( 1474): wakeWhenReadyLocked(26)
03-31 18:02:03.955 I/power   ( 1474): *** set_screen_state 1
03-31 18:02:03.965 D/MainActivity( 2327): startTrackingApplications(): monitor(com.orange.homescreen.pil.defaultimpl.application.ApplicationMonitor@33f13420)
03-31 18:02:03.965 D/MainActivity( 2327): startTrackingApplications(): sdmon(com.orange.homescreen.pil.android22impl.application.SDCardAppsMonitor@33e9d420)
03-31 18:02:03.965 D/SDCardAppsMonitor( 2327): addListener(): listener(com.orange.homescreen3x.MainActivity$8@33e7b2f0)
03-31 18:02:03.975 D/TimeSyncTask( 2327): startTimeTickThread(): mTickThread(null)
03-31 18:02:03.975 D/TimeSyncTask( 2327): startTimeTickThread(): mTickThread(Thread[Thread-339,5,main])
03-31 18:02:03.995 D/TimeTickThread( 2327): doInBackground(): time(06:02:03), sleep(57 sec)
03-31 18:02:04.035 D/MessageDetailSpinner( 2327): onLayout(): mSuppressOnLayout(false)
03-31 18:02:04.075 D/LockscreenService( 1474): ***************** updateLSWidget(),RemoteView id: android.widget.RemoteViews@33f828a0
03-31 18:02:04.075 V/LockscreenService( 1474): updateLSWidgetView. update LSWidget View, viewType=[0x102]
03-31 18:02:04.075 D/LockscreenService( 1474): ************************* updateLSWidgetView,RemoteView id: android.widget.RemoteViews@33f828a0
03-31 18:02:04.075 D/hand    ( 1474): ************************* updateLSWidgetView,RemoteView id: android.widget.RemoteViews@33f828a0 ,data.hasContent: false
03-31 18:02:04.085 D/PHONEBACKUP_SRV(18956): ScreenSaverManager - onReceive Intent { act=android.intent.action.SCREEN_ON flg=0x40000000 }
03-31 18:02:04.085 D/WifiService( 1474): ACTION_SCREEN_ON
03-31 18:02:04.095 V/GridLayout( 1474): onLayout. who=com.orange.lockscreen.layers.widget.WidgetSlatPanel changed=false,child count: 4
03-31 18:02:04.095 V/WidgetSlat( 1474): onLayout. rowIndex=1
03-31 18:02:04.095 V/LockPar ( 1474): unlock;childLeft: 0,childTop: 738,childRight: 600,childBottom: 986
03-31 18:02:04.095 V/LockPar ( 1474): ^^^^^^^^^^^^^SlatHashMap.getScreenWidth(): 600
03-31 18:02:04.285 D/CPDD_MRW( 1263): 1748262541:cpdModemInitForCP() = 1
03-31 18:02:04.685 D/BatteryService( 1474): /sys/class/power_supply/max17042_battery/capacity value is: 93
03-31 18:02:04.685 D/BatteryService( 1474): /sys/class/power_supply/max17042_battery/temp value is: 350
03-31 18:02:04.685 D/KeyguardUpdateMonitor( 1474): received broadcast android.intent.action.BATTERY_CHANGED
03-31 18:02:04.695 D/LockscreenView( 1474): ##################### battery Change: level : 93,scale: 100
03-31 18:02:04.695 D/LockscreenView( 1474): mReceiver, null != mTimeDateViewCallback true ,mBatteryLevel93,null != mTimeDateViewCallback true
03-31 18:02:04.695 D/WifiService( 1474): ACTION_BATTERY_CHANGED pluggedType: 2
03-31 18:02:04.705 D/PHONEBACKUP_SRV(18956): SyncManager - batteryLevelGood
03-31 18:02:04.705 W/PHONEBACKUP_SRV(18956): SyncManager - batteryLevelGood no current sync or not previously suspended
03-31 18:02:04.705 V/TimeDateView( 1474): plugged=true, level=93
03-31 18:02:04.705 D/BatteryService( 1474): /sys/class/power_supply/max17042_battery/capacity value is: 93
03-31 18:02:04.705 D/BatteryService( 1474): /sys/class/power_supply/max17042_battery/temp value is: 350
03-31 18:02:04.715 V/GridLayout( 1474): onLayout. who=com.orange.lockscreen.layers.widget.WidgetSlatPanel changed=false,child count: 4
03-31 18:02:04.715 V/WidgetSlat( 1474): onLayout. rowIndex=0
03-31 18:02:04.715 V/LockPar ( 1474): unlock;childLeft: 0,childTop: 738,childRight: 600,childBottom: 986
03-31 18:02:04.715 V/LockPar ( 1474): ^^^^^^^^^^^^^SlatHashMap.getScreenWidth(): 600
03-31 18:02:05.305 D/LockscreenView( 1474): handleMessage. message.what: 0x1005
03-31 18:02:05.335 D/LockscreenView( 1474): handleMessage. message.what: 0x1007
03-31 18:02:05.335 D/LockscreenView( 1474): handleMessage. message.what: 0x1006
03-31 18:02:05.505 D/LockscreenView( 1474): handleMessage. message.what: 0x1005
03-31 18:02:05.595 D/LockscreenView( 1474): handleMessage. message.what: 0x1008
03-31 18:02:05.595 D/LockscreenView( 1474): handleMessage. message.what: 0x1006
03-31 18:02:06.005 D/AwesomePlayer( 1254): Enter play()
03-31 18:02:06.025 I/OMXCodec( 1254): [OMX.Intel.IPP.AACDEC] onEvent event 3, data1 1, data2 0
03-31 18:02:06.025 I/OMXCodec( 1254): [OMX.Intel.IPP.AACDEC] setState 7, mAsyncCompletion signal
03-31 18:02:06.025 I/OMXCodec( 1254): [OMX.Intel.IPP.AACDEC] disablePortAsync: send cmdPortDisable for port 1
03-31 18:02:06.025 V/componentbase( 1254): OMX.Intel.IPP.AACDEC:audio_decoder.aac: handling OMX_CommandPortDisable command
03-31 18:02:06.025 V/componentbase( 1254): OMX.Intel.IPP.AACDEC:audio_decoder.aac: transit ports state to OMX_PortDisabled (from index 1 to 1)
03-31 18:02:06.025 V/componentbase( 1254): OMX.Intel.IPP.AACDEC:audio_decoder.aac: transit ports state to OMX_PortDisabled completed
03-31 18:02:06.025 V/componentbase( 1254): OMX.Intel.IPP.AACDEC:audio_decoder.aac: command OMX_CommandPortDisable handling done
03-31 18:02:06.025 I/OMXCodec( 1254): [OMX.Intel.IPP.AACDEC] onEvent event 0, data1 2, data2 1
03-31 18:02:06.025 I/OMXCodec( 1254): [OMX.Intel.IPP.AACDEC] enablePortAsync: send cmdPortEnable for port 1
03-31 18:02:06.025 I/OMXCodec( 1254): [OMX.Intel.IPP.AACDEC] allocating 5 buffers of size 16384 on output port
03-31 18:02:06.025 V/componentbase( 1254): OMX.Intel.IPP.AACDEC:audio_decoder.aac: handling OMX_CommandPortEnable command
03-31 18:02:06.025 V/componentbase( 1254): OMX.Intel.IPP.AACDEC:audio_decoder.aac: transit ports state to OMX_PortEnabled (from index 1 to 1)
03-31 18:02:06.025 I/OMXCodec( 1254): [OMX.Intel.IPP.AACDEC] onEvent event 0, data1 3, data2 1
03-31 18:02:06.025 I/OMXCodec( 1254): [OMX.Intel.IPP.AACDEC] setState 4, mAsyncCompletion signal
03-31 18:02:06.025 V/componentbase( 1254): OMX.Intel.IPP.AACDEC:audio_decoder.aac: transit ports state to OMX_PortEnabled completed
03-31 18:02:06.025 V/componentbase( 1254): OMX.Intel.IPP.AACDEC:audio_decoder.aac: command OMX_CommandPortEnable handling done
03-31 18:02:06.025 D/AudioPlayer( 1254): source read ready
03-31 18:02:06.025 D/AudioPlayer( 1254): START: AudioSink open & start
03-31 18:02:06.025 D/AudioFlinger( 1254): Memory status before allocate memory:
03-31 18:02:06.025 D/MemoryDealer( 1254):   AudioTrack (0x8a90660, size=1048576)
03-31 18:02:06.025 D/MemoryDealer( 1254):     0: 08a90680 | 0x00000000 | 0x00100000 | F 
03-31 18:02:06.025 D/MemoryDealer( 1254):   size allocated: 0 (0 KB)
03-31 18:02:06.025 D/AudioFlinger( 1254): Memory status after allocate memory succeeded:
03-31 18:02:06.025 D/MemoryDealer( 1254):   AudioTrack (0x8a90660, size=1048576)
03-31 18:02:06.025 D/MemoryDealer( 1254):     0: 08a90680 | 0x00000000 | 0x00002040 | A 
03-31 18:02:06.025 D/MemoryDealer( 1254):     1: 08a906c0 | 0x00002040 | 0x000FDFC0 | F 
03-31 18:02:06.025 D/MemoryDealer( 1254):   size allocated: 8256 (8 KB)
03-31 18:02:06.025 V/AudioPolicyManagerBase( 1254): startOutput() in. output 1, stream 3, session 662, mAvailableOutputDevices:0x3. mPhoneState:0.
03-31 18:02:06.025 V/AudioPolicyManagerBase( 1254): changeRefCount() stream 3, count 1
03-31 18:02:06.025 V/AudioPolicyManagerBase( 1254): getNewDevice() selected device 2
03-31 18:02:06.025 V/AudioPolicyManagerBase( 1254): setOutputDevice() output 1 device 2 delayMs 0
03-31 18:02:06.025 V/AudioPolicyManagerBase( 1254): setOutputDevice() setting same device 2 or null device for output 1
03-31 18:02:06.025 D/AudioPolicyManagerBase( 1254): checkAndSetVolume in. stream: 3, output: 1, index:8, device: 0x2. delayMs:0, force: 0.
03-31 18:02:06.025 V/AudioPolicyManagerBase( 1254): startOutput() out.
03-31 18:02:06.025 D/AudioPlayer( 1254): FINISH: AudioSink open & start
03-31 18:02:06.025 D/AwesomePlayer( 1254): AudioPlayer start ready
03-31 18:02:06.025 D/AwesomePlayer( 1254): seekAudioIfNec
03-31 18:02:06.025 D/AwesomePlayer( 1254): Leave play(), status = 0
03-31 18:02:06.025 D/ALSAModuleCDK( 1254): open called for devices 00000002 in mode 0...
03-31 18:02:06.025 D/ALSAModuleCDK( 1254): returning deviceName = AndroidPlayback_Speaker_normal
03-31 18:02:06.025 D/ALSAModuleCDK( 1254): open called for devices AndroidPlayback_Speaker_normal
03-31 18:02:06.035 V/ALSAModuleCDK( 1254): Set PLAYBACK PCM format to S16_LE (Signed 16 bit Little Endian)
03-31 18:02:06.035 V/ALSAModuleCDK( 1254): Using 2 channels for PLAYBACK.
03-31 18:02:06.035 V/ALSAModuleCDK( 1254): Set PLAYBACK sample rate to 44100 HZ
03-31 18:02:06.035 V/ALSAModuleCDK( 1254): Buffer size: 4096
03-31 18:02:06.035 V/ALSAModuleCDK( 1254): Latency: 92879
03-31 18:02:06.035 V/ALSAModuleCDK( 1254): periodTime: 23219
03-31 18:02:06.105 I/ALSAModuleCDK( 1254): Initialized ALSA PLAYBACK device AndroidPlayback_Speaker_normal
03-31 18:02:06.105 D/AudioHardwareALSA( 1254): ALSAStreamOps::open
03-31 18:02:06.265 I/OMXCodec( 1254): [OMX.Intel.IPP.AACDEC] onEvent event 4, data1 1, data2 1
03-31 18:02:06.365 D/AwesomePlayer( 1254): Enter onStreamDone
03-31 18:02:06.365 D/AudioPlayer( 1254): START: AudioSink stop in pause
03-31 18:02:06.365 D/AudioTrack( 1254): enter stop 0x8a03e50
03-31 18:02:06.365 D/AudioFlinger( 1254): enter stop(4097), calling thread 1254
03-31 18:02:06.365 V/AudioPolicyManagerBase( 1254): stopOutput() in. output 1, stream 3, session 662, mAvailableOutputDevices:0x3. mPhoneState:0.
03-31 18:02:06.365 V/AudioPolicyManagerBase( 1254): changeRefCount() stream 3, count 0
03-31 18:02:06.365 V/AudioPolicyManagerBase( 1254): getNewDevice() selected device 0
03-31 18:02:06.365 V/AudioPolicyManagerBase( 1254): setOutputDevice() output 1 device 0 delayMs 0
03-31 18:02:06.365 V/AudioPolicyManagerBase( 1254): setOutputDevice() setting same device 0 or null device for output 1
03-31 18:02:06.365 V/AudioPolicyManagerBase( 1254): stopOutput() out.
03-31 18:02:06.365 D/AudioFlinger( 1254): leave AudioFlinger::Track::stop()
03-31 18:02:06.365 D/AudioTrack( 1254): leave stop 0x8a03e50
03-31 18:02:06.365 D/AudioPlayer( 1254): FINISH: AudioSink stop in pause
03-31 18:02:06.365 D/AwesomePlayer( 1254): Leave onStreamDone
03-31 18:02:06.365 D/AwesomePlayer( 1254): reset_l
03-31 18:02:06.365 I/StagefrightPlayer( 1254): setDataSource('/system/media/audio/ui/Unlock.ogg')
03-31 18:02:06.365 D/AwesomePlayer( 1254): Enter setDataSource(), uri = /system/media/audio/ui/Unlock.ogg
03-31 18:02:06.365 D/AwesomePlayer( 1254): reset_l
03-31 18:02:06.365 D/AwesomePlayer( 1254): Leave setDataSource(), status = 0
03-31 18:02:06.365 D/AwesomePlayer( 1254): add preparing flag
03-31 18:02:06.365 I/DrmSource( 1254): Enter SVC_drm_openSession()
03-31 18:02:06.365 E/        ( 1254): (frameworks/base/media/libdrm/mobile1/src/objmng/drm_api.c:SVC_drm_openSession:1417)In
03-31 18:02:06.365 E/        ( 1254): (frameworks/base/media/libdrm/mobile1/src/objmng/drm_api.c:SVC_drm_openSession:1451)Got the mime type is 255
03-31 18:02:06.365 I/DrmSource( 1254): Leave SVC_drm_openSession(), mDrmSessionID = -4
03-31 18:02:06.365 W/DrmSource( 1254): WARNING: new drm source fail or initcheck fail, /system/media/audio/ui/Unlock.ogg is not a drm file
03-31 18:02:06.365 D/MovExtractor( 1254): libmovextractor don't support this format now
03-31 18:02:06.375 D/AwesomePlayer( 1254): finishAsyncPrepare_l PreparedCondition broadcast
03-31 18:02:06.375 D/AwesomePlayer( 1254): reset_l
03-31 18:02:06.375 I/StagefrightPlayer( 1254): setDataSource('/system/media/audio/ui/Unlock.ogg')
03-31 18:02:06.375 D/AwesomePlayer( 1254): Enter setDataSource(), uri = /system/media/audio/ui/Unlock.ogg
03-31 18:02:06.375 D/AwesomePlayer( 1254): reset_l
03-31 18:02:06.375 D/AwesomePlayer( 1254): Leave setDataSource(), status = 0
03-31 18:02:06.375 D/AwesomePlayer( 1254): add preparing flag
03-31 18:02:06.375 I/DrmSource( 1254): Enter SVC_drm_openSession()
03-31 18:02:06.375 E/        ( 1254): (frameworks/base/media/libdrm/mobile1/src/objmng/drm_api.c:SVC_drm_openSession:1417)In
03-31 18:02:06.375 E/        ( 1254): (frameworks/base/media/libdrm/mobile1/src/objmng/drm_api.c:SVC_drm_openSession:1451)Got the mime type is 255
03-31 18:02:06.375 I/DrmSource( 1254): Leave SVC_drm_openSession(), mDrmSessionID = -4
03-31 18:02:06.375 W/DrmSource( 1254): WARNING: new drm source fail or initcheck fail, /system/media/audio/ui/Unlock.ogg is not a drm file
03-31 18:02:06.375 D/MovExtractor( 1254): libmovextractor don't support this format now
03-31 18:02:06.385 D/AwesomePlayer( 1254): finishAsyncPrepare_l PreparedCondition broadcast
03-31 18:02:06.385 D/AwesomePlayer( 1254): Enter play()
03-31 18:02:06.385 D/AudioPlayer( 1254): source read ready
03-31 18:02:06.385 D/AudioPlayer( 1254): START: AudioSink open & start
03-31 18:02:06.385 D/AudioFlinger( 1254): Memory status before allocate memory:
03-31 18:02:06.385 D/MemoryDealer( 1254):   AudioTrack (0x8a90660, size=1048576)
03-31 18:02:06.385 D/MemoryDealer( 1254):     0: 08a90680 | 0x00000000 | 0x00002040 | A 
03-31 18:02:06.385 D/MemoryDealer( 1254):     1: 08a906c0 | 0x00002040 | 0x000FDFC0 | F 
03-31 18:02:06.385 D/MemoryDealer( 1254):   size allocated: 8256 (8 KB)
03-31 18:02:06.385 D/AudioFlinger( 1254): Memory status after allocate memory succeeded:
03-31 18:02:06.385 D/MemoryDealer( 1254):   AudioTrack (0x8a90660, size=1048576)
03-31 18:02:06.385 D/MemoryDealer( 1254):     0: 08a90680 | 0x00000000 | 0x00002040 | A 
03-31 18:02:06.385 D/MemoryDealer( 1254):     1: 08a906c0 | 0x00002040 | 0x00002040 | A 
03-31 18:02:06.385 D/MemoryDealer( 1254):     2: 08a90d60 | 0x00004080 | 0x000FBF80 | F 
03-31 18:02:06.385 D/MemoryDealer( 1254):   size allocated: 16512 (16 KB)
03-31 18:02:06.385 V/AudioPolicyManagerBase( 1254): startOutput() in. output 1, stream 1, session 665, mAvailableOutputDevices:0x3. mPhoneState:0.
03-31 18:02:06.385 V/AudioPolicyManagerBase( 1254): changeRefCount() stream 1, count 1
03-31 18:02:06.385 V/AudioPolicyManagerBase( 1254): getNewDevice() selected device 2
03-31 18:02:06.385 V/AudioPolicyManagerBase( 1254): setOutputDevice() output 1 device 2 delayMs 0
03-31 18:02:06.385 V/AudioPolicyManagerBase( 1254): setOutputDevice() setting same device 2 or null device for output 1
03-31 18:02:06.385 D/AudioPolicyManagerBase( 1254): checkAndSetVolume in. stream: 1, output: 1, index:7, device: 0x2. delayMs:0, force: 0.
03-31 18:02:06.385 V/AudioPolicyManagerBase( 1254): startOutput() out.
03-31 18:02:06.385 D/AudioPlayer( 1254): FINISH: AudioSink open & start
03-31 18:02:06.385 D/AwesomePlayer( 1254): AudioPlayer start ready
03-31 18:02:06.385 D/AwesomePlayer( 1254): seekAudioIfNec
03-31 18:02:06.385 D/AwesomePlayer( 1254): Leave play(), status = 0
03-31 18:02:06.405 D/AwesomePlayer( 1254): Enter onStreamDone
03-31 18:02:06.405 D/AudioPlayer( 1254): START: AudioSink stop in pause
03-31 18:02:06.405 D/AudioTrack( 1254): enter stop 0x8a89600
03-31 18:02:06.405 D/AudioFlinger( 1254): enter stop(4098), calling thread 1254
03-31 18:02:06.405 V/AudioPolicyManagerBase( 1254): stopOutput() in. output 1, stream 1, session 665, mAvailableOutputDevices:0x3. mPhoneState:0.
03-31 18:02:06.405 V/AudioPolicyManagerBase( 1254): changeRefCount() stream 1, count 0
03-31 18:02:06.405 V/AudioPolicyManagerBase( 1254): getNewDevice() selected device 0
03-31 18:02:06.405 V/AudioPolicyManagerBase( 1254): setOutputDevice() output 1 device 0 delayMs 0
03-31 18:02:06.405 V/AudioPolicyManagerBase( 1254): setOutputDevice() setting same device 0 or null device for output 1
03-31 18:02:06.405 V/AudioPolicyManagerBase( 1254): stopOutput() out.
03-31 18:02:06.405 D/AudioFlinger( 1254): leave AudioFlinger::Track::stop()
03-31 18:02:06.405 D/AudioTrack( 1254): leave stop 0x8a89600
03-31 18:02:06.405 D/AudioPlayer( 1254): FINISH: AudioSink stop in pause
03-31 18:02:06.405 D/AwesomePlayer( 1254): Leave onStreamDone
03-31 18:02:06.445 W/InputManagerService( 1474): Window already focused, ignoring focus gain of: com.android.internal.view.IInputMethodClient$Stub$Proxy@33f58740
03-31 18:02:06.505 D/TimeDateView( 1474): ################### nextAlarmTempString == null ? false,nextAlarmTempString: 
03-31 18:02:06.505 D/TimeDateView( 1474): updateAlarmView. mNextAlarm: ,nextAlarmTempString : 
03-31 18:02:06.885 V/LockscreenView( 1474): cleanUp. 
03-31 18:02:06.885 V/LockscreenService( 1474): stopListeningLSWidgetService. 
03-31 18:02:06.885 V/LockscreenService( 1474): disconnectLSWidgetService. 
03-31 18:02:06.885 V/LockscreenView( 1474): cleanUp. Lock screen destory.
03-31 18:02:06.975 D/dalvikvm( 1474): GC_EXPLICIT freed 2407K, 58% free 7265K/17095K, external 7311K/8566K, paused 88ms
03-31 18:02:06.975 V/LockscreenView( 1474): onDetachedFromWindow. this=com.orange.lockscreen.server.LockscreenView@33dc1470
03-31 18:02:06.985 D/AwesomePlayer( 1254): reset_l
03-31 18:02:06.985 D/AudioPlayer( 1254): START: AudioSink stop & close in reset
03-31 18:02:06.985 D/AudioTrack( 1254): enter stop 0x8a03e50
03-31 18:02:06.985 D/AudioTrack( 1254): leave stop 0x8a03e50
03-31 18:02:06.985 D/AudioTrack( 1254): enter stop 0x8a03e50
03-31 18:02:06.985 D/AudioTrack( 1254): leave stop 0x8a03e50
03-31 18:02:06.985 V/AudioPolicyManagerBase( 1254): releaseOutput() 1
03-31 18:02:06.985 D/AudioPlayer( 1254): FINISH: AudioSink stop & close in reset
03-31 18:02:06.985 D/AudioPlayer( 1254): reset: stop the media source
03-31 18:02:06.985 I/OMXCodec( 1254): [OMX.Intel.IPP.AACDEC] stop: mState=4
03-31 18:02:06.985 I/OMXCodec( 1254): [OMX.Intel.IPP.AACDEC] setState 5, mAsyncCompletion signal
03-31 18:02:06.985 I/OMXCodec( 1254): [OMX.Intel.IPP.AACDEC] stop: OMX_CmdStateSet from OMX_StateExe to OMX_StateIdle
03-31 18:02:06.985 I/OMXCodec( 1254): [OMX.Intel.IPP.AACDEC] stop: AsyncCompletion wait until loaded or error
03-31 18:02:06.985 V/componentbase( 1254): OMX.Intel.IPP.AACDEC:audio_decoder.aac: handling OMX_CommandStateSet command
03-31 18:02:06.985 V/componentbase( 1254): OMX.Intel.IPP.AACDEC:audio_decoder.aac: try to transit state from OMX_StateExecuting to OMX_StateIdle
03-31 18:02:06.985 V/componentbase( 1254): OMX.Intel.IPP.AACDEC:audio_decoder.aac: flush ports (from index 0 to 1)
03-31 18:02:06.985 V/componentbase( 1254): OMX.Intel.IPP.AACDEC:audio_decoder.aac: flush ports done
03-31 18:02:06.985 V/componentbase( 1254): OMX.Intel.IPP.AACDEC:audio_decoder.aac: flushed all ports
03-31 18:02:06.985 V/componentbase( 1254): OMX.Intel.IPP.AACDEC:audio_decoder.aac: discarded all scheduled buffer process work
03-31 18:02:06.985 V/componentbase( 1254): OMX.Intel.IPP.AACDEC:audio_decoder.aac: buffer process work stopped
03-31 18:02:06.985 D/componentbase( 1254): OMX.Intel.IPP.AACDEC:audio_decoder.aac: transition from OMX_StateExecuting to OMX_StateIdle completed
03-31 18:02:06.985 V/componentbase( 1254): OMX.Intel.IPP.AACDEC:audio_decoder.aac: command OMX_CommandStateSet handling done
03-31 18:02:06.985 I/OMXCodec( 1254): [OMX.Intel.IPP.AACDEC] onEvent event 0, data1 0, data2 2
03-31 18:02:06.985 I/OMXCodec( 1254): [OMX.Intel.IPP.AACDEC] onStateChange: send cmdStateSet to Loaded
03-31 18:02:06.985 V/componentbase( 1254): OMX.Intel.IPP.AACDEC:audio_decoder.aac: handling OMX_CommandStateSet command
03-31 18:02:06.985 V/componentbase( 1254): OMX.Intel.IPP.AACDEC:audio_decoder.aac: try to transit state from OMX_StateIdle to OMX_StateLoaded
03-31 18:02:06.995 I/OMXCodec( 1254): [OMX.Intel.IPP.AACDEC] setState 6, mAsyncCompletion signal
03-31 18:02:06.995 I/AudioService( 1474):  AudioFocus  abandonAudioFocus() from android.media.AudioManager@33d9c490com.android.music.MediaPlaybackService$3@33d95160
03-31 18:02:06.995 I/OMXCodec( 1254): [OMX.Intel.IPP.AACDEC] stop: AsyncCompletion wait until loaded or error
03-31 18:02:06.995 D/componentbase( 1254): OMX.Intel.IPP.AACDEC:audio_decoder.aac: transition from OMX_StateIdle to OMX_StateLoaded completed
03-31 18:02:06.995 V/componentbase( 1254): OMX.Intel.IPP.AACDEC:audio_decoder.aac: command OMX_CommandStateSet handling done
03-31 18:02:06.995 I/OMXCodec( 1254): [OMX.Intel.IPP.AACDEC] onEvent event 0, data1 0, data2 1
03-31 18:02:06.995 I/OMXCodec( 1254): [OMX.Intel.IPP.AACDEC] setState 1, mAsyncCompletion signal
03-31 18:02:06.995 V/componentbase( 1254): command process workqueue stopped
03-31 18:02:06.995 I/cmodule ( 1254): module libomx_ipp_aacdec.so successfully unloaded
03-31 18:02:06.995 I/wrs-omxil-core( 1254): free handle of component OMX.Intel.IPP.AACDEC successfully
03-31 18:02:06.995 I/OMXCodec( 1254): [OMX.Intel.IPP.AACDEC] setState 0, mAsyncCompletion signal
03-31 18:02:06.995 D/AwesomePlayer( 1254): reset_l
03-31 18:02:06.995 D/AwesomePlayer( 1254): reset_l
03-31 18:02:07.005 D/AwesomePlayer( 1254): reset_l
03-31 18:02:07.005 D/AudioPlayer( 1254): START: AudioSink stop & close in reset
03-31 18:02:07.005 D/AudioTrack( 1254): enter stop 0x8a89600
03-31 18:02:07.005 D/AudioTrack( 1254): leave stop 0x8a89600
03-31 18:02:07.005 D/AudioTrack( 1254): enter stop 0x8a89600
03-31 18:02:07.005 D/AudioTrack( 1254): leave stop 0x8a89600
03-31 18:02:07.005 V/AudioPolicyManagerBase( 1254): releaseOutput() 1
03-31 18:02:07.005 D/AudioPlayer( 1254): FINISH: AudioSink stop & close in reset
03-31 18:02:07.005 D/AudioPlayer( 1254): reset: stop the media source
03-31 18:02:07.005 D/AwesomePlayer( 1254): reset_l
03-31 18:02:07.005 D/AwesomePlayer( 1254): reset_l
03-31 18:02:07.005 D/AwesomePlayer( 1254): reset_l
03-31 18:02:07.005 D/AwesomePlayer( 1254): START: Audio Source stop in reset_l
03-31 18:02:07.005 D/AwesomePlayer( 1254): FINISH: Audio Source stop in reset_l
03-31 18:02:07.005 D/AwesomePlayer( 1254): reset_l
03-31 18:02:07.005 D/AwesomePlayer( 1254): reset_l
03-31 18:02:08.225 D/Vibrator_Alsa( 1474): vibrator_off : Vibrator request OFF ....................
03-31 18:02:08.235 D/Vibrator_Alsa( 1474): vibrator_on : Vibrator request ON for 10 ms ....................
03-31 18:02:08.235 D/Vibrator_Alsa( 1474): vibrator_alsa: The vibrator starts(10ms)
03-31 18:02:08.235 D/Vibrator_Alsa( 1474): vibrator_alsa: One timeout-thread starts for 10 ms
03-31 18:02:08.245 D/Vibrator_Alsa( 1474): thread_mux_to_pwm: Timeout-thread sleeps
03-31 18:02:08.255 D/Vibrator_Alsa( 1474): thread_mux_to_pwm: Timeout-thread turns off the vibrator
03-31 18:02:08.265 D/Vibrator_Alsa( 1474): vibrator_alsa: The vibrator ends
03-31 18:02:08.265 D/Vibrator_Alsa( 1474): vibrator_on : Vibrator request ON for 30 ms ....................
03-31 18:02:08.275 D/Vibrator_Alsa( 1474): vibrator_alsa: The vibrator starts(24ms)
03-31 18:02:08.275 D/Vibrator_Alsa( 1474): vibrator_alsa: One timeout-thread starts for 24 ms
03-31 18:02:08.275 D/Vibrator_Alsa( 1474): thread_mux_to_pwm: Timeout-thread sleeps
03-31 18:02:08.295 W/KeyCharacterMap( 2327): No keyboard for id 0
03-31 18:02:08.295 W/KeyCharacterMap( 2327): Using default keymap: /system/usr/keychars/qwerty.kcm.bin
03-31 18:02:08.295 D/Vibrator_Alsa( 1474): thread_mux_to_pwm: Timeout-thread turns off the vibrator
03-31 18:02:08.295 D/Vibrator_Alsa( 1474): vibrator_alsa: The vibrator ends
03-31 18:02:09.525 D/AudioHardwareALSA( 1254): standby
03-31 18:02:09.525 D/AudioHardwareALSA( 1254): standby
03-31 18:02:09.615 D/ALSAModuleCDK( 1254): standby handle->curMode=0 direction=0
03-31 18:02:09.615 D/ALSAModuleCDK( 1254): S_STANDBY
03-31 18:02:09.725 I/ActivityManager( 1474): Starting: Intent { act=android.settings.SETTINGS flg=0x10200000 cmp=com.android.settings/.Settings } from pid 2327
03-31 18:02:09.765 D/MainActivity( 2327): saveState(): mFolderInfo(null)
03-31 18:02:09.765 D/MainActivity( 2327): saveState(): mFolderInfo.orangeWidget(null)
03-31 18:02:09.775 D/MainActivity( 2327): saveState(): outState(Bundle[{launcher.current_screen=2}])
03-31 18:02:09.775 D/TimeSyncTask( 2327): stopTimeTickThread(): mTickThread(Thread[Thread-339,5,main])
03-31 18:02:09.775 D/Carousel( 2327): snapToScreen(): mStartScreen(1, curr: 1) -> mNextScreen(1)
03-31 18:02:09.785 D/Carousel( 2327): snapToScreen(): oldX(600), newX(600), deltaX(0)
03-31 18:02:09.795 I/ActivityManager( 1474): Start proc com.android.settings for activity com.android.settings/.Settings: pid=19163 uid=1000 gids={3002, 3001, 3003, 1007, 1015, 1006}
03-31 18:02:09.835 I/dalvikvm(19163): no jit_config.list under /data/app
03-31 18:02:09.845 W/InputManagerService( 1474): Window already focused, ignoring focus gain of: com.android.internal.view.IInputMethodClient$Stub$Proxy@340ea650
03-31 18:02:10.135 I/dalvikvm(19163): codeCache = 0xb0a7b000 stream = 0xb0a7b000 before initJIT
03-31 18:02:10.145 I/dalvikvm(19163): stream = 0xb0a7b515 after initJIT
03-31 18:02:10.195 I/ActivityManager( 1474): Displayed com.android.settings/.Settings: +404ms
03-31 18:02:10.955 I/ActivityManager( 1474): Starting: Intent { act=android.intent.action.MAIN cmp=com.android.settings/.WirelessSettings } from pid 19163
03-31 18:02:11.055 D/BluetoothEnabler(19163):  mOriginalSummary is Turn on Bluetooth
03-31 18:02:11.415 I/ActivityManager( 1474): Displayed com.android.settings/.WirelessSettings: +458ms
03-31 18:02:13.185 I/ActivityManager( 1474): Starting: Intent { act=android.intent.action.MAIN cmp=com.android.settings/.wifi.WifiSettings } from pid 19163
03-31 18:02:13.605 I/ActivityManager( 1474): Displayed com.android.settings/.wifi.WifiSettings: +408ms
03-31 18:02:13.685 V/WifiMonitor( 1474): Event [CTRL-EVENT-BSS-ADDED 62 00:3a:98:75:62:f0]
03-31 18:02:13.685 V/WifiMonitor( 1474): Event [CTRL-EVENT-BSS-ADDED 63 00:90:4c:91:00:01]
03-31 18:02:13.685 V/WifiMonitor( 1474): Event [CTRL-EVENT-BSS-ADDED 64 00:1e:e5:a2:43:ee]
03-31 18:02:13.685 V/WifiMonitor( 1474): Event [CTRL-EVENT-BSS-ADDED 65 5c:63:bf:a8:d8:08]
03-31 18:02:13.685 V/WifiMonitor( 1474): Event [CTRL-EVENT-BSS-ADDED 66 5c:63:bf:f2:14:65]
03-31 18:02:13.685 V/WifiMonitor( 1474): Event [CTRL-EVENT-BSS-ADDED 67 00:3a:98:75:62:f1]
03-31 18:02:13.685 V/WifiMonitor( 1474): Event [CTRL-EVENT-BSS-ADDED 68 00:25:4b:05:37:63]
03-31 18:02:15.335 D/dalvikvm(19163): GC_EXTERNAL_ALLOC freed 354K, 55% free 3343K/7363K, external 4113K/4116K, paused 14ms
03-31 18:02:23.775 V/WifiMonitor( 1474): Event [CTRL-EVENT-BSS-ADDED 69 00:1d:0f:80:73:fe]
03-31 18:02:23.775 V/WifiMonitor( 1474): Event [CTRL-EVENT-BSS-ADDED 70 00:16:47:74:ab:50]
03-31 18:02:23.775 V/WifiMonitor( 1474): Event [CTRL-EVENT-BSS-ADDED 71 fc:75:16:99:29:8e]
03-31 18:02:23.775 V/WifiMonitor( 1474): Event [CTRL-EVENT-BSS-ADDED 72 00:16:47:74:ab:51]
03-31 18:02:33.685 V/WifiMonitor( 1474): Event [CTRL-EVENT-BSS-ADDED 73 70:ca:9b:9a:da:5b]
03-31 18:02:48.465 D/dalvikvm( 2327): GC_CONCURRENT freed 3956K, 67% free 4111K/12295K, external 12706K/16278K, paused 2ms+3ms
03-31 18:02:53.725 V/WifiMonitor( 1474): Event [CTRL-EVENT-BSS-ADDED 74 00:19:e0:9a:fa:22]
03-31 18:02:53.725 V/WifiMonitor( 1474): Event [CTRL-EVENT-BSS-ADDED 75 e0:46:9a:6a:e5:a2]
03-31 18:02:53.725 V/WifiMonitor( 1474): Event [CTRL-EVENT-BSS-ADDED 76 00:14:a9:3c:fe:b1]
03-31 18:02:53.735 W/WifiService( 1474): misformatted scan result for: e0:46:9a:6a:e5:a2	2412	-77	[WPS][ESS]	
03-31 18:02:53.745 W/WifiService( 1474): misformatted scan result for: e0:46:9a:6a:e5:a2	2412	-77	[WPS][ESS]	
03-31 18:02:53.755 W/WifiService( 1474): misformatted scan result for: e0:46:9a:6a:e5:a2	2412	-77	[WPS][ESS]	
03-31 18:02:53.845 V/WifiMonitor( 1474): Event [CTRL-EVENT-DISCONNECTED bssid=00:1d:7e:a0:0e:81 reason=4 WLAN_REASON_DISASSOC_DUE_TO_INACTIVITY]
03-31 18:02:53.845 V/WifiStateTracker( 1474): New network state is DISCONNECTED
03-31 18:02:53.875 V/WifiMonitor( 1474): Event [CTRL-EVENT-STATE-CHANGE id=0 state=0 BSSID=00:00:00:00:00:00]
03-31 18:02:53.875 V/WifiStateTracker( 1474): Changing supplicant state: COMPLETED ==> DISCONNECTED
03-31 18:02:53.945 V/WifiMonitor( 1474): Event [CTRL-EVENT-STATE-CHANGE id=0 state=3 BSSID=00:00:00:00:00:00]
03-31 18:02:53.945 V/WifiStateTracker( 1474): Changing supplicant state: DISCONNECTED ==> SCANNING
03-31 18:02:54.325 V/WifiMonitor( 1474): Event [CTRL-EVENT-BSS-ADDED 77 00:1e:e5:f6:02:55]
03-31 18:02:54.345 V/WifiMonitor( 1474): Event [WPS-AP-AVAILABLE ]
03-31 18:02:54.345 V/WifiMonitor( 1474): Event [SME: Trying to authenticate with 00:1e:e5:f6:02:55 (SSID='wifi.borqs.com' freq=2422 MHz)]
03-31 18:02:54.345 V/WifiMonitor( 1474): Event [CTRL-EVENT-STATE-CHANGE id=0 state=4 BSSID=00:1e:e5:f6:02:55]
03-31 18:02:54.345 V/WifiStateTracker( 1474): Changing supplicant state: SCANNING ==> AUTHENTICATING
03-31 18:02:54.355 W/WifiService( 1474): misformatted scan result for: e0:46:9a:6a:e5:a2	2412	-78	[WPS][ESS]	
03-31 18:02:54.365 W/WifiService( 1474): misformatted scan result for: e0:46:9a:6a:e5:a2	2412	-78	[WPS][ESS]	
03-31 18:02:54.405 V/WifiMonitor( 1474): Event [Trying to associate with 00:1e:e5:f6:02:55 (SSID='wifi.borqs.com' freq=2422 MHz)]
03-31 18:02:54.405 V/WifiMonitor( 1474): Event [CTRL-EVENT-STATE-CHANGE id=0 state=5 BSSID=00:1e:e5:f6:02:55]
03-31 18:02:54.415 V/WifiStateTracker( 1474): Changing supplicant state: AUTHENTICATING ==> ASSOCIATING
03-31 18:02:54.435 W/WifiService( 1474): misformatted scan result for: e0:46:9a:6a:e5:a2	2412	-78	[WPS][ESS]	
03-31 18:02:54.535 V/WifiMonitor( 1474): Event [CTRL-EVENT-STATE-CHANGE id=0 state=6 BSSID=00:1e:e5:f6:02:55]
03-31 18:02:54.535 V/WifiMonitor( 1474): Event [Associated with 00:1e:e5:f6:02:55]
03-31 18:02:54.535 V/WifiStateTracker( 1474): Changing supplicant state: ASSOCIATING ==> ASSOCIATED
03-31 18:02:54.535 V/WifiMonitor( 1474): Event [CTRL-EVENT-STATE-CHANGE id=0 state=7 BSSID=00:00:00:00:00:00]
03-31 18:02:54.535 V/WifiStateTracker( 1474): Changing supplicant state: ASSOCIATED ==> FOUR_WAY_HANDSHAKE
03-31 18:02:54.545 V/WifiMonitor( 1474): Event [CTRL-EVENT-STATE-CHANGE id=0 state=8 BSSID=00:00:00:00:00:00]
03-31 18:02:54.545 V/WifiStateTracker( 1474): Changing supplicant state: FOUR_WAY_HANDSHAKE ==> GROUP_HANDSHAKE
03-31 18:02:54.545 V/WifiMonitor( 1474): Event [WPA: Key negotiation completed with 00:1e:e5:f6:02:55 [PTK=CCMP GTK=CCMP]]
03-31 18:02:54.555 V/WifiMonitor( 1474): Event [CTRL-EVENT-CONNECTED - Connection to 00:1e:e5:f6:02:55 completed (reauth) [id=0 id_str=]]
03-31 18:02:54.575 V/WifiMonitor( 1474): Event [CTRL-EVENT-STATE-CHANGE id=0 state=9 BSSID=00:00:00:00:00:00]
03-31 18:02:54.575 V/WifiStateTracker( 1474): New network state is CONNECTED
03-31 18:02:54.595 D/WifiStateTracker( 1474): Reset connections and stopping DHCP
03-31 18:02:54.625 D/dhcpcd  (16686): received SIGTERM, stopping
03-31 18:02:54.625 D/dhcpcd  (16686): deleting route 0.0.0.0/0 via 192.168.12.1
03-31 18:02:54.625 D/dhcpcd  (16686): deleting IP address 192.168.13.20/22
03-31 18:02:54.625 D/dhcpcd  (16686): executing `/system/etc/dhcpcd/dhcpcd-run-hooks', reason STOP
03-31 18:02:54.835 D/NetworkStateTracker( 1474): setDetailed state, old =CONNECTED and new state=DISCONNECTED
03-31 18:02:54.835 D/NetworkStateTracker( 1474): setDetailed state, old =CONNECTED and new state=OBTAINING_IPADDR
03-31 18:02:54.835 V/WifiStateTracker( 1474): Changing supplicant state: GROUP_HANDSHAKE ==> COMPLETED
03-31 18:02:54.835 D/WifiStateTracker( 1474): DHCP request started
03-31 18:02:54.835 D/ConnectivityService( 1474): ConnectivityChange for WIFI/default: CONNECTING/OBTAINING_IPADDR
03-31 18:02:54.835 D/ConnectivityService( 1474): ConnectivityChange for WIFI: CONNECTING/OBTAINING_IPADDR
03-31 18:02:54.835 D/ConnectivityService( 1474): ConnectivityChange for WIFI/default: CONNECTING/OBTAINING_IPADDR
03-31 18:02:54.835 D/ConnectivityService( 1474): Dropping ConnectivityChange for WIFI: CONNECTING/OBTAINING_IPADDR
03-31 18:02:54.875 D/dhcpcd  (19189): dhcpcd 4.0.15 starting
03-31 18:02:54.875 D/dhcpcd  (19189): hardware address = 08:00:28:a5:62:ce
03-31 18:02:54.875 D/dhcpcd  (19189): executing `/system/etc/dhcpcd/dhcpcd-run-hooks', reason PREINIT
03-31 18:02:54.965 D/dhcpcd  (19189): host does not support a monotonic clock - timing can skew
03-31 18:02:54.965 D/dhcpcd  (19189): broadcasting for a lease
03-31 18:02:54.965 D/dhcpcd  (19189): sending DHCP_DISCOVER with xid 0x32b2c1c7, next in 3.57 seconds
