03-31 17:27:19.985 I/ActivityManager( 1474): Starting: Intent { act=android.intent.action.MAIN cat=[android.intent.category.LAUNCHER] flg=0x10200000 cmp=com.android.camera/.Camera } from pid 2327
03-31 17:27:20.005 I/WindowManager( 1474): Setting rotation to 1, animFlags=1
03-31 17:27:20.025 I/ActivityManager( 1474): Config changed: { scale=1.0 imsi=460/1 loc=en_US touch=3 keys=1/1/2 nav=1/1 orien=2 layout=268435491 uiMode=17 seq=79}
03-31 17:27:22.615 I/ActivityManager( 1474): Starting: Intent { act=android.media.action.VIDEO_CAMERA flg=0x6000000 cmp=com.android.camera/.VideoCamera } from pid 15283
03-31 17:27:39.325 D/WifiService( 1474): ACTION_BATTERY_CHANGED pluggedType: 0
03-31 17:27:41.435 I/WindowManager( 1474): Setting rotation to 0, animFlags=1
03-31 17:27:41.455 I/ActivityManager( 1474): Config changed: { scale=1.0 imsi=460/1 loc=en_US touch=3 keys=1/1/2 nav=1/1 orien=1 layout=268435491 uiMode=17 seq=80}
03-31 17:27:47.425 I/ActivityManager( 1474): Starting: Intent { act=android.intent.action.MAIN cat=[android.intent.category.LAUNCHER] flg=0x10200000 cmp=com.android.camera/.Camera } from pid 2327
03-31 17:27:47.455 I/WindowManager( 1474): Setting rotation to 1, animFlags=1
03-31 17:27:47.475 I/ActivityManager( 1474): Config changed: { scale=1.0 imsi=460/1 loc=en_US touch=3 keys=1/1/2 nav=1/1 orien=2 layout=268435491 uiMode=17 seq=81}
03-31 17:27:56.325 I/ActivityManager( 1474): Starting: Intent { act=android.media.action.VIDEO_CAMERA flg=0x6000000 cmp=com.android.camera/.VideoCamera } from pid 15283
03-31 17:29:33.945 I/WindowManager( 1474): Setting rotation to 0, animFlags=1
03-31 17:29:33.965 I/ActivityManager( 1474): Config changed: { scale=1.0 imsi=460/1 loc=en_US touch=3 keys=1/1/2 nav=1/1 orien=1 layout=268435491 uiMode=17 seq=82}
03-31 17:29:34.745 I/ActivityManager( 1474): No longer want com.android.deskclock (pid 13900): hidden #16
03-31 17:29:36.015 D/WifiService( 1474): ACTION_SCREEN_OFF
03-31 17:29:36.015 D/WifiService( 1474): setting ACTION_DEVICE_IDLE timer for 900000ms
03-31 17:29:38.135 I/TelephonyRegistry( 1474): notifyServiceState: 0 home CHN-UNICOM UNICOM 46001  GPRS CSS not supported -1 -1RoamInd: -1DefRoamInd: -1EmergOnly: false
03-31 17:29:38.155 I/TelephonyRegistry( 1474): notifyDataConnection: state=0 isDataConnectivityPossible=true reason=null interfaceName=null networkType=1
03-31 17:29:38.215 D/WifiService( 1474): acquireWifiLockLocked: WifiLock{NetworkLocationPassiveCollector type=2 binder=android.os.BinderProxy@341b33b0}
03-31 17:29:39.765 D/WifiService( 1474): ACTION_BATTERY_CHANGED pluggedType: 0
03-31 17:29:50.295 D/WifiService( 1474): releaseWifiLockLocked: WifiLock{NetworkLocationPassiveCollector type=2 binder=android.os.BinderProxy@341b33b0}
03-31 17:31:40.530 D/WifiService( 1474): ACTION_SCREEN_ON
03-31 17:31:41.830 I/TelephonyRegistry( 1474): notifyServiceState: 0 home CHN-UNICOM UNICOM 46001  UMTS CSS not supported -1 -1RoamInd: -1DefRoamInd: -1EmergOnly: false
03-31 17:31:41.850 I/TelephonyRegistry( 1474): notifyDataConnection: state=0 isDataConnectivityPossible=true reason=null interfaceName=null networkType=3
03-31 17:31:42.480 W/InputManagerService( 1474): Window already focused, ignoring focus gain of: com.android.internal.view.IInputMethodClient$Stub$Proxy@342b7710
03-31 17:31:43.430 I/ActivityManager( 1474): Starting: Intent { act=android.intent.action.MAIN cat=[android.intent.category.LAUNCHER] flg=0x10200000 cmp=com.android.camera/.Camera } from pid 2327
03-31 17:31:43.450 I/WindowManager( 1474): Setting rotation to 1, animFlags=1
03-31 17:31:43.470 I/ActivityManager( 1474): Config changed: { scale=1.0 imsi=460/1 loc=en_US touch=3 keys=1/1/2 nav=1/1 orien=2 layout=268435491 uiMode=17 seq=83}
03-31 17:31:45.280 I/ActivityManager( 1474): Starting: Intent { act=android.media.action.VIDEO_CAMERA flg=0x6000000 cmp=com.android.camera/.VideoCamera } from pid 15283
03-31 17:31:59.670 I/WindowManager( 1474): Setting rotation to 0, animFlags=1
03-31 17:31:59.690 I/ActivityManager( 1474): Config changed: { scale=1.0 imsi=460/1 loc=en_US touch=3 keys=1/1/2 nav=1/1 orien=1 layout=268435491 uiMode=17 seq=84}
03-31 17:32:33.540 I/ActivityManager( 1474): Starting: Intent { act=android.intent.action.DIAL flg=0x10200000 cmp=com.android.contacts/.DialtactsActivity } from pid 2327
03-31 17:32:38.740 I/ActivityManager( 1474): Starting: Intent { act=android.intent.action.CALL_PRIVILEGED dat=tel:xxx-xxx-xxxx flg=0x10000000 cmp=com.android.phone/.PrivilegedOutgoingCallBroadcaster } from pid 2335
03-31 17:32:38.800 I/ActivityManager( 1474): Starting: Intent { act=android.phone.extra.NEW_CALL_INTENT dat=tel:xxx-xxx-xxxx flg=0x10000000 cmp=com.android.phone/.SipCallOptionHandler (has extras) } from pid 1693
03-31 17:32:38.800 W/ActivityManager( 1474): Duplicate finish request for HistoryRecord{33e01830 com.android.phone/.PrivilegedOutgoingCallBroadcaster}
03-31 17:32:38.840 W/InputManagerService( 1474): Window already focused, ignoring focus gain of: com.android.internal.view.IInputMethodClient$Stub$Proxy@34379090
03-31 17:32:38.860 I/ActivityManager( 1474): Starting: Intent { act=android.intent.action.CALL dat=tel:xxx-xxx-xxxx flg=0x10000000 cmp=com.android.phone/.InCallScreen (has extras) } from pid 1693
03-31 17:32:40.430 D/WifiService( 1474): ACTION_BATTERY_CHANGED pluggedType: 0
03-31 17:32:41.750 I/ActivityManager( 1474): moveTaskToBack: 73
03-31 17:33:32.840 I/ActivityManager( 1474): Starting: Intent { act=android.intent.action.MAIN cat=[android.intent.category.LAUNCHER] flg=0x10200000 cmp=com.android.camera/.Camera } from pid 2327
03-31 17:33:32.870 I/WindowManager( 1474): Setting rotation to 1, animFlags=1
03-31 17:33:32.890 I/ActivityManager( 1474): Config changed: { scale=1.0 imsi=460/1 loc=en_US touch=3 keys=1/1/2 nav=1/1 orien=2 layout=268435491 uiMode=17 seq=85}
03-31 17:33:54.580 I/WindowManager( 1474): Setting rotation to 0, animFlags=1
03-31 17:33:54.600 I/ActivityManager( 1474): Config changed: { scale=1.0 imsi=460/1 loc=en_US touch=3 keys=1/1/2 nav=1/1 orien=1 layout=268435491 uiMode=17 seq=86}
03-31 17:34:55.130 D/WifiService( 1474): ACTION_SCREEN_OFF
03-31 17:34:55.130 D/WifiService( 1474): setting ACTION_DEVICE_IDLE timer for 900000ms
03-31 17:35:46.228 D/WifiService( 1474): ACTION_SCREEN_ON
03-31 17:35:48.008 W/InputManagerService( 1474): Window already focused, ignoring focus gain of: com.android.internal.view.IInputMethodClient$Stub$Proxy@341b92e0
03-31 17:35:55.868 I/ActivityManager( 1474): Starting: Intent { act=android.intent.action.MAIN cat=[android.intent.category.LAUNCHER] flg=0x10200000 cmp=com.android.camera/.Camera } from pid 2327
03-31 17:35:55.908 I/WindowManager( 1474): Setting rotation to 1, animFlags=1
03-31 17:35:55.928 I/ActivityManager( 1474): Config changed: { scale=1.0 imsi=460/1 loc=en_US touch=3 keys=1/1/2 nav=1/1 orien=2 layout=268435491 uiMode=17 seq=87}
03-31 17:36:00.758 I/ActivityManager( 1474): Starting: Intent { act=android.media.action.VIDEO_CAMERA flg=0x6000000 cmp=com.android.camera/.VideoCamera } from pid 15283
03-31 17:36:46.158 D/WifiService( 1474): ACTION_BATTERY_CHANGED pluggedType: 0
03-31 17:37:27.518 I/ActivityManager( 1474): Starting: Intent { act=android.media.action.STILL_IMAGE_CAMERA flg=0x6000000 cmp=com.android.camera/.Camera } from pid 15283
03-31 17:37:35.528 I/WindowManager( 1474): Setting rotation to 0, animFlags=1
03-31 17:37:35.548 I/ActivityManager( 1474): Config changed: { scale=1.0 imsi=460/1 loc=en_US touch=3 keys=1/1/2 nav=1/1 orien=1 layout=268435491 uiMode=17 seq=88}
03-31 17:37:37.878 I/ActivityManager( 1474): Starting: Intent { act=android.intent.action.MAIN cat=[android.intent.category.LAUNCHER] flg=0x10200000 cmp=com.android.camera/.Camera } from pid 2327
03-31 17:37:37.888 I/WindowManager( 1474): Setting rotation to 1, animFlags=1
03-31 17:37:37.908 I/ActivityManager( 1474): Config changed: { scale=1.0 imsi=460/1 loc=en_US touch=3 keys=1/1/2 nav=1/1 orien=2 layout=268435491 uiMode=17 seq=89}
03-31 17:37:46.338 D/WifiService( 1474): ACTION_BATTERY_CHANGED pluggedType: 0
03-31 17:37:58.938 I/WindowManager( 1474): Setting rotation to 0, animFlags=1
03-31 17:37:58.958 I/ActivityManager( 1474): Config changed: { scale=1.0 imsi=460/1 loc=en_US touch=3 keys=1/1/2 nav=1/1 orien=1 layout=268435491 uiMode=17 seq=90}
03-31 17:38:59.518 D/WifiService( 1474): ACTION_SCREEN_OFF
03-31 17:38:59.528 D/WifiService( 1474): setting ACTION_DEVICE_IDLE timer for 900000ms
03-31 17:39:58.885 D/WifiService( 1474): ACTION_SCREEN_ON
03-31 17:40:00.905 D/WifiService( 1474): ACTION_BATTERY_CHANGED pluggedType: 0
03-31 17:40:01.165 D/WifiService( 1474): ACTION_BATTERY_CHANGED pluggedType: 2
03-31 17:40:01.205 D/WifiService( 1474): ACTION_BATTERY_CHANGED pluggedType: 2
03-31 17:40:01.245 I/ActivityManager( 1474): Start proc com.innopath.activecare for broadcast com.innopath.activecare/.update.PhoneChargerListener: pid=18728 uid=1000 gids={3002, 3001, 3003, 1007, 1015, 1006}
03-31 17:40:01.665 W/Vold    ( 1249): Ignoring unknown switch 'usb_connected'
03-31 17:40:01.665 D/Vold    ( 1249): USB connected
03-31 17:40:01.665 D/Vold    ( 1249): Share method ums now available
03-31 17:40:01.665 I/MountService( 1474): onEvent:: raw= 620 Share method ums now available cooked =  620 Share method ums now available
03-31 17:40:01.665 D/MountService( 1474): onUsbMassStorageConnectionChanged called to notify connection updates method ums avail
03-31 17:40:11.285 D/WifiService( 1474): ACTION_SCREEN_OFF
03-31 17:40:11.285 D/WifiService( 1474): setting ACTION_DEVICE_IDLE timer for 900000ms
03-31 17:40:21.265 D/WifiService( 1474): ACTION_SCREEN_ON
03-31 17:40:23.115 W/InputManagerService( 1474): Window already focused, ignoring focus gain of: com.android.internal.view.IInputMethodClient$Stub$Proxy@33f73880
03-31 17:40:23.695 I/ActivityManager( 1474): No longer want com.ting.mp3.android (pid 12435): hidden #16
03-31 17:40:23.705 I/WindowManager( 1474): WIN DEATH: Window{33e92a50 com.ting.mp3.android/com.ting.mp3.android.activity.MainTabActivity paused=false}
03-31 17:40:23.705 W/ActivityManager( 1474): Scheduling restart of crashed service com.ting.mp3.android/.service.MusicPlayService in 5000ms
03-31 17:40:23.705 W/ActivityManager( 1474): Scheduling restart of crashed service com.ting.mp3.android/.download.DownloadServiceC in 15000ms
03-31 17:40:24.125 I/ActivityManager( 1474): Starting: Intent { act=android.intent.action.MAIN cat=[android.intent.category.LAUNCHER] flg=0x10200000 cmp=com.android.camera/.Camera } from pid 2327
03-31 17:40:24.155 I/WindowManager( 1474): Setting rotation to 1, animFlags=1
03-31 17:40:24.165 I/ActivityManager( 1474): Config changed: { scale=1.0 imsi=460/1 loc=en_US touch=3 keys=1/1/2 nav=1/1 orien=2 layout=268435491 uiMode=17 seq=91}
03-31 17:40:28.235 I/ActivityManager( 1474): Starting: Intent { act=android.media.action.VIDEO_CAMERA flg=0x6000000 cmp=com.android.camera/.VideoCamera } from pid 15283
03-31 17:40:28.725 I/ActivityManager( 1474): Start proc com.ting.mp3.android for service com.ting.mp3.android/.service.MusicPlayService: pid=18813 uid=10084 gids={3003, 1015}
03-31 17:42:51.435 I/ActivityManager( 1474): Starting: Intent { act=android.intent.action.MAIN cat=[android.intent.category.HOME] flg=0x10200000 cmp=com.orange.homescreen/com.orange.homescreen3x.MainActivity } from pid 1474
03-31 17:42:51.765 I/WindowManager( 1474): Setting rotation to 0, animFlags=1
03-31 17:42:51.785 I/ActivityManager( 1474): Config changed: { scale=1.0 imsi=460/1 loc=en_US touch=3 keys=1/1/2 nav=1/1 orien=1 layout=268435491 uiMode=17 seq=92}
03-31 17:43:15.735 W/ActivityManager( 1474): finishReceiver called but no pending broadcasts
03-31 17:43:15.895 D/ConnectivityService( 1474): reportNetworkCondition(1, 0)
03-31 17:43:15.925 D/ConnectivityService( 1474): Inet connectivity change, net=1, condition=0,mActiveDefaultNetwork=1
03-31 17:43:15.925 D/ConnectivityService( 1474): starting a change hold
03-31 17:43:18.925 D/ConnectivityService( 1474): Inet hold end, net=1, condition =0, published condition =100
03-31 17:43:18.935 D/ConnectivityService( 1474): >>>>(Delay)Sending CONNECTED bcast for WIFI/default
03-31 17:43:18.935 D/ConnectivityService( 1474): >>>>Sending CONNECTED bcast
03-31 17:43:51.545 D/WifiService( 1474): ACTION_SCREEN_OFF
03-31 17:43:51.545 D/WifiService( 1474): setting ACTION_DEVICE_IDLE timer for 900000ms
03-31 17:44:17.225 D/ConnectivityService( 1474): reportNetworkCondition(1, 0)
03-31 17:44:17.235 D/ConnectivityService( 1474): Inet connectivity change, net=1, condition=0,mActiveDefaultNetwork=1
03-31 17:44:17.235 D/ConnectivityService( 1474): starting a change hold
03-31 17:44:20.245 D/ConnectivityService( 1474): Inet hold end, net=1, condition =0, published condition =0
03-31 17:44:20.245 D/ConnectivityService( 1474): no change in condition - aborting
03-31 17:45:00.385 D/WifiService( 1474): ACTION_BATTERY_CHANGED pluggedType: 2
03-31 17:45:01.255 D/WifiService( 1474): acquireWifiLockLocked: WifiLock{com.doubleTwist.podcast.PodcastUpdateService type=1 binder=android.os.BinderProxy@33ea5320}
03-31 17:45:39.525 D/ConnectivityService( 1474): reportNetworkCondition(1, 0)
03-31 17:45:39.525 D/ConnectivityService( 1474): Inet connectivity change, net=1, condition=0,mActiveDefaultNetwork=1
03-31 17:45:39.525 D/ConnectivityService( 1474): starting a change hold
03-31 17:45:41.485 D/WifiService( 1474): releaseWifiLockLocked: WifiLock{com.doubleTwist.podcast.PodcastUpdateService type=1 binder=android.os.BinderProxy@33ea5320}
03-31 17:45:42.535 D/ConnectivityService( 1474): Inet hold end, net=1, condition =0, published condition =0
03-31 17:45:42.535 D/ConnectivityService( 1474): no change in condition - aborting
03-31 17:47:02.255 D/WifiService( 1474): ACTION_BATTERY_CHANGED pluggedType: 2
03-31 17:47:43.775 D/ConnectivityService( 1474): reportNetworkCondition(1, 0)
03-31 17:47:43.775 D/ConnectivityService( 1474): Inet connectivity change, net=1, condition=0,mActiveDefaultNetwork=1
03-31 17:47:43.775 D/ConnectivityService( 1474): starting a change hold
03-31 17:47:46.785 D/ConnectivityService( 1474): Inet hold end, net=1, condition =0, published condition =0
03-31 17:47:46.785 D/ConnectivityService( 1474): no change in condition - aborting
03-31 17:49:02.615 D/WifiService( 1474): ACTION_BATTERY_CHANGED pluggedType: 2
03-31 17:50:02.785 D/WifiService( 1474): ACTION_BATTERY_CHANGED pluggedType: 2
03-31 17:50:31.695 I/ActivityManager( 1474): No longer want com.android.settings (pid 14316): hidden #16
03-31 17:51:12.035 D/ConnectivityService( 1474): Inet connectivity change, net=1, condition=0,mActiveDefaultNetwork=1
03-31 17:51:12.035 D/ConnectivityService( 1474): starting a change hold
03-31 17:51:12.035 D/ConnectivityService( 1474): reportNetworkCondition(1, 0)
03-31 17:51:15.035 D/ConnectivityService( 1474): Inet hold end, net=1, condition =0, published condition =0
03-31 17:51:15.035 D/ConnectivityService( 1474): no change in condition - aborting
03-31 17:52:03.095 D/WifiService( 1474): ACTION_BATTERY_CHANGED pluggedType: 2
03-31 17:53:03.265 D/WifiService( 1474): ACTION_BATTERY_CHANGED pluggedType: 2
03-31 17:55:03.575 D/WifiService( 1474): ACTION_BATTERY_CHANGED pluggedType: 2
03-31 17:55:40.825 I/ActivityManager( 1474): No longer want com.orange.phonebackup (pid 13655): hidden #16
03-31 17:55:40.825 I/ActivityManager( 1474): No longer want com.orange.phonebackup:voxphonebackupservice (pid 16147): hidden #17
03-31 17:55:40.865 W/ActivityManager( 1474): Scheduling restart of crashed service com.orange.phonebackup/com.voxmobili.app.service.BackupService in 5000ms
03-31 17:55:40.925 D/WifiService( 1474): acquireWifiLockLocked: WifiLock{NetworkLocationPassiveCollector type=2 binder=android.os.BinderProxy@3427f530}
03-31 17:55:41.005 D/WifiService( 1474): ACTION_SCREEN_ON
03-31 17:55:45.865 I/ActivityManager( 1474): Start proc com.orange.phonebackup:voxphonebackupservice for service com.orange.phonebackup/com.voxmobili.app.service.BackupService: pid=18956 uid=10027 gids={3003}
03-31 17:55:46.015 I/ActivityManager( 1474): Start proc com.orange.phonebackup for content provider com.orange.phonebackup/com.voxmobili.phonebackup.provider.PhoneBackupCoreDatabaseProvider: pid=18963 uid=10027 gids={3003}
03-31 17:55:46.305 I/ActivityManager( 1474): No longer want com.google.android.apps.maps:NetworkLocationService (pid 16231): hidden #16
03-31 17:55:46.315 D/WifiService( 1474): releaseWifiLockLocked: WifiLock{NetworkLocationPassiveCollector type=2 binder=android.os.BinderProxy@3427f530}
03-31 17:55:46.315 W/ActivityManager( 1474): Scheduling restart of crashed service com.google.android.apps.maps/com.google.android.location.internal.server.NetworkLocationService in 5000ms
03-31 17:55:49.115 D/WifiService( 1474): ACTION_SCREEN_OFF
03-31 17:55:49.125 D/WifiService( 1474): setting ACTION_DEVICE_IDLE timer for 900000ms
03-31 17:55:51.345 I/ActivityManager( 1474): Start proc com.google.android.apps.maps:NetworkLocationService for service com.google.android.apps.maps/com.google.android.location.internal.server.NetworkLocationService: pid=18991 uid=10044 gids={3003, 1015}
03-31 17:55:51.955 D/WifiService( 1474): acquireWifiLockLocked: WifiLock{NetworkLocationLocator type=2 binder=android.os.BinderProxy@33f51760}
03-31 17:55:53.565 D/WifiService( 1474): ACTION_SCREEN_ON
03-31 17:55:55.205 W/InputManagerService( 1474): Window already focused, ignoring focus gain of: com.android.internal.view.IInputMethodClient$Stub$Proxy@342f36b0
03-31 17:55:55.785 I/ActivityManager( 1474): No longer want com.google.android.apps.uploader (pid 11621): hidden #16
03-31 17:55:56.285 I/ActivityManager( 1474): Starting: Intent { act=android.intent.action.MAIN cat=[android.intent.category.LAUNCHER] flg=0x10200000 cmp=com.android.camera/.Camera } from pid 2327
03-31 17:55:56.305 I/WindowManager( 1474): Setting rotation to 1, animFlags=1
03-31 17:55:56.325 I/ActivityManager( 1474): Config changed: { scale=1.0 imsi=460/1 loc=en_US touch=3 keys=1/1/2 nav=1/1 orien=2 layout=268435491 uiMode=17 seq=93}
03-31 17:55:56.985 D/WifiService( 1474): releaseWifiLockLocked: WifiLock{NetworkLocationLocator type=2 binder=android.os.BinderProxy@33f51760}
03-31 17:56:03.745 D/WifiService( 1474): ACTION_BATTERY_CHANGED pluggedType: 2
--------- beginning of /dev/log/main
03-31 17:56:34.915 D/AudioPlayer( 1254): START: AudioSink flush in seekTo
03-31 17:56:34.915 D/AudioTrack( 1254): enter flush
03-31 17:56:34.915 D/AudioTrack( 1254): leave flush
03-31 17:56:34.915 D/AudioPlayer( 1254): FINISH: AudioSink flush in seekTo
03-31 17:56:34.915 D/AwesomePlayer( 1254): Leave seekTo(), st = 0
03-31 17:56:34.915 D/AwesomePlayer( 1254): Enter play()
03-31 17:56:34.915 D/AudioPlayer( 1254): START: AudioSink start in resume
03-31 17:56:34.915 V/AudioPolicyManagerBase( 1254): startOutput() in. output 1, stream 7, session 658, mAvailableOutputDevices:0x3. mPhoneState:0.
03-31 17:56:34.915 D/AudioPolicyManagerBase( 1254): startOutput. stream: 7, output: 1. Mute media stream now for output: 1.
03-31 17:56:34.915 D/AudioPolicyManagerBase( 1254): setStrategyMute() strategy 0, mute 1, output 1, delayMs 0.
03-31 17:56:34.915 D/AudioPolicyManagerBase( 1254): setStreamMute() stream 1, mute 1, output 1, mCanBeMuted 1, mMuteCount 0
03-31 17:56:34.915 D/AudioPolicyManagerBase( 1254): checkAndSetVolume in. stream: 1, output: 1, index:0, device: 0x2. delayMs:0, force: 0.
03-31 17:56:34.915 D/AudioPolicyManagerBase( 1254): setStreamVolume() for output 1 stream 1, volume 0.000000, delay 0
03-31 17:56:34.915 D/AudioPolicyManagerBase( 1254): setStreamMute() stream 3, mute 1, output 1, mCanBeMuted 1, mMuteCount 0
03-31 17:56:34.915 D/AudioPolicyManagerBase( 1254): checkAndSetVolume in. stream: 3, output: 1, index:0, device: 0x2. delayMs:0, force: 0.
03-31 17:56:34.915 D/AudioPolicyManagerBase( 1254): setStreamVolume() for output 1 stream 3, volume 0.000000, delay 0
03-31 17:56:34.915 D/AudioPolicyManagerBase( 1254): setStreamMute() stream 9, mute 1, output 1, mCanBeMuted 1, mMuteCount 0
03-31 17:56:34.915 D/AudioPolicyManagerBase( 1254): checkAndSetVolume in. stream: 9, output: 1, index:0, device: 0x2. delayMs:0, force: 0.
03-31 17:56:34.915 D/AudioPolicyManagerBase( 1254): setStreamVolume() for output 1 stream 9, volume 0.000000, delay 0
03-31 17:56:34.915 V/AudioPolicyManagerBase( 1254): changeRefCount() stream 7, count 1
03-31 17:56:34.915 V/AudioPolicyManagerBase( 1254): getNewDevice() selected device 2
03-31 17:56:34.915 V/AudioPolicyManagerBase( 1254): setOutputDevice() output 1 device 2 delayMs 0
03-31 17:56:34.915 V/AudioPolicyManagerBase( 1254): setOutputDevice() setting same device 2 or null device for output 1
03-31 17:56:34.915 D/AudioPolicyManagerBase( 1254): checkAndSetVolume in. stream: 7, output: 1, index:7, device: 0x2. delayMs:0, force: 0.
03-31 17:56:34.915 V/AudioPolicyManagerBase( 1254): startOutput() out.
03-31 17:56:34.915 D/AudioPlayer( 1254): FINISH: AudioSink start in resume
03-31 17:56:34.915 D/AwesomePlayer( 1254): Leave play(), status = 0
03-31 17:56:34.915 D/CameraHardware( 1254): virtual void android::CameraHardware::stopRecording() :
03-31 17:56:34.915 D/IntelBufferSharing( 1254): [BufferShareStatus android::BufferShareRegistry::transitToState(android::BufferShareState): transition request] src state = BS_LOADED, dst state = BS_INVALID
03-31 17:56:34.915 D/IntelBufferSharing( 1254): [void android::BufferShareRegistry::onStateTransitionCompleted(android::BufferShareState): transition complete] src state = BS_LOADED, dst state = BS_INVALID
03-31 17:56:34.915 D/MPEG4Writer( 1254): 0 chunks are written in the last batch
03-31 17:56:34.915 V/componentbase( 1254): command process workqueue stopped
03-31 17:56:34.925 I/cmodule ( 1254): module libOMXVideoEncoderAVC.so successfully unloaded
03-31 17:56:34.925 I/wrs-omxil-core( 1254): free handle of component OMX.Intel.VideoEncoder.AVC successfully
03-31 17:56:34.925 I/OMXCodec( 1254): [OMX.Intel.VideoEncoder.AVC] setState 0, mAsyncCompletion signal
03-31 17:56:34.935 V/componentbase( 1254): command process workqueue stopped
03-31 17:56:34.935 I/cmodule ( 1254): module libomx_ipp_aacenc.so successfully unloaded
03-31 17:56:34.935 I/wrs-omxil-core( 1254): free handle of component OMX.Intel.IPP.AACENC successfully
03-31 17:56:34.935 I/OMXCodec( 1254): [OMX.Intel.IPP.AACENC] setState 0, mAsyncCompletion signal
03-31 17:56:34.935 V/videocamera(15283): Setting current video filename: /mnt/sdcard/DCIM/100ANDRO/VID_0041.3gp
03-31 17:56:34.945 V/MediaProvider( 7136): [VIDEO_MEDIA]insertInternal(). duration: 0, path: /mnt/sdcard/DCIM/100ANDRO/VID_0041.3gp
03-31 17:56:34.975 V/MediaProvider( 7136): Extract thumbnail for: /mnt/sdcard/DCIM/100ANDRO/VID_0041.3gp, there are 0 tasks left in queue
03-31 17:56:34.975 I/DrmSource( 1254): Enter SVC_drm_openSession()
03-31 17:56:34.975 E/        ( 1254): (frameworks/base/media/libdrm/mobile1/src/objmng/drm_api.c:SVC_drm_openSession:1417)In
03-31 17:56:34.975 E/        ( 1254): (frameworks/base/media/libdrm/mobile1/src/objmng/drm_api.c:SVC_drm_openSession:1451)Got the mime type is 255
03-31 17:56:34.975 I/DrmSource( 1254): Leave SVC_drm_openSession(), mDrmSessionID = -4
03-31 17:56:34.985 W/DrmSource( 1254): WARNING: new drm source fail or initcheck fail, /mnt/sdcard/DCIM/100ANDRO/VID_0041.3gp is not a drm file
03-31 17:56:34.995 V/videocamera(15283): Current video URI: content://media/external/video/media/39
03-31 17:56:34.995 V/videocamera(15283): Releasing media recorder.
03-31 17:56:34.995 V/AudioPolicyManagerBase( 1254): releaseInput() 660
03-31 17:56:34.995 D/AudioHardwareALSA( 1254): closeInputStream
03-31 17:56:35.005 D/AudioHardwareALSA( 1254): StreamInAlsa close.
03-31 17:56:35.005 V/AudioPolicyManagerBase( 1254): releaseInput() exit
03-31 17:56:35.035 D/dalvikvm( 7136): GC_EXPLICIT freed 12K, 64% free 3352K/9287K, external 2196K/6292K, paused 18ms
03-31 17:56:35.045 I/DrmSource( 1254): Enter SVC_drm_openSession()
03-31 17:56:35.045 E/        ( 1254): (frameworks/base/media/libdrm/mobile1/src/objmng/drm_api.c:SVC_drm_openSession:1417)In
03-31 17:56:35.045 E/        ( 1254): (frameworks/base/media/libdrm/mobile1/src/objmng/drm_api.c:SVC_drm_openSession:1451)Got the mime type is 255
03-31 17:56:35.045 I/DrmSource( 1254): Leave SVC_drm_openSession(), mDrmSessionID = -4
03-31 17:56:35.045 W/DrmSource( 1254): WARNING: new drm source fail or initcheck fail, /mnt/sdcard/DCIM/100ANDRO/VID_0041.3gp is not a drm file
03-31 17:56:35.045 W/VAVideoDecoder( 1254): Decoder will output raw data.
03-31 17:56:35.045 W/VideoDecoder( 1254): Output is raw data.
03-31 17:56:35.045 I/MixVBP  ( 1254): SPS header is parsed.
03-31 17:56:35.045 I/MixVBP  ( 1254): PPS header is parsed.
03-31 17:56:35.045 I/VideoDecoder( 1254): maxDPBSize = 5, num_ref_frame = 1
03-31 17:56:35.045 I/VideoDecoder( 1254): updateFormatInfo: current size: 1920 x 1080, new size: 1920 x 1088
03-31 17:56:35.045 I/VideoDecoder( 1254): Video size is changed.
03-31 17:56:35.045 I/VideoDecoder( 1254): New sequence is received. Assuming video size is changed.
03-31 17:56:35.045 I/VideoDecoder( 1254): Cropping: left = 0, top = 0, right = 0, bottom = 8
03-31 17:56:35.065 D/pvr_drv_video( 1254): psb__open_log.
03-31 17:56:35.085 W/VAVideoDecoder( 1254): Decoder will output raw data.
03-31 17:56:35.085 W/VideoDecoder( 1254): Output is raw data.
03-31 17:56:35.085 I/MixVBP  ( 1254): SPS header is parsed.
03-31 17:56:35.085 I/MixVBP  ( 1254): PPS header is parsed.
03-31 17:56:35.085 I/VideoDecoder( 1254): maxDPBSize = 5, num_ref_frame = 1
03-31 17:56:35.085 I/VideoDecoder( 1254): updateFormatInfo: current size: 1920 x 1080, new size: 1920 x 1088
03-31 17:56:35.085 I/VideoDecoder( 1254): Video size is changed.
03-31 17:56:35.085 I/VideoDecoder( 1254): New sequence is received. Assuming video size is changed.
03-31 17:56:35.085 I/VideoDecoder( 1254): Cropping: left = 0, top = 0, right = 0, bottom = 8
03-31 17:56:35.085 D/pvr_drv_video( 1254): psb__open_log.
03-31 17:56:35.105 E/MixVBP  ( 1254): Invalid NAL_length parsed.
03-31 17:56:35.105 W/MixVBP  ( 1254): Elementary stream is not aligned (172902).
03-31 17:56:35.105 W/MixVBP  ( 1254): Stream was supposed to be length prefixed, but actually is start-code prefixed.
03-31 17:56:35.105 W/VAVideoDecoder( 1254): Format changed.
03-31 17:56:35.105 E/MixVBP  ( 1254): Invalid NAL_length parsed.
03-31 17:56:35.105 W/MixVBP  ( 1254): Elementary stream is not aligned (172902).
03-31 17:56:35.105 W/MixVBP  ( 1254): Stream was supposed to be length prefixed, but actually is start-code prefixed.
03-31 17:56:35.105 W/VAVideoDecoder( 1254): Format changed.
03-31 17:56:35.155 I/DrmSource( 1254): Enter SVC_drm_openSession()
03-31 17:56:35.155 E/        ( 1254): (frameworks/base/media/libdrm/mobile1/src/objmng/drm_api.c:SVC_drm_openSession:1417)In
03-31 17:56:35.155 E/        ( 1254): (frameworks/base/media/libdrm/mobile1/src/objmng/drm_api.c:SVC_drm_openSession:1451)Got the mime type is 255
03-31 17:56:35.155 I/DrmSource( 1254): Leave SVC_drm_openSession(), mDrmSessionID = -4
03-31 17:56:35.155 W/DrmSource( 1254): WARNING: new drm source fail or initcheck fail, /mnt/sdcard/DCIM/100ANDRO/VID_0041.3gp is not a drm file
03-31 17:56:35.165 D/UploadsManager( 2435): FsId changed! -1
03-31 17:56:35.175 D/UploadsManager( 2435): fsid not changed
03-31 17:56:35.195 D/AwesomePlayer( 1254): Enter onStreamDone
03-31 17:56:35.195 D/AudioPlayer( 1254): START: AudioSink stop in pause
03-31 17:56:35.195 D/AudioTrack( 1254): enter stop 0x8a06cc0
03-31 17:56:35.195 D/AudioFlinger( 1254): enter stop(4097), calling thread 1254
03-31 17:56:35.195 V/AudioPolicyManagerBase( 1254): stopOutput() in. output 1, stream 7, session 658, mAvailableOutputDevices:0x3. mPhoneState:0.
03-31 17:56:35.195 V/AudioPolicyManagerBase( 1254): changeRefCount() stream 7, count 0
03-31 17:56:35.195 V/AudioPolicyManagerBase( 1254): getNewDevice() selected device 0
03-31 17:56:35.195 V/AudioPolicyManagerBase( 1254): getNewDevice() selected device 0
03-31 17:56:35.195 D/AudioPolicyManagerBase( 1254): stopOutput. new device is HDMI or WIDI: 0, previous device is: 0x0, new devices is: 0x2 . Sleep for some time to avoid outputing sonification sound via HDMI or WIDI if possible.
03-31 17:56:35.195 V/AudioPolicyManagerBase( 1254): getNewDevice() selected device 0
03-31 17:56:35.195 V/AudioPolicyManagerBase( 1254): setOutputDevice() output 1 device 0 delayMs 0
03-31 17:56:35.195 V/AudioPolicyManagerBase( 1254): setOutputDevice() setting same device 0 or null device for output 1
03-31 17:56:35.195 D/AudioPolicyManagerBase( 1254): stopOutput. stream: 7, output: 1. Unmute media stream now for output: 1. its latency: 93.
03-31 17:56:35.195 D/AudioPolicyManagerBase( 1254): setStrategyMute() strategy 0, mute 0, output 1, delayMs 186.
03-31 17:56:35.195 D/AudioPolicyManagerBase( 1254): setStreamMute() stream 1, mute 0, output 1, mCanBeMuted 1, mMuteCount 1
03-31 17:56:35.195 D/AudioPolicyManagerBase( 1254): checkAndSetVolume in. stream: 1, output: 1, index:7, device: 0x2. delayMs:186, force: 0.
03-31 17:56:35.195 D/AudioPolicyManagerBase( 1254): setStreamVolume() for output 1 stream 1, volume 1.000000, delay 186
03-31 17:56:35.195 D/AudioPolicyManagerBase( 1254): setStreamMute() stream 3, mute 0, output 1, mCanBeMuted 1, mMuteCount 1
03-31 17:56:35.195 D/AudioPolicyManagerBase( 1254): checkAndSetVolume in. stream: 3, output: 1, index:8, device: 0x2. delayMs:186, force: 0.
03-31 17:56:35.195 D/AudioPolicyManagerBase( 1254): setStreamVolume() for output 1 stream 3, volume 0.316228, delay 186
03-31 17:56:35.195 D/AudioPolicyManagerBase( 1254): setStreamMute() stream 9, mute 0, output 1, mCanBeMuted 1, mMuteCount 1
03-31 17:56:35.195 D/AudioPolicyManagerBase( 1254): checkAndSetVolume in. stream: 9, output: 1, index:8, device: 0x2. delayMs:186, force: 0.
03-31 17:56:35.195 D/AudioPolicyManagerBase( 1254): setStreamVolume() for output 1 stream 9, volume 0.066834, delay 186
03-31 17:56:35.195 V/AudioPolicyManagerBase( 1254): stopOutput() out.
03-31 17:56:35.195 D/AudioFlinger( 1254): leave AudioFlinger::Track::stop()
03-31 17:56:35.195 D/AudioTrack( 1254): leave stop 0x8a06cc0
03-31 17:56:35.195 D/AudioPlayer( 1254): FINISH: AudioSink stop in pause
03-31 17:56:35.195 D/AwesomePlayer( 1254): Leave onStreamDone
03-31 17:56:35.375 E/ia_watchdog( 1257): Timer interrupt
03-31 17:56:35.375 E/ia_watchdog( 1257): waiting for a timer interrupt
03-31 17:56:36.455 I/VideoDecoder( 1254): Deleting decoder for video/avc
03-31 17:56:36.465 D/MediaMetadataRetrieverJNI(15283): Create a rotation matrix: 90 degrees
03-31 17:56:36.495 D/dalvikvm(15283): GC_EXTERNAL_ALLOC freed 670K, 74% free 3398K/12807K, external 2516K/6169K, paused 17ms
03-31 17:56:36.575 I/VideoDecoder( 1254): Deleting decoder for video/avc
03-31 17:56:36.595 D/MediaMetadataRetrieverJNI( 7136): Create a rotation matrix: 90 degrees
03-31 17:56:36.815 V/GLRootView(15283): layout content pane 1024x600
03-31 17:56:36.975 D/pvr_drv_video( 7136): psb__open_log.
03-31 17:56:37.245 D/dalvikvm( 7136): GC_EXTERNAL_ALLOC freed 32K, 64% free 3361K/9287K, external 6278K/6292K, paused 7ms
03-31 17:56:37.245 D/pvr_drv_video( 7136): psb__open_log.
03-31 17:56:37.285 V/MediaProvider( 7136): Extract thumbnail for: /mnt/sdcard/DCIM/100ANDRO/VID_0041.3gp finished, now there are 1 tasks left in queue
03-31 17:56:37.285 V/MediaProvider( 7136): Extract thumbnail for: /mnt/sdcard/DCIM/100ANDRO/VID_0041.3gp, there are 0 tasks left in queue
03-31 17:56:37.295 I/DrmSource( 1254): Enter SVC_drm_openSession()
03-31 17:56:37.295 E/        ( 1254): (frameworks/base/media/libdrm/mobile1/src/objmng/drm_api.c:SVC_drm_openSession:1417)In
03-31 17:56:37.295 E/        ( 1254): (frameworks/base/media/libdrm/mobile1/src/objmng/drm_api.c:SVC_drm_openSession:1451)Got the mime type is 255
03-31 17:56:37.295 I/DrmSource( 1254): Leave SVC_drm_openSession(), mDrmSessionID = -4
03-31 17:56:37.295 W/DrmSource( 1254): WARNING: new drm source fail or initcheck fail, /mnt/sdcard/DCIM/100ANDRO/VID_0041.3gp is not a drm file
03-31 17:56:37.305 W/VAVideoDecoder( 1254): Decoder will output raw data.
03-31 17:56:37.305 W/VideoDecoder( 1254): Output is raw data.
03-31 17:56:37.305 I/MixVBP  ( 1254): SPS header is parsed.
03-31 17:56:37.305 I/MixVBP  ( 1254): PPS header is parsed.
03-31 17:56:37.305 I/VideoDecoder( 1254): maxDPBSize = 5, num_ref_frame = 1
03-31 17:56:37.305 I/VideoDecoder( 1254): updateFormatInfo: current size: 1920 x 1080, new size: 1920 x 1088
03-31 17:56:37.305 I/VideoDecoder( 1254): Video size is changed.
03-31 17:56:37.305 I/VideoDecoder( 1254): New sequence is received. Assuming video size is changed.
03-31 17:56:37.305 I/VideoDecoder( 1254): Cropping: left = 0, top = 0, right = 0, bottom = 8
03-31 17:56:37.305 D/pvr_drv_video( 1254): psb__open_log.
03-31 17:56:37.325 E/MixVBP  ( 1254): Invalid NAL_length parsed.
03-31 17:56:37.325 W/MixVBP  ( 1254): Elementary stream is not aligned (172902).
03-31 17:56:37.325 W/MixVBP  ( 1254): Stream was supposed to be length prefixed, but actually is start-code prefixed.
03-31 17:56:37.325 W/VAVideoDecoder( 1254): Format changed.
03-31 17:56:37.465 V/GLRootView(15283): layout content pane 1024x600
03-31 17:56:38.305 D/AudioHardwareALSA( 1254): standby
03-31 17:56:38.305 D/AudioHardwareALSA( 1254): standby
03-31 17:56:38.395 D/ALSAModuleCDK( 1254): standby handle->curMode=0 direction=0
03-31 17:56:38.395 D/ALSAModuleCDK( 1254): S_STANDBY
03-31 17:56:38.565 I/VideoDecoder( 1254): Deleting decoder for video/avc
03-31 17:56:38.575 D/MediaMetadataRetrieverJNI( 7136): Create a rotation matrix: 90 degrees
03-31 17:56:38.775 D/pvr_drv_video( 7136): psb__open_log.
03-31 17:56:39.015 D/dalvikvm( 7136): GC_EXTERNAL_ALLOC freed 42K, 64% free 3349K/9287K, external 6296K/6310K, paused 5ms
03-31 17:56:39.015 D/pvr_drv_video( 7136): psb__open_log.
03-31 17:56:39.045 V/MediaProvider( 7136): Extract thumbnail for: /mnt/sdcard/DCIM/100ANDRO/VID_0041.3gp finished, now there are 0 tasks left in queue
03-31 17:56:45.625 D/dalvikvm( 2335): GC_EXPLICIT freed 573K, 69% free 4234K/13383K, external 8584K/12680K, paused 30ms
03-31 17:56:47.865 I/GTalkService( 1798): [GTalkConnection.27] (WORKER THREAD) update account status
03-31 17:56:47.865 I/GTalkService( 1798): [GTalkConnection.1] setInternalNetworkState: type=1, state=CONNECTED
03-31 17:56:47.865 D/GTalkService/c( 1798): [GTalkConnection.1] connect: acquire wakelock, async connect...
03-31 17:56:47.865 I/GTalkService( 1798): [GTalkConnection.1] acquireAsyncWakeLock: WakeLock{3400f500 held=true, refCount=0}
03-31 17:56:47.965 I/!!!!!!!!!( 2327): ##############!!!!!!!!!!!!!!!!!!!!!
03-31 17:56:47.975 I/GTalkService( 1798): [GTalkConnection.27] (WORKER THREAD) update account status - done, took 115 ms
03-31 17:56:47.985 I/GTalkService( 1798): doConnect: start...
03-31 17:56:48.075 D/MessageDetailSpinner( 2327): onLayout(): mSuppressOnLayout(false)
03-31 17:56:48.125 D/MessageDetailSpinner( 2327): onLayout(): mSuppressOnLayout(false)
03-31 17:56:59.385 V/WifiMonitor( 1474): Event [CTRL-EVENT-BSS-REMOVED 53 fc:75:16:99:29:8e]
03-31 17:56:59.385 V/WifiMonitor( 1474): Event [CTRL-EVENT-BSS-REMOVED 54 00:3a:98:75:62:f0]
03-31 17:56:59.385 V/WifiMonitor( 1474): Event [CTRL-EVENT-BSS-REMOVED 55 5c:63:bf:f2:14:65]
03-31 17:56:59.385 V/WifiMonitor( 1474): Event [CTRL-EVENT-BSS-REMOVED 56 5c:63:bf:a8:d8:08]
03-31 17:56:59.385 V/WifiMonitor( 1474): Event [CTRL-EVENT-BSS-REMOVED 57 00:1e:e5:a2:43:ee]
03-31 17:56:59.385 V/WifiMonitor( 1474): Event [CTRL-EVENT-BSS-REMOVED 58 00:16:47:74:ab:50]
03-31 17:56:59.385 V/WifiMonitor( 1474): Event [CTRL-EVENT-BSS-REMOVED 59 00:3a:98:75:62:f1]
03-31 17:56:59.385 V/WifiMonitor( 1474): Event [CTRL-EVENT-BSS-REMOVED 60 00:25:4b:05:37:63]
03-31 17:56:59.385 V/WifiMonitor( 1474): Event [CTRL-EVENT-BSS-REMOVED 61 00:16:47:74:ab:51]
03-31 17:56:59.995 D/KeyguardUpdateMonitor( 1474): received broadcast android.intent.action.TIME_TICK
03-31 17:57:00.005 I/System.out(11218):  *********** Orange Clock ACTION_TIME_TICK Intent *********** 
03-31 17:57:00.025 I/System.out(11218):  *********** Orange Clock Receiver *********** com.orange.clockalarm.time_tick
03-31 17:57:03.885 D/BatteryService( 1474): /sys/class/power_supply/max17042_battery/capacity value is: 90
03-31 17:57:03.885 D/BatteryService( 1474): /sys/class/power_supply/max17042_battery/temp value is: 350
03-31 17:57:03.895 D/KeyguardUpdateMonitor( 1474): received broadcast android.intent.action.BATTERY_CHANGED
03-31 17:57:03.905 D/WifiService( 1474): ACTION_BATTERY_CHANGED pluggedType: 2
03-31 17:57:03.915 D/PHONEBACKUP_SRV(18956): SyncManager - batteryLevelGood
03-31 17:57:03.915 W/PHONEBACKUP_SRV(18956): SyncManager - batteryLevelGood no current sync or not previously suspended
03-31 17:57:03.915 D/BatteryService( 1474): /sys/class/power_supply/max17042_battery/capacity value is: 90
03-31 17:57:03.915 D/BatteryService( 1474): /sys/class/power_supply/max17042_battery/temp value is: 350
03-31 17:57:11.235 D/dalvikvm( 2327): GC_EXPLICIT freed 2842K, 67% free 4061K/12295K, external 12299K/16278K, paused 51ms
03-31 17:57:16.205 D/dalvikvm( 7136): GC_EXPLICIT freed 21K, 64% free 3346K/9287K, external 2214K/6310K, paused 12ms
03-31 17:57:28.145 W/GTalkService( 1798): [GTalkConnection.27] doConnect: caught Could not connect to mtalk.google.com:5228.: (404)
03-31 17:57:28.145 W/GTalkService( 1798):   -- caused by: java.net.UnknownHostException: mtalk.google.com
03-31 17:57:28.145 I/GTalkService( 1798): handleDoConnectError: error=3, XmppError=null
03-31 17:57:28.145 I/GTalkService( 1798): [GTalkConnection.27] connectionClosed: connId=0, error=UNKNOWN HOST
03-31 17:57:28.145 D/ConnectivityService( 1474): reportNetworkCondition(1, 0)
03-31 17:57:28.155 I/GTalkService( 1798): [GTalkConnection.27] handleDoConnectError: release wakelock
03-31 17:57:28.155 I/GTalkService( 1798): [GTalkConnection.27] releaseAsyncWakeLock: clear timer: WakeLock{3400f500 held=false, refCount=0}
03-31 17:57:28.155 I/GTalkService( 1798): [GTalkConnection.27] (WORKER THREAD) update account status
03-31 17:57:28.155 D/ConnectivityService( 1474): Inet connectivity change, net=1, condition=0,mActiveDefaultNetwork=1
03-31 17:57:28.155 D/ConnectivityService( 1474): starting a change hold
03-31 17:57:28.255 I/!!!!!!!!!( 2327): ##############!!!!!!!!!!!!!!!!!!!!!
03-31 17:57:28.265 I/GTalkService( 1798): [GTalkConnection.27] (WORKER THREAD) update account status - done, took 113 ms
03-31 17:57:28.325 D/MessageDetailSpinner( 2327): onLayout(): mSuppressOnLayout(false)
03-31 17:57:28.395 D/MessageDetailSpinner( 2327): onLayout(): mSuppressOnLayout(false)
03-31 17:57:29.115 D/dalvikvm(14491): GC_EXPLICIT freed 60K, 52% free 3877K/8007K, external 1625K/4116K, paused 17ms
03-31 17:57:31.155 D/ConnectivityService( 1474): Inet hold end, net=1, condition =0, published condition =0
03-31 17:57:31.155 D/ConnectivityService( 1474): no change in condition - aborting
03-31 17:57:47.025 D/dalvikvm( 6142): GC_EXPLICIT freed 20K, 60% free 3010K/7363K, external 1625K/4116K, paused 7ms
03-31 17:57:58.015 D/Vibrator_Alsa( 1474): vibrator_off : Vibrator request OFF ....................
03-31 17:57:58.015 D/Vibrator_Alsa( 1474): vibrator_on : Vibrator request ON for 10 ms ....................
03-31 17:57:58.015 W/KeyCharacterMap(15283): No keyboard for id 0
03-31 17:57:58.015 W/KeyCharacterMap(15283): Using default keymap: /system/usr/keychars/qwerty.kcm.bin
03-31 17:57:58.015 D/Vibrator_Alsa( 1474): vibrator_alsa: The vibrator starts(10ms)
03-31 17:57:58.025 D/Vibrator_Alsa( 1474): vibrator_alsa: One timeout-thread starts for 10 ms
03-31 17:57:58.025 D/Vibrator_Alsa( 1474): thread_mux_to_pwm: Timeout-thread sleeps
03-31 17:57:58.035 D/Vibrator_Alsa( 1474): thread_mux_to_pwm: Timeout-thread turns off the vibrator
03-31 17:57:58.035 D/Vibrator_Alsa( 1474): vibrator_alsa: The vibrator ends
03-31 17:57:58.055 D/Vibrator_Alsa( 1474): vibrator_on : Vibrator request ON for 30 ms ....................
03-31 17:57:58.055 D/Vibrator_Alsa( 1474): vibrator_alsa: The vibrator starts(24ms)
03-31 17:57:58.055 D/Vibrator_Alsa( 1474): vibrator_alsa: One timeout-thread starts for 24 ms
03-31 17:57:58.055 D/Vibrator_Alsa( 1474): thread_mux_to_pwm: Timeout-thread sleeps
03-31 17:57:58.085 D/Vibrator_Alsa( 1474): thread_mux_to_pwm: Timeout-thread turns off the vibrator
03-31 17:57:58.085 D/Vibrator_Alsa( 1474): vibrator_alsa: The vibrator ends
03-31 17:57:58.215 V/videocamera(15283): stopVideoRecording
03-31 17:57:58.215 V/videocamera(15283): Releasing media recorder.
03-31 17:57:58.215 V/videocamera(15283): closeCamera
03-31 17:57:58.215 D/CameraHardware( 1254): virtual void android::CameraHardware::stopPreview(): start
03-31 17:57:58.215 D/CameraHardware( 1254): bool android::CameraHardware::stopPreviewThread() :
03-31 17:57:58.215 I/CameraHardware( 1254): int android::CameraHardware::aeAfAwbThread(): previewaeafawb is waiting
03-31 17:57:58.215 D/CameraHardware( 1254): Stopped the 3A now
03-31 17:57:58.235 I/CameraHardware( 1254): int android::CameraHardware::previewThreadWrapper(): preview is waiting
03-31 17:57:58.235 D/CameraHardware( 1254): preview has stopped
03-31 17:57:58.285 D/SurfaceFlinger( 1474): ~TextureStreamSource destruct
03-31 17:57:58.295 D/SurfaceFlinger( 1474): Delete Sync in destruct
03-31 17:57:58.295 D/CameraHardware( 1254): virtual void android::CameraHardware::stopPreview(): start
03-31 17:57:58.295 D/CameraHardware( 1254): bool android::CameraHardware::stopPreviewThread() :
03-31 17:57:58.295 D/CameraHardware( 1254): virtual void android::CameraHardware::release() start:
03-31 17:57:58.295 D/CameraHardware( 1254): virtual void android::CameraHardware::release() waiting 3A thread to exit:
03-31 17:57:58.295 I/CameraHardware( 1254): int android::CameraHardware::aeAfAwbThread(): previewaeafawb return from wait
03-31 17:57:58.295 D/CameraHardware( 1254): int android::CameraHardware::aeAfAwbThread() Exiting the 3A thread
03-31 17:57:58.295 D/CameraHardware( 1254): virtual void android::CameraHardware::release() deleted the 3A thread:
03-31 17:57:58.295 I/CameraHardware( 1254): int android::CameraHardware::previewThreadWrapper(): preview return from wait
03-31 17:57:58.295 I/CameraHardware( 1254): int android::CameraHardware::previewThreadWrapper(): preview exiting
03-31 17:57:58.295 D/CameraHardware( 1254): virtual void android::CameraHardware::release() deleted the preview thread:
03-31 17:57:58.295 D/CameraHardware( 1254): virtual void android::CameraHardware::release() deleted the picture thread:
03-31 17:57:58.295 D/CameraHardware( 1254): BC, line:3844, deleted the compress thread:
03-31 17:57:58.295 I/CameraHardware( 1254): virtual android::CameraHardware::~CameraHardware(): Delete the CameraHardware
03-31 17:57:58.405 D/        ( 1254): [Ola_BufferService_DeInitialize] Ola_BufferService_DeInitialize fn
03-31 17:57:58.405 D/AwesomePlayer( 1254): reset_l
03-31 17:57:58.405 D/AwesomePlayer( 1254): START: Audio Source stop in reset_l
03-31 17:57:58.405 D/AwesomePlayer( 1254): FINISH: Audio Source stop in reset_l
03-31 17:57:58.405 D/AwesomePlayer( 1254): reset_l
03-31 17:57:58.405 D/AwesomePlayer( 1254): reset_l
03-31 17:57:58.405 D/AwesomePlayer( 1254): reset_l
03-31 17:57:58.405 D/AudioPlayer( 1254): START: AudioSink stop & close in reset
03-31 17:57:58.405 D/AudioTrack( 1254): enter stop 0x8a06cc0
03-31 17:57:58.405 D/AudioTrack( 1254): leave stop 0x8a06cc0
03-31 17:57:58.405 D/AudioTrack( 1254): enter stop 0x8a06cc0
03-31 17:57:58.405 D/AudioTrack( 1254): leave stop 0x8a06cc0
03-31 17:57:58.405 V/AudioPolicyManagerBase( 1254): releaseOutput() 1
03-31 17:57:58.405 D/AudioPlayer( 1254): FINISH: AudioSink stop & close in reset
03-31 17:57:58.405 D/AudioPlayer( 1254): reset: stop the media source
03-31 17:57:58.405 D/AwesomePlayer( 1254): reset_l
03-31 17:57:58.405 D/AwesomePlayer( 1254): reset_l
03-31 17:57:58.405 D/AwesomePlayer( 1254): reset_l
03-31 17:57:58.405 D/AwesomePlayer( 1254): START: Audio Source stop in reset_l
03-31 17:57:58.405 D/AwesomePlayer( 1254): FINISH: Audio Source stop in reset_l
03-31 17:57:58.405 D/AwesomePlayer( 1254): reset_l
03-31 17:57:58.405 D/AwesomePlayer( 1254): reset_l
03-31 17:57:58.445 I/WindowManager( 1474): Setting rotation to 0, animFlags=1
03-31 17:57:58.465 D/PhoneApp( 1693): updateProximitySensorMode: state = IDLE
03-31 17:57:58.465 D/PhoneApp( 1693): proximitySensorModeEnable()...
03-31 17:57:58.465 D/PhoneApp( 1693): updateProximitySensorMode: lock already released.
03-31 17:57:58.465 I/ActivityManager( 1474): Config changed: { scale=1.0 imsi=460/1 loc=en_US touch=3 keys=1/1/2 nav=1/1 orien=1 layout=268435491 uiMode=17 seq=94}
03-31 17:57:58.575 D/MainActivity( 2327): startTrackingApplications(): monitor(com.orange.homescreen.pil.defaultimpl.application.ApplicationMonitor@33f13420)
03-31 17:57:58.585 D/MainActivity( 2327): startTrackingApplications(): sdmon(com.orange.homescreen.pil.android22impl.application.SDCardAppsMonitor@33e9d420)
03-31 17:57:58.585 D/SDCardAppsMonitor( 2327): addListener(): listener(com.orange.homescreen3x.MainActivity$8@33e7b2f0)
03-31 17:57:58.605 D/TimeSyncTask( 2327): startTimeTickThread(): mTickThread(null)
03-31 17:57:58.605 D/TimeSyncTask( 2327): startTimeTickThread(): mTickThread(Thread[Thread-338,5,main])
03-31 17:57:58.605 D/Workspace( 2327): onRequestFocusInDescendants(): direction(130), previouslyFocusedRect(null)
03-31 17:57:58.615 D/TimeTickThread( 2327): doInBackground(): time(05:57:58), sleep(2 sec)
03-31 17:57:58.735 W/IInputConnectionWrapper(15283): showStatusIcon on inactive InputConnection
03-31 17:57:58.755 D/MessageDetailSpinner( 2327): onLayout(): mSuppressOnLayout(false)
03-31 17:57:58.945 D/MessageDetailSpinner( 2327): onLayout(): mSuppressOnLayout(false)
03-31 17:57:59.995 D/KeyguardUpdateMonitor( 1474): received broadcast android.intent.action.TIME_TICK
03-31 17:58:00.005 I/System.out(11218):  *********** Orange Clock ACTION_TIME_TICK Intent *********** 
03-31 17:58:00.035 I/System.out(11218):  *********** Orange Clock Receiver *********** com.orange.clockalarm.time_tick
03-31 17:58:00.625 D/TimeTickThread( 2327): doInBackground(): time(05:58:00), sleep(60 sec)
03-31 17:58:00.675 D/dalvikvm( 1474): GC_EXPLICIT freed 2393K, 58% free 7312K/17095K, external 4470K/8566K, paused 100ms
03-31 17:58:00.715 D/MessageDetailSpinner( 2327): onLayout(): mSuppressOnLayout(false)
03-31 17:58:04.115 D/SntpClient( 1474): request time failed: java.net.SocketTimeoutException: Try again
03-31 17:58:05.075 D/dalvikvm(15283): GC_EXPLICIT freed 329K, 74% free 3369K/12807K, external 6153K/10218K, paused 17ms
03-31 17:58:10.075 D/dalvikvm(11218): GC_EXPLICIT freed 51K, 61% free 2917K/7431K, external 1625K/4116K, paused 6ms
03-31 17:58:15.085 D/dalvikvm( 2355): GC_EXPLICIT freed 1716K, 72% free 3047K/10759K, external 1625K/4116K, paused 17ms
03-31 17:58:20.105 D/dalvikvm( 2335): GC_EXPLICIT freed 279K, 70% free 4123K/13383K, external 8584K/12680K, paused 25ms
03-31 17:58:58.735 I/power   ( 1474): *** set_screen_state 0
03-31 17:58:58.735 D/KeyguardViewMediator( 1474): track screen lock during mtbf issue:
03-31 17:58:58.735 D/KeyguardViewMediator( 1474): java.lang.RuntimeException
03-31 17:58:58.735 D/KeyguardViewMediator( 1474): 	at com.android.internal.policy.impl.KeyguardViewMediator.onScreenTurnedOff(KeyguardViewMediator.java:313)
03-31 17:58:58.735 D/KeyguardViewMediator( 1474): 	at com.android.internal.policy.impl.PhoneWindowManager.screenTurnedOff(PhoneWindowManager.java:2176)
03-31 17:58:58.735 D/KeyguardViewMediator( 1474): 	at com.android.server.PowerManagerService$4.run(PowerManagerService.java:1515)
03-31 17:58:58.735 D/KeyguardViewMediator( 1474): 	at android.os.Handler.handleCallback(Handler.java:587)
03-31 17:58:58.735 D/KeyguardViewMediator( 1474): 	at android.os.Handler.dispatchMessage(Handler.java:92)
03-31 17:58:58.735 D/KeyguardViewMediator( 1474): 	at android.os.Looper.loop(Looper.java:130)
03-31 17:58:58.735 D/KeyguardViewMediator( 1474): 	at android.os.HandlerThread.run(HandlerThread.java:60)
03-31 17:58:58.735 D/KeyguardViewMediator( 1474): onScreenTurnedOff(3)
03-31 17:58:58.745 D/MainActivity( 2327): saveState(): mFolderInfo(null)
03-31 17:58:58.745 D/MainActivity( 2327): saveState(): mFolderInfo.orangeWidget(null)
03-31 17:58:58.745 D/MainActivity( 2327): saveState(): outState(Bundle[{launcher.current_screen=2}])
03-31 17:58:58.745 D/TimeSyncTask( 2327): stopTimeTickThread(): mTickThread(Thread[Thread-338,5,main])
03-31 17:58:58.745 D/Carousel( 2327): snapToScreen(): mStartScreen(1, curr: 1) -> mNextScreen(1)
03-31 17:58:58.765 D/Carousel( 2327): snapToScreen(): oldX(600), newX(600), deltaX(0)
03-31 17:58:58.775 D/Vibrator_Alsa( 1474): vibrator_off : Vibrator request OFF ....................
03-31 17:58:58.795 D/WifiService( 1474): ACTION_SCREEN_OFF
03-31 17:58:58.805 D/PHONEBACKUP_SRV(18956): ScreenSaverManager - onReceive Intent { act=android.intent.action.SCREEN_OFF flg=0x40000000 }
03-31 17:58:58.805 D/WifiService( 1474): setting ACTION_DEVICE_IDLE timer for 900000ms
03-31 17:58:59.995 D/KeyguardUpdateMonitor( 1474): received broadcast android.intent.action.TIME_TICK
03-31 17:59:00.005 I/System.out(11218):  *********** Orange Clock ACTION_TIME_TICK Intent *********** 
03-31 17:59:00.025 I/System.out(11218):  *********** Orange Clock Receiver *********** com.orange.clockalarm.time_tick
03-31 17:59:03.745 D/KeyguardViewMediator( 1474): track screen lock during mtbf issue:
03-31 17:59:03.745 D/KeyguardViewMediator( 1474): java.lang.RuntimeException
