03-31 18:02:55.485 W/WifiService( 1474): misformatted scan result for: e0:46:9a:6a:e5:a2	2412	-78	[WPS][ESS]	
03-31 18:02:55.505 W/WifiService( 1474): misformatted scan result for: e0:46:9a:6a:e5:a2	2412	-78	[WPS][ESS]	
03-31 18:02:55.505 W/WifiService( 1474): misformatted scan result for: e0:46:9a:6a:e5:a2	2412	-78	[WPS][ESS]	
03-31 18:02:58.535 D/dhcpcd  (19189): sending DHCP_DISCOVER with xid 0x32b2c1c7, next in 7.94 seconds
03-31 18:02:58.555 D/dhcpcd  (19189): offered 192.168.13.20 from 192.168.1.60
03-31 18:02:58.555 D/dhcpcd  (19189): sending DHCP_REQUEST with xid 0x32b2c1c7, next in 3.75 seconds
03-31 18:02:58.565 D/dhcpcd  (19189): acknowledged 192.168.13.20 from 192.168.1.60
03-31 18:02:58.605 D/dhcpcd  (19189): leased 192.168.13.20 for 86400 seconds
03-31 18:02:58.605 D/dhcpcd  (19189): adding IP address 192.168.13.20/22
03-31 18:02:58.605 D/dhcpcd  (19189): adding route to 0.0.0.0/0 via 192.168.12.1
03-31 18:02:58.605 D/dhcpcd  (19189): executing `/system/etc/dhcpcd/dhcpcd-run-hooks', reason BOUND
03-31 18:02:58.665 D/dhcpcd  (19189): renew in 43200 seconds
03-31 18:02:58.745 D/WifiStateTracker( 1474): DHCP succeeded with lease: 86400
03-31 18:02:58.745 D/NetworkStateTracker( 1474): setDetailed state, old =OBTAINING_IPADDR and new state=CONNECTED
03-31 18:02:58.755 V/WifiStateTracker( 1474): IP configuration: ipaddr 192.168.13.20 gateway 192.168.12.1 netmask 255.255.252.0 dns1 192.168.1.60 dns2 202.106.0.20 DHCP server 192.168.1.60 lease 86400 seconds
03-31 18:02:58.755 V/NetworkStateTracker( 1474): Setting TCP values: [4095,87380,110208,4096,16384,110208] which comes from [net.tcp.buffersize.wifi]
03-31 18:02:58.755 D/ConnectivityService( 1474): ConnectivityChange for WIFI/default: CONNECTED/CONNECTED
03-31 18:02:58.755 D/ConnectivityService( 1474): ConnectivityChange for WIFI: CONNECTED/CONNECTED
03-31 18:02:58.755 D/ConnectivityService( 1474): handleConnect(), info=NetworkInfo: type: 1|WIFI[], state: CONNECTED/CONNECTED, aptype: default, ifname: (unspecified), reason: (unspecified), extra: (none), roaming: false, failover: false, isAvailable: true
03-31 18:02:58.765 I/ConnectivityService( 1474): handleDnsConfigurationChange netType :1
03-31 18:02:58.765 D/ConnectivityService( 1474): adding dns 192.168.1.60 for WIFI
03-31 18:02:58.765 D/ConnectivityService( 1474): adding dns 202.106.0.20 for WIFI
03-31 18:02:58.765 D/NetworkStateTracker( 1474): addDefaultRoute, ENTER
03-31 18:02:58.765 D/Tethering( 1474): net.dns1 = 192.168.1.60 net.dns2 = 202.106.0.20
03-31 18:02:58.765 D/WifiWatchdogService( 1474): (android.server.ServerThread) wifi.borqs.com (00:1e:e5:f6:02:55) does not require the watchdog
03-31 18:02:58.765 D/ConnectivityService( 1474): >>>>(Delay)Sending CONNECTED bcast for WIFI/default
03-31 18:02:58.765 D/ConnectivityService( 1474): >>>>Sending CONNECTED bcast
03-31 18:02:58.775 D/GTalkService( 1798): ##### Network broadcast (connected=true) type=WIFI, state=CONNECTED
03-31 18:02:58.775 D/Tethering( 1474): MasterInitialState.processMessage what=3
03-31 18:02:58.775 I/GTalkService( 1798): [GTalkConnection.1] setInternalNetworkState: type=1, state=CONNECTED
03-31 18:02:58.775 D/GTalkService/c( 1798): [GTalkConnection.1] connect: acquire wakelock, async connect...
03-31 18:02:58.775 D/PHONEBACKUP_SRV(18956): NetworkManager - onReceive Intent { act=android.net.conn.CONNECTIVITY_CHANGE flg=0x10000000 (has extras) }
03-31 18:02:58.775 I/GTalkService( 1798): [GTalkConnection.27] (WORKER THREAD) update account status
03-31 18:02:58.785 I/GTalkService( 1798): [GTalkConnection.1] acquireAsyncWakeLock: WakeLock{3400f500 held=true, refCount=0}
03-31 18:02:58.785 D/PHONEBACKUP_SRV(18956): NetworkManager - onReceive ConnectivityManager.CONNECTIVITY_ACTION
03-31 18:02:58.785 D/PHONEBACKUP_SRV(18956): NetworkManager - onReceive ConnectivityManager.CONNECTIVITY_ACTION iNetworkInfoType1
03-31 18:02:58.785 W/PHONEBACKUP_SRV(18956): NetworkManager - onReceive oNetworkInfo Connected()
03-31 18:02:58.785 V/PHONEBACKUP_SRV(18956): SyncManager - networkConnected
03-31 18:02:58.795 D/MediaRendererManager( 5751): Network activity was null now /192.168.13.20
03-31 18:02:58.795 D/WifiWhitelist( 5751): onReceive: android.net.conn.CONNECTIVITY_CHANGE
03-31 18:02:58.805 D/PHONEBACKUP_SRV(18956): SyncManager - syncWhileRoaming = false
03-31 18:02:58.805 V/PHONEBACKUP_SRV(18956): SyncManager - networkConnected
03-31 18:02:58.835 D/PHONEBACKUP_SRV(18956): SyncManager - syncWhileRoaming = false
03-31 18:02:58.865 D/PicasaSyncManager( 2435): active network: NetworkInfo: type: 1|WIFI[], state: CONNECTED/CONNECTED, aptype: default, ifname: (unspecified), reason: (unspecified), extra: (none), roaming: false, failover: false, isAvailable: true
03-31 18:02:58.865 I/ActivityManager( 1474): Start proc com.google.android.apps.uploader for broadcast com.google.android.apps.uploader/.ConnectivityBroadcastReceiver: pid=19217 uid=10041 gids={3003}
03-31 18:02:58.895 D/PicasaSyncManager( 2435): background data: true
03-31 18:02:58.895 I/dalvikvm(19217): no jit_config.list under /data/app
03-31 18:02:58.915 E/ia_watchdog( 1257): Timer interrupt
03-31 18:02:58.915 E/ia_watchdog( 1257): waiting for a timer interrupt
03-31 18:02:58.945 I/ActivityThread(19217): Pub com.google.android.apps.uploader: com.google.android.apps.uploader.UploadsContentProvider
03-31 18:02:58.945 I/ActivityThread(19217): Pub com.google.photos.provider.Album: com.google.android.apps.uploader.clients.picasa.AlbumProvider
03-31 18:02:58.955 D/MediaUploader(19217): UploaderApplication.onCreate
03-31 18:02:58.975 D/MediaUploader(19217): nonWifiLimit=20971520, default=20971520
03-31 18:02:58.975 I/MediaUploader(19217): No need to wake up
03-31 18:02:58.975 I/ActivityManager( 1474): No longer want com.google.android.gm (pid 11633): hidden #16
03-31 18:02:58.995 I/ActivityManager( 1474): Start proc com.google.android.gm for broadcast com.google.android.gm/.downloadprovider.DownloadReceiver: pid=19226 uid=10054 gids={3003, 1015}
03-31 18:02:59.005 I/dalvikvm(19226): no jit_config.list under /data/app
03-31 18:02:59.005 I/!!!!!!!!!( 2327): ##############!!!!!!!!!!!!!!!!!!!!!
03-31 18:02:59.005 I/GTalkService( 1798): [GTalkConnection.27] (WORKER THREAD) update account status - done, took 229 ms
03-31 18:02:59.005 I/GTalkService( 1798): doConnect: start...
03-31 18:02:59.045 D/MessageDetailSpinner( 2327): onLayout(): mSuppressOnLayout(false)
03-31 18:02:59.095 I/ActivityThread(19226): Pub gmail-ls: com.google.android.gm.provider.MailProvider
03-31 18:02:59.095 I/ActivityThread(19226): Pub com.google.android.gm.attachmentspreviews: com.google.android.gm.AttachmentPreviewProvider
03-31 18:02:59.105 I/ActivityThread(19226): Pub com.google.android.gmail.SuggestionProvider: com.google.android.gm.SuggestionsProvider
03-31 18:02:59.105 I/ActivityThread(19226): Pub gmail-downloads: com.google.android.gm.downloadprovider.DownloadProvider
03-31 18:02:59.125 I/dalvikvm(19226): codeCache = 0xb0bbb000 stream = 0xb0bbb000 before initJIT
03-31 18:02:59.135 I/dalvikvm(19226): stream = 0xb0bbb515 after initJIT
03-31 18:02:59.195 I/Database(19226): sqlite returned: error code = 0, msg = Recovered 5 frames from WAL file /data/data/com.google.android.gm/databases/downloads.db-wal
03-31 18:02:59.235 I/ActivityManager( 1474): No longer want com.innopath.activecare (pid 18728): hidden #16
03-31 18:02:59.835 I/GTalkService( 1798): connectionEstablished
03-31 18:02:59.875 D/GTalkService( 1798): [RosterListenerImpl] removeTalkPresence for account=1, deleted=19
03-31 18:02:59.915 I/!!!!!!!!!( 2327): ##############!!!!!!!!!!!!!!!!!!!!!
03-31 18:02:59.915 D/GTalkService( 1798): [ContactPresence] removeAllContactsPresence: account=1, set null presence for 21
03-31 18:02:59.975 D/dalvikvm( 2759): GC_EXPLICIT freed 329K, 59% free 3048K/7431K, external 4060K/7995K, paused 12ms
03-31 18:02:59.985 D/MessageDetailSpinner( 2327): onLayout(): mSuppressOnLayout(false)
03-31 18:02:59.995 D/KeyguardUpdateMonitor( 1474): received broadcast android.intent.action.TIME_TICK
03-31 18:03:00.035 I/System.out(11218):  *********** Orange Clock ACTION_TIME_TICK Intent *********** 
03-31 18:03:00.045 I/System.out(11218):  *********** Orange Clock Receiver *********** com.orange.clockalarm.time_tick
03-31 18:03:00.045 I/GTalkService( 1798): [GTalkConnection.27] connectionEstablished: release wakelock
03-31 18:03:00.045 I/GTalkService( 1798): [GTalkConnection.27] releaseAsyncWakeLock: clear timer: WakeLock{3400f500 held=false, refCount=0}
03-31 18:03:00.045 D/ConnectivityService( 1474): reportNetworkCondition(1, 100)
03-31 18:03:00.055 D/ConnectivityService( 1474): Inet connectivity change, net=1, condition=100,mActiveDefaultNetwork=1
03-31 18:03:00.055 D/ConnectivityService( 1474): starting a change hold
03-31 18:03:00.065 I/GTalkService( 1798): [GTalkConnection.27] (WORKER THREAD) update account status
03-31 18:03:00.145 I/!!!!!!!!!( 2327): ##############!!!!!!!!!!!!!!!!!!!!!
03-31 18:03:00.155 I/GTalkService( 1798): [GTalkConnection.27] (WORKER THREAD) update account status - done, took 85 ms
03-31 18:03:00.155 I/GTalkService( 1798): [GTalkConnection.27] (WORKER THREAD) update account status
03-31 18:03:00.175 D/MessageDetailSpinner( 2327): onLayout(): mSuppressOnLayout(false)
03-31 18:03:00.245 I/!!!!!!!!!( 2327): ##############!!!!!!!!!!!!!!!!!!!!!
03-31 18:03:00.255 I/GTalkService( 1798): [GTalkConnection.27] (WORKER THREAD) update account status - done, took 101 ms
03-31 18:03:00.255 D/GTalkService( 1798): [RosterMgr] roster not modified
03-31 18:03:00.275 D/dalvikvm( 1693): GC_EXPLICIT freed 403K, 62% free 3976K/10311K, external 6151K/10247K, paused 13ms
03-31 18:03:00.275 D/MessageDetailSpinner( 2327): onLayout(): mSuppressOnLayout(false)
03-31 18:03:00.305 E/TalkProvider( 1798): replaceContactWithContactId: contactId==0!!! riverlh711@gmail.com, acct=1
03-31 18:03:00.305 E/TalkProvider( 1798): insert presence failed for account=1 username=riverlh711@gmail.com client_type=0 status= cap=15 priority=0 mode=3
03-31 18:03:00.335 D/GTalkService( 1798): [OtrMgr] OTR not modified
03-31 18:03:00.555 D/ConnectivityService( 1474): Inet hold end, net=1, condition =100, published condition =0
03-31 18:03:00.555 D/ConnectivityService( 1474): >>>>(Delay)Sending CONNECTED bcast for WIFI/default
03-31 18:03:00.555 D/ConnectivityService( 1474): >>>>Sending CONNECTED bcast
