01-06 21:22:24.120  1811  1811 V ViewRootImpl: Sending key event to IME: seq=18904 event=KeyEvent { action=ACTION_DOWN, keyCode=KEYCODE_DPAD_LEFT, scanCode=0, metaState=0, flags=0x400, repeatCount=0, eventTime=696014, downTime=696014, deviceId=-1, source=0x101 }
01-06 21:22:24.130  1811  1818 E dalvikvm: JIT_INFO: Overwriting association of v3:edx with xmm0
01-06 21:22:24.130  1811  1818 I dalvikvm: JIT_INFO: Unsupported bytecode if-ge
01-06 21:22:24.130  1811  1818 I dalvikvm: Could not compile trace for Landroid/opengl/Matrix;scaleM, offset 1
01-06 21:22:24.130  1811  1818 I dalvikvm: ++++++++++++++++++++++++++++++++++++++++++++
01-06 21:22:24.130  1811  1818 I dalvikvm: JIT_INFO: Issues in trace  Landroid/opengl/Matrix;scaleM, offset 1
01-06 21:22:24.130  1811  1818 E dalvikvm: The following issues were seen:
01-06 21:22:24.130  1811  1818 I dalvikvm: 	Issue: Trace contains bytecode with no implementation
01-06 21:22:24.130  1811  1818 I dalvikvm: 	Issue: Issue registerizing the trace in the backend
01-06 21:22:24.130  1811  1818 E dalvikvm: Trying to turn backend registerization off
01-06 21:22:24.130  1811  1818 E dalvikvm: ++++++++++++++++++++++++++++++++++++++++++++
01-06 21:22:24.140  1811  1811 V ViewRootImpl: IME finished event: seq=18904 handled=false event=android.view.ViewRootImpl$QueuedInputEvent@20dbe7b0
01-06 21:22:24.140  1811  1811 V ViewRootImpl: Sending key event to IME: seq=18905 event=KeyEvent { action=ACTION_UP, keyCode=KEYCODE_DPAD_LEFT, scanCode=0, metaState=0, flags=0x400, repeatCount=0, eventTime=696014, downTime=696014, deviceId=-1, source=0x101 }
01-06 21:22:24.160  1811  1811 V ViewRootImpl: IME finished event: seq=18905 handled=false event=android.view.ViewRootImpl$QueuedInputEvent@20ed0258
01-06 21:22:24.160  1811  1811 V ViewRootImpl: Sending key event to IME: seq=18906 event=KeyEvent { action=ACTION_DOWN, keyCode=KEYCODE_DPAD_LEFT, scanCode=0, metaState=0, flags=0x400, repeatCount=0, eventTime=696014, downTime=696014, deviceId=-1, source=0x101 }
01-06 21:22:24.170  1811  1811 V ViewRootImpl: IME finished event: seq=18906 handled=false event=android.view.ViewRootImpl$QueuedInputEvent@2129d790
01-06 21:22:24.180  1811  1811 V ViewRootImpl: Sending key event to IME: seq=18907 event=KeyEvent { action=ACTION_UP, keyCode=KEYCODE_DPAD_LEFT, scanCode=0, metaState=0, flags=0x400, repeatCount=0, eventTime=696014, downTime=696014, deviceId=-1, source=0x101 }
01-06 21:22:24.190  1811  1811 V ViewRootImpl: IME finished event: seq=18907 handled=false event=android.view.ViewRootImpl$QueuedInputEvent@212c5290
01-06 21:22:24.270   424   515 I WifiHW  : CMD: SCAN
01-06 21:22:24.270   526   526 D wpa_supplicant: RX ctrl_iface - hexdump(len=4): 53 43 41 4e
01-06 21:22:24.270   526   526 D wpa_supplicant: wlan0: Control interface command 'SCAN'
01-06 21:22:24.270   526   526 D wpa_supplicant: wlan0: Setting scan request: 0 sec 0 usec
01-06 21:22:24.270   526   526 D wpa_supplicant: wlan0: State: INACTIVE -> SCANNING
01-06 21:22:24.270   526   526 D wpa_supplicant: CTRL_IFACE monitor send - hexdump(len=39): 2f 64 61 74 61 2f 6d 69 73 63 2f 77 69 66 69 2f 73 6f 63 6b 65 74 73 2f 77 70 61 5f 63 74 72 6c ...
01-06 21:22:24.270   526   526 D wpa_supplicant: wlan0: Starting AP scan for wildcard SSID
01-06 21:22:24.270   526   526 D wpa_supplicant: WPS: Building WPS IE for Probe Request
01-06 21:22:24.270   526   526 D wpa_supplicant: WPS:  * Version (hardcoded 0x10)
01-06 21:22:24.270   526   526 D wpa_supplicant: WPS:  * Request Type
01-06 21:22:24.270   526   526 D wpa_supplicant: WPS:  * Config Methods (4388)
01-06 21:22:24.270   526   526 D wpa_supplicant: WPS:  * UUID-E
01-06 21:22:24.270   526   526 D wpa_supplicant: WPS:  * Primary Device Type
01-06 21:22:24.270   526   526 D wpa_supplicant: WPS:  * RF Bands (1)
01-06 21:22:24.270   526   526 D wpa_supplicant: WPS:  * Association State
01-06 21:22:24.270   526   526 D wpa_supplicant: WPS:  * Configuration Error (0)
01-06 21:22:24.270   526   526 D wpa_supplicant: WPS:  * Device Password ID (0)
01-06 21:22:24.270   526   526 D wpa_supplicant: WPS:  * Manufacturer
01-06 21:22:24.270   526   526 D wpa_supplicant: WPS:  * Model Name
01-06 21:22:24.270   526   526 D wpa_supplicant: WPS:  * Model Number
01-06 21:22:24.270   526   526 D wpa_supplicant: WPS:  * Device Name
01-06 21:22:24.270   526   526 D wpa_supplicant: WPS:  * Version2 (0x20)
01-06 21:22:24.270   526   526 D wpa_supplicant: P2P: * P2P IE header
01-06 21:22:24.270   526   526 D wpa_supplicant: P2P: * Capability dev=24 group=00
01-06 21:22:24.270   424   515 I wifi_supplicant_state_changed: 3
01-06 21:22:24.270   526   526 D wpa_supplicant: P2P: * Listen Channel: Regulatory Class 81 Channel 1
01-06 21:22:24.270   424   527 I WifiHW  : EVENT: CTRL-EVENT-STATE-CHANGE id=-1 state=3 BSSID=00:00:00:00:00:00 SSID=
01-06 21:22:24.270   424   515 I WifiHW  : REPLY: OK
01-06 21:22:24.340   526   526 D wpa_supplicant: Scan requested (ret=0) - scan timeout 30 seconds
01-06 21:22:24.340   526   526 D wpa_supplicant: nl80211: Event message available
01-06 21:22:24.340   526   526 D wpa_supplicant: nl80211: Scan trigger
01-06 21:22:24.350  1811  1818 E dalvikvm: JIT_INFO: Overwriting association of v3:ebx with xmm0
01-06 21:22:24.350  1811  1818 I dalvikvm: JIT_INFO: Unsupported bytecode if-ge
01-06 21:22:24.350  1811  1818 I dalvikvm: Could not compile trace for Landroid/opengl/Matrix;scaleM, offset 4
01-06 21:22:24.350  1811  1818 I dalvikvm: ++++++++++++++++++++++++++++++++++++++++++++
01-06 21:22:24.350  1811  1818 I dalvikvm: JIT_INFO: Issues in trace  Landroid/opengl/Matrix;scaleM, offset 4
01-06 21:22:24.350  1811  1818 E dalvikvm: The following issues were seen:
01-06 21:22:24.350  1811  1818 I dalvikvm: 	Issue: Trace contains bytecode with no implementation
01-06 21:22:24.350  1811  1818 I dalvikvm: 	Issue: Issue registerizing the trace in the backend
01-06 21:22:24.350  1811  1818 E dalvikvm: Trying to turn backend registerization off
01-06 21:22:24.350  1811  1818 E dalvikvm: ++++++++++++++++++++++++++++++++++++++++++++
01-06 21:22:24.400  1811  1811 V ViewRootImpl: Sending key event to IME: seq=18922 event=KeyEvent { action=ACTION_DOWN, keyCode=KEYCODE_MENU, scanCode=0, metaState=0, flags=0x8, repeatCount=0, eventTime=696409, downTime=696409, deviceId=-1, source=0x101 }
01-06 21:22:24.400  1811  1811 V ViewRootImpl: IME finished event: seq=18922 handled=false event=android.view.ViewRootImpl$QueuedInputEvent@2129d790
01-06 21:22:24.400  1811  1811 V ViewRootImpl: Sending key event to IME: seq=18923 event=KeyEvent { action=ACTION_UP, keyCode=KEYCODE_MENU, scanCode=0, metaState=0, flags=0x8, repeatCount=0, eventTime=696410, downTime=696410, deviceId=-1, source=0x101 }
01-06 21:22:24.410  1811  1811 I menu_opened: 0
01-06 21:22:24.410  1811  1811 V ViewRootImpl: IME finished event: seq=18923 handled=false event=android.view.ViewRootImpl$QueuedInputEvent@2129d790
01-06 21:22:24.420   148   148 I AudioPolicyManagerBase: APM: getOutput
01-06 21:22:24.420   148   504 I AudioPolicyManagerBase: APM: getOutput
01-06 21:22:24.420   148   423 I AudioPolicyManagerBase: APM: getOutput
01-06 21:22:24.420   148   148 D AudioPolicyManagerALSA: startOutput() output 2, stream type 1, session 751
01-06 21:22:24.430   148   421 D AudioFlinger: reconfig due to o/p flag ?
01-06 21:22:24.430   148   421 D AudioHardwareALSA: setStreamParameters: key value pair routing=2;stream_flags=2
01-06 21:22:24.430   148   421 D RouteManager: setOutputFlags: output flags = 0x2 (Prev Flags=0x2)
01-06 21:22:24.430   148   421 D RouteManager: setDevices: set device = IHF to output stream
01-06 21:22:24.430   148   421 D RouteManager: setStreamParameters: identical Platform State, do not reconsider routing
01-06 21:22:24.460   148   421 D AudioResamplerIA: Create AudioResamplerIA Resampler: Input rate 44100, output rate 48000
01-06 21:22:24.590  1811  1811 I menu_item_selected: [0,]
01-06 21:22:24.590   148   148 I AudioPolicyManagerBase: APM: getOutput
01-06 21:22:24.590   148   504 I AudioPolicyManagerBase: APM: getOutput
01-06 21:22:24.590   148   423 I AudioPolicyManagerBase: APM: getOutput
01-06 21:22:24.590   148   148 D AudioPolicyManagerALSA: startOutput() output 2, stream type 1, session 752
01-06 21:22:24.600  1811  1818 D dalvikvm: Rejecting registerization due to div-int/lit8 v0, v3, (#2)
01-06 21:22:24.600  1811  1818 D dalvikvm: Rejecting registerization due to div-int/lit8 v0, v3, (#2)
01-06 21:22:24.650   148   421 D AudioResamplerIA: Create AudioResamplerIA Resampler: Input rate 44100, output rate 48000
01-06 21:22:24.660  1811  1818 D dalvikvm: Rejecting registerization due to move v4, v9, (#0)
01-06 21:22:24.680  1811  1818 D dalvikvm: Rejecting registerization due to move v4, v9, (#0)
01-06 21:22:24.770  1811  1818 I dalvikvm: Could not compile trace for Ljava/util/Arrays;fill, offset 7
01-06 21:22:24.770  1811  1818 I dalvikvm: ++++++++++++++++++++++++++++++++++++++++++++
01-06 21:22:24.770  1811  1818 I dalvikvm: JIT_INFO: Issues in trace  Ljava/util/Arrays;fill, offset 7
01-06 21:22:24.770  1811  1818 E dalvikvm: The following issues were seen:
01-06 21:22:24.770  1811  1818 I dalvikvm: 	Issue: The trace provoked a spill
01-06 21:22:24.770  1811  1818 I dalvikvm: Trying less registerization from 1 to 0
01-06 21:22:24.770  1811  1818 I dalvikvm: Retrying trace Ljava/util/Arrays;fill, offset 7
01-06 21:22:24.770  1811  1818 I dalvikvm: ++++++++++++++++++++++++++++++++++++++++++++
01-06 21:22:24.780  1811  1818 I dalvikvm: Could not compile trace for Ljava/util/Arrays;fill, offset 5
01-06 21:22:24.780  1811  1818 I dalvikvm: ++++++++++++++++++++++++++++++++++++++++++++
01-06 21:22:24.780  1811  1818 I dalvikvm: JIT_INFO: Issues in trace  Ljava/util/Arrays;fill, offset 5
01-06 21:22:24.780  1811  1818 E dalvikvm: The following issues were seen:
01-06 21:22:24.780  1811  1818 I dalvikvm: 	Issue: The trace provoked a spill
01-06 21:22:24.780  1811  1818 I dalvikvm: Trying less registerization from 1 to 0
01-06 21:22:24.780  1811  1818 I dalvikvm: Retrying trace Ljava/util/Arrays;fill, offset 5
01-06 21:22:24.780  1811  1818 I dalvikvm: ++++++++++++++++++++++++++++++++++++++++++++
01-06 21:22:24.960   148   423 I AudioPolicyManagerBase: APM: getOutput
01-06 21:22:24.960   148   505 I AudioPolicyManagerBase: APM: getOutput
01-06 21:22:24.960   148   148 I AudioPolicyManagerBase: APM: getOutput
01-06 21:22:24.960   148   423 D AudioPolicyManagerALSA: startOutput() output 2, stream type 1, session 753
01-06 21:22:24.970   424  3266 W InputMethodManagerService: Window already focused, ignoring focus gain of: com.android.internal.view.IInputMethodClient$Stub$Proxy@20f5bde0 attribute=null, token = android.os.BinderProxy@20db0728
01-06 21:22:24.990   148   421 D AudioFlinger: reconfig due to o/p flag ?
01-06 21:22:24.990   148   421 D AudioHardwareALSA: setStreamParameters: key value pair routing=2;stream_flags=2
01-06 21:22:24.990   148   421 D RouteManager: setOutputFlags: output flags = 0x2 (Prev Flags=0x2)
01-06 21:22:24.990   148   421 D RouteManager: setDevices: set device = IHF to output stream
01-06 21:22:24.990   148   421 D RouteManager: setStreamParameters: identical Platform State, do not reconsider routing
01-06 21:22:24.990   148   421 D AudioResamplerIA: Create AudioResamplerIA Resampler: Input rate 44100, output rate 48000
01-06 21:22:24.840    66    66 I KERNEL  : [  696.420447] atomisp 0000:00:03.0: timeout 1 of 2
01-06 21:22:24.840    66    66 I KERNEL  : [  696.421221] atomisp 0000:00:03.0: atomisp_wdt_work, pipe[0] buffers in css: 0
01-06 21:22:24.840    66    66 I KERNEL  : [  696.421367] atomisp 0000:00:03.0: atomisp_wdt_work, pipe[1] buffers in css: 0
01-06 21:22:24.840    66    66 I KERNEL  : [  696.421570] atomisp 0000:00:03.0: atomisp_wdt_work, pipe[2] buffers in css: 3
01-06 21:22:24.840    66    66 I KERNEL  : [  696.421757] atomisp 0000:00:03.0: atomisp_wdt_work, s3a buffers in css preview pipe: 3
01-06 21:22:24.840    66    66 I KERNEL  : [  696.421887] atomisp 0000:00:03.0: atomisp_wdt_work, s3a buffers in css capture pipe: 0
01-06 21:22:24.840    66    66 I KERNEL  : [  696.422075] atomisp 0000:00:03.0: atomisp_wdt_work, s3a buffers in css video pipe: 0
01-06 21:22:24.840    66    66 I KERNEL  : [  696.422264] atomisp 0000:00:03.0: atomisp_wdt_work, dis buffers in css: 0
01-06 21:22:24.840    66    66 I KERNEL  : [  696.422396] STOP_FUNC: reach point 1
01-06 21:22:25.170    66    66 I KERNEL  : [  696.754030] sh_css_pipeline_stop poll timeout point 1!!!
01-06 21:22:25.170    66    66 I KERNEL  : [  696.754220] STOP_FUNC: reach point 2
01-06 21:22:25.170    66    66 I KERNEL  : [  696.755016] sh_css_pipeline_stop poll timeout point 2!!!
01-06 21:22:25.170    66    66 I KERNEL  : [  696.755314] STOP_FUNC: reach point 3
01-06 21:22:25.240   148  4027 E Camera_AAAThread: SOF event for frame 2147483647 did not arrive
01-06 21:22:25.230    66    66 I KERNEL  : [  696.813411] sh_css_start() enter: pipe_id=0
01-06 21:22:25.230    66    66 I KERNEL  : [  696.814389] load binary: isp_preview_var
01-06 21:22:25.230    66    66 I KERNEL  : [  696.814620] load binary: isp_vf_pp_opt
01-06 21:22:25.230    66    66 I KERNEL  : [  696.814833] load binary: isp_fa
01-06 21:22:25.240   148  4027 D         : ia_3a_af_main: cur:5200, next:259
01-06 21:22:25.240    66    66 I KERNEL  : [  696.828510] atomisp 0000:00:03.0: timeout recovery handling done
01-06 21:22:25.240   148  4036 I KERNEL  : [  696.829439] STOP_FUNC: reach point 1
01-06 21:22:25.260  1811  1811 V ViewRootImpl: Sending key event to IME: seq=18950 event=KeyEvent { action=ACTION_DOWN, keyCode=KEYCODE_MENU, scanCode=0, metaState=0, flags=0x8, repeatCount=0, eventTime=697274, downTime=697274, deviceId=-1, source=0x101 }
01-06 21:22:25.260  1811  1811 V ViewRootImpl: IME finished event: seq=18950 handled=false event=android.view.ViewRootImpl$QueuedInputEvent@2129d790
01-06 21:22:25.260  1811  1811 V ViewRootImpl: Sending key event to IME: seq=18951 event=KeyEvent { action=ACTION_UP, keyCode=KEYCODE_MENU, scanCode=0, metaState=0, flags=0x8, repeatCount=0, eventTime=697275, downTime=697275, deviceId=-1, source=0x101 }
01-06 21:22:25.270  1811  1811 I menu_opened: 0
01-06 21:22:25.270  1811  1811 V ViewRootImpl: IME finished event: seq=18951 handled=false event=android.view.ViewRootImpl$QueuedInputEvent@2129d790
01-06 21:22:25.270   148   505 I AudioPolicyManagerBase: APM: getOutput
01-06 21:22:25.270   148   148 I AudioPolicyManagerBase: APM: getOutput
01-06 21:22:25.270   148   504 I AudioPolicyManagerBase: APM: getOutput
01-06 21:22:25.280   148   505 D AudioPolicyManagerALSA: startOutput() output 2, stream type 1, session 754
01-06 21:22:25.300   148   421 D AudioResamplerIA: Create AudioResamplerIA Resampler: Input rate 44100, output rate 48000
01-06 21:22:25.320   148  4036 I KERNEL  : [  696.906391] STOP_FUNC: reach point 2
01-06 21:22:25.320   148  4036 I KERNEL  : [  696.906573] STOP_FUNC: reach point 3
01-06 21:22:25.330   148  4036 D Camera_ISP: android::status_t android::AtomISP::setSnapshotFrameFormat(int, int, int): width(1280), height(720), pad_width(1280), size(1382400), format(3231564e)
01-06 21:22:25.340   148  4036 I KERNEL  : [  696.925238] sensor width: 1296, height: 736
01-06 21:22:25.340   148  4036 I KERNEL  : [  696.926037] atomisp: skip init isp in open
01-06 21:22:25.350   148  4036 W Camera_ISP: Open device 1 with fd 49
01-06 21:22:25.350   148  4036 E Camera_ISP: Failed to get value for control (10095889) on device '44', Invalid argument
01-06 21:22:25.350   148  4036 I KERNEL  : [  696.933977] sh_css_start() enter: pipe_id=3
01-06 21:22:25.350   148  4036 I KERNEL  : [  696.935745] load binary: isp_primary_small
01-06 21:22:25.360   148  4036 I KERNEL  : [  696.940093] load binary: isp_capture_pp_var
01-06 21:22:25.360   148  4036 I KERNEL  : [  696.944757] load binary: isp_vf_pp_opt
01-06 21:22:25.420   148   421 D AudioFlinger: reconfig due to o/p flag ?
01-06 21:22:25.420   148   421 D AudioHardwareALSA: setStreamParameters: key value pair routing=2;stream_flags=2
01-06 21:22:25.420   148   421 D RouteManager: setOutputFlags: output flags = 0x2 (Prev Flags=0x2)
01-06 21:22:25.420   148   421 D RouteManager: setDevices: set device = IHF to output stream
01-06 21:22:25.420   148   421 D RouteManager: setStreamParameters: identical Platform State, do not reconsider routing
01-06 21:22:25.430   526   526 D wpa_supplicant: nl80211: Event message available
01-06 21:22:25.430   526   526 D wpa_supplicant: nl80211: New scan results available
01-06 21:22:25.430   526   526 D wpa_supplicant: wlan0: Event SCAN_RESULTS (3) received
01-06 21:22:25.430   526   526 D wpa_supplicant: nl80211: Received scan results (22 BSSes)
01-06 21:22:25.430   526   526 D wpa_supplicant: nl80211: Survey data missing
01-06 21:22:25.430   526   526 D wpa_supplicant: wlan0: BSS: Start scan result update 20
01-06 21:22:25.430   526   526 D wpa_supplicant: wlan0: BSS: Add new id 92 BSSID 3c:e5:a6:2a:44:a0 SSID 'RD-office'
01-06 21:22:25.430   526   526 D wpa_supplicant: CTRL_IFACE monitor send - hexdump(len=39): 2f 64 61 74 61 2f 6d 69 73 63 2f 77 69 66 69 2f 73 6f 63 6b 65 74 73 2f 77 70 61 5f 63 74 72 6c ...
01-06 21:22:25.430   424   527 I WifiHW  : EVENT: CTRL-EVENT-BSS-ADDED 92 3c:e5:a6:2a:44:a0
01-06 21:22:25.430   526   526 D wpa_supplicant: wlan0: BSS: Add new id 93 BSSID 00:21:29:71:b5:04 SSID 'Borqs-test'
01-06 21:22:25.430   526   526 D wpa_supplicant: CTRL_IFACE monitor send - hexdump(len=39): 2f 64 61 74 61 2f 6d 69 73 63 2f 77 69 66 69 2f 73 6f 63 6b 65 74 73 2f 77 70 61 5f 63 74 72 6c ...
01-06 21:22:25.430   424   527 I WifiHW  : EVENT: CTRL-EVENT-BSS-ADDED 93 00:21:29:71:b5:04
01-06 21:22:25.430   526   526 D wpa_supplicant: wlan0: BSS: Add new id 94 BSSID 00:1f:45:f2:c0:f9 SSID 'BORQS Guest'
01-06 21:22:25.430   526   526 D wpa_supplicant: CTRL_IFACE monitor send - hexdump(len=39): 2f 64 61 74 61 2f 6d 69 73 63 2f 77 69 66 69 2f 73 6f 63 6b 65 74 73 2f 77 70 61 5f 63 74 72 6c ...
01-06 21:22:25.430   424   527 I WifiHW  : EVENT: CTRL-EVENT-BSS-ADDED 94 00:1f:45:f2:c0:f9
01-06 21:22:25.430   526   526 D wpa_supplicant: BSS: last_scan_res_used=22/32 last_scan_full=0
01-06 21:22:25.430   526   526 D wpa_supplicant: wlan0: New scan results available
01-06 21:22:25.430   526   526 D wpa_supplicant: CTRL_IFACE monitor send - hexdump(len=39): 2f 64 61 74 61 2f 6d 69 73 63 2f 77 69 66 69 2f 73 6f 63 6b 65 74 73 2f 77 70 61 5f 63 74 72 6c ...
01-06 21:22:25.430   424   527 I WifiHW  : EVENT: CTRL-EVENT-SCAN-RESULTS 
01-06 21:22:25.430   526   526 D wpa_supplicant: CTRL_IFACE monitor send - hexdump(len=39): 2f 64 61 74 61 2f 6d 69 73 63 2f 77 69 66 69 2f 73 6f 63 6b 65 74 73 2f 77 70 61 5f 63 74 72 6c ...
01-06 21:22:25.430   526   526 D wpa_supplicant: Authorize channel 1
01-06 21:22:25.430   526   526 D wpa_supplicant: Authorize channel 2
01-06 21:22:25.430   526   526 D wpa_supplicant: Authorize channel 3
01-06 21:22:25.430   424   527 I WifiHW  : EVENT: WPS-AP-AVAILABLE 
01-06 21:22:25.430   526   526 D wpa_supplicant: Authorize channel 4
01-06 21:22:25.430   526   526 D wpa_supplicant: Authorize channel 5
01-06 21:22:25.430   526   526 D wpa_supplicant: Authorize channel 6
01-06 21:22:25.430   526   526 D wpa_supplicant: Authorize channel 7
01-06 21:22:25.430   526   526 D wpa_supplicant: Authorize channel 8
01-06 21:22:25.430   526   526 D wpa_supplicant: Authorize channel 9
01-06 21:22:25.430   526   526 D wpa_supplicant: Authorize channel 10
01-06 21:22:25.430   526   526 D wpa_supplicant: Authorize channel 11
01-06 21:22:25.430   526   526 D wpa_supplicant: Authorize channel 12
01-06 21:22:25.430   526   526 D wpa_supplicant: Authorize channel 13
01-06 21:22:25.430   526   526 D wpa_supplicant: Authorize channel 1
01-06 21:22:25.430   526   526 D wpa_supplicant: Authorize channel 2
01-06 21:22:25.430   526   526 D wpa_supplicant: Authorize channel 3
01-06 21:22:25.430   526   526 D wpa_supplicant: Authorize channel 4
01-06 21:22:25.430   526   526 D wpa_supplicant: Authorize channel 5
01-06 21:22:25.430   526   526 D wpa_supplicant: Authorize channel 6
01-06 21:22:25.430   526   526 D wpa_supplicant: Authorize channel 7
01-06 21:22:25.430   526   526 D wpa_supplicant: Authorize channel 8
01-06 21:22:25.430   526   526 D wpa_supplicant: Authorize channel 9
01-06 21:22:25.430   526   526 D wpa_supplicant: Authorize channel 10
01-06 21:22:25.430   424   515 I WifiHW  : CMD: AP_SCAN 1
01-06 21:22:25.430   526   526 D wpa_supplicant: Authorize channel 11
01-06 21:22:25.430   526   526 D wpa_supplicant: Authorize channel 12
01-06 21:22:25.430   526   526 D wpa_supplicant: Authorize channel 13
01-06 21:22:25.430   526   526 D wpa_supplicant: Add access point on channel 13
01-06 21:22:25.430   526   526 D wpa_supplicant: Add access point on channel 11
01-06 21:22:25.430   526   526 D wpa_supplicant: Add access point on channel 1
01-06 21:22:25.430   526   526 D wpa_supplicant: Add access point on channel 6
01-06 21:22:25.430   526   526 D wpa_supplicant: Add access point on channel 6
01-06 21:22:25.430   526   526 D wpa_supplicant: Add access point on channel 11
01-06 21:22:25.430   526   526 D wpa_supplicant: Add access point on channel 11
01-06 21:22:25.430   526   526 D wpa_supplicant: Add access point on channel 6
01-06 21:22:25.430   526   526 D wpa_supplicant: Add access point on channel 6
01-06 21:22:25.430   526   526 D wpa_supplicant: Add access point on channel 13
01-06 21:22:25.430   526   526 D wpa_supplicant: Add access point on channel 1
01-06 21:22:25.430   526   526 D wpa_supplicant: Add access point on channel 1
01-06 21:22:25.430   526   526 D wpa_supplicant: Add access point on channel 4
01-06 21:22:25.430   526   526 D wpa_supplicant: Add access point on channel 6
01-06 21:22:25.430   526   526 D wpa_supplicant: Add access point on channel 6
01-06 21:22:25.430   526   526 D wpa_supplicant: Add access point on channel 11
01-06 21:22:25.430   526   526 D wpa_supplicant: Add access point on channel 1
01-06 21:22:25.430   526   526 D wpa_supplicant: Add access point on channel 1
01-06 21:22:25.430   526   526 D wpa_supplicant: Add access point on channel 1
01-06 21:22:25.430   526   526 D wpa_supplicant: Add access point on channel 13
01-06 21:22:25.430   526   526 D wpa_supplicant: Add access point on channel 11
01-06 21:22:25.430   526   526 D wpa_supplicant: Add access point on channel 1
01-06 21:22:25.430   526   526 D wpa_supplicant: Add access point on channel 1
01-06 21:22:25.430   526   526 D wpa_supplicant: Add access point on channel 4
01-06 21:22:25.430   526   526 D wpa_supplicant: Add access point on channel 6
01-06 21:22:25.430   526   526 D wpa_supplicant: Add access point on channel 13
01-06 21:22:25.430   526   526 D wpa_supplicant: Best Operating channel is = 9
01-06 21:22:25.430   526   526 D wpa_supplicant: WPS: AP[0] fc:75:16:99:29:8e type=0 tries=0 last_attempt=-1 sec ago blacklist=0
01-06 21:22:25.430   526   526 D wpa_supplicant: WPS: AP[1] 40:16:9f:74:a2:7e type=0 tries=0 last_attempt=-1 sec ago blacklist=0
01-06 21:22:25.430   526   526 D wpa_supplicant: WPS: AP[2] 00:27:19:61:f5:32 type=0 tries=0 last_attempt=-1 sec ago blacklist=0
01-06 21:22:25.430   526   526 D wpa_supplicant: WPS: AP[3] 00:21:29:71:b5:04 type=0 tries=0 last_attempt=-1 sec ago blacklist=0
01-06 21:22:25.430   526   526 D wpa_supplicant: WPS: AP[4] 84:1b:5e:37:f5:19 type=0 tries=0 last_attempt=-1 sec ago blacklist=0
01-06 21:22:25.430   526   526 D wpa_supplicant: wlan0: No suitable network found
01-06 21:22:25.430   526   526 D wpa_supplicant: wlan0: Short-circuit new scan request since there are no enabled networks
01-06 21:22:25.430   526   526 D wpa_supplicant: wlan0: State: SCANNING -> INACTIVE
01-06 21:22:25.430   526   526 D wpa_supplicant: CTRL_IFACE monitor send - hexdump(len=39): 2f 64 61 74 61 2f 6d 69 73 63 2f 77 69 66 69 2f 73 6f 63 6b 65 74 73 2f 77 70 61 5f 63 74 72 6c ...
01-06 21:22:25.430   526   526 D wpa_supplicant: wlan0: Checking for other virtual interfaces sharing same radio (phy0) in event_scan_results
01-06 21:22:25.430   526   526 D wpa_supplicant: p2p0: Updating scan results from sibling
01-06 21:22:25.430   424   527 I WifiHW  : EVENT: CTRL-EVENT-STATE-CHANGE id=-1 state=2 BSSID=00:00:00:00:00:00 SSID=
01-06 21:22:25.430   526   526 D wpa_supplicant: Not Updating scan results on interface p2p0 from sibling wlan0
01-06 21:22:25.430   526   526 D wpa_supplicant: RX ctrl_iface - hexdump(len=9): 41 50 5f 53 43 41 4e 20 31
01-06 21:22:25.430   526   526 D wpa_supplicant: wlan0: Control interface command 'AP_SCAN 1'
01-06 21:22:25.430   424   515 I WifiHW  : REPLY: OK
01-06 21:22:25.430   424   515 I WifiHW  : CMD: BSS RANGE=ALL MASK=0x1986
01-06 21:22:25.430   526   526 D wpa_supplicant: RX ctrl_iface - hexdump(len=25): 42 53 53 20 52 41 4e 47 45 3d 41 4c 4c 20 4d 41 53 4b 3d 30 78 31 39 38 36
01-06 21:22:25.430   526   526 D wpa_supplicant: wlan0: Control interface command 'BSS RANGE=ALL MASK=0x1986'
01-06 21:22:25.430   424   515 I WifiHW  : REPLY: bssid=00:1a:e8:14:4f:da
01-06 21:22:25.430   424   515 I WifiHW  : REPLY: freq=2472
01-06 21:22:25.430   424   515 I WifiHW  : REPLY: level=-47
01-06 21:22:25.430   424   515 I WifiHW  : REPLY: tsf=0000000697444000
01-06 21:22:25.430   424   515 I WifiHW  : REPLY: flags=[WPA-PSK-TKIP+CCMP][WPA2-PSK-TKIP+CCMP][ESS]
01-06 21:22:25.430   424   515 I WifiHW  : REPLY: ssid=BORQS Test
01-06 21:22:25.430   424   515 I WifiHW  : REPLY: ====
01-06 21:22:25.430   424   515 I WifiHW  : REPLY: bssid=fc:75:16:99:29:8e
01-06 21:22:25.430   424   515 I WifiHW  : REPLY: freq=2462
01-06 21:22:25.430   424   515 I WifiHW  : REPLY: level=-48
01-06 21:22:25.430   424   515 I WifiHW  : REPLY: tsf=0000000697443965
01-06 21:22:25.430   424   515 I WifiHW  : REPLY: flags=[WPA-PSK-TKIP+CCMP][WPA2-PSK-TKIP+CCMP][WPS][ESS]
01-06 21:22:25.430   424   515 I WifiHW  : REPLY: ssid=himitsu
01-06 21:22:25.430   424   515 I WifiHW  : REPLY: ====
01-06 21:22:25.430   424   515 I WifiHW  : REPLY: bssid=20:b3:99:1d:66:2b
01-06 21:22:25.430   424   515 I WifiHW  : REPLY: freq=2412
01-06 21:22:25.430   424   515 I WifiHW  : REPLY: level=-53
01-06 21:22:25.430   424   515 I WifiHW  : REPLY: tsf=0000000697443897
01-06 21:22:25.430   424   515 I WifiHW  : REPLY: flags=[WPA-PSK-TKIP+CCMP][WPA2-PSK-TKIP+CCMP][ESS]
01-06 21:22:25.430   424   515 I WifiHW  : REPLY: ssid=BORQS Wifi
01-06 21:22:25.430   424   515 I WifiHW  : REPLY: ====
01-06 21:22:25.430   424   515 I WifiHW  : REPLY: bssid=0c:82:68:c6:ea:88
01-06 21:22:25.430   424   515 I WifiHW  : REPLY: freq=2437
01-06 21:22:25.430   424   515 I WifiHW  : REPLY: level=-55
01-06 21:22:25.430   424   515 I WifiHW  : REPLY: tsf=0000000697443941
01-06 21:22:25.430   424   515 I WifiHW  : REPLY: flags=[WPA-PSK-CCMP][WPA2-PSK-CCMP][ESS]
01-06 21:22:25.430   424   515 I WifiHW  : REPLY: ssid=Compass
01-06 21:22:25.430   424   515 I WifiHW  : REPLY: ====
01-06 21:22:25.430   424   515 I WifiHW  : REPLY: bssid=5c:33:8e:61:99:1b
01-06 21:22:25.430   424   515 I WifiHW  : REPLY: freq=2437
01-06 21:22:25.430   424   515 I WifiHW  : REPLY: level=-55
01-06 21:22:25.430   424   515 I WifiHW  : REPLY: tsf=0000000697443929
01-06 21:22:25.430   424   515 I WifiHW  : REPLY: flags=[WPA2-PSK-CCMP][ESS]
01-06 21:22:25.430   424   515 I WifiHW  : REPLY: ssid=CTS
01-06 21:22:25.430   424   515 I WifiHW  : REPLY: ====
01-06 21:22:25.430   424   515 I WifiHW  : REPLY: bssid=3c:e5:a6:2a:37:d0
01-06 21:22:25.430   424   515 I WifiHW  : REPLY: freq=2462
01-06 21:22:25.430   424   515 I WifiHW  : REPLY: level=-72
01-06 21:22:25.430   424   515 I WifiHW  : REPLY: tsf=0000000697443978
01-06 21:22:25.430   424   515 I WifiHW  : REPLY: flags=[WPA2-PSK-CCMP][ESS]
01-06 21:22:25.430   424   515 I WifiHW  : REPLY: ssid=RD-office
01-06 21:22:25.430   424   515 I WifiHW  : REPLY: ====
01-06 21:22:25.430   424   515 I WifiHW  : REPLY: bssid=00:1f:45:f2:f0:8a
01-06 21:22:25.430   424   515 I WifiHW  : REPLY: freq=2462
01-06 21:22:25.430   424   515 I WifiHW  : REPLY: level=-82
01-06 21:22:25.430   424   515 I WifiHW  : REPLY: tsf=0000000697443972
01-06 21:22:25.430   424   515 I WifiHW  : REPLY: flags=[WPA-PSK-TKIP+CCMP][WPA2-PSK-TKIP+CCMP][ESS]
01-06 21:22:25.430   424   515 I WifiHW  : REPLY: ssid=BORQS Test
01-06 21:22:25.430   424   515 I WifiHW  : REPLY: ====
01-06 21:22:25.430   424   515 I WifiHW  : REPLY: bssid=c4:ca:d9:8b:b9:c0
01-06 21:22:25.430   424   515 I WifiHW  : REPLY: freq=2437
01-06 21:22:25.430   424   515 I WifiHW  : REPLY: level=-70
01-06 21:22:25.430   424   515 I WifiHW  : REPLY: tsf=0000000697443958
01-06 21:22:25.430   424   515 I WifiHW  : REPLY: flags=[WPA2-PSK-CCMP][ESS]
01-06 21:22:25.430   424   515 I WifiHW  : REPLY: ssid=S-space
01-06 21:22:25.430   424   515 I WifiHW  : REPLY: ====
01-06 21:22:25.430   424   515 I WifiHW  : REPLY: bssid=c4:ca:d9:8b:be:60
01-06 21:22:25.430   424   515 I WifiHW  : REPLY: freq=2437
01-06 21:22:25.430   424   515 I WifiHW  : REPLY: level=-69
01-06 21:22:25.430   424   515 I WifiHW  : REPLY: tsf=0000000697443947
01-06 21:22:25.430   424   515 I WifiHW  : REPLY: flags=[WPA2-PSK-CCMP][ESS]
01-06 21:22:25.430   424   515 I WifiHW  : REPLY: ssid=RD-office
01-06 21:22:25.430   424   515 I WifiHW  : REPLY: ====
01-06 21:22:25.430   424   515 I WifiHW  : REPLY: bssid=00:1a:e8:14:4f:d9
01-06 21:22:25.430   424   515 I WifiHW  : REPLY: freq=2472
01-06 21:22:25.430   424   515 I WifiHW  : REPLY: level=-48
01-06 21:22:25.430   424   515 I WifiHW  : REPLY: tsf=0000000697443984
01-06 21:22:25.430   424   515 I WifiHW  : REPLY: flags=[ESS]
01-06 21:22:25.430   424   515 I WifiHW  : REPLY: ssid=BORQS Guest
01-06 21:22:25.430   424   515 I WifiHW  : REPLY: ====
01-06 21:22:25.430   424   515 I WifiHW  : REPLY: bssid=20:b3:99:1d:66:29
01-06 21:22:25.430   424   515 I WifiHW  : REPLY: freq=2412
01-06 21:22:25.430   424   515 I WifiHW  : REPLY: level=-53
01-06 21:22:25.430   424   515 I WifiHW  : REPLY: tsf=0000000697443891
01-06 21:22:25.430   424   515 I WifiHW  : REPLY: flags=[ESS]
01-06 21:22:25.430   424   515 I WifiHW  : REPLY: ssid=BORQS Guest
01-06 21:22:25.430   424   515 I WifiHW  : REPLY: ====
01-06 21:22:25.430   424   515 I WifiHW  : REPLY: bssid=3c:e5:a6:2a:37:90
01-06 21:22:25.430   424   515 I WifiHW  : REPLY: freq=2412
01-06 21:22:25.430   424   515 I WifiHW  : REPLY: level=-71
01-06 21:22:25.430   424   515 I WifiHW  : REPLY: tsf=0000000697443913
01-06 21:22:25.430   424   515 I WifiHW  : REPLY: flags=[WPA2-PSK-CCMP][ESS]
01-06 21:22:25.430   424   515 I WifiHW  : REPLY: ssid=S-space
01-06 21:22:25.430   424   515 I WifiHW  : REPLY: ====
01-06 21:22:25.430   424   515 I WifiHW  : REPLY: bssid=e0:05:c5:45:3c:fc
01-06 21:22:25.430   424   515 I WifiHW  : REPLY: freq=2427
01-06 21:22:25.430   424   515 I WifiHW  : REPLY: level=-66
01-06 21:22:25.430   424   515 I WifiHW  : REPLY: tsf=0000000697443935
01-06 21:22:25.430   424   515 I WifiHW  : REPLY: flags=[WPA-PSK-CCMP][WPA2-PSK-CCMP][ESS]
01-06 21:22:25.430   424   515 I WifiHW  : REPLY: ssid=
01-06 21:22:25.430   424   515 I WifiHW  : REPLY: ====
01-06 21:22:25.430   424   515 I WifiHW  : REPLY: bssid=40:16:9f:74:a2:7e
01-06 21:22:25.430   424   515 I WifiHW  : REPLY: freq=2437
01-06 21:22:25.430   424   515 I WifiHW  : REPLY: level=-62
01-06 21:22:25.430   424   515 I WifiHW  : REPLY: tsf=0000000657405016
01-06 21:22:25.430   424   515 I WifiHW  : REPLY: flags=[WPA-PSK-CCMP][WPA2-PSK-CCMP][WPS][ESS]
01-06 21:22:25.430   424   515 I WifiHW  : REPLY: ssid=
01-06 21:22:25.430   424   515 I WifiHW  : REPLY: ====
01-06 21:22:25.430   424   515 I WifiHW  : REPLY: bssid=00:27:19:61:f5:32
01-06 21:22:25.430   424   515 I WifiHW  : REPLY: freq=2437
01-06 21:22:25.430   424   515 I WifiHW  : REPLY: level=-72
01-06 21:22:25.430   424   515 I WifiHW  : REPLY: tsf=0000000657405039
01-06 21:22:25.430   424   515 I WifiHW  : REPLY: flags=[WPA-PSK-TKIP+CCMP][WPA2-PSK-TKIP+CCMP][WPS][ESS]
01-06 21:22:25.430   424   515 I WifiHW  : REPLY: ssid=mm-near
01-06 21:22:25.430   424   515 I WifiHW  : REPLY: ====
01-06 21:22:25.430   424   515 I WifiHW  : REPLY: bssid=00:1f:45:f2:f0:89
01-06 21:22:25.430   424   515 I WifiHW  : REPLY: freq=2462
01-06 21:22:25.430   424   515 I WifiHW  : REPLY: level=-77
01-06 21:22:25.430   424   515 I WifiHW  : REPLY: tsf=0000000697443989
01-06 21:22:25.430   424   515 I WifiHW  : REPLY: flags=[ESS]
01-06 21:22:25.430   424   515 I WifiHW  : REPLY: ssid=BORQS Guest
01-06 21:22:25.430   424   515 I WifiHW  : REPLY: ====
01-06 21:22:25.430   424   515 I WifiHW  : REPLY: bssid=c4:ca:d9:8b:be:d0
01-06 21:22:25.430   424   515 I WifiHW  : REPLY: freq=2412
01-06 21:22:25.430   424   515 I WifiHW  : REPLY: level=-72
01-06 21:22:25.430   424   515 I WifiHW  : REPLY: tsf=0000000697443908
01-06 21:22:25.430   424   515 I WifiHW  : REPLY: flags=[WPA2-PSK-CCMP][ESS]
01-06 21:22:25.430   424   515 I WifiHW  : REPLY: ssid=RD-office
01-06 21:22:25.430   424   515 I WifiHW  : REPLY: ====
01-06 21:22:25.430   424   515 I WifiHW  : REPLY: bssid=3c:e5:a6:2a:27:e0
01-06 21:22:25.430   424   515 I WifiHW  : REPLY: freq=2412
01-06 21:22:25.430   424   515 I WifiHW  : REPLY: level=-73
01-06 21:22:25.430   424   515 I WifiHW  : REPLY: tsf=0000000697443902
01-06 21:22:25.430   424   515 I WifiHW  : REPLY: flags=[WPA2-PSK-CCMP][ESS]
01-06 21:22:25.430   424   515 I WifiHW  : REPLY: ssid=RD-office
01-06 21:22:25.430   424   515 I WifiHW  : REPLY: ====
01-06 21:22:25.430   424   515 I WifiHW  : REPLY: bssid=00:87:32:00:03:3a
01-06 21:22:25.430   424   515 I WifiHW  : REPLY: freq=2412
01-06 21:22:25.430   424   515 I WifiHW  : REPLY: level=-79
01-06 21:22:25.430   424   515 I WifiHW  : REPLY: tsf=0000000697443919
01-06 21:22:25.430   424   515 I WifiHW  : REPLY: flags=[WPA-PSK-CCMP][WPA2-PSK-CCMP][ESS]
01-06 21:22:25.430   424   515 I WifiHW  : REPLY: ssid=360-ZS033A
01-06 21:22:25.430   424   515 I WifiHW  : REPLY: ====
01-06 21:22:25.430   424   515 I WifiHW  : REPLY: bssid=00:1f:45:f2:c0:f8
01-06 21:22:25.430   424   515 I WifiHW  : REPLY: freq=2472
01-06 21:22:25.430   424   515 I WifiHW  : REPLY: level=-84
01-06 21:22:25.430   424   515 I WifiHW  : REPLY: tsf=0000000697444011
01-06 21:22:25.430   424   515 I WifiHW  : REPLY: flags=[WPA-PSK-TKIP+CCMP][WPA2-PSK-TKIP+CCMP][ESS]
01-06 21:22:25.430   424   515 I WifiHW  : REPLY: ssid=BORQS VIP
01-06 21:22:25.430   424   515 I WifiHW  : REPLY: ====
01-06 21:22:25.430   424   515 I WifiHW  : REPLY: bssid=00:1a:e8:14:4b:d9
01-06 21:22:25.430   424   515 I WifiHW  : REPLY: freq=2462
01-06 21:22:25.430   424   515 I WifiHW  : REPLY: level=-91
01-06 21:22:25.430   424   515 I WifiHW  : REPLY: tsf=0000000697443994
01-06 21:22:25.430   424   515 I WifiHW  : REPLY: flags=[ESS]
01-06 21:22:25.430   424   515 I WifiHW  : REPLY: ssid=BORQS Guest
01-06 21:22:25.430   424   515 I WifiHW  : REPLY: ====
01-06 21:22:25.430   424   515 I WifiHW  : REPLY: bssid=ec:88:8f:ce:cd:ac
01-06 21:22:25.430   424   515 I WifiHW  : REPLY: freq=2412
01-06 21:22:25.430   424   515 I WifiHW  : REPLY: level=-89
01-06 21:22:25.430   424   515 I WifiHW  : REPLY: tsf=0000000657404999
01-06 21:22:25.430   424   515 I WifiHW  : REPLY: flags=[WPA-PSK-CCMP][WPA2-PSK-CCMP][ESS]
01-06 21:22:25.430   424   515 I WifiHW  : REPLY: ssid=TP-LINK_PocketAP_CECDAC
01-06 21:22:25.430   424   515 I WifiHW  : REPLY: ====
01-06 21:22:25.430   424   515 I WifiHW  : REPLY: bssid=00:1f:45:f2:f2:59
01-06 21:22:25.430   424   515 I WifiHW  : REPLY: freq=2412
01-06 21:22:25.430   424   515 I WifiHW  : REPLY: level=-78
01-06 21:22:25.430   424   515 I WifiHW  : REPLY: tsf=0000000657404987
01-06 21:22:25.430   424   515 I WifiHW  : REPLY: flags=[ESS]
01-06 21:22:25.430   424   515 I WifiHW  : REPLY: ssid=BORQS Guest
01-06 21:22:25.430   424   515 I WifiHW  : REPLY: ====
01-06 21:22:25.430   424   515 I WifiHW  : REPLY: bssid=3c:e5:a6:2a:44:a0
01-06 21:22:25.430   424   515 I WifiHW  : REPLY: freq=2427
01-06 21:22:25.430   424   515 I WifiHW  : REPLY: level=-73
01-06 21:22:25.430   424   515 I WifiHW  : REPLY: tsf=0000000697443925
01-06 21:22:25.430   424   515 I WifiHW  : REPLY: flags=[WPA-PSK-CCMP][ESS]
01-06 21:22:25.430   424   515 I WifiHW  : REPLY: ssid=RD-office
01-06 21:22:25.430   424   515 I WifiHW  : REPLY: ====
01-06 21:22:25.430   424   515 I WifiHW  : REPLY: bssid=00:21:29:71:b5:04
01-06 21:22:25.430   424   515 I WifiHW  : REPLY: freq=2437
01-06 21:22:25.430   424   515 I WifiHW  : REPLY: level=-84
01-06 21:22:25.430   424   515 I WifiHW  : REPLY: tsf=0000000697443953
01-06 21:22:25.430   424   515 I WifiHW  : REPLY: flags=[WPA2-PSK-CCMP][WPS][ESS]
01-06 21:22:25.430   424   515 I WifiHW  : REPLY: ssid=Borqs-test
01-06 21:22:25.430   424   515 I WifiHW  : REPLY: ====
01-06 21:22:25.430   424   515 I WifiHW  : REPLY: bssid=00:1f:45:f2:c0:f9
01-06 21:22:25.430   424   515 I WifiHW  : REPLY: freq=2472
01-06 21:22:25.430   424   515 I WifiHW  : REPLY: level=-83
01-06 21:22:25.430   424   515 I WifiHW  : REPLY: tsf=0000000697444005
01-06 21:22:25.430   424   515 I WifiHW  : REPLY: flags=[ESS]
01-06 21:22:25.430   424   515 I WifiHW  : REPLY: ssid=BORQS Guest
01-06 21:22:25.430   424   515 I WifiHW  : REPLY: ====
01-06 21:22:25.450   424   515 I wifi_supplicant_state_changed: 2
01-06 21:22:25.470  1811  1811 I menu_item_selected: [0,]
01-06 21:22:25.470   148   505 I AudioPolicyManagerBase: APM: getOutput
01-06 21:22:25.470   148   148 I AudioPolicyManagerBase: APM: getOutput
01-06 21:22:25.470   148   504 I AudioPolicyManagerBase: APM: getOutput
01-06 21:22:25.470   148   505 D AudioPolicyManagerALSA: startOutput() output 2, stream type 1, session 755
01-06 21:22:25.490   148   421 D AudioResamplerIA: Create AudioResamplerIA Resampler: Input rate 44100, output rate 48000
01-06 21:22:25.500  1811  1859 V MenuExecutor: Execute cmd: 2131755247 for /local/image/item/555
01-06 21:22:25.500  1811  1859 E JHEAD   : Can't write back - didn't read all
01-06 21:22:25.510  1811  1859 V MenuExecutor: It takes 9 ms to execute cmd for /local/image/item/555
01-06 21:22:25.550   148  4036 D Camera_ISP: @dumpSnapshot
01-06 21:22:25.550   148  4030 D Camera_HAL: atom_get_parameters
01-06 21:22:25.550   148  4030 D Camera_HAL: atom_put_parameters
01-06 21:22:25.550   148  4030 D AudioPolicyManagerALSA: startOutput() output 2, stream type 7, session 748
01-06 21:22:25.550   148  4030 D Camera_HAL: atom_disable_msg_type msg_type=0x00000002
01-06 21:22:25.560   148  4040 D cip_VorbisDec: UMCAudioDecoder::input data read (mSource->read) returned -1011, considering end of stream.
01-06 21:22:25.570   148  4030 D Camera_Callbacks: Sending message: CAMERA_MSG_POSTVIEW_FRAME, buff id = 0, size = 1382400
01-06 21:22:25.570   148  4030 D Camera_HAL: atom_get_parameters
01-06 21:22:25.570   148  4030 D Camera_HAL: atom_put_parameters
01-06 21:22:25.570   148  4030 D Camera_HAL: atom_disable_msg_type msg_type=0x00000040
01-06 21:22:25.570   148  4030 D Camera_Callbacks: Sending message: CAMERA_MSG_RAW_IMAGE_NOTIFY, buff id = 0
01-06 21:22:25.570   148  4030 D Camera_HAL: atom_disable_msg_type msg_type=0x00000100
01-06 21:22:25.610  1811  1855 D dalvikvm: GC_FOR_ALLOC freed 3358K, 20% free 73797K/91132K, paused 36ms, total 36ms
01-06 21:22:25.620  1811  1811 V CAM_PhotoModule: mShutterLag = 2446ms
01-06 21:22:25.640  1811  1811 V CAM_PhotoModule: mShutterToPostViewCallbackTime = 15ms
01-06 21:22:25.640  1811  1811 V CAM_PhotoModule: mShutterToRawCallbackTime = 15ms
01-06 21:22:25.640  1811  1811 V CAM_PhotoModule: mPictureDisplayedToJpegCallbackTime = 1ms
01-06 21:22:25.640  1811  1811 V CAM_PhotoModule: stopPreview
01-06 21:22:25.640   148   504 D Camera_HAL: atom_disable_msg_type msg_type=0x00000010
01-06 21:22:25.640   148   504 D Camera_HAL: atom_stop_preview
01-06 21:22:25.640   148   423 D Camera_HAL: ATOM_GetCameraInfo
01-06 21:22:25.640   148   505 D Camera_HAL: ATOM_GetCameraInfo
01-06 21:22:25.640  1811  1818 D dalvikvm: Rejecting registerization due to +iget-object-quick v4, v6, (#8)
01-06 21:22:25.640  1811  1811 V CAM_PhotoModule: Preview size is 1280x720
01-06 21:22:25.650   148   148 D Camera_HAL: atom_set_parameters
01-06 21:22:25.650  1811  1811 I CAM_ScreenNail: aspect ratio clamping disabled
01-06 21:22:25.650  1811  1811 I CAM_ScreenNail: aspect ratio clamping enabled, surfaceTexture scale: 1.0, 1.0
01-06 21:22:25.650  1811  1811 V CAM_PhotoModule: startPreview
01-06 21:22:25.650   148   505 D Camera_HAL: atom_preview_enabled
01-06 21:22:25.650   148   505 D Camera_HAL: atom_set_preview_window preview_window = 0x437607b0
01-06 21:22:25.650   148   505 D Camera_HAL: atom_start_preview
01-06 21:22:25.650   148  4036 I KERNEL  : [  697.239173] STOP_FUNC: reach point 1
01-06 21:22:25.650   148  4036 I KERNEL  : [  697.239329] STOP_FUNC: reach point 2
01-06 21:22:25.650   148  4036 I KERNEL  : [  697.239571] STOP_FUNC: reach point 3
01-06 21:22:25.660   148  4036 W Camera_ISP: Open device 2 with fd 49
01-06 21:22:25.660   148  4036 I KERNEL  : [  697.242415] atomisp: skip init isp in open
01-06 21:22:25.670   148  4036 E Camera_ISP: Failed to get value for control (10095889) on device '44', Invalid argument
01-06 21:22:25.670   148  4036 I KERNEL  : [  697.256701] sensor width: 1296, height: 736
01-06 21:22:25.680   148  4032 I OLA_FR  : [Ola_FaceRecognizer_CreateAccelerationContext:28] re-initialize acc context(0)
01-06 21:22:25.680   148  4032 I ia_face : [ia_face_set_acceleration:329] creating acceleration context(0)
01-06 21:22:25.680  1811  2011 W BufferQueue: freeAllBuffersLocked called but mQueue is not empty
01-06 21:22:25.720   148  4036 W Camera_ISP: Open device 4 with fd 67
01-06 21:22:25.730   148  4036 I KERNEL  : [  697.312056] sh_css_start() enter: pipe_id=0
01-06 21:22:25.730   148  4036 I KERNEL  : [  697.313076] load binary: isp_preview_var
01-06 21:22:25.730   148  4036 I KERNEL  : [  697.317120] load binary: isp_vf_pp_opt
01-06 21:22:25.740   148   504 D Camera_HAL: atom_send_command
01-06 21:22:25.740  1811  1811 D CameraStorage: External storage state=mounted
01-06 21:22:25.740  1811  1811 V CAM_PhotoModule: mJpegCallbackFinishTime = 107ms
01-06 21:22:25.740   148  4036 I KERNEL  : [  697.320988] load binary: isp_fa
01-06 21:22:25.750   148  4032 D Camera_SensorThread: @registerOrientationListener: accelerometer sensor start 0x45d67650 (MODEL_LSM303DLHC 3-axis Accelerometer)
01-06 21:22:25.750  1811  1818 D dalvikvm: Rejecting registerization due to move v5, v4, (#0)
01-06 21:22:25.750  1811  1818 D dalvikvm: Rejecting registerization due to move v5, v4, (#0)
01-06 21:22:25.760  1811  3952 I GLRootView: layout content pane 540x960 (compensation 0)
01-06 21:22:25.760  1811  3952 D PhotoView: compensation = 0, CameraRelativeFrame = Rect(0, 0 - 0, 0), mCameraRect = Rect(0, 0 - 0, 0)
01-06 21:22:25.770   424   424 I WAKELOCK_ACQUIRE: TIMESTAMP=697781422418, TAG=Camera Monitor, TYPE=PARTIAL_WAKE_LOCK             , COUNT=0, PID=1578, UID=10053
01-06 21:22:25.770  1811  1811 V CAM_PhotoModule: onShutterButtonClick: mCameraState=1
01-06 21:22:25.770   148   423 D Camera_HAL: atom_set_parameters
01-06 21:22:25.780   424   636 I WAKELOCK_ACQUIRE: TIMESTAMP=697792829870, TAG=Camera Monitor, TYPE=PARTIAL_WAKE_LOCK             , COUNT=0, PID=1578, UID=10053
01-06 21:22:25.780   148   148 D Camera_HAL: atom_enable_msg_type msg_type=0x00000342
01-06 21:22:25.780   148   148 D Camera_HAL: atom_take_picture
01-06 21:22:25.780   148  4032 D Camera_SensorThread: @unRegisterOrientationListener: accelerometer sensor stop 0x45d67650 (MODEL_LSM303DLHC 3-axis Accelerometer)
01-06 21:22:25.790   424   713 W InputMethodManagerService: Window already focused, ignoring focus gain of: com.android.internal.view.IInputMethodClient$Stub$Proxy@20ecb020 attribute=null, token = android.os.BinderProxy@20db0728
01-06 21:22:25.840   148  4027 E Camera_AAAThread: SOF event for frame 0 did not arrive
01-06 21:22:25.840   148  4027 D         : ia_3a_af_main: cur:5200, next:259
01-06 21:22:25.840   148  4036 I KERNEL  : [  697.422861] STOP_FUNC: reach point 1
01-06 21:22:25.850  1811  1811 V ViewRootImpl: Sending key event to IME: seq=18961 event=KeyEvent { action=ACTION_DOWN, keyCode=KEYCODE_DPAD_LEFT, scanCode=0, metaState=0, flags=0x8, repeatCount=0, eventTime=697862, downTime=697862, deviceId=-1, source=0x101 }
01-06 21:22:25.850  1811  1811 V ViewRootImpl: IME finished event: seq=18961 handled=false event=android.view.ViewRootImpl$QueuedInputEvent@2129d790
01-06 21:22:25.850  1811  1811 V ViewRootImpl: Sending key event to IME: seq=18962 event=KeyEvent { action=ACTION_UP, keyCode=KEYCODE_DPAD_LEFT, scanCode=0, metaState=0, flags=0x8, repeatCount=0, eventTime=697863, downTime=697863, deviceId=-1, source=0x101 }
01-06 21:22:25.860   598  1898 I force_gc: Binder
01-06 21:22:25.860  1811  1811 V ViewRootImpl: IME finished event: seq=18962 handled=false event=android.view.ViewRootImpl$QueuedInputEvent@2129d790
01-06 21:22:25.880   598  1898 D dalvikvm: GC_EXPLICIT freed 336K, 29% free 3012K/4212K, paused 2ms+3ms, total 24ms
01-06 21:22:25.880  1811  1818 D dalvikvm: Rejecting registerization due to +iget-object-quick v4, v6, (#8)
01-06 21:22:25.900   148  4036 I KERNEL  : [  697.479650] STOP_FUNC: reach point 2
01-06 21:22:25.900  1578  4056 I force_gc: Binder
01-06 21:22:25.900   148  4036 I KERNEL  : [  697.479855] STOP_FUNC: reach point 3
01-06 21:22:25.910   148  4036 D Camera_ISP: android::status_t android::AtomISP::setSnapshotFrameFormat(int, int, int): width(1280), height(720), pad_width(1280), size(1382400), format(3231564e)
01-06 21:22:25.920   148  4036 I KERNEL  : [  697.505955] sensor width: 1296, height: 736
01-06 21:22:25.920   148  4036 I KERNEL  : [  697.506988] atomisp: skip init isp in open
01-06 21:22:25.930   148  4036 W Camera_ISP: Open device 1 with fd 49
01-06 21:22:25.930   148  4036 E Camera_ISP: Failed to get value for control (10095889) on device '44', Invalid argument
01-06 21:22:25.930   148  4036 I KERNEL  : [  697.515236] sh_css_start() enter: pipe_id=3
01-06 21:22:25.930   148  4036 I KERNEL  : [  697.517278] load binary: isp_primary_small
01-06 21:22:25.940   148  4036 I KERNEL  : [  697.521778] load binary: isp_capture_pp_var
01-06 21:22:25.940   148  4036 I KERNEL  : [  697.526096] load binary: isp_vf_pp_opt
01-06 21:22:25.950  1811  1811 V ViewRootImpl: Sending key event to IME: seq=18963 event=KeyEvent { action=ACTION_DOWN, keyCode=KEYCODE_DPAD_LEFT, scanCode=0, metaState=0, flags=0x8, repeatCount=0, eventTime=697968, downTime=697968, deviceId=-1, source=0x101 }
01-06 21:22:25.960  1811  1811 V ViewRootImpl: IME finished event: seq=18963 handled=false event=android.view.ViewRootImpl$QueuedInputEvent@2129d790
01-06 21:22:25.970  1811  1811 V ViewRootImpl: Sending key event to IME: seq=18964 event=KeyEvent { action=ACTION_UP, keyCode=KEYCODE_DPAD_LEFT, scanCode=0, metaState=0, flags=0x8, repeatCount=0, eventTime=697969, downTime=697969, deviceId=-1, source=0x101 }
01-06 21:22:25.970  1811  1811 V ViewRootImpl: IME finished event: seq=18964 handled=false event=android.view.ViewRootImpl$QueuedInputEvent@2129d790
01-06 21:22:25.970  1578  4056 D dalvikvm: GC_EXPLICIT freed 979K, 14% free 10791K/12424K, paused 2ms+5ms, total 74ms
01-06 21:22:26.010  1811  1818 D dalvikvm: Rejecting registerization due to and-int/lit16 v7, v1, (#255)
01-06 21:22:26.030  1811  1818 D dalvikvm: Rejecting registerization due to div-int/lit8 v0, v3, (#2)
01-06 21:22:26.040   148   421 D AudioFlinger: reconfig due to o/p flag ?
01-06 21:22:26.040   148   421 D AudioHardwareALSA: setStreamParameters: key value pair routing=2
01-06 21:22:26.040   148   421 D RouteManager: setDevices: set device = IHF to output stream
01-06 21:22:26.040   148   421 D RouteManager: setStreamParameters: identical Platform State, do not reconsider routing
01-06 21:22:26.050  1811  1818 D dalvikvm: Rejecting registerization due to div-int/lit8 v0, v3, (#2)
01-06 21:22:26.060  1811  1811 V ViewRootImpl: Sending key event to IME: seq=18965 event=KeyEvent { action=ACTION_DOWN, keyCode=KEYCODE_MENU, scanCode=0, metaState=0, flags=0x8, repeatCount=0, eventTime=698076, downTime=698076, deviceId=-1, source=0x101 }
01-06 21:22:26.070  1811  1811 V ViewRootImpl: IME finished event: seq=18965 handled=false event=android.view.ViewRootImpl$QueuedInputEvent@2129d790
01-06 21:22:26.070  1811  1811 V ViewRootImpl: Sending key event to IME: seq=18966 event=KeyEvent { action=ACTION_UP, keyCode=KEYCODE_MENU, scanCode=0, metaState=0, flags=0x8, repeatCount=0, eventTime=698079, downTime=698079, deviceId=-1, source=0x101 }
01-06 21:22:26.070  1811  1811 I menu_opened: 0
01-06 21:22:26.070  1811  1811 V ViewRootImpl: IME finished event: seq=18966 handled=false event=android.view.ViewRootImpl$QueuedInputEvent@2129d790
01-06 21:22:26.110   148   505 I AudioPolicyManagerBase: APM: getOutput
01-06 21:22:26.110   148   504 I AudioPolicyManagerBase: APM: getOutput
01-06 21:22:26.110   148   423 I AudioPolicyManagerBase: APM: getOutput
01-06 21:22:26.120   148   505 D AudioPolicyManagerALSA: startOutput() output 2, stream type 1, session 756
01-06 21:22:26.120  1811  1815 D dalvikvm: GC_CONCURRENT freed 3027K, 18% free 74816K/91132K, paused 2ms+4ms, total 47ms
01-06 21:22:26.120  1811  1832 D dalvikvm: WAIT_FOR_CONCURRENT_GC blocked 39ms
01-06 21:22:26.130   148  4036 D Camera_ISP: @dumpSnapshot
01-06 21:22:26.130   148  4030 D Camera_HAL: atom_get_parameters
01-06 21:22:26.130   148  4030 D Camera_HAL: atom_put_parameters
01-06 21:22:26.140   148   421 D AudioFlinger: reconfig due to o/p flag ?
01-06 21:22:26.140   148   421 D AudioHardwareALSA: setStreamParameters: key value pair routing=2;stream_flags=2
01-06 21:22:26.140   148   421 D RouteManager: setOutputFlags: output flags = 0x2 (Prev Flags=0x2)
01-06 21:22:26.140   148   421 D RouteManager: setDevices: set device = IHF to output stream
01-06 21:22:26.140   148   421 D RouteManager: setStreamParameters: identical Platform State, do not reconsider routing
