01-06 21:22:18.500   148   351 D RouteManager: doReconsiderRouting:          -Platform input device = Main 
01-06 21:22:18.500   148   351 D RouteManager: doReconsiderRouting:          -Platform input source = Camcorder 
01-06 21:22:18.500   148   351 D RouteManager: doReconsiderRouting:          -Platform Band type = NB 
01-06 21:22:18.500   148   351 D RouteManager: doReconsiderRouting:          -Platform Has Direct Stream = yes 
01-06 21:22:18.500   148   351 D RouteManager: doReconsiderRouting:          -Platform TTY direction = <none> 
01-06 21:22:18.500   148   351 D RouteManager: doReconsiderRouting:          -Platform HAC Mode = Off 
01-06 21:22:18.500   148   351 D RouteManager: doReconsiderRouting:          -Platform Screen State = On 
01-06 21:22:18.500   148   351 D RouteManager: doReconsiderRouting:      Route state:
01-06 21:22:18.500   148   351 D RouteManager: doReconsiderRouting:          -Previously Enabled Route in Input = <none>
01-06 21:22:18.500   148   351 D RouteManager: doReconsiderRouting:          -Previously Enabled Route in Output = CompressedMedia|HwCodecMedia|VirtualASP
01-06 21:22:18.500   148   351 D RouteManager: doReconsiderRouting:          -Selected Route in Input = <none>
01-06 21:22:18.500   148   351 D RouteManager: doReconsiderRouting:          -Selected Route in Output = Media|CompressedMedia|HwCodecMedia|VirtualASP
01-06 21:22:18.500   148   351 D RouteManager: doReconsiderRouting:          -Route that need reconfiguration in Input = <none>
01-06 21:22:18.500   148   351 D RouteManager: doReconsiderRouting:          -Route that need reconfiguration in Output = <none>
01-06 21:22:18.500   148   351 D RouteManager: executeMuteStage: --------------- Routing Stage = Mute ---------------
01-06 21:22:18.500   148   351 D RouteManager: Selection criterion changed event: Criterion name: RoutageState, current state: Flow
01-06 21:22:18.500   148   351 D RouteManager: Configuration application request {
01-06 21:22:18.500   148   351 D RouteManager:     Applying configurations {
01-06 21:22:18.500   148   351 D RouteManager:     } Applying configurations
01-06 21:22:18.500   148   351 D RouteManager: } Configuration application request
01-06 21:22:18.500   148   351 D RouteManager: executeDisableStage: --------------- Routing Stage = Disable ---------------
01-06 21:22:18.500   148   351 D RouteManager: Selection criterion changed event: Criterion name: RoutageState, current state: Path
01-06 21:22:18.500   148   351 D RouteManager: Configuration application request {
01-06 21:22:18.500   148   351 D RouteManager:     Applying configurations {
01-06 21:22:18.500   148   351 D RouteManager:     } Applying configurations
01-06 21:22:18.500   148   351 D RouteManager: } Configuration application request
01-06 21:22:18.500   148   351 D RouteManager: executeConfigureStage: --------------- Routing Stage = Configure ---------------
01-06 21:22:18.500   148   351 D RouteManager: Selection criterion changed event: Criterion name: RoutageState, current state: Configure
01-06 21:22:18.500   148   351 D RouteManager: Selection criterion changed event: Criterion name: OpenedPlaybackRoutes, current state: Media|CompressedMedia|HwCodecMedia|VirtualASP
01-06 21:22:18.500   148   351 D RouteManager: Configuration application request {
01-06 21:22:18.500   148   351 D RouteManager:     Applying configurations {
01-06 21:22:18.500   148   351 D RouteManager:     } Applying configurations
01-06 21:22:18.500   148   351 D RouteManager: } Configuration application request
01-06 21:22:18.500   148   351 D RouteManager: executeEnableStage: --------------- Routing Stage = Enable ---------------
01-06 21:22:18.500   148   351 D RouteManager: Selection criterion changed event: Criterion name: RoutageState, current state: Path|Configure
01-06 21:22:18.500   148   351 D RouteManager: Configuration application request {
01-06 21:22:18.500   148   351 D RouteManager:     Applying configurations {
01-06 21:22:18.500   148   351 D RouteManager:     } Applying configurations
01-06 21:22:18.500   148   351 D RouteManager: } Configuration application request
01-06 21:22:18.500   148   351 D RouteManager: enableRoutes: Routes to be enabled(routed) in Output = Media
01-06 21:22:18.500   148   351 D RouteManager/StreamRoute: openPcmDevice called for card (cloverviewaudio,0)
01-06 21:22:18.500   148   351 D RouteManager/StreamRoute: openPcmDevice		 config=rate(48000), format(0), channels(2))
01-06 21:22:18.500   148   351 D RouteManager/StreamRoute: openPcmDevice		 period_size=2304, period_count=2
01-06 21:22:18.500   148   351 D RouteManager/StreamRoute: openPcmDevice		 startTh=4607, stop Th=4608 silence Th=0
01-06 21:22:18.510   148   351 D ALSAStreamOps: attachRoute output stream
01-06 21:22:18.510   148   351 D AudioConversion: configure: no convertion required
01-06 21:22:18.510   148   351 D RouteManager: executeUnmuteStage: --------------- Routing Stage = Unmute ---------------
01-06 21:22:18.510   148   351 D RouteManager: Selection criterion changed event: Criterion name: RoutageState, current state: Flow|Path|Configure
01-06 21:22:18.510   148   351 D RouteManager: Configuration application request {
01-06 21:22:18.510   148   351 D RouteManager:     Applying configurations {
01-06 21:22:18.510   148   351 D RouteManager:     } Applying configurations
01-06 21:22:18.510   148   351 D RouteManager: } Configuration application request
01-06 21:22:18.510   148   351 D EVENT_THREAD: void CEventThread::run() Do poll with timeout: -1
01-06 21:22:18.510   148   421 D RouteManager: reconsiderRouting: DONE
01-06 21:22:18.510   424   439 D hwcomposer: isRGBOverlayLayer: got an RGB overlay layer
01-06 21:22:18.520   424   439 D hwcomposer: isSpriteLayer: got a sprite layer
01-06 21:22:18.530   424   439 D hwcomposer: isRGBOverlayLayer: got an RGB overlay layer
01-06 21:22:18.530   424   439 D hwcomposer: isSpriteLayer: got a sprite layer
01-06 21:22:18.550   424   439 D hwcomposer: isRGBOverlayLayer: got an RGB overlay layer
01-06 21:22:18.550   424   439 D hwcomposer: isSpriteLayer: got a sprite layer
01-06 21:22:18.570   424   439 D hwcomposer: isRGBOverlayLayer: got an RGB overlay layer
01-06 21:22:18.570   424   439 D hwcomposer: isSpriteLayer: got a sprite layer
01-06 21:22:18.580   424   699 W InputMethodManagerService: Window already focused, ignoring focus gain of: com.android.internal.view.IInputMethodClient$Stub$Proxy@2106e080 attribute=null, token = android.os.BinderProxy@21000520
01-06 21:22:18.580   424   439 D hwcomposer: isRGBOverlayLayer: got an RGB overlay layer
01-06 21:22:18.580   424   439 D hwcomposer: isSpriteLayer: got a sprite layer
01-06 21:22:18.600   424   439 D hwcomposer: isRGBOverlayLayer: got an RGB overlay layer
01-06 21:22:18.600   424   439 D hwcomposer: isSpriteLayer: got a sprite layer
01-06 21:22:18.620   424   439 D hwcomposer: isRGBOverlayLayer: got an RGB overlay layer
01-06 21:22:18.620   424   439 D hwcomposer: isSpriteLayer: got a sprite layer
01-06 21:22:18.640   424   439 D hwcomposer: isRGBOverlayLayer: got an RGB overlay layer
01-06 21:22:18.640   424   439 D hwcomposer: isSpriteLayer: got a sprite layer
01-06 21:22:18.650   424   439 D hwcomposer: isRGBOverlayLayer: got an RGB overlay layer
01-06 21:22:18.650   424   439 D hwcomposer: isSpriteLayer: got a sprite layer
01-06 21:22:18.670   424   439 D hwcomposer: isRGBOverlayLayer: got an RGB overlay layer
01-06 21:22:18.670   424   439 D hwcomposer: isSpriteLayer: got a sprite layer
01-06 21:22:18.690   424   439 D hwcomposer: isRGBOverlayLayer: got an RGB overlay layer
01-06 21:22:18.690   424   439 D hwcomposer: isSpriteLayer: got a sprite layer
01-06 21:22:18.700   424   439 D hwcomposer: isRGBOverlayLayer: got an RGB overlay layer
01-06 21:22:18.700   424   439 D hwcomposer: isSpriteLayer: got a sprite layer
01-06 21:22:18.720   424   439 D hwcomposer: isRGBOverlayLayer: got an RGB overlay layer
01-06 21:22:18.720   424   439 D hwcomposer: isSpriteLayer: got a sprite layer
01-06 21:22:18.750   424   439 D hwcomposer: isRGBOverlayLayer: got an RGB overlay layer
01-06 21:22:18.750   424   439 D hwcomposer: isSpriteLayer: got a sprite layer
01-06 21:22:18.760   424   439 D hwcomposer: isRGBOverlayLayer: got an RGB overlay layer
01-06 21:22:18.760   424   439 D hwcomposer: isSpriteLayer: got a sprite layer
01-06 21:22:18.780   424   439 D hwcomposer: isRGBOverlayLayer: got an RGB overlay layer
01-06 21:22:18.780   424   439 D hwcomposer: isSpriteLayer: got a sprite layer
01-06 21:22:18.790   424   439 D hwcomposer: isRGBOverlayLayer: got an RGB overlay layer
01-06 21:22:18.790   424   439 D hwcomposer: isSpriteLayer: got a sprite layer
01-06 21:22:18.810   424   439 D hwcomposer: isRGBOverlayLayer: got an RGB overlay layer
01-06 21:22:18.810   424   439 D hwcomposer: isSpriteLayer: got a sprite layer
01-06 21:22:18.810  1811  1811 V ViewRootImpl: Sending trackball event to IME: seq=18698 event=MotionEvent { action=ACTION_MOVE, id[0]=0, x[0]=-3.0, y[0]=-3.0, toolType[0]=TOOL_TYPE_UNKNOWN, buttonState=0, metaState=0, flags=0x0, edgeFlags=0x0, pointerCount=1, historySize=9, eventTime=690806, downTime=-1, deviceId=0, source=0x10004 }
01-06 21:22:18.810  1811  1811 V ViewRootImpl: IME finished event: seq=18698 handled=false event=android.view.ViewRootImpl$QueuedInputEvent@20d96c18
01-06 21:22:18.810  1811  1811 V ViewRootImpl: Sending key event to IME: seq=18699 event=KeyEvent { action=ACTION_DOWN, keyCode=KEYCODE_DPAD_UP, scanCode=0, metaState=0, flags=0x400, repeatCount=0, eventTime=690824, downTime=690824, deviceId=-1, source=0x101 }
01-06 21:22:18.810  1811  1811 V ViewRootImpl: IME finished event: seq=18699 handled=false event=android.view.ViewRootImpl$QueuedInputEvent@20d96be0
01-06 21:22:18.820  1811  1811 V ViewRootImpl: Sending key event to IME: seq=18700 event=KeyEvent { action=ACTION_UP, keyCode=KEYCODE_DPAD_UP, scanCode=0, metaState=0, flags=0x400, repeatCount=0, eventTime=690824, downTime=690824, deviceId=-1, source=0x101 }
01-06 21:22:18.820  1811  1811 V ViewRootImpl: IME finished event: seq=18700 handled=false event=android.view.ViewRootImpl$QueuedInputEvent@20e670e0
01-06 21:22:18.820  1811  1811 V ViewRootImpl: Sending key event to IME: seq=18701 event=KeyEvent { action=ACTION_DOWN, keyCode=KEYCODE_DPAD_UP, scanCode=0, metaState=0, flags=0x400, repeatCount=0, eventTime=690824, downTime=690824, deviceId=-1, source=0x101 }
01-06 21:22:18.820   148   421 D AudioFlinger: reconfig due to o/p flag ?
01-06 21:22:18.820   148   421 D AudioHardwareALSA: setStreamParameters: key value pair routing=2
01-06 21:22:18.820   148   421 D RouteManager: setDevices: set device = IHF to output stream
01-06 21:22:18.820   148   421 D RouteManager: setStreamParameters: identical Platform State, do not reconsider routing
01-06 21:22:18.820  1811  1811 V ViewRootImpl: IME finished event: seq=18701 handled=false event=android.view.ViewRootImpl$QueuedInputEvent@20e67188
01-06 21:22:18.820  1811  1811 V ViewRootImpl: Sending key event to IME: seq=18702 event=KeyEvent { action=ACTION_UP, keyCode=KEYCODE_DPAD_UP, scanCode=0, metaState=0, flags=0x400, repeatCount=0, eventTime=690824, downTime=690824, deviceId=-1, source=0x101 }
01-06 21:22:18.820  1811  1811 V ViewRootImpl: IME finished event: seq=18702 handled=false event=android.view.ViewRootImpl$QueuedInputEvent@20ed7538
01-06 21:22:18.820  1811  1811 V ViewRootImpl: Sending key event to IME: seq=18703 event=KeyEvent { action=ACTION_DOWN, keyCode=KEYCODE_DPAD_UP, scanCode=0, metaState=0, flags=0x400, repeatCount=0, eventTime=690824, downTime=690824, deviceId=-1, source=0x101 }
01-06 21:22:18.820  1811  1811 V ViewRootImpl: IME finished event: seq=18703 handled=false event=android.view.ViewRootImpl$QueuedInputEvent@20e671c0
01-06 21:22:18.820  1811  1811 V ViewRootImpl: Sending key event to IME: seq=18704 event=KeyEvent { action=ACTION_UP, keyCode=KEYCODE_DPAD_UP, scanCode=0, metaState=0, flags=0x400, repeatCount=0, eventTime=690824, downTime=690824, deviceId=-1, source=0x101 }
01-06 21:22:18.820   424   439 D hwcomposer: isRGBOverlayLayer: got an RGB overlay layer
01-06 21:22:18.820   424   439 D hwcomposer: isSpriteLayer: got a sprite layer
01-06 21:22:18.820  1811  1811 V ViewRootImpl: IME finished event: seq=18704 handled=false event=android.view.ViewRootImpl$QueuedInputEvent@20e67150
01-06 21:22:18.830  1811  1811 V ViewRootImpl: Sending key event to IME: seq=18705 event=KeyEvent { action=ACTION_DOWN, keyCode=KEYCODE_GRAVE, scanCode=0, metaState=0, flags=0x8, repeatCount=0, eventTime=690807, downTime=690807, deviceId=-1, source=0x101 }
01-06 21:22:18.830  1811  1811 V ViewRootImpl: IME finished event: seq=18705 handled=false event=android.view.ViewRootImpl$QueuedInputEvent@20d96c18
01-06 21:22:18.830  1811  1811 V ViewRootImpl: Sending key event to IME: seq=18706 event=KeyEvent { action=ACTION_UP, keyCode=KEYCODE_GRAVE, scanCode=0, metaState=0, flags=0x8, repeatCount=0, eventTime=690826, downTime=690826, deviceId=-1, source=0x101 }
01-06 21:22:18.830  1811  1811 V ViewRootImpl: IME finished event: seq=18706 handled=false event=android.view.ViewRootImpl$QueuedInputEvent@20d96c18
01-06 21:22:18.840   424   439 D hwcomposer: isRGBOverlayLayer: got an RGB overlay layer
01-06 21:22:18.840   424   439 D hwcomposer: isSpriteLayer: got a sprite layer
01-06 21:22:18.860  1811  1815 D dalvikvm: GC_CONCURRENT freed 4120K, 24% free 69708K/91132K, paused 1ms+2ms, total 43ms
01-06 21:22:19.250  1811  1811 V ViewRootImpl: Sending key event to IME: seq=18714 event=KeyEvent { action=ACTION_DOWN, keyCode=KEYCODE_SEARCH, scanCode=0, metaState=0, flags=0x8, repeatCount=0, eventTime=691262, downTime=691262, deviceId=-1, source=0x101 }
01-06 21:22:19.250  1811  1811 V ViewRootImpl: IME finished event: seq=18714 handled=false event=android.view.ViewRootImpl$QueuedInputEvent@20d96c18
01-06 21:22:19.250  1811  1811 V ViewRootImpl: Sending key event to IME: seq=18715 event=KeyEvent { action=ACTION_UP, keyCode=KEYCODE_SEARCH, scanCode=0, metaState=0, flags=0x8, repeatCount=0, eventTime=691263, downTime=691263, deviceId=-1, source=0x101 }
01-06 21:22:19.250  1811  1811 V ViewRootImpl: IME finished event: seq=18715 handled=false event=android.view.ViewRootImpl$QueuedInputEvent@20d96c18
01-06 21:22:19.620  1811  1811 V ViewRootImpl: Sending key event to IME: seq=18718 event=KeyEvent { action=ACTION_DOWN, keyCode=KEYCODE_VOLUME_DOWN, scanCode=0, metaState=0, flags=0x8, repeatCount=0, eventTime=691474, downTime=691474, deviceId=-1, source=0x101 }
01-06 21:22:19.620  1811  1811 V ViewRootImpl: IME finished event: seq=18718 handled=false event=android.view.ViewRootImpl$QueuedInputEvent@20d96c18
01-06 21:22:19.620  1811  1811 V ViewRootImpl: Sending key event to IME: seq=18719 event=KeyEvent { action=ACTION_UP, keyCode=KEYCODE_VOLUME_DOWN, scanCode=0, metaState=0, flags=0x8, repeatCount=0, eventTime=691625, downTime=691625, deviceId=-1, source=0x101 }
01-06 21:22:19.620  1811  1811 V ViewRootImpl: IME finished event: seq=18719 handled=false event=android.view.ViewRootImpl$QueuedInputEvent@20d96c18
01-06 21:22:19.650   424   439 D hwcomposer: isRGBOverlayLayer: got an RGB overlay layer
01-06 21:22:19.650   424   439 D hwcomposer: isSpriteLayer: got a sprite layer
01-06 21:22:19.680   424   439 D hwcomposer: isRGBOverlayLayer: got an RGB overlay layer
01-06 21:22:19.680   424   439 D hwcomposer: isSpriteLayer: got a sprite layer
01-06 21:22:19.700   424   439 D hwcomposer: isRGBOverlayLayer: got an RGB overlay layer
01-06 21:22:19.720  1811  1811 V ViewRootImpl: Sending key event to IME: seq=18720 event=KeyEvent { action=ACTION_DOWN, keyCode=KEYCODE_DPAD_UP, scanCode=0, metaState=0, flags=0x8, repeatCount=0, eventTime=691733, downTime=691733, deviceId=-1, source=0x101 }
01-06 21:22:19.720  1811  1811 V ViewRootImpl: IME finished event: seq=18720 handled=false event=android.view.ViewRootImpl$QueuedInputEvent@20d96c18
01-06 21:22:19.720  1811  1811 V ViewRootImpl: Sending key event to IME: seq=18721 event=KeyEvent { action=ACTION_UP, keyCode=KEYCODE_DPAD_UP, scanCode=0, metaState=0, flags=0x8, repeatCount=0, eventTime=691734, downTime=691734, deviceId=-1, source=0x101 }
01-06 21:22:19.730  1811  1811 V ViewRootImpl: IME finished event: seq=18721 handled=false event=android.view.ViewRootImpl$QueuedInputEvent@20d96c18
01-06 21:22:19.870   424   439 D hwcomposer: isRGBOverlayLayer: got an RGB overlay layer
01-06 21:22:19.890   424   439 D hwcomposer: isRGBOverlayLayer: got an RGB overlay layer
01-06 21:22:19.900   424   439 D hwcomposer: isRGBOverlayLayer: got an RGB overlay layer
01-06 21:22:19.920   424   439 D hwcomposer: isRGBOverlayLayer: got an RGB overlay layer
01-06 21:22:19.930  1811  1811 V ViewRootImpl: Sending key event to IME: seq=18724 event=KeyEvent { action=ACTION_DOWN, keyCode=KEYCODE_DPAD_DOWN, scanCode=0, metaState=0, flags=0x8, repeatCount=0, eventTime=691944, downTime=691944, deviceId=-1, source=0x101 }
01-06 21:22:19.930  1811  1811 V ViewRootImpl: IME finished event: seq=18724 handled=false event=android.view.ViewRootImpl$QueuedInputEvent@20d96c18
01-06 21:22:19.930  1811  1811 V ViewRootImpl: Sending key event to IME: seq=18725 event=KeyEvent { action=ACTION_UP, keyCode=KEYCODE_DPAD_DOWN, scanCode=0, metaState=0, flags=0x8, repeatCount=0, eventTime=691945, downTime=691945, deviceId=-1, source=0x101 }
01-06 21:22:19.930  1811  1811 V ViewRootImpl: IME finished event: seq=18725 handled=false event=android.view.ViewRootImpl$QueuedInputEvent@20d96c18
01-06 21:22:19.940   424   439 D hwcomposer: isRGBOverlayLayer: got an RGB overlay layer
01-06 21:22:19.960   424   439 D hwcomposer: isRGBOverlayLayer: got an RGB overlay layer
01-06 21:22:19.970   424   439 D hwcomposer: isRGBOverlayLayer: got an RGB overlay layer
01-06 21:22:19.990   424   439 D hwcomposer: isRGBOverlayLayer: got an RGB overlay layer
01-06 21:22:20.010   424   439 D hwcomposer: isRGBOverlayLayer: got an RGB overlay layer
01-06 21:22:20.030   424   439 D hwcomposer: isRGBOverlayLayer: got an RGB overlay layer
01-06 21:22:20.040   424   439 D hwcomposer: isRGBOverlayLayer: got an RGB overlay layer
01-06 21:22:20.040  1811  1811 V ViewRootImpl: Sending trackball event to IME: seq=18726 event=MotionEvent { action=ACTION_MOVE, id[0]=0, x[0]=1.0, y[0]=4.0, toolType[0]=TOOL_TYPE_UNKNOWN, buttonState=0, metaState=0, flags=0x0, edgeFlags=0x0, pointerCount=1, historySize=1, eventTime=692050, downTime=-1, deviceId=0, source=0x10004 }
01-06 21:22:20.050  1811  1811 V ViewRootImpl: IME finished event: seq=18726 handled=false event=android.view.ViewRootImpl$QueuedInputEvent@20d96c18
01-06 21:22:20.050  1811  1811 V ViewRootImpl: Sending key event to IME: seq=18727 event=KeyEvent { action=ACTION_DOWN, keyCode=KEYCODE_DPAD_DOWN, scanCode=0, metaState=0, flags=0x400, repeatCount=0, eventTime=692061, downTime=692061, deviceId=-1, source=0x101 }
01-06 21:22:20.050  1811  1811 V ViewRootImpl: IME finished event: seq=18727 handled=false event=android.view.ViewRootImpl$QueuedInputEvent@20e67150
01-06 21:22:20.050  1811  1811 V ViewRootImpl: Sending key event to IME: seq=18728 event=KeyEvent { action=ACTION_UP, keyCode=KEYCODE_DPAD_DOWN, scanCode=0, metaState=0, flags=0x400, repeatCount=0, eventTime=692061, downTime=692061, deviceId=-1, source=0x101 }
01-06 21:22:20.050  1811  1811 V ViewRootImpl: IME finished event: seq=18728 handled=false event=android.view.ViewRootImpl$QueuedInputEvent@20e671c0
01-06 21:22:20.050  1811  1811 V ViewRootImpl: Sending key event to IME: seq=18729 event=KeyEvent { action=ACTION_DOWN, keyCode=KEYCODE_DPAD_DOWN, scanCode=0, metaState=0, flags=0x400, repeatCount=0, eventTime=692062, downTime=692062, deviceId=-1, source=0x101 }
01-06 21:22:20.060  1811  1811 V ViewRootImpl: IME finished event: seq=18729 handled=false event=android.view.ViewRootImpl$QueuedInputEvent@20ed7538
01-06 21:22:20.060  1811  1811 V ViewRootImpl: Sending key event to IME: seq=18730 event=KeyEvent { action=ACTION_UP, keyCode=KEYCODE_DPAD_DOWN, scanCode=0, metaState=0, flags=0x400, repeatCount=0, eventTime=692062, downTime=692062, deviceId=-1, source=0x101 }
01-06 21:22:20.060  1811  1811 V ViewRootImpl: IME finished event: seq=18730 handled=false event=android.view.ViewRootImpl$QueuedInputEvent@20e67188
01-06 21:22:20.060   424   439 D hwcomposer: isRGBOverlayLayer: got an RGB overlay layer
01-06 21:22:20.060  1811  1811 V ViewRootImpl: Sending key event to IME: seq=18731 event=KeyEvent { action=ACTION_DOWN, keyCode=KEYCODE_DPAD_DOWN, scanCode=0, metaState=0, flags=0x400, repeatCount=0, eventTime=692062, downTime=692062, deviceId=-1, source=0x101 }
01-06 21:22:20.060  1811  1811 V ViewRootImpl: IME finished event: seq=18731 handled=false event=android.view.ViewRootImpl$QueuedInputEvent@20e670e0
01-06 21:22:20.060  1811  1811 V ViewRootImpl: Sending key event to IME: seq=18732 event=KeyEvent { action=ACTION_UP, keyCode=KEYCODE_DPAD_DOWN, scanCode=0, metaState=0, flags=0x400, repeatCount=0, eventTime=692062, downTime=692062, deviceId=-1, source=0x101 }
01-06 21:22:20.060  1811  1811 V ViewRootImpl: IME finished event: seq=18732 handled=false event=android.view.ViewRootImpl$QueuedInputEvent@20d96be0
01-06 21:22:20.060  1811  1811 V ViewRootImpl: Sending key event to IME: seq=18733 event=KeyEvent { action=ACTION_DOWN, keyCode=KEYCODE_DPAD_DOWN, scanCode=0, metaState=0, flags=0x400, repeatCount=0, eventTime=692062, downTime=692062, deviceId=-1, source=0x101 }
01-06 21:22:20.060  1811  1811 V ViewRootImpl: IME finished event: seq=18733 handled=false event=android.view.ViewRootImpl$QueuedInputEvent@20db0f98
01-06 21:22:20.060  1811  1811 V ViewRootImpl: Sending key event to IME: seq=18734 event=KeyEvent { action=ACTION_UP, keyCode=KEYCODE_DPAD_DOWN, scanCode=0, metaState=0, flags=0x400, repeatCount=0, eventTime=692062, downTime=692062, deviceId=-1, source=0x101 }
01-06 21:22:20.070  1811  1811 V ViewRootImpl: IME finished event: seq=18734 handled=false event=android.view.ViewRootImpl$QueuedInputEvent@20e67118
01-06 21:22:20.070  1811  1811 V ViewRootImpl: Sending trackball event to IME: seq=18735 event=MotionEvent { action=ACTION_MOVE, id[0]=0, x[0]=-1.0, y[0]=0.0, toolType[0]=TOOL_TYPE_UNKNOWN, buttonState=0, metaState=0, flags=0x0, edgeFlags=0x0, pointerCount=1, historySize=17, eventTime=692066, downTime=-1, deviceId=0, source=0x10004 }
01-06 21:22:20.070  1811  1811 V ViewRootImpl: IME finished event: seq=18735 handled=false event=android.view.ViewRootImpl$QueuedInputEvent@20e67188
01-06 21:22:20.070  1811  1811 V ViewRootImpl: Sending key event to IME: seq=18736 event=KeyEvent { action=ACTION_DOWN, keyCode=KEYCODE_DPAD_LEFT, scanCode=0, metaState=0, flags=0x400, repeatCount=0, eventTime=692083, downTime=692083, deviceId=-1, source=0x101 }
01-06 21:22:20.070  1811  1811 V ViewRootImpl: IME finished event: seq=18736 handled=false event=android.view.ViewRootImpl$QueuedInputEvent@20e67118
01-06 21:22:20.070  1811  1811 V ViewRootImpl: Sending key event to IME: seq=18737 event=KeyEvent { action=ACTION_UP, keyCode=KEYCODE_DPAD_LEFT, scanCode=0, metaState=0, flags=0x400, repeatCount=0, eventTime=692083, downTime=692083, deviceId=-1, source=0x101 }
01-06 21:22:20.070  1811  1811 V ViewRootImpl: IME finished event: seq=18737 handled=false event=android.view.ViewRootImpl$QueuedInputEvent@20db0f98
01-06 21:22:20.070  1811  1811 V ViewRootImpl: Sending key event to IME: seq=18738 event=KeyEvent { action=ACTION_DOWN, keyCode=KEYCODE_AT, scanCode=0, metaState=0, flags=0x8, repeatCount=0, eventTime=692067, downTime=692067, deviceId=-1, source=0x101 }
01-06 21:22:20.070  1811  1811 V ViewRootImpl: IME finished event: seq=18738 handled=false event=android.view.ViewRootImpl$QueuedInputEvent@20e67188
01-06 21:22:20.080   424   439 D hwcomposer: isRGBOverlayLayer: got an RGB overlay layer
01-06 21:22:20.080  1811  1811 V ViewRootImpl: Sending key event to IME: seq=18739 event=KeyEvent { action=ACTION_UP, keyCode=KEYCODE_AT, scanCode=0, metaState=0, flags=0x8, repeatCount=0, eventTime=692084, downTime=692084, deviceId=-1, source=0x101 }
01-06 21:22:20.080  1811  1811 V ViewRootImpl: IME finished event: seq=18739 handled=false event=android.view.ViewRootImpl$QueuedInputEvent@20e67188
01-06 21:22:20.090   424   439 D hwcomposer: isRGBOverlayLayer: got an RGB overlay layer
01-06 21:22:20.110   424   439 D hwcomposer: isRGBOverlayLayer: got an RGB overlay layer
01-06 21:22:20.120   424   531 I backup_data_changed: com.android.providers.settings
01-06 21:22:20.130   424   531 I backup_data_changed: com.android.providers.settings
01-06 21:22:20.130   424   439 D hwcomposer: isRGBOverlayLayer: got an RGB overlay layer
01-06 21:22:20.140   424   439 D hwcomposer: isRGBOverlayLayer: got an RGB overlay layer
01-06 21:22:20.160   424   439 D hwcomposer: isRGBOverlayLayer: got an RGB overlay layer
01-06 21:22:20.180  1811  1811 V ViewRootImpl: Sending key event to IME: seq=18740 event=KeyEvent { action=ACTION_DOWN, keyCode=KEYCODE_BACK, scanCode=0, metaState=0, flags=0x8, repeatCount=0, eventTime=692190, downTime=692190, deviceId=-1, source=0x101 }
01-06 21:22:20.180   424   439 D hwcomposer: isRGBOverlayLayer: got an RGB overlay layer
01-06 21:22:20.180  1811  1811 V ViewRootImpl: IME finished event: seq=18740 handled=false event=android.view.ViewRootImpl$QueuedInputEvent@20e67188
01-06 21:22:20.180  1811  1811 V ViewRootImpl: Sending key event to IME: seq=18741 event=KeyEvent { action=ACTION_UP, keyCode=KEYCODE_BACK, scanCode=0, metaState=0, flags=0x8, repeatCount=0, eventTime=692192, downTime=692192, deviceId=-1, source=0x101 }
01-06 21:22:20.180   424   680 I am_finish_activity: [0,553809128,10,com.android.gallery3d/.settings.GallerySettings,app-request]
01-06 21:22:20.180  1811  1811 V ViewRootImpl: IME finished event: seq=18741 handled=false event=android.view.ViewRootImpl$QueuedInputEvent@20e67188
01-06 21:22:20.200   424   680 I WAKELOCK_ACQUIRE: TIMESTAMP=692213886808, TAG=ActivityManager-Launch, TYPE=PARTIAL_WAKE_LOCK             , COUNT=0, PID=424, UID=1000
01-06 21:22:20.200   424   680 I am_pause_activity: [0,553809128,com.android.gallery3d/.settings.GallerySettings]
01-06 21:22:20.200  1811  1811 I am_on_paused_called: [0,com.android.gallery3d.settings.GallerySettings]
01-06 21:22:20.200   424   699 I am_resume_activity: [0,551517168,10,com.android.gallery3d/.app.Gallery]
01-06 21:22:20.200   424   439 D hwcomposer: isRGBOverlayLayer: got an RGB overlay layer
01-06 21:22:20.210  1811  1811 D Gallery.MultiSetSync: onSyncDone: MTP  #pending=2
01-06 21:22:20.210   424   439 D hwcomposer: isRGBOverlayLayer: got an RGB overlay layer
01-06 21:22:20.210  1811  1811 D Gallery.MultiSetSync:   request sync: MTP 
01-06 21:22:20.210  1811  1811 D Gallery.MultiSetSync: onSyncDone:  #pending=1
01-06 21:22:20.210  1811  1811 D Gallery.MultiSetSync:   request sync: 
01-06 21:22:20.210  1811  1811 D Gallery.MultiSetSync: onSyncDone: picasa #pending=0
01-06 21:22:20.210  1811  1811 D Gallery.MultiSetSync:   request sync: picasa
01-06 21:22:20.220  1811  1811 I am_on_resume_called: [0,com.android.gallery3d.app.Gallery]
01-06 21:22:20.230  1811  3985 I GalleryEGLConfigChooser: Config chosen: R8 G8 B8 A8 D24 S8 ID1 CAVEAT12344 
01-06 21:22:20.230   424   439 D hwcomposer: isRGBOverlayLayer: got an RGB overlay layer
01-06 21:22:20.240  1811  3985 I GLRootView: GLObject has changed from com.google.android.gles_jni.GLImpl@21566880 to com.google.android.gles_jni.GLImpl@20e4bf78
01-06 21:22:20.240  1811  3985 I GLRootView: onSurfaceChanged: 540x922, gl10: com.google.android.gles_jni.GLImpl@20e4bf78
01-06 21:22:20.250   424   439 D hwcomposer: isRGBOverlayLayer: got an RGB overlay layer
01-06 21:22:20.260   424   439 D hwcomposer: isRGBOverlayLayer: got an RGB overlay layer
01-06 21:22:20.260   424   439 D hwcomposer: isSpriteLayer: got a sprite layer
01-06 21:22:20.280   424   439 D hwcomposer: isRGBOverlayLayer: got an RGB overlay layer
01-06 21:22:20.280   424   439 D hwcomposer: isSpriteLayer: got a sprite layer
01-06 21:22:20.290  1811  3985 I GLRootView: onSurfaceChanged: 540x922, gl10: com.google.android.gles_jni.GLImpl@20e4bf78
01-06 21:22:20.300   424   439 D hwcomposer: isRGBOverlayLayer: got an RGB overlay layer
01-06 21:22:20.300   424   439 D hwcomposer: isSpriteLayer: got a sprite layer
01-06 21:22:20.310  1811  1811 V ViewRootImpl: Sending key event to IME: seq=18742 event=KeyEvent { action=ACTION_DOWN, keyCode=KEYCODE_SYSRQ, scanCode=0, metaState=0, flags=0x8, repeatCount=0, eventTime=692296, downTime=692296, deviceId=-1, source=0x101 }
01-06 21:22:20.310  1811  1811 V ViewRootImpl: IME finished event: seq=18742 handled=false event=android.view.ViewRootImpl$QueuedInputEvent@20e60cb0
01-06 21:22:20.310  1811  1811 V ViewRootImpl: Sending key event to IME: seq=18743 event=KeyEvent { action=ACTION_UP, keyCode=KEYCODE_SYSRQ, scanCode=0, metaState=0, flags=0x8, repeatCount=0, eventTime=692300, downTime=692300, deviceId=-1, source=0x101 }
01-06 21:22:20.320   424   439 D hwcomposer: isRGBOverlayLayer: got an RGB overlay layer
01-06 21:22:20.320   424   439 D hwcomposer: isSpriteLayer: got a sprite layer
01-06 21:22:20.330   424   439 D hwcomposer: isRGBOverlayLayer: got an RGB overlay layer
01-06 21:22:20.330   424   439 D hwcomposer: isSpriteLayer: got a sprite layer
01-06 21:22:20.340  1811  1811 V ViewRootImpl: IME finished event: seq=18743 handled=false event=android.view.ViewRootImpl$QueuedInputEvent@20e60cb0
01-06 21:22:20.340  1811  1858 V MtpDeviceSet: loadDevices: [], size=0
01-06 21:22:20.350   424   439 D hwcomposer: isRGBOverlayLayer: got an RGB overlay layer
01-06 21:22:20.350   424   439 D hwcomposer: isSpriteLayer: got a sprite layer
01-06 21:22:20.370   424   439 D hwcomposer: isRGBOverlayLayer: got an RGB overlay layer
01-06 21:22:20.380   424  3266 I WAKELOCK_RELEASE: TIMESTAMP=692391939779, TAG=ActivityManager-Launch, TYPE=PARTIAL_WAKE_LOCK             , COUNT=0, PID=424, UID=1000
01-06 21:22:20.380   424   439 D hwcomposer: isRGBOverlayLayer: got an RGB overlay layer
01-06 21:22:20.400   424   439 D hwcomposer: isRGBOverlayLayer: got an RGB overlay layer
01-06 21:22:20.420   424   439 D hwcomposer: isRGBOverlayLayer: got an RGB overlay layer
01-06 21:22:20.440   424   439 D hwcomposer: isRGBOverlayLayer: got an RGB overlay layer
01-06 21:22:20.450   424   439 D hwcomposer: isRGBOverlayLayer: got an RGB overlay layer
01-06 21:22:20.470   424   439 D hwcomposer: isRGBOverlayLayer: got an RGB overlay layer
01-06 21:22:20.490   424   439 D hwcomposer: isRGBOverlayLayer: got an RGB overlay layer
01-06 21:22:20.500   424   439 D hwcomposer: isRGBOverlayLayer: got an RGB overlay layer
01-06 21:22:20.520  1811  1811 V ViewRootImpl: Sending key event to IME: seq=18748 event=KeyEvent { action=ACTION_DOWN, keyCode=KEYCODE_DPAD_UP, scanCode=0, metaState=0, flags=0x8, repeatCount=0, eventTime=692534, downTime=692534, deviceId=-1, source=0x101 }
01-06 21:22:20.520   424   439 D hwcomposer: isRGBOverlayLayer: got an RGB overlay layer
01-06 21:22:20.520  1811  1811 V ViewRootImpl: IME finished event: seq=18748 handled=false event=android.view.ViewRootImpl$QueuedInputEvent@20e60cb0
01-06 21:22:20.530  1811  1811 V ViewRootImpl: Sending key event to IME: seq=18749 event=KeyEvent { action=ACTION_UP, keyCode=KEYCODE_DPAD_UP, scanCode=0, metaState=0, flags=0x8, repeatCount=0, eventTime=692536, downTime=692536, deviceId=-1, source=0x101 }
01-06 21:22:20.530  1811  1811 V ViewRootImpl: IME finished event: seq=18749 handled=false event=android.view.ViewRootImpl$QueuedInputEvent@20e60cb0
01-06 21:22:20.540   424   439 D hwcomposer: isRGBOverlayLayer: got an RGB overlay layer
01-06 21:22:20.560   424   439 D hwcomposer: isRGBOverlayLayer: got an RGB overlay layer
01-06 21:22:20.570   424   439 D hwcomposer: isRGBOverlayLayer: got an RGB overlay layer
01-06 21:22:20.590   424   439 D hwcomposer: isRGBOverlayLayer: got an RGB overlay layer
01-06 21:22:20.610   424   439 D hwcomposer: isRGBOverlayLayer: got an RGB overlay layer
01-06 21:22:20.620   424   439 D hwcomposer: isRGBOverlayLayer: got an RGB overlay layer
01-06 21:22:20.640   424   439 D hwcomposer: isRGBOverlayLayer: got an RGB overlay layer
01-06 21:22:20.660   424   449 I am_destroy_activity: [0,553809128,10,com.android.gallery3d/.settings.GallerySettings,finish-imm]
01-06 21:22:20.660   424   439 D hwcomposer: isRGBOverlayLayer: got an RGB overlay layer
01-06 21:22:20.680   424   439 D hwcomposer: isRGBOverlayLayer: got an RGB overlay layer
01-06 21:22:20.850  1811  1811 V ViewRootImpl: Sending trackball event to IME: seq=18758 event=MotionEvent { action=ACTION_MOVE, id[0]=0, x[0]=3.0, y[0]=4.0, toolType[0]=TOOL_TYPE_UNKNOWN, buttonState=0, metaState=0, flags=0x0, edgeFlags=0x0, pointerCount=1, historySize=8, eventTime=692856, downTime=-1, deviceId=0, source=0x10004 }
01-06 21:22:20.850  1811  1811 V ViewRootImpl: IME finished event: seq=18758 handled=false event=android.view.ViewRootImpl$QueuedInputEvent@20e60cb0
01-06 21:22:20.850  1811  1811 V ViewRootImpl: Sending key event to IME: seq=18759 event=KeyEvent { action=ACTION_DOWN, keyCode=KEYCODE_DPAD_DOWN, scanCode=0, metaState=0, flags=0x400, repeatCount=0, eventTime=692863, downTime=692863, deviceId=-1, source=0x101 }
01-06 21:22:20.850  1811  1811 V ViewRootImpl: IME finished event: seq=18759 handled=false event=android.view.ViewRootImpl$QueuedInputEvent@20e600a0
01-06 21:22:20.850  1811  1811 V ViewRootImpl: Sending key event to IME: seq=18760 event=KeyEvent { action=ACTION_UP, keyCode=KEYCODE_DPAD_DOWN, scanCode=0, metaState=0, flags=0x400, repeatCount=0, eventTime=692863, downTime=692863, deviceId=-1, source=0x101 }
01-06 21:22:20.850  1811  1811 V ViewRootImpl: IME finished event: seq=18760 handled=false event=android.view.ViewRootImpl$QueuedInputEvent@20e5bdf0
01-06 21:22:20.850  1811  1811 V ViewRootImpl: Sending key event to IME: seq=18761 event=KeyEvent { action=ACTION_DOWN, keyCode=KEYCODE_DPAD_DOWN, scanCode=0, metaState=0, flags=0x400, repeatCount=0, eventTime=692863, downTime=692863, deviceId=-1, source=0x101 }
01-06 21:22:20.850  1811  1811 V ViewRootImpl: IME finished event: seq=18761 handled=false event=android.view.ViewRootImpl$QueuedInputEvent@20e5eec8
01-06 21:22:20.860  1811  1811 V ViewRootImpl: Sending key event to IME: seq=18762 event=KeyEvent { action=ACTION_UP, keyCode=KEYCODE_DPAD_DOWN, scanCode=0, metaState=0, flags=0x400, repeatCount=0, eventTime=692863, downTime=692863, deviceId=-1, source=0x101 }
01-06 21:22:20.860  1811  1811 V ViewRootImpl: IME finished event: seq=18762 handled=false event=android.view.ViewRootImpl$QueuedInputEvent@20e61068
01-06 21:22:20.860  1811  1811 V ViewRootImpl: Sending key event to IME: seq=18763 event=KeyEvent { action=ACTION_DOWN, keyCode=KEYCODE_DPAD_DOWN, scanCode=0, metaState=0, flags=0x400, repeatCount=0, eventTime=692863, downTime=692863, deviceId=-1, source=0x101 }
01-06 21:22:20.860  1811  1811 V ViewRootImpl: IME finished event: seq=18763 handled=false event=android.view.ViewRootImpl$QueuedInputEvent@20e5f1a8
01-06 21:22:20.860  1811  1811 V ViewRootImpl: Sending key event to IME: seq=18764 event=KeyEvent { action=ACTION_UP, keyCode=KEYCODE_DPAD_DOWN, scanCode=0, metaState=0, flags=0x400, repeatCount=0, eventTime=692863, downTime=692863, deviceId=-1, source=0x101 }
01-06 21:22:20.860  1811  1811 V ViewRootImpl: IME finished event: seq=18764 handled=false event=android.view.ViewRootImpl$QueuedInputEvent@20e64750
01-06 21:22:20.860  1811  1811 V ViewRootImpl: Sending key event to IME: seq=18765 event=KeyEvent { action=ACTION_DOWN, keyCode=KEYCODE_DPAD_DOWN, scanCode=0, metaState=0, flags=0x400, repeatCount=0, eventTime=692863, downTime=692863, deviceId=-1, source=0x101 }
01-06 21:22:20.860  1811  1811 V ViewRootImpl: IME finished event: seq=18765 handled=false event=android.view.ViewRootImpl$QueuedInputEvent@20e5fb48
01-06 21:22:20.860  1811  1811 V ViewRootImpl: Sending key event to IME: seq=18766 event=KeyEvent { action=ACTION_UP, keyCode=KEYCODE_DPAD_DOWN, scanCode=0, metaState=0, flags=0x400, repeatCount=0, eventTime=692863, downTime=692863, deviceId=-1, source=0x101 }
01-06 21:22:20.870  1811  1811 V ViewRootImpl: IME finished event: seq=18766 handled=false event=android.view.ViewRootImpl$QueuedInputEvent@215ac460
01-06 21:22:20.870  1811  1811 V ViewRootImpl: Sending trackball event to IME: seq=18767 event=MotionEvent { action=ACTION_MOVE, id[0]=0, x[0]=-1.0, y[0]=-4.0, toolType[0]=TOOL_TYPE_UNKNOWN, buttonState=0, metaState=0, flags=0x0, edgeFlags=0x0, pointerCount=1, historySize=0, eventTime=692857, downTime=-1, deviceId=0, source=0x10004 }
01-06 21:22:20.870  1811  1811 V ViewRootImpl: IME finished event: seq=18767 handled=false event=android.view.ViewRootImpl$QueuedInputEvent@20e5fb48
01-06 21:22:20.870  1811  1811 V ViewRootImpl: Sending key event to IME: seq=18768 event=KeyEvent { action=ACTION_DOWN, keyCode=KEYCODE_DPAD_UP, scanCode=0, metaState=0, flags=0x400, repeatCount=0, eventTime=692883, downTime=692883, deviceId=-1, source=0x101 }
01-06 21:22:20.870  1811  1811 V ViewRootImpl: IME finished event: seq=18768 handled=false event=android.view.ViewRootImpl$QueuedInputEvent@215ac460
01-06 21:22:20.870  1811  1811 V ViewRootImpl: Sending key event to IME: seq=18769 event=KeyEvent { action=ACTION_UP, keyCode=KEYCODE_DPAD_UP, scanCode=0, metaState=0, flags=0x400, repeatCount=0, eventTime=692883, downTime=692883, deviceId=-1, source=0x101 }
01-06 21:22:20.870  1811  1811 V ViewRootImpl: IME finished event: seq=18769 handled=false event=android.view.ViewRootImpl$QueuedInputEvent@20e64750
01-06 21:22:20.870  1811  1811 V ViewRootImpl: Sending key event to IME: seq=18770 event=KeyEvent { action=ACTION_DOWN, keyCode=KEYCODE_DPAD_UP, scanCode=0, metaState=0, flags=0x400, repeatCount=0, eventTime=692883, downTime=692883, deviceId=-1, source=0x101 }
01-06 21:22:20.870  1811  1811 V ViewRootImpl: IME finished event: seq=18770 handled=false event=android.view.ViewRootImpl$QueuedInputEvent@20e5f1a8
01-06 21:22:20.870  1811  1811 V ViewRootImpl: Sending key event to IME: seq=18771 event=KeyEvent { action=ACTION_UP, keyCode=KEYCODE_DPAD_UP, scanCode=0, metaState=0, flags=0x400, repeatCount=0, eventTime=692883, downTime=692883, deviceId=-1, source=0x101 }
01-06 21:22:20.880  1811  1811 V ViewRootImpl: IME finished event: seq=18771 handled=false event=android.view.ViewRootImpl$QueuedInputEvent@20e61068
01-06 21:22:20.880  1811  1811 V ViewRootImpl: Sending key event to IME: seq=18772 event=KeyEvent { action=ACTION_DOWN, keyCode=KEYCODE_DPAD_UP, scanCode=0, metaState=0, flags=0x400, repeatCount=0, eventTime=692883, downTime=692883, deviceId=-1, source=0x101 }
01-06 21:22:20.880  1811  1811 V ViewRootImpl: IME finished event: seq=18772 handled=false event=android.view.ViewRootImpl$QueuedInputEvent@20e5eec8
01-06 21:22:20.880  1811  1811 V ViewRootImpl: Sending key event to IME: seq=18773 event=KeyEvent { action=ACTION_UP, keyCode=KEYCODE_DPAD_UP, scanCode=0, metaState=0, flags=0x400, repeatCount=0, eventTime=692883, downTime=692883, deviceId=-1, source=0x101 }
01-06 21:22:20.880  1811  1811 V ViewRootImpl: IME finished event: seq=18773 handled=false event=android.view.ViewRootImpl$QueuedInputEvent@20e5bdf0
01-06 21:22:20.880  1811  1811 V ViewRootImpl: Sending key event to IME: seq=18774 event=KeyEvent { action=ACTION_DOWN, keyCode=KEYCODE_DPAD_UP, scanCode=0, metaState=0, flags=0x400, repeatCount=0, eventTime=692883, downTime=692883, deviceId=-1, source=0x101 }
01-06 21:22:20.880  1811  1811 V ViewRootImpl: IME finished event: seq=18774 handled=false event=android.view.ViewRootImpl$QueuedInputEvent@20e600a0
01-06 21:22:20.880  1811  1811 V ViewRootImpl: Sending key event to IME: seq=18775 event=KeyEvent { action=ACTION_UP, keyCode=KEYCODE_DPAD_UP, scanCode=0, metaState=0, flags=0x400, repeatCount=0, eventTime=692883, downTime=692883, deviceId=-1, source=0x101 }
01-06 21:22:20.880  1811  1811 V ViewRootImpl: IME finished event: seq=18775 handled=false event=android.view.ViewRootImpl$QueuedInputEvent@20e60cb0
01-06 21:22:20.880  1811  1811 V ViewRootImpl: Sending key event to IME: seq=18776 event=KeyEvent { action=ACTION_DOWN, keyCode=KEYCODE_MENU, scanCode=0, metaState=0, flags=0x8, repeatCount=0, eventTime=692857, downTime=692857, deviceId=-1, source=0x101 }
01-06 21:22:20.890  1811  1811 V ViewRootImpl: IME finished event: seq=18776 handled=false event=android.view.ViewRootImpl$QueuedInputEvent@20e5fb48
01-06 21:22:20.890  1811  1811 V ViewRootImpl: Sending key event to IME: seq=18777 event=KeyEvent { action=ACTION_UP, keyCode=KEYCODE_MENU, scanCode=0, metaState=0, flags=0x8, repeatCount=0, eventTime=692884, downTime=692884, deviceId=-1, source=0x101 }
01-06 21:22:20.890  1811  1811 I menu_opened: 0
01-06 21:22:20.890  1811  1811 V ViewRootImpl: IME finished event: seq=18777 handled=false event=android.view.ViewRootImpl$QueuedInputEvent@20e5fb48
01-06 21:22:20.890   148   423 I AudioPolicyManagerBase: APM: getOutput
01-06 21:22:20.890   148   505 I AudioPolicyManagerBase: APM: getOutput
01-06 21:22:20.890   148   504 I AudioPolicyManagerBase: APM: getOutput
01-06 21:22:20.890   148   423 D AudioPolicyManagerALSA: startOutput() output 2, stream type 1, session 747
01-06 21:22:20.910   148   421 D AudioFlinger: reconfig due to o/p flag ?
01-06 21:22:20.910   148   421 D AudioHardwareALSA: setStreamParameters: key value pair routing=2;stream_flags=2
01-06 21:22:20.910   148   421 D RouteManager: setOutputFlags: output flags = 0x2 (Prev Flags=0x2)
01-06 21:22:20.910   148   421 D RouteManager: setDevices: set device = IHF to output stream
01-06 21:22:20.910   148   421 D RouteManager: setStreamParameters: identical Platform State, do not reconsider routing
01-06 21:22:20.920   424   439 D hwcomposer: isRGBOverlayLayer: got an RGB overlay layer
01-06 21:22:20.930   148   421 D AudioResamplerIA: Create AudioResamplerIA Resampler: Input rate 44100, output rate 48000
01-06 21:22:20.950   424   439 D hwcomposer: isRGBOverlayLayer: got an RGB overlay layer
01-06 21:22:20.970   424   439 D hwcomposer: isRGBOverlayLayer: got an RGB overlay layer
01-06 21:22:20.980   424   439 D hwcomposer: isRGBOverlayLayer: got an RGB overlay layer
01-06 21:22:21.000   424   439 D hwcomposer: isRGBOverlayLayer: got an RGB overlay layer
01-06 21:22:21.020   424   439 D hwcomposer: isRGBOverlayLayer: got an RGB overlay layer
01-06 21:22:21.040   424   439 D hwcomposer: isRGBOverlayLayer: got an RGB overlay layer
01-06 21:22:21.050   424   439 D hwcomposer: isRGBOverlayLayer: got an RGB overlay layer
01-06 21:22:21.070   424   439 D hwcomposer: isRGBOverlayLayer: got an RGB overlay layer
01-06 21:22:21.090   424   439 D hwcomposer: isRGBOverlayLayer: got an RGB overlay layer
01-06 21:22:21.110   424   439 D hwcomposer: isRGBOverlayLayer: got an RGB overlay layer
01-06 21:22:21.120   424   439 D hwcomposer: isRGBOverlayLayer: got an RGB overlay layer
01-06 21:22:21.130   424   699 W InputMethodManagerService: Window already focused, ignoring focus gain of: com.android.internal.view.IInputMethodClient$Stub$Proxy@20eb0d18 attribute=android.view.inputmethod.EditorInfo@2100a050, token = android.os.BinderProxy@20ff5a60
01-06 21:22:21.140   424   439 D hwcomposer: isRGBOverlayLayer: got an RGB overlay layer
01-06 21:22:21.160   424   439 D hwcomposer: isRGBOverlayLayer: got an RGB overlay layer
01-06 21:22:21.170   424   439 D hwcomposer: isRGBOverlayLayer: got an RGB overlay layer
01-06 21:22:21.190   424   439 D hwcomposer: isRGBOverlayLayer: got an RGB overlay layer
01-06 21:22:21.210   424   439 D hwcomposer: isRGBOverlayLayer: got an RGB overlay layer
01-06 21:22:21.220   424   439 D hwcomposer: isRGBOverlayLayer: got an RGB overlay layer
01-06 21:22:21.240   424   439 D hwcomposer: isRGBOverlayLayer: got an RGB overlay layer
01-06 21:22:21.260   424   439 D hwcomposer: isRGBOverlayLayer: got an RGB overlay layer
01-06 21:22:21.280   424   439 D hwcomposer: isRGBOverlayLayer: got an RGB overlay layer
01-06 21:22:21.290   424   439 D hwcomposer: isRGBOverlayLayer: got an RGB overlay layer
01-06 21:22:21.300  1811  1811 V ViewRootImpl: Sending key event to IME: seq=18787 event=KeyEvent { action=ACTION_DOWN, keyCode=KEYCODE_DPAD_UP, scanCode=0, metaState=0, flags=0x8, repeatCount=0, eventTime=693317, downTime=693317, deviceId=-1, source=0x101 }
01-06 21:22:21.300  1811  1811 V ViewRootImpl: IME finished event: seq=18787 handled=false event=android.view.ViewRootImpl$QueuedInputEvent@20e5fb48
01-06 21:22:21.310  1811  1811 V ViewRootImpl: Sending key event to IME: seq=18788 event=KeyEvent { action=ACTION_UP, keyCode=KEYCODE_DPAD_UP, scanCode=0, metaState=0, flags=0x8, repeatCount=0, eventTime=693318, downTime=693318, deviceId=-1, source=0x101 }
01-06 21:22:21.310  1811  1811 V ViewRootImpl: IME finished event: seq=18788 handled=false event=android.view.ViewRootImpl$QueuedInputEvent@20e5fb48
01-06 21:22:21.310   424   439 D hwcomposer: isRGBOverlayLayer: got an RGB overlay layer
01-06 21:22:21.310   148   421 D AudioFlinger: reconfig due to o/p flag ?
01-06 21:22:21.310   148   421 D AudioHardwareALSA: setStreamParameters: key value pair routing=2
01-06 21:22:21.310   148   421 D RouteManager: setDevices: set device = IHF to output stream
01-06 21:22:21.310   148   421 D RouteManager: setStreamParameters: identical Platform State, do not reconsider routing
01-06 21:22:21.330   424   439 D hwcomposer: isRGBOverlayLayer: got an RGB overlay layer
01-06 21:22:21.340   424   439 D hwcomposer: isRGBOverlayLayer: got an RGB overlay layer
01-06 21:22:21.360   424   439 D hwcomposer: isRGBOverlayLayer: got an RGB overlay layer
01-06 21:22:21.380   424   439 D hwcomposer: isRGBOverlayLayer: got an RGB overlay layer
01-06 21:22:21.400   424   439 D hwcomposer: isRGBOverlayLayer: got an RGB overlay layer
01-06 21:22:21.410  1811  1811 V ViewRootImpl: Sending key event to IME: seq=18789 event=KeyEvent { action=ACTION_DOWN, keyCode=KEYCODE_BUTTON_C, scanCode=0, metaState=0, flags=0x8, repeatCount=0, eventTime=693421, downTime=693421, deviceId=-1, source=0x101 }
01-06 21:22:21.410  1811  1811 V ViewRootImpl: IME finished event: seq=18789 handled=false event=android.view.ViewRootImpl$QueuedInputEvent@20e5fb48
01-06 21:22:21.410  1811  1811 V ViewRootImpl: Sending key event to IME: seq=18790 event=KeyEvent { action=ACTION_DOWN, keyCode=KEYCODE_BACK, scanCode=0, metaState=0, flags=0x8, repeatCount=0, eventTime=693421, downTime=693421, deviceId=-1, source=0x101 }
01-06 21:22:21.410  1811  1811 V ViewRootImpl: IME finished event: seq=18790 handled=false event=android.view.ViewRootImpl$QueuedInputEvent@20e5fb48
01-06 21:22:21.410  1811  1811 V ViewRootImpl: Sending key event to IME: seq=18791 event=KeyEvent { action=ACTION_UP, keyCode=KEYCODE_BUTTON_C, scanCode=0, metaState=0, flags=0x8, repeatCount=0, eventTime=693423, downTime=693423, deviceId=-1, source=0x101 }
01-06 21:22:21.410  1811  1811 V ViewRootImpl: IME finished event: seq=18791 handled=false event=android.view.ViewRootImpl$QueuedInputEvent@20e5fb48
01-06 21:22:21.420  1811  1811 V ViewRootImpl: Sending key event to IME: seq=18792 event=KeyEvent { action=ACTION_UP, keyCode=KEYCODE_BACK, scanCode=0, metaState=0, flags=0x8, repeatCount=0, eventTime=693423, downTime=693423, deviceId=-1, source=0x101 }
01-06 21:22:21.420   424   699 I am_finish_activity: [0,551517168,10,com.android.gallery3d/.app.Gallery,app-request]
01-06 21:22:21.420  1811  1811 V ViewRootImpl: IME finished event: seq=18792 handled=false event=android.view.ViewRootImpl$QueuedInputEvent@20e5fb48
01-06 21:22:21.470   424   699 I am_pause_activity: [0,551517168,com.android.gallery3d/.app.Gallery]
01-06 21:22:21.470   424   699 D dalvikvm: GC_FOR_ALLOC freed 2134K, 34% free 9443K/14184K, paused 41ms, total 41ms
01-06 21:22:21.480   424   699 I WAKELOCK_ACQUIRE: TIMESTAMP=693488349950, TAG=ActivityManager-Launch, TYPE=PARTIAL_WAKE_LOCK             , COUNT=0, PID=424, UID=1000
01-06 21:22:21.480  1811  1811 V StateManager: no more state, finish activity
01-06 21:22:21.480  1811  1811 V StateManager: finishState com.android.gallery3d.app.AlbumSetPage@211617e8
01-06 21:22:21.490  1811  1811 I am_on_paused_called: [0,com.android.gallery3d.app.Gallery]
01-06 21:22:21.490   424   713 I am_resume_activity: [0,555732528,10,com.android.gallery3d/com.android.camera.ProxyLauncher]
01-06 21:22:21.490   424   424 I am_finish_activity: [0,555732528,10,com.android.gallery3d/com.android.camera.ProxyLauncher,app-request]
01-06 21:22:21.500   424   424 I WAKELOCK_ACQUIRE: TIMESTAMP=693509568197, TAG=ActivityManager-Launch, TYPE=PARTIAL_WAKE_LOCK             , COUNT=0, PID=424, UID=1000
01-06 21:22:21.500   424   424 I am_pause_activity: [0,555732528,com.android.gallery3d/com.android.camera.ProxyLauncher]
01-06 21:22:21.510   424   435 I WAKELOCK_ACQUIRE: TIMESTAMP=693519075205, TAG=WindowManager, TYPE=SCREEN_BRIGHT_WAKE_LOCK       , COUNT=0, PID=424, UID=1000
01-06 21:22:21.520   424   439 D hwcomposer: isRGBOverlayLayer: got an RGB overlay layer
01-06 21:22:21.530   424   435 I am_resume_activity: [0,553649616,10,com.android.gallery3d/com.android.camera.CameraLauncher]
01-06 21:22:21.530   424   439 D hwcomposer: isRGBOverlayLayer: got an RGB overlay layer
01-06 21:22:21.550   424   439 D hwcomposer: isRGBOverlayLayer: got an RGB overlay layer
01-06 21:22:21.580  1811  3952 I GalleryEGLConfigChooser: Config chosen: R8 G8 B8 A8 D24 S8 ID1 CAVEAT12344 
01-06 21:22:21.580   424   699 W SensorService: sensor 00000003 already enabled in connection 0x623dd8e0 (ignoring)
01-06 21:22:21.580   424   439 D hwcomposer: bool IntelOverlayContext::disable(): disable overlay...
01-06 21:22:21.590  1811  1811 D CameraStorage: External storage state=mounted
01-06 21:22:21.590  1811  4019 V CameraHolder: Attempt to connect camera 1the 1 time
01-06 21:22:21.590   148   505 D Camera_HAL: ATOM_GetCameraInfo
01-06 21:22:21.590   148   505 I AwesomePlayer: setDataSource_l(URL suppressed)
01-06 21:22:21.590  1811  1811 I am_on_resume_called: [0,com.android.camera.CameraLauncher]
