01-06 21:22:30.810   148  4083 D         : ia_3a_af_main: cur:5200, next:259
01-06 21:22:30.820  1811  1811 V ViewRootImpl: IME finished event: seq=19097 handled=false event=android.view.ViewRootImpl$QueuedInputEvent@20dc0398
01-06 21:22:30.820  1811  1811 V ViewRootImpl: Sending key event to IME: seq=19098 event=KeyEvent { action=ACTION_DOWN, keyCode=KEYCODE_DPAD_UP, scanCode=0, metaState=0, flags=0x400, repeatCount=0, eventTime=702832, downTime=702832, deviceId=-1, source=0x101 }
01-06 21:22:30.820  1811  1811 V ViewRootImpl: IME finished event: seq=19098 handled=false event=android.view.ViewRootImpl$QueuedInputEvent@20dbfb88
01-06 21:22:30.820  1811  1811 V ViewRootImpl: Sending key event to IME: seq=19099 event=KeyEvent { action=ACTION_UP, keyCode=KEYCODE_DPAD_UP, scanCode=0, metaState=0, flags=0x400, repeatCount=0, eventTime=702832, downTime=702832, deviceId=-1, source=0x101 }
01-06 21:22:30.820  1811  1811 V ViewRootImpl: IME finished event: seq=19099 handled=false event=android.view.ViewRootImpl$QueuedInputEvent@2127cda8
01-06 21:22:30.820  1811  1811 V ViewRootImpl: Sending key event to IME: seq=19100 event=KeyEvent { action=ACTION_DOWN, keyCode=KEYCODE_DPAD_UP, scanCode=0, metaState=0, flags=0x400, repeatCount=0, eventTime=702833, downTime=702833, deviceId=-1, source=0x101 }
01-06 21:22:30.820  1811  1811 V ViewRootImpl: IME finished event: seq=19100 handled=false event=android.view.ViewRootImpl$QueuedInputEvent@2129d790
01-06 21:22:30.830  1811  1811 V ViewRootImpl: Sending key event to IME: seq=19101 event=KeyEvent { action=ACTION_UP, keyCode=KEYCODE_DPAD_UP, scanCode=0, metaState=0, flags=0x400, repeatCount=0, eventTime=702833, downTime=702833, deviceId=-1, source=0x101 }
01-06 21:22:30.830  1811  1811 V ViewRootImpl: IME finished event: seq=19101 handled=false event=android.view.ViewRootImpl$QueuedInputEvent@20dc0368
01-06 21:22:30.830  1811  1811 V ViewRootImpl: Sending key event to IME: seq=19102 event=KeyEvent { action=ACTION_DOWN, keyCode=KEYCODE_MENU, scanCode=0, metaState=0, flags=0x8, repeatCount=0, eventTime=702810, downTime=702810, deviceId=-1, source=0x101 }
01-06 21:22:30.830  1811  1811 V ViewRootImpl: IME finished event: seq=19102 handled=false event=android.view.ViewRootImpl$QueuedInputEvent@20dc0398
01-06 21:22:30.830  1811  1811 V ViewRootImpl: Sending key event to IME: seq=19103 event=KeyEvent { action=ACTION_UP, keyCode=KEYCODE_MENU, scanCode=0, metaState=0, flags=0x8, repeatCount=0, eventTime=702834, downTime=702834, deviceId=-1, source=0x101 }
01-06 21:22:30.840  1811  1811 I menu_opened: 0
01-06 21:22:30.840  1811  1811 V ViewRootImpl: IME finished event: seq=19103 handled=false event=android.view.ViewRootImpl$QueuedInputEvent@20dc0398
01-06 21:22:30.840   148   504 I AudioPolicyManagerBase: APM: getOutput
01-06 21:22:30.840   148   148 I AudioPolicyManagerBase: APM: getOutput
01-06 21:22:30.840   148   505 I AudioPolicyManagerBase: APM: getOutput
01-06 21:22:30.840   148   504 D AudioPolicyManagerALSA: startOutput() output 2, stream type 1, session 771
01-06 21:22:30.870   148   421 D AudioResamplerIA: Create AudioResamplerIA Resampler: Input rate 44100, output rate 48000
01-06 21:22:30.880   148  4083 D         : ia_3a_af_main: cur:5200, next:259
01-06 21:22:30.880   424   439 D hwcomposer: isSpriteLayer: got a sprite layer
01-06 21:22:30.900   424   439 D hwcomposer: isSpriteLayer: got a sprite layer
01-06 21:22:30.910   424   439 D hwcomposer: isSpriteLayer: got a sprite layer
01-06 21:22:30.930   424   439 D hwcomposer: isSpriteLayer: got a sprite layer
01-06 21:22:30.940   148  4083 D         : ia_3a_af_main: cur:5200, next:259
01-06 21:22:30.950   424   439 D hwcomposer: isSpriteLayer: got a sprite layer
01-06 21:22:30.960   424   439 D hwcomposer: isSpriteLayer: got a sprite layer
01-06 21:22:31.000   424   424 W InputMethodManagerService: Window already focused, ignoring focus gain of: com.android.internal.view.IInputMethodClient$Stub$Proxy@21020598 attribute=null, token = android.os.BinderProxy@20db0728
01-06 21:22:31.000   148  4083 D         : ia_3a_af_main: cur:5200, next:259
01-06 21:22:31.030   148   421 D AudioFlinger: reconfig due to o/p flag ?
01-06 21:22:31.030   148   421 D AudioHardwareALSA: setStreamParameters: key value pair routing=2;stream_flags=2
01-06 21:22:31.030   148   421 D RouteManager: setOutputFlags: output flags = 0x2 (Prev Flags=0x2)
01-06 21:22:31.030   148   421 D RouteManager: setDevices: set device = IHF to output stream
01-06 21:22:31.030   148   421 D RouteManager: setStreamParameters: identical Platform State, do not reconsider routing
01-06 21:22:31.070   148  4083 D         : ia_3a_af_main: cur:5200, next:259
01-06 21:22:31.070  1811  1811 V ViewRootImpl: Sending trackball event to IME: seq=19116 event=MotionEvent { action=ACTION_MOVE, id[0]=0, x[0]=0.0, y[0]=3.0, toolType[0]=TOOL_TYPE_UNKNOWN, buttonState=0, metaState=0, flags=0x0, edgeFlags=0x0, pointerCount=1, historySize=9, eventTime=703073, downTime=-1, deviceId=0, source=0x10004 }
01-06 21:22:31.070  1811  1811 V ViewRootImpl: IME finished event: seq=19116 handled=false event=android.view.ViewRootImpl$QueuedInputEvent@20dc0398
01-06 21:22:31.070  1811  1811 V ViewRootImpl: Sending key event to IME: seq=19117 event=KeyEvent { action=ACTION_DOWN, keyCode=KEYCODE_DPAD_DOWN, scanCode=0, metaState=0, flags=0x400, repeatCount=0, eventTime=703087, downTime=703087, deviceId=-1, source=0x101 }
01-06 21:22:31.080  1811  1811 V ViewRootImpl: IME finished event: seq=19117 handled=false event=android.view.ViewRootImpl$QueuedInputEvent@20dc0368
01-06 21:22:31.080  1811  1811 V ViewRootImpl: Sending key event to IME: seq=19118 event=KeyEvent { action=ACTION_UP, keyCode=KEYCODE_DPAD_DOWN, scanCode=0, metaState=0, flags=0x400, repeatCount=0, eventTime=703087, downTime=703087, deviceId=-1, source=0x101 }
01-06 21:22:31.080  1811  1811 V ViewRootImpl: IME finished event: seq=19118 handled=false event=android.view.ViewRootImpl$QueuedInputEvent@2129d790
01-06 21:22:31.080  1811  1811 V ViewRootImpl: Sending key event to IME: seq=19119 event=KeyEvent { action=ACTION_DOWN, keyCode=KEYCODE_DPAD_DOWN, scanCode=0, metaState=0, flags=0x400, repeatCount=0, eventTime=703088, downTime=703088, deviceId=-1, source=0x101 }
01-06 21:22:31.080  1811  1811 V ViewRootImpl: IME finished event: seq=19119 handled=false event=android.view.ViewRootImpl$QueuedInputEvent@2127cda8
01-06 21:22:31.080  1811  1811 V ViewRootImpl: Sending key event to IME: seq=19120 event=KeyEvent { action=ACTION_UP, keyCode=KEYCODE_DPAD_DOWN, scanCode=0, metaState=0, flags=0x400, repeatCount=0, eventTime=703088, downTime=703088, deviceId=-1, source=0x101 }
01-06 21:22:31.080  1811  1811 V ViewRootImpl: IME finished event: seq=19120 handled=false event=android.view.ViewRootImpl$QueuedInputEvent@20dbfb88
01-06 21:22:31.080  1811  1811 V ViewRootImpl: Sending key event to IME: seq=19121 event=KeyEvent { action=ACTION_DOWN, keyCode=KEYCODE_DPAD_DOWN, scanCode=0, metaState=0, flags=0x400, repeatCount=0, eventTime=703088, downTime=703088, deviceId=-1, source=0x101 }
01-06 21:22:31.090  1811  1811 V ViewRootImpl: IME finished event: seq=19121 handled=false event=android.view.ViewRootImpl$QueuedInputEvent@20dc13e8
01-06 21:22:31.090  1811  1811 V ViewRootImpl: Sending key event to IME: seq=19122 event=KeyEvent { action=ACTION_UP, keyCode=KEYCODE_DPAD_DOWN, scanCode=0, metaState=0, flags=0x400, repeatCount=0, eventTime=703088, downTime=703088, deviceId=-1, source=0x101 }
01-06 21:22:31.090  1811  1811 V ViewRootImpl: IME finished event: seq=19122 handled=false event=android.view.ViewRootImpl$QueuedInputEvent@20d6fd08
01-06 21:22:31.090  1811  1811 V ViewRootImpl: Sending key event to IME: seq=19123 event=KeyEvent { action=ACTION_DOWN, keyCode=KEYCODE_DPAD_DOWN, scanCode=0, metaState=0, flags=0x8, repeatCount=0, eventTime=703074, downTime=703074, deviceId=-1, source=0x101 }
01-06 21:22:31.100  1811  1811 V ViewRootImpl: IME finished event: seq=19123 handled=false event=android.view.ViewRootImpl$QueuedInputEvent@20dc0398
01-06 21:22:31.100  1811  1811 V ViewRootImpl: Sending key event to IME: seq=19124 event=KeyEvent { action=ACTION_UP, keyCode=KEYCODE_DPAD_DOWN, scanCode=0, metaState=0, flags=0x8, repeatCount=0, eventTime=703089, downTime=703089, deviceId=-1, source=0x101 }
01-06 21:22:31.100  1811  1811 V ViewRootImpl: IME finished event: seq=19124 handled=false event=android.view.ViewRootImpl$QueuedInputEvent@20dc0398
01-06 21:22:31.130   148  4083 D         : ia_3a_af_main: cur:5200, next:259
01-06 21:22:31.150   424   439 D hwcomposer: isSpriteLayer: got a sprite layer
01-06 21:22:31.170   424   439 D hwcomposer: isSpriteLayer: got a sprite layer
01-06 21:22:31.190   424   439 D hwcomposer: isSpriteLayer: got a sprite layer
01-06 21:22:31.200   148  4083 D         : ia_3a_af_main: cur:5200, next:259
01-06 21:22:31.200  1811  1811 V ViewRootImpl: Sending key event to IME: seq=19125 event=KeyEvent { action=ACTION_DOWN, keyCode=KEYCODE_DPAD_LEFT, scanCode=0, metaState=0, flags=0x8, repeatCount=0, eventTime=703211, downTime=703211, deviceId=-1, source=0x101 }
01-06 21:22:31.200  1811  1811 V ViewRootImpl: IME finished event: seq=19125 handled=false event=android.view.ViewRootImpl$QueuedInputEvent@20dc0398
01-06 21:22:31.200  1811  1811 V ViewRootImpl: Sending key event to IME: seq=19126 event=KeyEvent { action=ACTION_UP, keyCode=KEYCODE_DPAD_LEFT, scanCode=0, metaState=0, flags=0x8, repeatCount=0, eventTime=703213, downTime=703213, deviceId=-1, source=0x101 }
01-06 21:22:31.200   424   439 D hwcomposer: isSpriteLayer: got a sprite layer
01-06 21:22:31.210  1811  1811 V ViewRootImpl: IME finished event: seq=19126 handled=false event=android.view.ViewRootImpl$QueuedInputEvent@20dc0398
01-06 21:22:31.220   424   439 D hwcomposer: isSpriteLayer: got a sprite layer
01-06 21:22:31.240   424   439 D hwcomposer: isSpriteLayer: got a sprite layer
01-06 21:22:31.250   148   421 D AudioFlinger: reconfig due to o/p flag ?
01-06 21:22:31.250   148   421 D AudioHardwareALSA: setStreamParameters: key value pair routing=2
01-06 21:22:31.250   148   421 D RouteManager: setDevices: set device = IHF to output stream
01-06 21:22:31.250   148   421 D RouteManager: setStreamParameters: identical Platform State, do not reconsider routing
01-06 21:22:31.260   424   439 D hwcomposer: isSpriteLayer: got a sprite layer
01-06 21:22:31.260   148  4083 D         : ia_3a_af_main: cur:5200, next:259
01-06 21:22:31.300  1811  1811 V ViewRootImpl: Sending key event to IME: seq=19127 event=KeyEvent { action=ACTION_DOWN, keyCode=KEYCODE_DPAD_RIGHT, scanCode=0, metaState=0, flags=0x8, repeatCount=0, eventTime=703317, downTime=703317, deviceId=-1, source=0x101 }
01-06 21:22:31.310  1811  1811 V ViewRootImpl: IME finished event: seq=19127 handled=false event=android.view.ViewRootImpl$QueuedInputEvent@20dc0398
01-06 21:22:31.310  1811  1811 V ViewRootImpl: Sending key event to IME: seq=19128 event=KeyEvent { action=ACTION_UP, keyCode=KEYCODE_DPAD_RIGHT, scanCode=0, metaState=0, flags=0x8, repeatCount=0, eventTime=703318, downTime=703318, deviceId=-1, source=0x101 }
01-06 21:22:31.310  1811  1811 V ViewRootImpl: IME finished event: seq=19128 handled=false event=android.view.ViewRootImpl$QueuedInputEvent@20dc0398
01-06 21:22:31.320   148  4083 D         : ia_3a_af_main: cur:5200, next:259
01-06 21:22:31.390   148  4083 D         : ia_3a_af_main: cur:5200, next:259
01-06 21:22:31.420  1811  1811 V ViewRootImpl: Sending key event to IME: seq=19129 event=KeyEvent { action=ACTION_DOWN, keyCode=KEYCODE_ZOOM_IN, scanCode=0, metaState=0, flags=0x8, repeatCount=0, eventTime=703421, downTime=703421, deviceId=-1, source=0x101 }
01-06 21:22:31.420  1811  1811 V ViewRootImpl: IME finished event: seq=19129 handled=false event=android.view.ViewRootImpl$QueuedInputEvent@20dc0398
01-06 21:22:31.420  1811  1811 V ViewRootImpl: Sending key event to IME: seq=19130 event=KeyEvent { action=ACTION_UP, keyCode=KEYCODE_ZOOM_IN, scanCode=0, metaState=0, flags=0x8, repeatCount=0, eventTime=703423, downTime=703423, deviceId=-1, source=0x101 }
01-06 21:22:31.420  1811  1811 V ViewRootImpl: IME finished event: seq=19130 handled=false event=android.view.ViewRootImpl$QueuedInputEvent@20dc0398
01-06 21:22:31.450   148  4083 D         : ia_3a_af_main: cur:5200, next:259
01-06 21:22:31.510   148  4083 D         : ia_3a_af_main: cur:5200, next:259
01-06 21:22:31.510  1811  1811 V ViewRootImpl: Sending key event to IME: seq=19131 event=KeyEvent { action=ACTION_DOWN, keyCode=KEYCODE_MENU, scanCode=0, metaState=0, flags=0x8, repeatCount=0, eventTime=703526, downTime=703526, deviceId=-1, source=0x101 }
01-06 21:22:31.520  1811  1811 V ViewRootImpl: IME finished event: seq=19131 handled=false event=android.view.ViewRootImpl$QueuedInputEvent@20dc0398
01-06 21:22:31.520  1811  1811 V ViewRootImpl: Sending key event to IME: seq=19132 event=KeyEvent { action=ACTION_UP, keyCode=KEYCODE_MENU, scanCode=0, metaState=0, flags=0x8, repeatCount=0, eventTime=703528, downTime=703528, deviceId=-1, source=0x101 }
01-06 21:22:31.520  1811  1811 I menu_opened: 0
01-06 21:22:31.520  1811  1811 V ViewRootImpl: IME finished event: seq=19132 handled=false event=android.view.ViewRootImpl$QueuedInputEvent@20dc0398
01-06 21:22:31.530   148   148 I AudioPolicyManagerBase: APM: getOutput
01-06 21:22:31.530   148   505 I AudioPolicyManagerBase: APM: getOutput
01-06 21:22:31.530   148   423 I AudioPolicyManagerBase: APM: getOutput
01-06 21:22:31.530   148   148 D AudioPolicyManagerALSA: startOutput() output 2, stream type 1, session 772
01-06 21:22:31.540   148   421 D AudioFlinger: reconfig due to o/p flag ?
01-06 21:22:31.540   148   421 D AudioHardwareALSA: setStreamParameters: key value pair routing=2;stream_flags=2
01-06 21:22:31.540   148   421 D RouteManager: setOutputFlags: output flags = 0x2 (Prev Flags=0x2)
01-06 21:22:31.540   148   421 D RouteManager: setDevices: set device = IHF to output stream
01-06 21:22:31.540   148   421 D RouteManager: setStreamParameters: identical Platform State, do not reconsider routing
01-06 21:22:31.560   148   421 D AudioResamplerIA: Create AudioResamplerIA Resampler: Input rate 44100, output rate 48000
01-06 21:22:31.560   424   439 D hwcomposer: isSpriteLayer: got a sprite layer
01-06 21:22:31.580   148  4083 D         : ia_3a_af_main: cur:5200, next:259
01-06 21:22:31.600   424   439 D hwcomposer: isSpriteLayer: got a sprite layer
01-06 21:22:31.610   424   439 D hwcomposer: isSpriteLayer: got a sprite layer
01-06 21:22:31.630   424   439 D hwcomposer: isSpriteLayer: got a sprite layer
01-06 21:22:31.640   148  4083 D         : ia_3a_af_main: cur:5200, next:259
01-06 21:22:31.710   148  4083 D         : ia_3a_af_main: cur:5200, next:259
01-06 21:22:31.770   148  4083 D         : ia_3a_af_main: cur:5200, next:259
01-06 21:22:31.830   148  4083 D         : ia_3a_af_main: cur:5200, next:259
01-06 21:22:31.900   424   778 W InputMethodManagerService: Window already focused, ignoring focus gain of: com.android.internal.view.IInputMethodClient$Stub$Proxy@20f73188 attribute=null, token = android.os.BinderProxy@20db0728
01-06 21:22:31.900   148  4083 D         : ia_3a_af_main: cur:5200, next:259
01-06 21:22:31.960   148  4083 D         : ia_3a_af_main: cur:5200, next:259
01-06 21:22:31.970  1811  1811 V ViewRootImpl: Sending key event to IME: seq=19152 event=KeyEvent { action=ACTION_DOWN, keyCode=KEYCODE_DPAD_RIGHT, scanCode=0, metaState=0, flags=0x8, repeatCount=0, eventTime=703978, downTime=703978, deviceId=-1, source=0x101 }
01-06 21:22:31.970  1811  1811 V ViewRootImpl: IME finished event: seq=19152 handled=false event=android.view.ViewRootImpl$QueuedInputEvent@20dc0398
01-06 21:22:31.970  1811  1811 V ViewRootImpl: Sending key event to IME: seq=19153 event=KeyEvent { action=ACTION_UP, keyCode=KEYCODE_DPAD_RIGHT, scanCode=0, metaState=0, flags=0x8, repeatCount=0, eventTime=703980, downTime=703980, deviceId=-1, source=0x101 }
01-06 21:22:31.970  1811  1811 V ViewRootImpl: IME finished event: seq=19153 handled=false event=android.view.ViewRootImpl$QueuedInputEvent@20dc0398
01-06 21:22:31.970   148   421 D AudioFlinger: reconfig due to o/p flag ?
01-06 21:22:31.970   148   421 D AudioHardwareALSA: setStreamParameters: key value pair routing=2
01-06 21:22:31.970   148   421 D RouteManager: setDevices: set device = IHF to output stream
01-06 21:22:31.970   148   421 D RouteManager: setStreamParameters: identical Platform State, do not reconsider routing
01-06 21:22:32.020   148  4083 D         : ia_3a_af_main: cur:5200, next:259
01-06 21:22:32.060   424   439 D hwcomposer: isSpriteLayer: got a sprite layer
01-06 21:22:32.070  1811  1811 V ViewRootImpl: Sending key event to IME: seq=19154 event=KeyEvent { action=ACTION_DOWN, keyCode=KEYCODE_DPAD_RIGHT, scanCode=0, metaState=0, flags=0x8, repeatCount=0, eventTime=704083, downTime=704083, deviceId=-1, source=0x101 }
01-06 21:22:32.070  1811  1811 V ViewRootImpl: IME finished event: seq=19154 handled=false event=android.view.ViewRootImpl$QueuedInputEvent@20dc0398
01-06 21:22:32.070  1811  1811 V ViewRootImpl: Sending key event to IME: seq=19155 event=KeyEvent { action=ACTION_UP, keyCode=KEYCODE_DPAD_RIGHT, scanCode=0, metaState=0, flags=0x8, repeatCount=0, eventTime=704085, downTime=704085, deviceId=-1, source=0x101 }
01-06 21:22:32.070  1811  1811 V ViewRootImpl: IME finished event: seq=19155 handled=false event=android.view.ViewRootImpl$QueuedInputEvent@20dc0398
01-06 21:22:32.080   424   439 D hwcomposer: isSpriteLayer: got a sprite layer
01-06 21:22:32.090   148  4083 D         : ia_3a_af_main: cur:5200, next:259
01-06 21:22:32.100   424   439 D hwcomposer: isSpriteLayer: got a sprite layer
01-06 21:22:32.110   424   439 D hwcomposer: isSpriteLayer: got a sprite layer
01-06 21:22:32.130   424   439 D hwcomposer: isSpriteLayer: got a sprite layer
01-06 21:22:32.150   424   439 D hwcomposer: isSpriteLayer: got a sprite layer
01-06 21:22:32.150   148  4083 D         : ia_3a_af_main: cur:5200, next:259
01-06 21:22:32.160   424   439 D hwcomposer: isSpriteLayer: got a sprite layer
01-06 21:22:32.180  1811  1811 V ViewRootImpl: Sending key event to IME: seq=19156 event=KeyEvent { action=ACTION_DOWN, keyCode=KEYCODE_DPAD_CENTER, scanCode=0, metaState=0, flags=0x8, repeatCount=0, eventTime=704188, downTime=704188, deviceId=-1, source=0x101 }
01-06 21:22:32.180  1811  1811 V ViewRootImpl: IME finished event: seq=19156 handled=false event=android.view.ViewRootImpl$QueuedInputEvent@20dc0398
01-06 21:22:32.180  1811  1811 V CAM_PhotoModule: Preview size is 1280x720
01-06 21:22:32.180   148   505 D Camera_HAL: atom_set_parameters
01-06 21:22:32.180  1811  1811 V ViewRootImpl: Sending key event to IME: seq=19157 event=KeyEvent { action=ACTION_UP, keyCode=KEYCODE_DPAD_CENTER, scanCode=0, metaState=0, flags=0x8, repeatCount=0, eventTime=704189, downTime=704189, deviceId=-1, source=0x101 }
01-06 21:22:32.190  1811  1811 V ViewRootImpl: IME finished event: seq=19157 handled=false event=android.view.ViewRootImpl$QueuedInputEvent@20dc0398
01-06 21:22:32.220   148  4083 D         : ia_3a_af_main: cur:5200, next:259
01-06 21:22:32.290   148  4083 D         : ia_3a_af_main: cur:5200, next:259
01-06 21:22:32.340   148  4083 D         : ia_3a_af_main: cur:5200, next:259
01-06 21:22:32.410   148  4083 D         : ia_3a_af_main: cur:5200, next:259
01-06 21:22:32.440  1811  1811 V ViewRootImpl: Sending key event to IME: seq=19158 event=KeyEvent { action=ACTION_DOWN, keyCode=KEYCODE_DPAD_LEFT, scanCode=0, metaState=0, flags=0x8, repeatCount=0, eventTime=704450, downTime=704450, deviceId=-1, source=0x101 }
01-06 21:22:32.440  1811  1811 V ViewRootImpl: IME finished event: seq=19158 handled=false event=android.view.ViewRootImpl$QueuedInputEvent@20dc0398
01-06 21:22:32.440  1811  1811 V ViewRootImpl: Sending key event to IME: seq=19159 event=KeyEvent { action=ACTION_UP, keyCode=KEYCODE_DPAD_LEFT, scanCode=0, metaState=0, flags=0x8, repeatCount=0, eventTime=704451, downTime=704451, deviceId=-1, source=0x101 }
01-06 21:22:32.440  1811  1811 V ViewRootImpl: IME finished event: seq=19159 handled=false event=android.view.ViewRootImpl$QueuedInputEvent@20dc0398
01-06 21:22:32.470   148  4083 D         : ia_3a_af_main: cur:5200, next:259
01-06 21:22:32.540   148  4083 D         : ia_3a_af_main: cur:5200, next:259
01-06 21:22:32.540  1811  1811 V ViewRootImpl: Sending key event to IME: seq=19160 event=KeyEvent { action=ACTION_DOWN, keyCode=KEYCODE_DPAD_UP, scanCode=0, metaState=0, flags=0x8, repeatCount=0, eventTime=704555, downTime=704555, deviceId=-1, source=0x101 }
01-06 21:22:32.540  1811  1811 V ViewRootImpl: IME finished event: seq=19160 handled=false event=android.view.ViewRootImpl$QueuedInputEvent@20dc0398
01-06 21:22:32.550  1811  1811 V ViewRootImpl: Sending key event to IME: seq=19161 event=KeyEvent { action=ACTION_UP, keyCode=KEYCODE_DPAD_UP, scanCode=0, metaState=0, flags=0x8, repeatCount=0, eventTime=704556, downTime=704556, deviceId=-1, source=0x101 }
01-06 21:22:32.550  1811  1811 V ViewRootImpl: IME finished event: seq=19161 handled=false event=android.view.ViewRootImpl$QueuedInputEvent@20dc0398
01-06 21:22:32.600   148  4083 D         : ia_3a_af_main: cur:5200, next:259
01-06 21:22:32.660   148  4083 D         : ia_3a_af_main: cur:5200, next:259
01-06 21:22:32.730   148  4083 D         : ia_3a_af_main: cur:5200, next:259
01-06 21:22:32.760  1811  1811 V ViewRootImpl: Sending trackball event to IME: seq=19166 event=MotionEvent { action=ACTION_MOVE, id[0]=0, x[0]=4.0, y[0]=1.0, toolType[0]=TOOL_TYPE_UNKNOWN, buttonState=0, metaState=0, flags=0x0, edgeFlags=0x0, pointerCount=1, historySize=11, eventTime=704773, downTime=-1, deviceId=0, source=0x10004 }
01-06 21:22:32.770  1811  1811 V ViewRootImpl: IME finished event: seq=19166 handled=false event=android.view.ViewRootImpl$QueuedInputEvent@20dc0398
01-06 21:22:32.780  1811  1811 V ViewRootImpl: Sending key event to IME: seq=19167 event=KeyEvent { action=ACTION_DOWN, keyCode=KEYCODE_DPAD_RIGHT, scanCode=0, metaState=0, flags=0x400, repeatCount=0, eventTime=704789, downTime=704789, deviceId=-1, source=0x101 }
01-06 21:22:32.780  1811  1811 V ViewRootImpl: IME finished event: seq=19167 handled=false event=android.view.ViewRootImpl$QueuedInputEvent@20d6fd08
01-06 21:22:32.780  1811  1811 V ViewRootImpl: Sending key event to IME: seq=19168 event=KeyEvent { action=ACTION_UP, keyCode=KEYCODE_DPAD_RIGHT, scanCode=0, metaState=0, flags=0x400, repeatCount=0, eventTime=704789, downTime=704789, deviceId=-1, source=0x101 }
01-06 21:22:32.780  1811  1811 V ViewRootImpl: IME finished event: seq=19168 handled=false event=android.view.ViewRootImpl$QueuedInputEvent@20dc13e8
01-06 21:22:32.780  1811  1811 V ViewRootImpl: Sending key event to IME: seq=19169 event=KeyEvent { action=ACTION_DOWN, keyCode=KEYCODE_DPAD_RIGHT, scanCode=0, metaState=0, flags=0x400, repeatCount=0, eventTime=704789, downTime=704789, deviceId=-1, source=0x101 }
01-06 21:22:32.790   148  4083 D         : ia_3a_af_main: cur:5200, next:259
01-06 21:22:32.790  1811  1811 V ViewRootImpl: IME finished event: seq=19169 handled=false event=android.view.ViewRootImpl$QueuedInputEvent@20dbfb88
01-06 21:22:32.790   148   423 I AudioPolicyManagerBase: APM: getOutput
01-06 21:22:32.790  1811  1811 V ViewRootImpl: Sending key event to IME: seq=19170 event=KeyEvent { action=ACTION_UP, keyCode=KEYCODE_DPAD_RIGHT, scanCode=0, metaState=0, flags=0x400, repeatCount=0, eventTime=704789, downTime=704789, deviceId=-1, source=0x101 }
01-06 21:22:32.790   148   504 I AudioPolicyManagerBase: APM: getOutput
01-06 21:22:32.790   148   148 I AudioPolicyManagerBase: APM: getOutput
01-06 21:22:32.800  1811  1811 V ViewRootImpl: IME finished event: seq=19170 handled=false event=android.view.ViewRootImpl$QueuedInputEvent@2127cda8
01-06 21:22:32.800   148   423 D AudioPolicyManagerALSA: startOutput() output 2, stream type 1, session 773
01-06 21:22:32.800  1811  1811 V ViewRootImpl: Sending key event to IME: seq=19171 event=KeyEvent { action=ACTION_DOWN, keyCode=KEYCODE_DPAD_RIGHT, scanCode=0, metaState=0, flags=0x400, repeatCount=0, eventTime=704789, downTime=704789, deviceId=-1, source=0x101 }
01-06 21:22:32.810  1811  1811 V ViewRootImpl: IME finished event: seq=19171 handled=false event=android.view.ViewRootImpl$QueuedInputEvent@2129d790
01-06 21:22:32.810  1811  1811 V ViewRootImpl: Sending key event to IME: seq=19172 event=KeyEvent { action=ACTION_UP, keyCode=KEYCODE_DPAD_RIGHT, scanCode=0, metaState=0, flags=0x400, repeatCount=0, eventTime=704789, downTime=704789, deviceId=-1, source=0x101 }
01-06 21:22:32.810   148   421 D AudioFlinger: reconfig due to o/p flag ?
01-06 21:22:32.810   148   421 D AudioHardwareALSA: setStreamParameters: key value pair routing=2;stream_flags=2
01-06 21:22:32.810   148   421 D RouteManager: setOutputFlags: output flags = 0x2 (Prev Flags=0x2)
01-06 21:22:32.810   148   421 D RouteManager: setDevices: set device = IHF to output stream
01-06 21:22:32.810   148   421 D RouteManager: setStreamParameters: identical Platform State, do not reconsider routing
01-06 21:22:32.810   148   505 I AudioPolicyManagerBase: APM: getOutput
01-06 21:22:32.810   148   505 I AudioPolicyManagerBase: APM: getOutput
01-06 21:22:32.810   148   504 I AudioPolicyManagerBase: APM: getOutput
01-06 21:22:32.810  1811  1811 V ViewRootImpl: IME finished event: seq=19172 handled=false event=android.view.ViewRootImpl$QueuedInputEvent@20dc0368
01-06 21:22:32.810   148   505 D AudioPolicyManagerALSA: startOutput() output 2, stream type 1, session 774
01-06 21:22:32.810  1811  1811 V ViewRootImpl: Sending key event to IME: seq=19173 event=KeyEvent { action=ACTION_DOWN, keyCode=KEYCODE_DPAD_RIGHT, scanCode=0, metaState=0, flags=0x400, repeatCount=0, eventTime=704789, downTime=704789, deviceId=-1, source=0x101 }
01-06 21:22:32.820  1811  1811 V ViewRootImpl: IME finished event: seq=19173 handled=false event=android.view.ViewRootImpl$QueuedInputEvent@20dbe808
01-06 21:22:32.830  1811  1811 V ViewRootImpl: Sending key event to IME: seq=19174 event=KeyEvent { action=ACTION_UP, keyCode=KEYCODE_DPAD_RIGHT, scanCode=0, metaState=0, flags=0x400, repeatCount=0, eventTime=704789, downTime=704789, deviceId=-1, source=0x101 }
01-06 21:22:32.830  1811  1811 V ViewRootImpl: IME finished event: seq=19174 handled=false event=android.view.ViewRootImpl$QueuedInputEvent@20ee7f78
01-06 21:22:32.830  1811  1811 V ViewRootImpl: Sending trackball event to IME: seq=19175 event=MotionEvent { action=ACTION_MOVE, id[0]=0, x[0]=-4.0, y[0]=2.0, toolType[0]=TOOL_TYPE_UNKNOWN, buttonState=0, metaState=0, flags=0x0, edgeFlags=0x0, pointerCount=1, historySize=17, eventTime=704786, downTime=-1, deviceId=0, source=0x10004 }
01-06 21:22:32.830  1811  1811 V ViewRootImpl: IME finished event: seq=19175 handled=false event=android.view.ViewRootImpl$QueuedInputEvent@20dc13e8
01-06 21:22:32.830  1811  1811 V ViewRootImpl: Sending key event to IME: seq=19176 event=KeyEvent { action=ACTION_DOWN, keyCode=KEYCODE_DPAD_LEFT, scanCode=0, metaState=0, flags=0x400, repeatCount=0, eventTime=704846, downTime=704846, deviceId=-1, source=0x101 }
01-06 21:22:32.830   148   421 D AudioResamplerIA: Create AudioResamplerIA Resampler: Input rate 44100, output rate 48000
01-06 21:22:32.840   148   421 D AudioResamplerIA: Create AudioResamplerIA Resampler: Input rate 44100, output rate 48000
01-06 21:22:32.840  1811  1811 V ViewRootImpl: IME finished event: seq=19176 handled=false event=android.view.ViewRootImpl$QueuedInputEvent@20ee7f78
01-06 21:22:32.840   148   505 I AudioPolicyManagerBase: APM: getOutput
01-06 21:22:32.840  1811  1811 V ViewRootImpl: Sending key event to IME: seq=19177 event=KeyEvent { action=ACTION_UP, keyCode=KEYCODE_DPAD_LEFT, scanCode=0, metaState=0, flags=0x400, repeatCount=0, eventTime=704846, downTime=704846, deviceId=-1, source=0x101 }
01-06 21:22:32.840   148   504 I AudioPolicyManagerBase: APM: getOutput
01-06 21:22:32.840   148   148 I AudioPolicyManagerBase: APM: getOutput
01-06 21:22:32.850  1811  1811 V ViewRootImpl: IME finished event: seq=19177 handled=false event=android.view.ViewRootImpl$QueuedInputEvent@20dbe808
01-06 21:22:32.850   148   505 D AudioPolicyManagerALSA: startOutput() output 2, stream type 1, session 775
01-06 21:22:32.850  1811  1811 V ViewRootImpl: Sending key event to IME: seq=19178 event=KeyEvent { action=ACTION_DOWN, keyCode=KEYCODE_DPAD_LEFT, scanCode=0, metaState=0, flags=0x400, repeatCount=0, eventTime=704846, downTime=704846, deviceId=-1, source=0x101 }
01-06 21:22:32.850  1811  1811 V ViewRootImpl: IME finished event: seq=19178 handled=false event=android.view.ViewRootImpl$QueuedInputEvent@20dc0368
01-06 21:22:32.850   148   505 I AudioPolicyManagerBase: APM: getOutput
01-06 21:22:32.850   148   504 I AudioPolicyManagerBase: APM: getOutput
01-06 21:22:32.850   148   148 I AudioPolicyManagerBase: APM: getOutput
01-06 21:22:32.850  1811  1811 V ViewRootImpl: Sending key event to IME: seq=19179 event=KeyEvent { action=ACTION_UP, keyCode=KEYCODE_DPAD_LEFT, scanCode=0, metaState=0, flags=0x400, repeatCount=0, eventTime=704846, downTime=704846, deviceId=-1, source=0x101 }
01-06 21:22:32.850   148  4083 D         : ia_3a_af_main: cur:5200, next:259
01-06 21:22:32.860   148   148 D AudioPolicyManagerALSA: startOutput() output 2, stream type 1, session 776
01-06 21:22:32.870   148   421 D AudioResamplerIA: Create AudioResamplerIA Resampler: Input rate 44100, output rate 48000
01-06 21:22:32.870   148   421 D AudioResamplerIA: Create AudioResamplerIA Resampler: Input rate 44100, output rate 48000
01-06 21:22:32.870  1811  1811 V ViewRootImpl: IME finished event: seq=19179 handled=false event=android.view.ViewRootImpl$QueuedInputEvent@2129d790
01-06 21:22:32.880  1811  1811 V ViewRootImpl: Sending key event to IME: seq=19180 event=KeyEvent { action=ACTION_DOWN, keyCode=KEYCODE_DPAD_LEFT, scanCode=0, metaState=0, flags=0x400, repeatCount=0, eventTime=704846, downTime=704846, deviceId=-1, source=0x101 }
01-06 21:22:32.880  1811  1811 V ViewRootImpl: IME finished event: seq=19180 handled=false event=android.view.ViewRootImpl$QueuedInputEvent@2127cda8
01-06 21:22:32.890  1811  1811 V ViewRootImpl: Sending key event to IME: seq=19181 event=KeyEvent { action=ACTION_UP, keyCode=KEYCODE_DPAD_LEFT, scanCode=0, metaState=0, flags=0x400, repeatCount=0, eventTime=704846, downTime=704846, deviceId=-1, source=0x101 }
01-06 21:22:32.900  1811  1811 V ViewRootImpl: IME finished event: seq=19181 handled=false event=android.view.ViewRootImpl$QueuedInputEvent@20dbfb88
01-06 21:22:32.900  1811  1811 V ViewRootImpl: Sending key event to IME: seq=19182 event=KeyEvent { action=ACTION_DOWN, keyCode=KEYCODE_DPAD_LEFT, scanCode=0, metaState=0, flags=0x400, repeatCount=0, eventTime=704846, downTime=704846, deviceId=-1, source=0x101 }
01-06 21:22:32.900  1811  1811 V ViewRootImpl: IME finished event: seq=19182 handled=false event=android.view.ViewRootImpl$QueuedInputEvent@20d6fd08
01-06 21:22:32.900  1811  1811 V ViewRootImpl: Sending key event to IME: seq=19183 event=KeyEvent { action=ACTION_UP, keyCode=KEYCODE_DPAD_LEFT, scanCode=0, metaState=0, flags=0x400, repeatCount=0, eventTime=704846, downTime=704846, deviceId=-1, source=0x101 }
01-06 21:22:32.900  1811  1811 V ViewRootImpl: IME finished event: seq=19183 handled=false event=android.view.ViewRootImpl$QueuedInputEvent@20dc0398
01-06 21:22:32.900  1811  1811 V ViewRootImpl: Sending key event to IME: seq=19184 event=KeyEvent { action=ACTION_DOWN, keyCode=KEYCODE_DPAD_UP, scanCode=0, metaState=0, flags=0x8, repeatCount=0, eventTime=704787, downTime=704787, deviceId=-1, source=0x101 }
01-06 21:22:32.920   148  4083 D         : ia_3a_af_main: cur:5200, next:259
01-06 21:22:32.920  1811  1811 V ViewRootImpl: IME finished event: seq=19184 handled=false event=android.view.ViewRootImpl$QueuedInputEvent@20dc13e8
01-06 21:22:32.930  1811  1815 D dalvikvm: GC_CONCURRENT freed 1968K, 19% free 74174K/91132K, paused 5ms+7ms, total 59ms
01-06 21:22:32.930  1811  1811 V ViewRootImpl: Sending key event to IME: seq=19185 event=KeyEvent { action=ACTION_UP, keyCode=KEYCODE_DPAD_UP, scanCode=0, metaState=0, flags=0x8, repeatCount=0, eventTime=704848, downTime=704848, deviceId=-1, source=0x101 }
01-06 21:22:32.940  1811  1811 V ViewRootImpl: IME finished event: seq=19185 handled=false event=android.view.ViewRootImpl$QueuedInputEvent@20dc13e8
01-06 21:22:32.980   148  4083 D         : ia_3a_af_main: cur:5200, next:259
01-06 21:22:32.980   424   713 I am_create_service: [0,554631448,com.borqs.bugreporter/.framework.ProcessorService,1105]
01-06 21:22:32.980  1105  1105 D BugReporter: DBMsgReceiver|Interested DropBox msg.
01-06 21:22:32.990   424   778 I am_destroy_service: [0,554631448,1105]
01-06 21:22:32.990  1105  4102 D BugReporter: ProcessorService|Received.
01-06 21:22:32.990  1105  4102 D BugReporter: DBAnalyzer|analyse()
01-06 21:22:32.990  1105  4102 D BugReporter: DBAnalyzer|tag:system_app_strictmode
01-06 21:22:32.990  1105  4102 D BugReporter: DBAnalyzer|time:1389014552990
01-06 21:22:33.040   148  4083 D         : ia_3a_af_main: cur:5200, next:259
01-06 21:22:33.050   148   148 I AudioPolicyManagerBase: APM: getOutput
01-06 21:22:33.050   148   504 I AudioPolicyManagerBase: APM: getOutput
01-06 21:22:33.050   424   436 I ActivityManager: START u0 {flg=0x80000 cmp=com.android.gallery3d/com.android.camera.ProxyLauncher (has extras)} from pid 1811
01-06 21:22:33.050   424   436 I am_create_activity: [0,554582208,10,com.android.gallery3d/com.android.camera.ProxyLauncher,NULL,NULL,NULL,524288]
01-06 21:22:33.050   148   423 I AudioPolicyManagerBase: APM: getOutput
01-06 21:22:33.050   148   148 D AudioPolicyManagerALSA: startOutput() output 2, stream type 1, session 777
01-06 21:22:33.060   148   421 D AudioResamplerIA: Create AudioResamplerIA Resampler: Input rate 44100, output rate 48000
01-06 21:22:33.110   148  4083 D         : ia_3a_af_main: cur:5200, next:259
01-06 21:22:33.110   424   436 I WAKELOCK_ACQUIRE: TIMESTAMP=705125049543, TAG=ActivityManager-Launch, TYPE=PARTIAL_WAKE_LOCK             , COUNT=0, PID=424, UID=1000
01-06 21:22:33.110   424   436 I am_pause_activity: [0,553649616,com.android.gallery3d/com.android.camera.CameraLauncher]
01-06 21:22:33.110   424   436 D dalvikvm: GC_FOR_ALLOC freed 3078K, 36% free 9198K/14184K, paused 44ms, total 45ms
01-06 21:22:33.130   148   148 D Camera_HAL: atom_cancel_auto_focus
01-06 21:22:33.130  1811  1811 V CAM_PhotoModule: stopPreview
01-06 21:22:33.140   148   423 D Camera_HAL: atom_disable_msg_type msg_type=0x00000010
01-06 21:22:33.140   148   423 D Camera_HAL: atom_stop_preview
01-06 21:22:33.140   148  4088 D Camera_SensorThread: @unRegisterOrientationListener: accelerometer sensor stop 0x45d67650 (MODEL_LSM303DLHC 3-axis Accelerometer)
01-06 21:22:33.170   148  4083 D         : ia_3a_af_main: cur:5200, next:259
01-06 21:22:33.240   148  4083 D         : ia_3a_af_main: cur:5200, next:259
01-06 21:22:33.240   148  4092 I KERNEL  : [  704.813881] STOP_FUNC: reach point 1
01-06 21:22:33.240   148   421 D AudioFlinger: reconfig due to o/p flag ?
01-06 21:22:33.240   148   421 D AudioHardwareALSA: setStreamParameters: key value pair routing=2;stream_flags=2
01-06 21:22:33.240   148   421 D RouteManager: setOutputFlags: output flags = 0x2 (Prev Flags=0x2)
01-06 21:22:33.240   148   421 D RouteManager: setDevices: set device = IHF to output stream
01-06 21:22:33.240   148   421 D RouteManager: setStreamParameters: identical Platform State, do not reconsider routing
01-06 21:22:33.290   148  4092 I KERNEL  : [  704.870552] STOP_FUNC: reach point 2
01-06 21:22:33.290   148  4092 I KERNEL  : [  704.870654] STOP_FUNC: reach point 3
01-06 21:22:33.300   148   505 D Camera_HAL: atom_disable_msg_type msg_type=0x00000010
01-06 21:22:33.300   148   148 D Camera_HAL: atom_disable_msg_type msg_type=0x0000ffff
01-06 21:22:33.300   148   148 D Camera_HAL: atom_stop_preview
01-06 21:22:33.300   148   148 D Camera_HAL: atom_cancel_picture
01-06 21:22:33.300   148   148 D Camera_HAL: atom_release
01-06 21:22:33.310   148   148 D Camera_HAL: atom_set_preview_window preview_window = 0x0
01-06 21:22:33.310   148   148 I CameraClient: Destroying camera 1
01-06 21:22:33.310   148   148 D Camera_HAL: ATOM_CloseCameraHardware
01-06 21:22:33.320   148   148 D Camera_PictureThread: @~PictureThread: release mOutBuf
01-06 21:22:33.320   148   148 D Camera_PictureThread: @~PictureThread: release mExifBuf
01-06 21:22:33.320   148   148 D Camera_PictureThread: @~PictureThread: release InputBuffers
01-06 21:22:33.330   148   148 D Camera_PictureThread: @~PictureThread: release mHwCompressor
01-06 21:22:33.330   148   148 D Camera_PictureThread: @~PictureThread: release mExifMaker
01-06 21:22:33.330   148   148 I cip_VorbisDec: UMC Decoder plugin deleted
01-06 21:22:33.330   424   435 I MultiDisplay: void MultiDisplayComposer::broadcastMessage_l(int, void*, int): Broadcast message 0x10 to HWComposer, 0x4
01-06 21:22:33.330   424   435 I MultiDisplay: void MultiDisplayComposer::broadcastMessage_l(int, void*, int): Broadcast message 0x10 to DisplaySetting, 0x4
01-06 21:22:33.330   148   148 I MultiDisplay: MultiDisplayClient::~MultiDisplayClient(): MDSClient is destroyed
01-06 21:22:33.330   148   148 I cip_VorbisDec: UMC Decoder plugin deleted
01-06 21:22:33.340   424   699 I MultiDisplay: void MultiDisplayComposer::broadcastMessage_l(int, void*, int): Broadcast message 0x10 to HWComposer, 0x4
01-06 21:22:33.340   424   699 I MultiDisplay: void MultiDisplayComposer::broadcastMessage_l(int, void*, int): Broadcast message 0x10 to DisplaySetting, 0x4
01-06 21:22:33.340  1811  1811 I am_on_paused_called: [0,com.android.camera.CameraLauncher]
01-06 21:22:33.340   424   716 I am_restart_activity: [0,554582208,10,com.android.gallery3d/com.android.camera.ProxyLauncher]
01-06 21:22:33.340   148   148 I MultiDisplay: MultiDisplayClient::~MultiDisplayClient(): MDSClient is destroyed
01-06 21:22:33.350   424   637 I WAKELOCK_RELEASE: TIMESTAMP=705362021953, TAG=WindowManager, TYPE=SCREEN_BRIGHT_WAKE_LOCK       , COUNT=0, PID=424, UID=1000
01-06 21:22:33.360   424   435 I ActivityManager: START u0 {act=android.intent.action.CHOOSER flg=0x1 cmp=android/com.android.internal.app.ChooserActivity (has clip) (has extras)} from pid 1811
01-06 21:22:33.360  1811  1811 I am_on_resume_called: [0,com.android.camera.ProxyLauncher]
01-06 21:22:33.380  1801  1801 I binder_sample: [android.hardware.input.IInputManager,5,253,com.android.commands.monkey,50]
01-06 21:22:33.400   424   636 I am_finish_activity: [0,554582208,10,com.android.gallery3d/com.android.camera.ProxyLauncher,app-request]
01-06 21:22:33.410   424   636 I WAKELOCK_ACQUIRE: TIMESTAMP=705427502340, TAG=ActivityManager-Launch, TYPE=PARTIAL_WAKE_LOCK             , COUNT=0, PID=424, UID=1000
01-06 21:22:33.410   424   636 I am_pause_activity: [0,554582208,com.android.gallery3d/com.android.camera.ProxyLauncher]
01-06 21:22:33.410  1811  1811 I binder_sample: [android.app.IActivityManager,11,18,com.android.gallery3d,3]
01-06 21:22:33.440  1811  1811 I am_on_paused_called: [0,com.android.camera.ProxyLauncher]
01-06 21:22:33.440   424   699 I am_resume_activity: [0,553649616,10,com.android.gallery3d/com.android.camera.CameraLauncher]
01-06 21:22:33.440   424   451 I am_activity_launch_time: [0,554582208,com.android.gallery3d/com.android.camera.ProxyLauncher,105,105]
01-06 21:22:33.440   424   451 I ActivityManager: Displayed com.android.gallery3d/com.android.camera.ProxyLauncher: +105ms
01-06 21:22:33.460   148   421 D AudioFlinger: reconfig due to o/p flag ?
01-06 21:22:33.460   148   421 D AudioHardwareALSA: setStreamParameters: key value pair routing=2
01-06 21:22:33.460   148   421 D RouteManager: setDevices: set device = IHF to output stream
01-06 21:22:33.460   148   421 D RouteManager: setStreamParameters: identical Platform State, do not reconsider routing
01-06 21:22:33.470  1811  3952 I GalleryEGLConfigChooser: Config chosen: R8 G8 B8 A8 D24 S8 ID1 CAVEAT12344 
01-06 21:22:33.470   424  3266 W SensorService: sensor 00000003 already enabled in connection 0x623dd8e0 (ignoring)
01-06 21:22:33.470  1811  1811 D CameraStorage: External storage state=mounted
01-06 21:22:33.480  1811  4105 V CameraHolder: Attempt to connect camera 1the 1 time
01-06 21:22:33.480   148   505 D Camera_HAL: ATOM_GetCameraInfo
01-06 21:22:33.480   148   505 I AwesomePlayer: setDataSource_l(URL suppressed)
01-06 21:22:33.480   148   505 W MediaPlayer: info/warning (1, 1215418368)
01-06 21:22:33.480  1811  3952 I GLRootView: GLObject has changed from com.google.android.gles_jni.GLImpl@20e531d0 to com.google.android.gles_jni.GLImpl@20dbe720
01-06 21:22:33.490  1811  1811 I am_on_resume_called: [0,com.android.camera.CameraLauncher]
01-06 21:22:33.490  1811  3952 I GLRootView: onSurfaceChanged: 540x960, gl10: com.google.android.gles_jni.GLImpl@20dbe720
01-06 21:22:33.500   148  4106 I AwesomePlayer: initAudioDecoder: creating OMX decoder
01-06 21:22:33.500   148  4106 I cip_VorbisDec: UMC Decoder plugin created, Media Codecs version: 1.0.2098
01-06 21:22:33.510   148   505 I AwesomePlayer: setDataSource_l(URL suppressed)
01-06 21:22:33.510   424   637 I WAKELOCK_ACQUIRE: TIMESTAMP=705521794319, TAG=WindowManager, TYPE=SCREEN_BRIGHT_WAKE_LOCK       , COUNT=0, PID=424, UID=1000
01-06 21:22:33.510   148   505 W MediaPlayer: info/warning (1, 1246264944)
01-06 21:22:33.530   148  4109 I AwesomePlayer: initAudioDecoder: creating OMX decoder
01-06 21:22:33.530   148  4109 I cip_VorbisDec: UMC Decoder plugin created, Media Codecs version: 1.0.2098
01-06 21:22:33.540   148   505 I AudioPolicyManagerBase: APM: getOutput
01-06 21:22:33.540   148   505 I AudioPolicyManagerBase: APM: getOutput
01-06 21:22:33.540   148   505 I AudioPolicyManagerBase: APM: getOutput
01-06 21:22:33.540   148   505 I CameraClient: Opening camera 1
01-06 21:22:33.540   148   505 D Camera_HAL: ATOM_OpenCameraHardware
01-06 21:22:33.540   148   505 D Camera_Conf: cpf config file name: /etc/atomisp/01ov9724.cpf
01-06 21:22:33.540   148   505 D Camera_Conf: cpf sysfs file name: /sys/class/i2c-dev/i2c-4/device/4-0010/sensordata
01-06 21:22:33.540   148   505 D Camera_Conf: Opening CPF file "/etc/atomisp/01ov9724.cpf"
01-06 21:22:33.540   148   505 D Camera_Conf: CPF file already validated
01-06 21:22:33.540   148   505 D Camera_Conf: CPF AIQ record found!
01-06 21:22:33.540   148   505 D Camera_Conf: CPF DRV record found!
01-06 21:22:33.540   148   505 D Camera_Conf: CPF HAL record found!
01-06 21:22:33.540   148   505 D libtbd  : libtbd: Record not found!
01-06 21:22:33.540   148   505 E Camera_Conf: ERROR corrupted HAL record!
01-06 21:22:33.540   148   505 D Camera_ISP: Kernel with separate preview device node detected
01-06 21:22:33.550  1811  1811 V ViewRootImpl: Sending trackball event to IME: seq=19204 event=MotionEvent { action=ACTION_MOVE, id[0]=0, x[0]=1.0, y[0]=-5.0, toolType[0]=TOOL_TYPE_UNKNOWN, buttonState=0, metaState=0, flags=0x0, edgeFlags=0x0, pointerCount=1, historySize=19, eventTime=705531, downTime=-1, deviceId=0, source=0x10004 }
01-06 21:22:33.580  1811  1811 V ViewRootImpl: IME finished event: seq=19204 handled=false event=android.view.ViewRootImpl$QueuedInputEvent@20dc13e8
01-06 21:22:33.580   148   505 W Camera_ISP: Open device 0 with fd 44
01-06 21:22:33.580  1811  1811 V ViewRootImpl: Sending key event to IME: seq=19205 event=KeyEvent { action=ACTION_MULTIPLE, keyCode=KEYCODE_DPAD_UP, scanCode=0, metaState=0, flags=0x400, repeatCount=2, eventTime=705598, downTime=705598, deviceId=-1, source=0x101 }
01-06 21:22:33.590   148   505 D Camera_ISP: android::status_t android::AtomISP::setSnapshotFrameFormat(int, int, int): width(1280), height(720), pad_width(1280), size(1382400), format(3231564e)
01-06 21:22:33.590   148   505 W Camera_ISP: xioctl: Request 0xc01076f2 failed: Invalid argument
01-06 21:22:33.590   148   505 D Camera_ISP: Failed to get OTP size. Error: -1
01-06 21:22:33.590   148   505 W Camera_ISP: xioctl: Request 0xc01076f9 failed: Invalid argument
01-06 21:22:33.590   148   505 D Camera_ISP: Failed to get motor private data size. Error: -1
01-06 21:22:33.590   148   505 E Camera_ISP: Failed to get value for control (10095886) on device '44', Invalid argument
01-06 21:22:33.590   148   505 E Camera_ISP: Failed to get value for control (10095886) on device '44', Invalid argument
01-06 21:22:33.590   148   505 D IA AIQ VERSION : v3.6.0
01-06 21:22:33.590   148   505 E IA NVM: ERROR: : NVM: Invalid LSC width!
01-06 21:22:33.600   148   505 D Camera_AAA: Initialized 3A library with sensor tuning file /system/lib/libSh3aParamsov9724.so
01-06 21:22:33.600   148   505 I libva   : VA-API version 0.34.0
01-06 21:22:33.600   148   505 I libva   : va_getDriverName() returns 0
01-06 21:22:33.600   148   505 I libva   : Trying to open /system/lib/pvr_drv_video.so
01-06 21:22:33.600   148   505 I libva   : Found init function __vaDriverInit_0_32
01-06 21:22:33.600   148   505 D pvr_drv_video: hw_get_module returned
01-06 21:22:33.600   148   505 I libva   : va_openDriver() returns 0
01-06 21:22:33.600   148   505 I ia_face : [ia_face_init:111] engine build info [ name ] : ia_face
01-06 21:22:33.600   148   505 I ia_face : [ia_face_init:114] engine build info [ date ] : 2013-04-26 17:11:47
01-06 21:22:33.600   148   505 I ia_face : [ia_face_init:117] engine build info [ version ] : __bulid_revision_982__  build_number(0)
01-06 21:22:33.610  1811  1811 V ViewRootImpl: IME finished event: seq=19205 handled=false event=android.view.ViewRootImpl$QueuedInputEvent@20dc0398
01-06 21:22:33.610     1     1 I KERNEL  : [  705.191959] init: sys_prop: permission denied uid:1013  name:media.camera.facing
01-06 21:22:33.620   148   505 I Camera_ControlThread: DEPRECATED: Got new preview frame rate: 30
01-06 21:22:33.620   148   505 D Camera_ControlThread: exposure compensation to "0" (0), ev value 0.000000, res 0
01-06 21:22:33.620   148   505 D Camera_HAL: atom_set_callbacks
01-06 21:22:33.620   148   505 D Camera_HAL: atom_enable_msg_type msg_type=0x00000c0d
01-06 21:22:33.620   148   504 D Camera_HAL: atom_get_parameters
01-06 21:22:33.620   148   504 D Camera_HAL: atom_put_parameters
01-06 21:22:33.620   148   423 D Camera_HAL: atom_get_parameters
01-06 21:22:33.620   148   423 D Camera_HAL: atom_put_parameters
01-06 21:22:33.620   148   148 D Camera_HAL: atom_get_parameters
01-06 21:22:33.620   148   148 D Camera_HAL: atom_put_parameters
01-06 21:22:33.630  1811  4105 V CAM_PhotoModule: Preview size is 1280x720
01-06 21:22:33.630   148   505 D Camera_HAL: atom_set_parameters
01-06 21:22:33.630   148   504 D Camera_HAL: ATOM_GetCameraInfo
01-06 21:22:33.640   148   423 D Camera_HAL: ATOM_GetCameraInfo
01-06 21:22:33.640  1811  1811 V ViewRootImpl: Sending key event to IME: seq=19206 event=KeyEvent { action=ACTION_DOWN, keyCode=KEYCODE_DPAD_UP, scanCode=0, metaState=0, flags=0x400, repeatCount=0, eventTime=705599, downTime=705599, deviceId=-1, source=0x101 }
01-06 21:22:33.640  1811  4105 V CAM_PhotoModule: Preview size is 1280x720
01-06 21:22:33.640   148   148 D Camera_HAL: atom_set_parameters
01-06 21:22:33.640  1811  4105 I CAM_ScreenNail: aspect ratio clamping disabled
01-06 21:22:33.640  1811  4105 I CAM_ScreenNail: aspect ratio clamping enabled, surfaceTexture scale: 1.0, 1.0
01-06 21:22:33.650  1811  4105 V CAM_PhotoModule: startPreview
01-06 21:22:33.650   148   504 D Camera_HAL: atom_preview_enabled
01-06 21:22:33.650   148   423 D Camera_HAL: atom_preview_enabled
01-06 21:22:33.650   148   423 D Camera_HAL: atom_set_preview_window preview_window = 0x49eedc80
01-06 21:22:33.650   148   423 D Camera_HAL: atom_start_preview
01-06 21:22:33.650   148  4121 W Camera_ISP: Open device 2 with fd 46
01-06 21:22:33.650   148  4121 I KERNEL  : [  705.225535] atomisp: skip init isp in open
01-06 21:22:33.660  1811  3952 I GLRootView: layout content pane 540x960 (compensation 0)
01-06 21:22:33.660  1811  3952 D PhotoView: compensation = 0, CameraRelativeFrame = Rect(0, 0 - 0, 0), mCameraRect = Rect(0, 0 - 0, 0)
01-06 21:22:33.660   148  4121 E Camera_ISP: Failed to get value for control (10095889) on device '44', Invalid argument
01-06 21:22:33.660   148  4121 I KERNEL  : [  705.238971] sensor width: 1296, height: 736
01-06 21:22:33.690  1811  1811 V ViewRootImpl: IME finished event: seq=19206 handled=false event=android.view.ViewRootImpl$QueuedInputEvent@20d6fd08
01-06 21:22:33.700  1811  1811 V ViewRootImpl: Sending key event to IME: seq=19207 event=KeyEvent { action=ACTION_UP, keyCode=KEYCODE_DPAD_UP, scanCode=0, metaState=0, flags=0x400, repeatCount=0, eventTime=705599, downTime=705599, deviceId=-1, source=0x101 }
01-06 21:22:33.740    55    55 I KERNEL  : [  705.315648] SCU TRACE INFO: TT: 0x01AF8A8D 
01-06 21:22:33.750   148  4117 I OLA_FR  : [Ola_FaceRecognizer_CreateAccelerationContext:28] re-initialize acc context(0)
01-06 21:22:33.750   148  4117 I ia_face : [ia_face_set_acceleration:329] creating acceleration context(0)
01-06 21:22:33.780   148  4121 W Camera_ISP: Open device 4 with fd 61
01-06 21:22:33.790   148  4121 I KERNEL  : [  705.367108] sh_css_start() enter: pipe_id=0
01-06 21:22:33.790   148  4121 I KERNEL  : [  705.367827] load binary: isp_preview_var
01-06 21:22:33.790   148  4121 I KERNEL  : [  705.371874] load binary: isp_vf_pp_opt
01-06 21:22:33.810   148   148 D Camera_HAL: atom_send_command
01-06 21:22:33.810  1811  1811 V ViewRootImpl: IME finished event: seq=19207 handled=false event=android.view.ViewRootImpl$QueuedInputEvent@20dbfb88
01-06 21:22:33.810   148  4117 D Camera_SensorThread: @registerOrientationListener: accelerometer sensor start 0x45d67650 (MODEL_LSM303DLHC 3-axis Accelerometer)
01-06 21:22:33.810  1811  1811 V ViewRootImpl: Sending key event to IME: seq=19208 event=KeyEvent { action=ACTION_DOWN, keyCode=KEYCODE_DPAD_UP, scanCode=0, metaState=0, flags=0x400, repeatCount=0, eventTime=705599, downTime=705599, deviceId=-1, source=0x101 }
