01-06 21:22:26.140   148  4030 D AudioPolicyManagerALSA: startOutput() output 2, stream type 7, session 748
01-06 21:22:26.140   148  4030 D Camera_HAL: atom_disable_msg_type msg_type=0x00000002
01-06 21:22:26.160   148  4030 D Camera_Callbacks: Sending message: CAMERA_MSG_POSTVIEW_FRAME, buff id = 0, size = 1382400
01-06 21:22:26.160   148  4030 D Camera_HAL: atom_get_parameters
01-06 21:22:26.160   148  4030 D Camera_HAL: atom_put_parameters
01-06 21:22:26.160   424   636 I WAKELOCK_RELEASE: TIMESTAMP=698172001541, TAG=Camera Monitor, TYPE=PARTIAL_WAKE_LOCK             , COUNT=0, PID=1578, UID=10053
01-06 21:22:26.160   148  4030 D Camera_HAL: atom_disable_msg_type msg_type=0x00000040
01-06 21:22:26.160   148  4030 D Camera_Callbacks: Sending message: CAMERA_MSG_RAW_IMAGE_NOTIFY, buff id = 0
01-06 21:22:26.160   148  4030 D Camera_HAL: atom_disable_msg_type msg_type=0x00000100
01-06 21:22:26.160   148   421 D AudioResamplerIA: Create AudioResamplerIA Resampler: Input rate 44100, output rate 48000
01-06 21:22:26.170   148  4040 D cip_VorbisDec: UMCAudioDecoder::input data read (mSource->read) returned -1011, considering end of stream.
01-06 21:22:26.200   424   713 I WAKELOCK_RELEASE: TIMESTAMP=698211018954, TAG=Camera Monitor, TYPE=PARTIAL_WAKE_LOCK             , COUNT=0, PID=1578, UID=10053
01-06 21:22:26.210   148   423 I AudioPolicyManagerBase: APM: getOutput
01-06 21:22:26.210   148   504 I AudioPolicyManagerBase: APM: getOutput
01-06 21:22:26.210   148   148 I AudioPolicyManagerBase: APM: getOutput
01-06 21:22:26.210   148   423 D AudioPolicyManagerALSA: startOutput() output 2, stream type 1, session 757
01-06 21:22:26.220  1811  1811 V CAM_PhotoModule: mShutterLag = 451ms
01-06 21:22:26.220  1811  1811 V CAM_PhotoModule: mShutterToPostViewCallbackTime = 0ms
01-06 21:22:26.220  1811  1811 V CAM_PhotoModule: mShutterToRawCallbackTime = 0ms
01-06 21:22:26.220  1811  1811 V CAM_PhotoModule: mPictureDisplayedToJpegCallbackTime = 1ms
01-06 21:22:26.220  1811  1811 V CAM_PhotoModule: stopPreview
01-06 21:22:26.220   148   423 D Camera_HAL: atom_disable_msg_type msg_type=0x00000010
01-06 21:22:26.220   148   423 D Camera_HAL: atom_stop_preview
01-06 21:22:26.220   148   148 D Camera_HAL: ATOM_GetCameraInfo
01-06 21:22:26.220   148   504 D Camera_HAL: ATOM_GetCameraInfo
01-06 21:22:26.220  1811  1811 V CAM_PhotoModule: Preview size is 1280x720
01-06 21:22:26.230   148   505 D Camera_HAL: atom_set_parameters
01-06 21:22:26.230  1811  1811 I CAM_ScreenNail: aspect ratio clamping disabled
01-06 21:22:26.230  1811  1811 I CAM_ScreenNail: aspect ratio clamping enabled, surfaceTexture scale: 1.0, 1.0
01-06 21:22:26.230  1811  1811 V CAM_PhotoModule: startPreview
01-06 21:22:26.230   148   504 D Camera_HAL: atom_preview_enabled
01-06 21:22:26.230   148   504 D Camera_HAL: atom_set_preview_window preview_window = 0x437607b0
01-06 21:22:26.230   148   504 D Camera_HAL: atom_start_preview
01-06 21:22:26.230   148   421 D AudioResamplerIA: Create AudioResamplerIA Resampler: Input rate 44100, output rate 48000
01-06 21:22:26.230   148  4036 I KERNEL  : [  697.814816] STOP_FUNC: reach point 1
01-06 21:22:26.230   148  4036 I KERNEL  : [  697.815047] STOP_FUNC: reach point 2
01-06 21:22:26.230   148  4036 I KERNEL  : [  697.815138] STOP_FUNC: reach point 3
01-06 21:22:26.230   148  4036 I KERNEL  : [  697.817612] atomisp: skip init isp in open
01-06 21:22:26.250   148  4036 W Camera_ISP: Open device 2 with fd 49
01-06 21:22:26.250   148  4036 E Camera_ISP: Failed to get value for control (10095889) on device '44', Invalid argument
01-06 21:22:26.250   148  4036 I KERNEL  : [  697.832180] sensor width: 1296, height: 736
01-06 21:22:26.260   148  4032 I OLA_FR  : [Ola_FaceRecognizer_CreateAccelerationContext:28] re-initialize acc context(0)
01-06 21:22:26.260   148  4032 I ia_face : [ia_face_set_acceleration:329] creating acceleration context(0)
01-06 21:22:26.260  1811  2323 W BufferQueue: freeAllBuffersLocked called but mQueue is not empty
01-06 21:22:26.290   148  4036 W Camera_ISP: Open device 4 with fd 67
01-06 21:22:26.290   148  4036 I KERNEL  : [  697.879050] sh_css_start() enter: pipe_id=0
01-06 21:22:26.300   148  4036 I KERNEL  : [  697.880149] load binary: isp_preview_var
01-06 21:22:26.300   148  4036 I KERNEL  : [  697.884198] load binary: isp_vf_pp_opt
01-06 21:22:26.300   148  4036 I KERNEL  : [  697.887972] load binary: isp_fa
01-06 21:22:26.310   148   505 D Camera_HAL: atom_send_command
01-06 21:22:26.310  1811  1811 D CameraStorage: External storage state=mounted
01-06 21:22:26.310   148  4032 D Camera_SensorThread: @registerOrientationListener: accelerometer sensor start 0x45d67650 (MODEL_LSM303DLHC 3-axis Accelerometer)
01-06 21:22:26.310  1811  1811 V CAM_PhotoModule: mJpegCallbackFinishTime = 93ms
01-06 21:22:26.320  1811  3952 I GLRootView: layout content pane 540x960 (compensation 0)
01-06 21:22:26.320  1811  3952 D PhotoView: compensation = 0, CameraRelativeFrame = Rect(0, 0 - 0, 0), mCameraRect = Rect(0, 0 - 0, 0)
01-06 21:22:26.410   424  3266 I WAKELOCK_ACQUIRE: TIMESTAMP=698421546083, TAG=Camera Monitor, TYPE=PARTIAL_WAKE_LOCK             , COUNT=0, PID=1578, UID=10053
01-06 21:22:26.420   424   436 I WAKELOCK_ACQUIRE: TIMESTAMP=698437059702, TAG=Camera Monitor, TYPE=PARTIAL_WAKE_LOCK             , COUNT=0, PID=1578, UID=10053
01-06 21:22:26.490   424   636 I WAKELOCK_RELEASE: TIMESTAMP=698504668920, TAG=Camera Monitor, TYPE=PARTIAL_WAKE_LOCK             , COUNT=0, PID=1578, UID=10053
01-06 21:22:26.510   424   699 I force_gc: Binder
01-06 21:22:26.570   424   699 D dalvikvm: GC_EXPLICIT freed 1618K, 34% free 9404K/14184K, paused 2ms+5ms, total 63ms
01-06 21:22:26.600   424   637 I WAKELOCK_RELEASE: TIMESTAMP=698617397978, TAG=Camera Monitor, TYPE=PARTIAL_WAKE_LOCK             , COUNT=0, PID=1578, UID=10053
01-06 21:22:26.620  1811  1815 D dalvikvm: GC_CONCURRENT freed 1799K, 16% free 77103K/91132K, paused 3ms+3ms, total 42ms
01-06 21:22:26.620  1811  1832 D dalvikvm: WAIT_FOR_CONCURRENT_GC blocked 11ms
01-06 21:22:26.640   148   421 D AudioFlinger: reconfig due to o/p flag ?
01-06 21:22:26.640   148   421 D AudioHardwareALSA: setStreamParameters: key value pair routing=2
01-06 21:22:26.640   148   421 D RouteManager: setDevices: set device = IHF to output stream
01-06 21:22:26.640   148   421 D RouteManager: setStreamParameters: identical Platform State, do not reconsider routing
01-06 21:22:26.760   424   636 W InputMethodManagerService: Window already focused, ignoring focus gain of: com.android.internal.view.IInputMethodClient$Stub$Proxy@210e2090 attribute=android.view.inputmethod.EditorInfo@2101e650, token = android.os.BinderProxy@20db0728
01-06 21:22:26.760  1811  1811 V ViewRootImpl: Sending key event to IME: seq=18973 event=KeyEvent { action=ACTION_DOWN, keyCode=KEYCODE_DPAD_CENTER, scanCode=0, metaState=0, flags=0x8, repeatCount=0, eventTime=698539, downTime=698539, deviceId=-1, source=0x101 }
01-06 21:22:26.760  1811  1811 V ViewRootImpl: IME finished event: seq=18973 handled=false event=android.view.ViewRootImpl$QueuedInputEvent@2129d790
01-06 21:22:26.770  1811  1811 V ViewRootImpl: Sending key event to IME: seq=18974 event=KeyEvent { action=ACTION_UP, keyCode=KEYCODE_DPAD_CENTER, scanCode=0, metaState=0, flags=0x8, repeatCount=0, eventTime=698541, downTime=698541, deviceId=-1, source=0x101 }
01-06 21:22:26.770  1811  1811 V ViewRootImpl: IME finished event: seq=18974 handled=false event=android.view.ViewRootImpl$QueuedInputEvent@2129d790
01-06 21:22:26.810   148  4061 E Camera_ISP: Poll failed ret(0), disabling SOF event
01-06 21:22:26.880  1811  1811 V ViewRootImpl: Sending trackball event to IME: seq=18975 event=MotionEvent { action=ACTION_MOVE, id[0]=0, x[0]=3.0, y[0]=-4.0, toolType[0]=TOOL_TYPE_UNKNOWN, buttonState=0, metaState=0, flags=0x0, edgeFlags=0x0, pointerCount=1, historySize=7, eventTime=698890, downTime=-1, deviceId=0, source=0x10004 }
01-06 21:22:26.890  1811  1811 V ViewRootImpl: IME finished event: seq=18975 handled=false event=android.view.ViewRootImpl$QueuedInputEvent@2129d790
01-06 21:22:26.890  1811  1811 V ViewRootImpl: Sending key event to IME: seq=18976 event=KeyEvent { action=ACTION_DOWN, keyCode=KEYCODE_DPAD_UP, scanCode=0, metaState=0, flags=0x400, repeatCount=0, eventTime=698901, downTime=698901, deviceId=-1, source=0x101 }
01-06 21:22:26.890  1811  1811 V ViewRootImpl: IME finished event: seq=18976 handled=false event=android.view.ViewRootImpl$QueuedInputEvent@20dbfb88
01-06 21:22:26.890  1811  1811 V ViewRootImpl: Sending key event to IME: seq=18977 event=KeyEvent { action=ACTION_UP, keyCode=KEYCODE_DPAD_UP, scanCode=0, metaState=0, flags=0x400, repeatCount=0, eventTime=698901, downTime=698901, deviceId=-1, source=0x101 }
01-06 21:22:26.900  1811  1811 V ViewRootImpl: IME finished event: seq=18977 handled=false event=android.view.ViewRootImpl$QueuedInputEvent@20ee7f78
01-06 21:22:26.900  1811  1811 V ViewRootImpl: Sending key event to IME: seq=18978 event=KeyEvent { action=ACTION_DOWN, keyCode=KEYCODE_DPAD_UP, scanCode=0, metaState=0, flags=0x400, repeatCount=0, eventTime=698902, downTime=698902, deviceId=-1, source=0x101 }
01-06 21:22:26.900  1811  1811 V ViewRootImpl: IME finished event: seq=18978 handled=false event=android.view.ViewRootImpl$QueuedInputEvent@212c5290
01-06 21:22:26.910  1811  1811 V ViewRootImpl: Sending key event to IME: seq=18979 event=KeyEvent { action=ACTION_UP, keyCode=KEYCODE_DPAD_UP, scanCode=0, metaState=0, flags=0x400, repeatCount=0, eventTime=698902, downTime=698902, deviceId=-1, source=0x101 }
01-06 21:22:26.910  1811  1811 V ViewRootImpl: IME finished event: seq=18979 handled=false event=android.view.ViewRootImpl$QueuedInputEvent@20dc13e8
01-06 21:22:26.910  1811  1811 V ViewRootImpl: Sending key event to IME: seq=18980 event=KeyEvent { action=ACTION_DOWN, keyCode=KEYCODE_DPAD_UP, scanCode=0, metaState=0, flags=0x400, repeatCount=0, eventTime=698902, downTime=698902, deviceId=-1, source=0x101 }
01-06 21:22:26.910  1811  1811 V ViewRootImpl: IME finished event: seq=18980 handled=false event=android.view.ViewRootImpl$QueuedInputEvent@20dc0398
01-06 21:22:26.910  1811  1811 V ViewRootImpl: Sending key event to IME: seq=18981 event=KeyEvent { action=ACTION_UP, keyCode=KEYCODE_DPAD_UP, scanCode=0, metaState=0, flags=0x400, repeatCount=0, eventTime=698902, downTime=698902, deviceId=-1, source=0x101 }
01-06 21:22:26.910  1811  1811 V ViewRootImpl: IME finished event: seq=18981 handled=false event=android.view.ViewRootImpl$QueuedInputEvent@20dc0368
01-06 21:22:26.910  1811  1811 V ViewRootImpl: Sending key event to IME: seq=18982 event=KeyEvent { action=ACTION_DOWN, keyCode=KEYCODE_DPAD_UP, scanCode=0, metaState=0, flags=0x400, repeatCount=0, eventTime=698902, downTime=698902, deviceId=-1, source=0x101 }
01-06 21:22:26.920  1811  1811 V ViewRootImpl: IME finished event: seq=18982 handled=false event=android.view.ViewRootImpl$QueuedInputEvent@20d6fd08
01-06 21:22:26.920  1811  1811 V ViewRootImpl: Sending key event to IME: seq=18983 event=KeyEvent { action=ACTION_UP, keyCode=KEYCODE_DPAD_UP, scanCode=0, metaState=0, flags=0x400, repeatCount=0, eventTime=698902, downTime=698902, deviceId=-1, source=0x101 }
01-06 21:22:26.920  1811  1811 V ViewRootImpl: IME finished event: seq=18983 handled=false event=android.view.ViewRootImpl$QueuedInputEvent@20dbe808
01-06 21:22:26.930  1811  1811 V ViewRootImpl: Sending trackball event to IME: seq=18986 event=MotionEvent { action=ACTION_MOVE, id[0]=0, x[0]=4.0, y[0]=-3.0, toolType[0]=TOOL_TYPE_UNKNOWN, buttonState=0, metaState=0, flags=0x0, edgeFlags=0x0, pointerCount=1, historySize=1, eventTime=698896, downTime=-1, deviceId=0, source=0x10004 }
01-06 21:22:26.930  1811  1811 V ViewRootImpl: IME finished event: seq=18986 handled=false event=android.view.ViewRootImpl$QueuedInputEvent@20ee7f78
01-06 21:22:26.930  1811  1811 V ViewRootImpl: Sending key event to IME: seq=18989 event=KeyEvent { action=ACTION_MULTIPLE, keyCode=KEYCODE_DPAD_RIGHT, scanCode=0, metaState=0, flags=0x400, repeatCount=2, eventTime=698946, downTime=698946, deviceId=-1, source=0x101 }
01-06 21:22:26.930  1811  1811 V ViewRootImpl: IME finished event: seq=18989 handled=false event=android.view.ViewRootImpl$QueuedInputEvent@2127cda8
01-06 21:22:26.940  1811  1811 V ViewRootImpl: Sending key event to IME: seq=18990 event=KeyEvent { action=ACTION_DOWN, keyCode=KEYCODE_DPAD_RIGHT, scanCode=0, metaState=0, flags=0x400, repeatCount=0, eventTime=698946, downTime=698946, deviceId=-1, source=0x101 }
01-06 21:22:26.950  1811  1811 V ViewRootImpl: IME finished event: seq=18990 handled=false event=android.view.ViewRootImpl$QueuedInputEvent@2129d790
01-06 21:22:26.960  1811  1811 V ViewRootImpl: Sending key event to IME: seq=18991 event=KeyEvent { action=ACTION_UP, keyCode=KEYCODE_DPAD_RIGHT, scanCode=0, metaState=0, flags=0x400, repeatCount=0, eventTime=698946, downTime=698946, deviceId=-1, source=0x101 }
01-06 21:22:26.960  1811  1811 V ViewRootImpl: IME finished event: seq=18991 handled=false event=android.view.ViewRootImpl$QueuedInputEvent@20dbe808
01-06 21:22:26.960  1811  1811 V ViewRootImpl: Sending key event to IME: seq=18992 event=KeyEvent { action=ACTION_DOWN, keyCode=KEYCODE_DPAD_RIGHT, scanCode=0, metaState=0, flags=0x400, repeatCount=0, eventTime=698946, downTime=698946, deviceId=-1, source=0x101 }
01-06 21:22:26.970  1811  1811 V ViewRootImpl: IME finished event: seq=18992 handled=false event=android.view.ViewRootImpl$QueuedInputEvent@20d6fd08
01-06 21:22:26.970  1811  1811 V ViewRootImpl: Sending key event to IME: seq=18993 event=KeyEvent { action=ACTION_UP, keyCode=KEYCODE_DPAD_RIGHT, scanCode=0, metaState=0, flags=0x400, repeatCount=0, eventTime=698946, downTime=698946, deviceId=-1, source=0x101 }
01-06 21:22:26.980  1811  1811 V ViewRootImpl: IME finished event: seq=18993 handled=false event=android.view.ViewRootImpl$QueuedInputEvent@20dc0368
01-06 21:22:26.990  1811  1811 V ViewRootImpl: Sending key event to IME: seq=18994 event=KeyEvent { action=ACTION_DOWN, keyCode=KEYCODE_DPAD_RIGHT, scanCode=0, metaState=0, flags=0x400, repeatCount=0, eventTime=698946, downTime=698946, deviceId=-1, source=0x101 }
01-06 21:22:27.000  1811  1811 V ViewRootImpl: IME finished event: seq=18994 handled=false event=android.view.ViewRootImpl$QueuedInputEvent@20dc0398
01-06 21:22:27.000  1811  1811 V ViewRootImpl: Sending key event to IME: seq=18995 event=KeyEvent { action=ACTION_UP, keyCode=KEYCODE_DPAD_RIGHT, scanCode=0, metaState=0, flags=0x400, repeatCount=0, eventTime=698946, downTime=698946, deviceId=-1, source=0x101 }
01-06 21:22:27.000  1811  1811 V ViewRootImpl: IME finished event: seq=18995 handled=false event=android.view.ViewRootImpl$QueuedInputEvent@20dc13e8
01-06 21:22:27.000  1811  1811 V ViewRootImpl: Sending key event to IME: seq=18996 event=KeyEvent { action=ACTION_DOWN, keyCode=KEYCODE_MENU, scanCode=0, metaState=0, flags=0x8, repeatCount=0, eventTime=699003, downTime=699003, deviceId=-1, source=0x101 }
01-06 21:22:27.000  1811  1811 V ViewRootImpl: IME finished event: seq=18996 handled=false event=android.view.ViewRootImpl$QueuedInputEvent@20dc0368
01-06 21:22:27.000  1811  1811 V ViewRootImpl: Sending key event to IME: seq=18997 event=KeyEvent { action=ACTION_UP, keyCode=KEYCODE_MENU, scanCode=0, metaState=0, flags=0x8, repeatCount=0, eventTime=699005, downTime=699005, deviceId=-1, source=0x101 }
01-06 21:22:27.010  1811  1811 I menu_opened: 0
01-06 21:22:27.010  1811  1811 V ViewRootImpl: IME finished event: seq=18997 handled=false event=android.view.ViewRootImpl$QueuedInputEvent@20dc0368
01-06 21:22:27.040   148   504 I AudioPolicyManagerBase: APM: getOutput
01-06 21:22:27.040   148   505 I AudioPolicyManagerBase: APM: getOutput
01-06 21:22:27.040   148   423 I AudioPolicyManagerBase: APM: getOutput
01-06 21:22:27.050   148   504 D AudioPolicyManagerALSA: startOutput() output 2, stream type 1, session 758
01-06 21:22:27.050   148   421 D AudioFlinger: reconfig due to o/p flag ?
01-06 21:22:27.050   148   421 D AudioHardwareALSA: setStreamParameters: key value pair routing=2;stream_flags=2
01-06 21:22:27.050   148   421 D RouteManager: setOutputFlags: output flags = 0x2 (Prev Flags=0x2)
01-06 21:22:27.050   148   421 D RouteManager: setDevices: set device = IHF to output stream
01-06 21:22:27.050   148   421 D RouteManager: setStreamParameters: identical Platform State, do not reconsider routing
01-06 21:22:27.070   148   421 D AudioResamplerIA: Create AudioResamplerIA Resampler: Input rate 44100, output rate 48000
01-06 21:22:27.140  1811  1818 D dalvikvm: Rejecting registerization due to +iget-quick v2, v4, (#20)
01-06 21:22:27.140  1811  1818 D dalvikvm: Rejecting registerization due to sget-object v2, (#25313), (#0)
01-06 21:22:27.160   148   504 I AudioPolicyManagerBase: APM: getOutput
01-06 21:22:27.160   148   505 I AudioPolicyManagerBase: APM: getOutput
01-06 21:22:27.160   148   423 I AudioPolicyManagerBase: APM: getOutput
01-06 21:22:27.170   148   504 D AudioPolicyManagerALSA: startOutput() output 2, stream type 1, session 759
01-06 21:22:27.240   148   421 D AudioResamplerIA: Create AudioResamplerIA Resampler: Input rate 44100, output rate 48000
01-06 21:22:27.310   148  4060 E Camera_ISP: v4l2_poll for preview device failed! (timeout)
01-06 21:22:27.370   148   505 I AudioPolicyManagerBase: APM: getOutput
01-06 21:22:27.370   148   148 I AudioPolicyManagerBase: APM: getOutput
01-06 21:22:27.370   148   504 I AudioPolicyManagerBase: APM: getOutput
01-06 21:22:27.370   148   505 D AudioPolicyManagerALSA: startOutput() output 2, stream type 1, session 760
01-06 21:22:27.390   148   421 D AudioResamplerIA: Create AudioResamplerIA Resampler: Input rate 44100, output rate 48000
01-06 21:22:27.480   148   505 I AudioPolicyManagerBase: APM: getOutput
01-06 21:22:27.480   148   504 I AudioPolicyManagerBase: APM: getOutput
01-06 21:22:27.480   148   148 I AudioPolicyManagerBase: APM: getOutput
01-06 21:22:27.480   148   505 D AudioPolicyManagerALSA: startOutput() output 2, stream type 1, session 761
01-06 21:22:27.490   424   436 W InputMethodManagerService: Window already focused, ignoring focus gain of: com.android.internal.view.IInputMethodClient$Stub$Proxy@20d960d8 attribute=android.view.inputmethod.EditorInfo@20e5ba60, token = android.os.BinderProxy@20db0728
01-06 21:22:27.580  1811  1811 V ViewRootImpl: Sending key event to IME: seq=19013 event=KeyEvent { action=ACTION_DOWN, keyCode=KEYCODE_DPAD_RIGHT, scanCode=0, metaState=0, flags=0x8, repeatCount=0, eventTime=699588, downTime=699588, deviceId=-1, source=0x101 }
01-06 21:22:27.580  1811  1811 V ViewRootImpl: IME finished event: seq=19013 handled=false event=android.view.ViewRootImpl$QueuedInputEvent@20dc0368
01-06 21:22:27.580   148   421 D AudioFlinger: reconfig due to o/p flag ?
01-06 21:22:27.580   148   421 D AudioHardwareALSA: setStreamParameters: key value pair routing=2;stream_flags=2
01-06 21:22:27.580   148   421 D RouteManager: setOutputFlags: output flags = 0x2 (Prev Flags=0x2)
01-06 21:22:27.580   148   421 D RouteManager: setDevices: set device = IHF to output stream
01-06 21:22:27.580   148   421 D RouteManager: setStreamParameters: identical Platform State, do not reconsider routing
01-06 21:22:27.580  1811  1811 V ViewRootImpl: Sending key event to IME: seq=19014 event=KeyEvent { action=ACTION_UP, keyCode=KEYCODE_DPAD_RIGHT, scanCode=0, metaState=0, flags=0x8, repeatCount=0, eventTime=699589, downTime=699589, deviceId=-1, source=0x101 }
01-06 21:22:27.580   148   421 D AudioResamplerIA: Create AudioResamplerIA Resampler: Input rate 44100, output rate 48000
01-06 21:22:27.580  1811  1811 V ViewRootImpl: IME finished event: seq=19014 handled=false event=android.view.ViewRootImpl$QueuedInputEvent@20dc0368
01-06 21:22:27.650   424   439 D hwcomposer: isSpriteLayer: got a sprite layer
01-06 21:22:27.670   424   439 D hwcomposer: isSpriteLayer: got a sprite layer
01-06 21:22:27.680  1811  1811 V ViewRootImpl: Sending key event to IME: seq=19015 event=KeyEvent { action=ACTION_DOWN, keyCode=KEYCODE_MENU, scanCode=0, metaState=0, flags=0x8, repeatCount=0, eventTime=699693, downTime=699693, deviceId=-1, source=0x101 }
01-06 21:22:27.680  1811  1811 V ViewRootImpl: IME finished event: seq=19015 handled=false event=android.view.ViewRootImpl$QueuedInputEvent@20dc0368
01-06 21:22:27.680  1811  1811 V ViewRootImpl: Sending key event to IME: seq=19016 event=KeyEvent { action=ACTION_UP, keyCode=KEYCODE_MENU, scanCode=0, metaState=0, flags=0x8, repeatCount=0, eventTime=699695, downTime=699695, deviceId=-1, source=0x101 }
01-06 21:22:27.690  1811  1811 I menu_opened: 0
01-06 21:22:27.690  1811  1811 V ViewRootImpl: IME finished event: seq=19016 handled=false event=android.view.ViewRootImpl$QueuedInputEvent@20dc0368
01-06 21:22:27.690   424   439 D hwcomposer: isSpriteLayer: got a sprite layer
01-06 21:22:27.690   148   148 I AudioPolicyManagerBase: APM: getOutput
01-06 21:22:27.690   148   504 I AudioPolicyManagerBase: APM: getOutput
01-06 21:22:27.690   148   423 I AudioPolicyManagerBase: APM: getOutput
01-06 21:22:27.700   148   148 D AudioPolicyManagerALSA: startOutput() output 2, stream type 1, session 762
01-06 21:22:27.700   148   421 D AudioResamplerIA: Create AudioResamplerIA Resampler: Input rate 44100, output rate 48000
01-06 21:22:27.710   424   439 D hwcomposer: isSpriteLayer: got a sprite layer
01-06 21:22:27.720   424   439 D hwcomposer: isSpriteLayer: got a sprite layer
01-06 21:22:27.740   424   439 D hwcomposer: isSpriteLayer: got a sprite layer
01-06 21:22:27.760   424   439 D hwcomposer: isSpriteLayer: got a sprite layer
01-06 21:22:27.770   424   439 D hwcomposer: isSpriteLayer: got a sprite layer
01-06 21:22:27.790   424   439 D hwcomposer: isSpriteLayer: got a sprite layer
01-06 21:22:27.810   424   439 D hwcomposer: isSpriteLayer: got a sprite layer
01-06 21:22:27.870  1811  1811 I menu_item_selected: [0,]
01-06 21:22:27.870   148   504 I AudioPolicyManagerBase: APM: getOutput
01-06 21:22:27.870  1811  1811 V StateManager: startStateForResult class com.android.gallery3d.app.SlideshowPage, 1
01-06 21:22:27.870   148   423 I AudioPolicyManagerBase: APM: getOutput
01-06 21:22:27.880   148   505 I AudioPolicyManagerBase: APM: getOutput
01-06 21:22:27.880   148   504 D AudioPolicyManagerALSA: startOutput() output 2, stream type 1, session 763
01-06 21:22:27.890   148   421 D AudioResamplerIA: Create AudioResamplerIA Resampler: Input rate 44100, output rate 48000
01-06 21:22:27.900  1811  3952 I GLRootView: layout content pane 540x960 (compensation 0)
01-06 21:22:27.940  1811  1818 D dalvikvm: Rejecting registerization due to +iget-object-quick v3, v3, (#16)
01-06 21:22:27.940  1811  1818 D dalvikvm: Rejecting registerization due to +iget-object-quick v3, v3, (#16)
01-06 21:22:27.970   424   680 W InputMethodManagerService: Window already focused, ignoring focus gain of: com.android.internal.view.IInputMethodClient$Stub$Proxy@2101dab8 attribute=null, token = android.os.BinderProxy@20db0728
01-06 21:22:28.020  1811  1818 D dalvikvm: Rejecting registerization due to sget-object v4, (#2314), (#0)
01-06 21:22:28.040  1811  1811 V ViewRootImpl: Sending key event to IME: seq=19022 event=KeyEvent { action=ACTION_DOWN, keyCode=KEYCODE_4, scanCode=0, metaState=0, flags=0x8, repeatCount=0, eventTime=700050, downTime=700050, deviceId=-1, source=0x101 }
01-06 21:22:28.040  1811  1811 V ViewRootImpl: IME finished event: seq=19022 handled=false event=android.view.ViewRootImpl$QueuedInputEvent@20dc0368
01-06 21:22:28.040  1811  1811 V ViewRootImpl: Sending key event to IME: seq=19023 event=KeyEvent { action=ACTION_UP, keyCode=KEYCODE_4, scanCode=0, metaState=0, flags=0x8, repeatCount=0, eventTime=700052, downTime=700052, deviceId=-1, source=0x101 }
01-06 21:22:28.040  1811  1811 V ViewRootImpl: IME finished event: seq=19023 handled=false event=android.view.ViewRootImpl$QueuedInputEvent@20dc0368
01-06 21:22:28.100   424   439 D hwcomposer: isSpriteLayer: got a sprite layer
01-06 21:22:28.120   424   439 D hwcomposer: isSpriteLayer: got a sprite layer
01-06 21:22:28.140   424   439 D hwcomposer: isSpriteLayer: got a sprite layer
01-06 21:22:28.150   424   439 D hwcomposer: isSpriteLayer: got a sprite layer
01-06 21:22:28.150  1811  1811 V ViewRootImpl: Sending trackball event to IME: seq=19024 event=MotionEvent { action=ACTION_MOVE, id[0]=0, x[0]=-1.0, y[0]=-2.0, toolType[0]=TOOL_TYPE_UNKNOWN, buttonState=0, metaState=0, flags=0x0, edgeFlags=0x0, pointerCount=1, historySize=6, eventTime=700160, downTime=-1, deviceId=0, source=0x10004 }
01-06 21:22:28.160  1811  1811 V ViewRootImpl: IME finished event: seq=19024 handled=false event=android.view.ViewRootImpl$QueuedInputEvent@20dc0368
01-06 21:22:28.160  1811  1811 V ViewRootImpl: Sending key event to IME: seq=19025 event=KeyEvent { action=ACTION_DOWN, keyCode=KEYCODE_DPAD_UP, scanCode=0, metaState=0, flags=0x400, repeatCount=0, eventTime=700174, downTime=700174, deviceId=-1, source=0x101 }
01-06 21:22:28.160  1811  1811 V ViewRootImpl: IME finished event: seq=19025 handled=false event=android.view.ViewRootImpl$QueuedInputEvent@20dc13e8
01-06 21:22:28.170  1811  1811 V ViewRootImpl: Sending key event to IME: seq=19026 event=KeyEvent { action=ACTION_UP, keyCode=KEYCODE_DPAD_UP, scanCode=0, metaState=0, flags=0x400, repeatCount=0, eventTime=700174, downTime=700174, deviceId=-1, source=0x101 }
01-06 21:22:28.170  1811  1811 V ViewRootImpl: IME finished event: seq=19026 handled=false event=android.view.ViewRootImpl$QueuedInputEvent@20dc0398
01-06 21:22:28.170   424   439 D hwcomposer: isSpriteLayer: got a sprite layer
01-06 21:22:28.170  1811  1811 V ViewRootImpl: Sending key event to IME: seq=19027 event=KeyEvent { action=ACTION_DOWN, keyCode=KEYCODE_DPAD_UP, scanCode=0, metaState=0, flags=0x400, repeatCount=0, eventTime=700174, downTime=700174, deviceId=-1, source=0x101 }
01-06 21:22:28.180  1811  1811 V ViewRootImpl: IME finished event: seq=19027 handled=false event=android.view.ViewRootImpl$QueuedInputEvent@20d6fd08
01-06 21:22:28.180  1811  1811 V ViewRootImpl: Sending key event to IME: seq=19028 event=KeyEvent { action=ACTION_UP, keyCode=KEYCODE_DPAD_UP, scanCode=0, metaState=0, flags=0x400, repeatCount=0, eventTime=700174, downTime=700174, deviceId=-1, source=0x101 }
01-06 21:22:28.190   424   439 D hwcomposer: isSpriteLayer: got a sprite layer
01-06 21:22:28.210  1811  1815 D dalvikvm: GC_CONCURRENT freed 9221K, 21% free 72007K/91132K, paused 2ms+5ms, total 53ms
01-06 21:22:28.210  1811  1811 D dalvikvm: WAIT_FOR_CONCURRENT_GC blocked 10ms
01-06 21:22:28.220   424   439 D hwcomposer: isSpriteLayer: got a sprite layer
01-06 21:22:28.220  1811  1811 V ViewRootImpl: IME finished event: seq=19028 handled=false event=android.view.ViewRootImpl$QueuedInputEvent@20dbe808
01-06 21:22:28.220  1811  1811 V ViewRootImpl: Sending trackball event to IME: seq=19029 event=MotionEvent { action=ACTION_MOVE, id[0]=0, x[0]=3.0, y[0]=-2.0, toolType[0]=TOOL_TYPE_UNKNOWN, buttonState=0, metaState=0, flags=0x0, edgeFlags=0x0, pointerCount=1, historySize=12, eventTime=700172, downTime=-1, deviceId=0, source=0x10004 }
01-06 21:22:28.230  1811  1811 V ViewRootImpl: IME finished event: seq=19029 handled=false event=android.view.ViewRootImpl$QueuedInputEvent@20dc0398
01-06 21:22:28.230  1811  1811 V ViewRootImpl: Sending key event to IME: seq=19030 event=KeyEvent { action=ACTION_DOWN, keyCode=KEYCODE_DPAD_RIGHT, scanCode=0, metaState=0, flags=0x400, repeatCount=0, eventTime=700242, downTime=700242, deviceId=-1, source=0x101 }
01-06 21:22:28.230  1811  1811 V ViewRootImpl: IME finished event: seq=19030 handled=false event=android.view.ViewRootImpl$QueuedInputEvent@20dbe808
01-06 21:22:28.230  1811  1811 V ViewRootImpl: Sending key event to IME: seq=19031 event=KeyEvent { action=ACTION_UP, keyCode=KEYCODE_DPAD_RIGHT, scanCode=0, metaState=0, flags=0x400, repeatCount=0, eventTime=700242, downTime=700242, deviceId=-1, source=0x101 }
01-06 21:22:28.230  1811  1811 V ViewRootImpl: IME finished event: seq=19031 handled=false event=android.view.ViewRootImpl$QueuedInputEvent@20d6fd08
01-06 21:22:28.230  1811  1811 V ViewRootImpl: Sending key event to IME: seq=19032 event=KeyEvent { action=ACTION_DOWN, keyCode=KEYCODE_DPAD_RIGHT, scanCode=0, metaState=0, flags=0x400, repeatCount=0, eventTime=700243, downTime=700243, deviceId=-1, source=0x101 }
01-06 21:22:28.240  1811  1811 V ViewRootImpl: IME finished event: seq=19032 handled=false event=android.view.ViewRootImpl$QueuedInputEvent@20dc13e8
01-06 21:22:28.240  1811  1811 V ViewRootImpl: Sending key event to IME: seq=19033 event=KeyEvent { action=ACTION_UP, keyCode=KEYCODE_DPAD_RIGHT, scanCode=0, metaState=0, flags=0x400, repeatCount=0, eventTime=700243, downTime=700243, deviceId=-1, source=0x101 }
01-06 21:22:28.240   424   439 D hwcomposer: same RGB buffer handle 0x65f49c70
01-06 21:22:28.260  1811  1811 V ViewRootImpl: IME finished event: seq=19033 handled=false event=android.view.ViewRootImpl$QueuedInputEvent@20dc0368
01-06 21:22:28.260  1811  1811 V ViewRootImpl: Sending key event to IME: seq=19034 event=KeyEvent { action=ACTION_DOWN, keyCode=KEYCODE_DPAD_RIGHT, scanCode=0, metaState=0, flags=0x400, repeatCount=0, eventTime=700243, downTime=700243, deviceId=-1, source=0x101 }
01-06 21:22:28.260  1811  1811 V ViewRootImpl: IME finished event: seq=19034 handled=false event=android.view.ViewRootImpl$QueuedInputEvent@2129d790
01-06 21:22:28.260  1811  1811 V ViewRootImpl: Sending key event to IME: seq=19035 event=KeyEvent { action=ACTION_UP, keyCode=KEYCODE_DPAD_RIGHT, scanCode=0, metaState=0, flags=0x400, repeatCount=0, eventTime=700243, downTime=700243, deviceId=-1, source=0x101 }
01-06 21:22:28.260  1811  1811 V ViewRootImpl: IME finished event: seq=19035 handled=false event=android.view.ViewRootImpl$QueuedInputEvent@2127cda8
01-06 21:22:28.270  1811  1811 V ViewRootImpl: Sending key event to IME: seq=19036 event=KeyEvent { action=ACTION_DOWN, keyCode=KEYCODE_DPAD_DOWN, scanCode=0, metaState=0, flags=0x8, repeatCount=0, eventTime=700173, downTime=700173, deviceId=-1, source=0x101 }
01-06 21:22:28.270  1801  1801 I binder_sample: [android.hardware.input.IInputManager,5,39,com.android.commands.monkey,7]
01-06 21:22:28.270  1811  1811 V ViewRootImpl: IME finished event: seq=19036 handled=false event=android.view.ViewRootImpl$QueuedInputEvent@20dc0398
01-06 21:22:28.270  1811  1811 V ViewRootImpl: Sending key event to IME: seq=19037 event=KeyEvent { action=ACTION_UP, keyCode=KEYCODE_DPAD_DOWN, scanCode=0, metaState=0, flags=0x8, repeatCount=0, eventTime=700244, downTime=700244, deviceId=-1, source=0x101 }
01-06 21:22:28.270  1811  1811 V ViewRootImpl: IME finished event: seq=19037 handled=false event=android.view.ViewRootImpl$QueuedInputEvent@20dc0398
01-06 21:22:28.270   424   439 D hwcomposer: same RGB buffer handle 0x68706030
01-06 21:22:28.270   148   421 D AudioFlinger: reconfig due to o/p flag ?
01-06 21:22:28.270   148   421 D AudioHardwareALSA: setStreamParameters: key value pair routing=2
01-06 21:22:28.270   148   421 D RouteManager: setDevices: set device = IHF to output stream
01-06 21:22:28.270   148   421 D RouteManager: setStreamParameters: identical Platform State, do not reconsider routing
01-06 21:22:28.370  1811  1811 V ViewRootImpl: Sending key event to IME: seq=19038 event=KeyEvent { action=ACTION_DOWN, keyCode=KEYCODE_DPAD_UP, scanCode=0, metaState=0, flags=0x8, repeatCount=0, eventTime=700383, downTime=700383, deviceId=-1, source=0x101 }
01-06 21:22:28.370  1811  1811 V ViewRootImpl: IME finished event: seq=19038 handled=false event=android.view.ViewRootImpl$QueuedInputEvent@20dc0398
01-06 21:22:28.370  1811  1811 V ViewRootImpl: Sending key event to IME: seq=19039 event=KeyEvent { action=ACTION_UP, keyCode=KEYCODE_DPAD_UP, scanCode=0, metaState=0, flags=0x8, repeatCount=0, eventTime=700385, downTime=700385, deviceId=-1, source=0x101 }
01-06 21:22:28.390  1811  1811 V ViewRootImpl: IME finished event: seq=19039 handled=false event=android.view.ViewRootImpl$QueuedInputEvent@20dc0398
01-06 21:22:28.480  1811  1811 V ViewRootImpl: Sending key event to IME: seq=19040 event=KeyEvent { action=ACTION_DOWN, keyCode=KEYCODE_BUTTON_MODE, scanCode=0, metaState=0, flags=0x8, repeatCount=0, eventTime=700489, downTime=700489, deviceId=-1, source=0x101 }
01-06 21:22:28.480  1811  1811 V ViewRootImpl: IME finished event: seq=19040 handled=false event=android.view.ViewRootImpl$QueuedInputEvent@20dc0398
01-06 21:22:28.490  1811  1811 V ViewRootImpl: Sending key event to IME: seq=19041 event=KeyEvent { action=ACTION_DOWN, keyCode=KEYCODE_MENU, scanCode=0, metaState=0, flags=0x8, repeatCount=0, eventTime=700489, downTime=700489, deviceId=-1, source=0x101 }
01-06 21:22:28.490  1811  1811 V ViewRootImpl: IME finished event: seq=19041 handled=false event=android.view.ViewRootImpl$QueuedInputEvent@20dc0398
01-06 21:22:28.490  1811  1811 V ViewRootImpl: Sending key event to IME: seq=19042 event=KeyEvent { action=ACTION_UP, keyCode=KEYCODE_BUTTON_MODE, scanCode=0, metaState=0, flags=0x8, repeatCount=0, eventTime=700489, downTime=700489, deviceId=-1, source=0x101 }
01-06 21:22:28.510  1811  1811 V ViewRootImpl: IME finished event: seq=19042 handled=false event=android.view.ViewRootImpl$QueuedInputEvent@20dc0398
01-06 21:22:28.510  1811  1811 V ViewRootImpl: Sending key event to IME: seq=19043 event=KeyEvent { action=ACTION_UP, keyCode=KEYCODE_MENU, scanCode=0, metaState=0, flags=0x8, repeatCount=0, eventTime=700489, downTime=700489, deviceId=-1, source=0x101 }
01-06 21:22:28.510  1811  1811 I menu_opened: 0
01-06 21:22:28.510  1811  1811 V ViewRootImpl: IME finished event: seq=19043 handled=false event=android.view.ViewRootImpl$QueuedInputEvent@20dc0398
01-06 21:22:28.510   148   505 I AudioPolicyManagerBase: APM: getOutput
01-06 21:22:28.510   148   148 I AudioPolicyManagerBase: APM: getOutput
01-06 21:22:28.510   148   504 I AudioPolicyManagerBase: APM: getOutput
01-06 21:22:28.520   148   505 D AudioPolicyManagerALSA: startOutput() output 2, stream type 1, session 764
01-06 21:22:28.540   148   421 D AudioFlinger: reconfig due to o/p flag ?
01-06 21:22:28.540   148   421 D AudioHardwareALSA: setStreamParameters: key value pair routing=2;stream_flags=2
01-06 21:22:28.540   148   421 D RouteManager: setOutputFlags: output flags = 0x2 (Prev Flags=0x2)
01-06 21:22:28.540   148   421 D RouteManager: setDevices: set device = IHF to output stream
01-06 21:22:28.540   148   421 D RouteManager: setStreamParameters: identical Platform State, do not reconsider routing
01-06 21:22:28.550   424   439 D hwcomposer: same RGB buffer handle 0x68706030
01-06 21:22:28.560   148   421 D AudioResamplerIA: Create AudioResamplerIA Resampler: Input rate 44100, output rate 48000
01-06 21:22:28.560   424   439 D hwcomposer: same RGB buffer handle 0x68706030
01-06 21:22:28.580   424   439 D hwcomposer: same RGB buffer handle 0x68706030
01-06 21:22:28.600   424   439 D hwcomposer: same RGB buffer handle 0x68706030
01-06 21:22:28.600  1811  3952 E IMGSRV  : :0: SGXGetFreeDeviceSyncList: Get free DeviceSyncList timeout.
01-06 21:22:28.600  1811  3952 E IMGSRV  : :0: HW operation timeout occurred.
01-06 21:22:28.600  1811  3952 E IMGSRV  : :0: MapperLogSyncObjects: Dumping all active sync objects..
01-06 21:22:28.600  1811  3952 E IMGSRV  : :0: ID=2082, 0xP...FHWR=0x00000902, WOP/WOC=0x0/0x0, ROP/ROC=0x0/0x0, ROP2/ROC2=0x0/0x0, WOC DevVA=0xef007c34, ROC DevVA=0xef007c3c, ROC2 DevVA=0xef007c44
01-06 21:22:28.600  1811  3952 E IMGSRV  : :0: ID=2081, 0xP...FHWR=0x00000902, WOP/WOC=0x0/0x0, ROP/ROC=0x0/0x0, ROP2/ROC2=0x0/0x0, WOC DevVA=0xef007c0c, ROC DevVA=0xef007c14, ROC2 DevVA=0xef007c1c
01-06 21:22:28.600  1811  3952 E IMGSRV  : :0: ID=2080, 0xP...FHWR=0x00000902, WOP/WOC=0x0/0x0, ROP/ROC=0x0/0x0, ROP2/ROC2=0x0/0x0, WOC DevVA=0xef007be4, ROC DevVA=0xef007bec, ROC2 DevVA=0xef007bf4
01-06 21:22:28.600  1811  3952 E IMGSRV  : :0: ID=2079, 0xP...FHWR=0x00000902, WOP/WOC=0x0/0x0, ROP/ROC=0x0/0x0, ROP2/ROC2=0x0/0x0, WOC DevVA=0xef007bbc, ROC DevVA=0xef007bc4, ROC2 DevVA=0xef007bcc
01-06 21:22:28.600  1811  3952 E IMGSRV  : :0: ID=2078, 0xP...FHWR=0x00000902, WOP/WOC=0x0/0x0, ROP/ROC=0x0/0x0, ROP2/ROC2=0x0/0x0, WOC DevVA=0xef007b1c, ROC DevVA=0xef007b24, ROC2 DevVA=0xef007b2c
01-06 21:22:28.600  1811  3952 E IMGSRV  : :0: ID=2077, 0xP...FHWR=0x00000902, WOP/WOC=0x0/0x0, ROP/ROC=0x0/0x0, ROP2/ROC2=0x0/0x0, WOC DevVA=0xef007af4, ROC DevVA=0xef007afc, ROC2 DevVA=0xef007b04
01-06 21:22:28.600  1811  3952 E IMGSRV  : :0: ID=2076, 0xP...FHWR=0x00000902, WOP/WOC=0x0/0x0, ROP/ROC=0x0/0x0, ROP2/ROC2=0x0/0x0, WOC DevVA=0xef006d24, ROC DevVA=0xef006d2c, ROC2 DevVA=0xef006d34
01-06 21:22:28.600  1811  3952 E IMGSRV  : :0: ID=2041, 0xP...FHWR=0x00000902, WOP/WOC=0x0/0x0, ROP/ROC=0x0/0x0, ROP2/ROC2=0x0/0x0, WOC DevVA=0xef006fcc, ROC DevVA=0xef006fd4, ROC2 DevVA=0xef006fdc
01-06 21:22:28.600  1811  3952 E IMGSRV  : :0: ID=2040, 0xP...FHWR=0x00000b00, WOP/WOC=0x4f/0x4e, ROP/ROC=0x5f/0x5f, ROP2/ROC2=0x8/0x6, WOC DevVA=0xef006cd4, ROC DevVA=0xef006cdc, ROC2 DevVA=0xef006ce4
01-06 21:22:28.600  1811  3952 E IMGSRV  : :0: ID=2039, 0xP...FHWR=0x00000b00, WOP/WOC=0x4f/0x4e, ROP/ROC=0x6c/0x6c, ROP2/ROC2=0x9/0x7, WOC DevVA=0xef00675c, ROC DevVA=0xef006764, ROC2 DevVA=0xef00676c
01-06 21:22:28.600  1811  3952 E IMGSRV  : :0: ID=2038, 0xP...FHWR=0x00000b00, WOP/WOC=0x1e/0x1e, ROP/ROC=0x95/0x95, ROP2/ROC2=0x0/0x0, WOC DevVA=0xef006734, ROC DevVA=0xef00673c, ROC2 DevVA=0xef006744
01-06 21:22:28.600  1811  3952 E IMGSRV  : :0: ID=2037, 0xP...FHWR=0x00000b00, WOP/WOC=0x4f/0x4e, ROP/ROC=0x96/0x96, ROP2/ROC2=0x11/0xf, WOC DevVA=0xef007f04, ROC DevVA=0xef007f0c, ROC2 DevVA=0xef007f14
01-06 21:22:28.600  1811  3952 E IMGSRV  : :0: ID=2036, 0xP...FHWR=0x00000b00, WOP/WOC=0x1f/0x1f, ROP/ROC=0x68/0x68, ROP2/ROC2=0x0/0x0, WOC DevVA=0xef006004, ROC DevVA=0xef00600c, ROC2 DevVA=0xef006014
01-06 21:22:28.600  1811  3952 E IMGSRV  : :0: ID=2035, 0xP...FHWR=0x00000b00, WOP/WOC=0x1f/0x1f, ROP/ROC=0x89/0x89, ROP2/ROC2=0x0/0x0, WOC DevVA=0xef007004, ROC DevVA=0xef00700c, ROC2 DevVA=0xef007014
01-06 21:22:28.600  1811  1811 V StateManager: finishState com.android.gallery3d.app.SlideshowPage@21567560
01-06 21:22:28.610   424   439 D hwcomposer: same RGB buffer handle 0x68706030
01-06 21:22:28.310  2721  2721 I KERNEL  : [  699.887776] atomisp 0000:00:03.0: timeout 1 of 2
01-06 21:22:28.310  2721  2721 I KERNEL  : [  699.888711] atomisp 0000:00:03.0: atomisp_wdt_work, pipe[0] buffers in css: 0
01-06 21:22:28.310  2721  2721 I KERNEL  : [  699.888919] atomisp 0000:00:03.0: atomisp_wdt_work, pipe[1] buffers in css: 0
01-06 21:22:28.310  2721  2721 I KERNEL  : [  699.889175] atomisp 0000:00:03.0: atomisp_wdt_work, pipe[2] buffers in css: 3
01-06 21:22:28.310  2721  2721 I KERNEL  : [  699.889313] atomisp 0000:00:03.0: atomisp_wdt_work, s3a buffers in css preview pipe: 3
01-06 21:22:28.310  2721  2721 I KERNEL  : [  699.889528] atomisp 0000:00:03.0: atomisp_wdt_work, s3a buffers in css capture pipe: 0
01-06 21:22:28.310  2721  2721 I KERNEL  : [  699.889746] atomisp 0000:00:03.0: atomisp_wdt_work, s3a buffers in css video pipe: 0
01-06 21:22:28.310  2721  2721 I KERNEL  : [  699.889948] atomisp 0000:00:03.0: atomisp_wdt_work, dis buffers in css: 0
01-06 21:22:28.310  2721  2721 I KERNEL  : [  699.890139] STOP_FUNC: reach point 1
01-06 21:22:28.600  1811  3952 I KERNEL  : [  700.184519] PVR_K: User requested SGX debug info
01-06 21:22:28.600  1811  3952 I KERNEL  : [  700.184614] PVR_K: SGX debug (INTEL_SGX_DDK_Android sgxddk 19 1.9@2291151)
01-06 21:22:28.600  1811  3952 I KERNEL  : [  700.184763] PVR_K: Queue Size:2048  ProcessID:0X1A8
01-06 21:22:28.600  1811  3952 I KERNEL  : [  700.184845] PVR_K: CmdType:0 CmdSize:96 SrcCnt:1 DstCnt:0
01-06 21:22:28.600  1811  3952 I KERNEL  : [  700.184936] PVR_K: 	Src Sync Object: Write[EF006CD4](4E:4F) Read[EF006CDC](5F:5F) Read2[EF006CE4](6:8) WP:4E, R2P:6
01-06 21:22:28.600  1811  3952 I KERNEL  : [  700.185086] PVR_K: CmdType:0 CmdSize:96 SrcCnt:1 DstCnt:0
01-06 21:22:28.600  1811  3952 I KERNEL  : [  700.185263] PVR_K: 	Src Sync Object: Write[EF007F04](4E:4F) Read[EF007F0C](96:96) Read2[EF007F14](F:11) WP:4F, R2P:10
01-06 21:22:28.600  1811  3952 I KERNEL  : [  700.185408] PVR_K: CmdType:0 CmdSize:96 SrcCnt:1 DstCnt:0
01-06 21:22:28.600  1811  3952 I KERNEL  : [  700.185499] PVR_K: 	Src Sync Object: Write[EF00675C](4E:4F) Read[EF006764](6C:6C) Read2[EF00676C](7:9) WP:4F, R2P:8
01-06 21:22:28.600  1811  3952 I KERNEL  : [  700.185655] PVR_K: CmdType:0 CmdSize:96 SrcCnt:1 DstCnt:0
01-06 21:22:28.600  1811  3952 I KERNEL  : [  700.185827] PVR_K: 	Src Sync Object: Write[EF006CD4](4E:4F) Read[EF006CDC](5F:5F) Read2[EF006CE4](6:8) WP:4F, R2P:7
01-06 21:22:28.600  1811  3952 I KERNEL  : [  700.186027] PVR_K: Current Jiffies: 9C7E
01-06 21:22:28.600  1811  3952 I KERNEL  : [  700.186139] PVR_K: Flip Command Complete Data 0 for display device 1:; queuetime:9C70
01-06 21:22:28.600  1811  3952 I KERNEL  : [  700.186332] PVR_K: 	SRC 0: ROC DevVAddr:0xEF00676C ROP:0x9 ROC:0x7, WOC DevVAddr:0xEF00675C WOP:0x4f WOC:0x4e
01-06 21:22:28.600  1811  3952 I KERNEL  : [  700.186474] PVR_K: Flip Command Complete Data 1 for display device 1:; queuetime:9C6E
01-06 21:22:28.600  1811  3952 I KERNEL  : [  700.186556] PVR_K: 	SRC 0: ROC DevVAddr:0xEF007F14 ROP:0x11 ROC:0xf, WOC DevVAddr:0xEF007F04 WOP:0x4f WOC:0x4e
01-06 21:22:28.600  1811  3952 I KERNEL  : [  700.186735] PVR_K: Display complete history:
01-06 21:22:28.600  1811  3952 I KERNEL  : [  700.186840] 00009B25  00009          00009B27  00008
01-06 21:22:28.600  1811  3952 I KERNEL  : 
01-06 21:22:28.600  1811  3952 I KERNEL  : [  700.186986] 00009B2F  00004          00009B33  00005
01-06 21:22:28.600  1811  3952 I KERNEL  : 
01-06 21:22:28.600  1811  3952 I KERNEL  : [  700.187147] 00009B34  00006          00009B3B  00004
01-06 21:22:28.610  1811  3952 I KERNEL  : 
01-06 21:22:28.610  1811  3952 I KERNEL  : [  700.187395] 00009B5B  00005          00009B82  00006
01-06 21:22:28.610  1811  3952 I KERNEL  : 
01-06 21:22:28.610  1811  3952 I KERNEL  : [  700.187554] 00009B87  00007          00009B8C  00005
01-06 21:22:28.610  1811  3952 I KERNEL  : 
01-06 21:22:28.610  1811  3952 I KERNEL  : [  700.187753] 00009B90  00013          00009BC5  00005
01-06 21:22:28.610  1811  3952 I KERNEL  : 
01-06 21:22:28.610  1811  3952 I KERNEL  : [  700.187894] 00009BD4  00007          00009C08  00013
01-06 21:22:28.610  1811  3952 I KERNEL  : 
01-06 21:22:28.610  1811  3952 I KERNEL  : [  700.188094] 00009C26  00004          00009C56  00004
01-06 21:22:28.610  1811  3952 I KERNEL  : 
01-06 21:22:28.610  1811  3952 I KERNEL  : [  700.188234] 00009C58  00005          00009C5B  00005
01-06 21:22:28.610  1811  3952 I KERNEL  : 
01-06 21:22:28.610  1811  3952 I KERNEL  : [  700.188376] 00009C62  00004          00009C67  00004
01-06 21:22:28.610  1811  3952 I KERNEL  : 
01-06 21:22:28.610  1811  3952 I KERNEL  : [  700.188576] PVR_K: SGX Host control:
01-06 21:22:28.610  1811  3952 I KERNEL  : [  700.188719] PVR_K: 	(HC-0) 0x00000001 0x0000000C 0x00000000 0x00000000
01-06 21:22:28.610  1811  3952 I KERNEL  : [  700.188855] PVR_K: 	(HC-10) 0x00000000 0x0000000A 0x00061A80 0x00000003
01-06 21:22:28.610  1811  3952 I KERNEL  : [  700.188934] PVR_K: 	(HC-20) 0x00000006 0x00000002 0x00000000 0x00008254
01-06 21:22:28.610  1811  3952 I KERNEL  : [  700.189070] PVR_K: 	(HC-30) 0x0003759C 0x17E0F9E0 0x00000000 0x00000000
01-06 21:22:28.610  1811  3952 I KERNEL  : [  700.189149] PVR_K: 	(HC-40) 0x00000000 0x00000000 0x00000000 0x00000000
01-06 21:22:28.610  1811  3952 I KERNEL  : [  700.189287] PVR_K: 	(HC-50) 0x00000000 0x00000000 0x00000000 0x00000000
01-06 21:22:28.610  1811  3952 I KERNEL  : [  700.189424] PVR_K: 	(HC-60) 0x00000000 0x00000000 0x00000000 0x00000000
01-06 21:22:28.610  1811  3952 I KERNEL  : [  700.189504] PVR_K: 	(HC-70) 0x00000000 0x00000000 0x00000000 0x00000000
01-06 21:22:28.610  1811  3952 I KERNEL  : [  700.189642] PVR_K: 	(HC-80) 0x00000000 0x00000000 0x000646D4 0x00012802
01-06 21:22:28.610  1811  3952 I KERNEL  : [  700.189719] PVR_K: SGX TA/3D control:
01-06 21:22:28.610  1811  3952 I KERNEL  : [  700.189855] PVR_K: 	(T3C-0) 0xF4003000 0xF4003180 0xF4002000 0xF40DD800
01-06 21:22:28.610  1811  3952 I KERNEL  : [  700.189934] PVR_K: 	(T3C-10) 0x00000001 0x00000002 0x00000001 0xF201A2C0
01-06 21:22:28.610  1811  3952 I KERNEL  : [  700.190071] PVR_K: 	(T3C-20) 0x00000000 0x00000000 0x00000000 0x00000000
01-06 21:22:28.610  1811  3952 I KERNEL  : [  700.190209] PVR_K: 	(T3C-30) 0x00000000 0x00000000 0x00000000 0x00000000
01-06 21:22:28.610  1811  3952 I KERNEL  : [  700.190288] PVR_K: 	(T3C-40) 0x00000000 0x00000000 0x00000000 0x00000000
01-06 21:22:28.610  1811  3952 I KERNEL  : [  700.190426] PVR_K: 	(T3C-50) 0xF201A680 0x00000000 0x00000000 0xF201A680
01-06 21:22:28.610  1811  3952 I KERNEL  : [  700.190505] PVR_K: 	(T3C-60) 0x00000000 0x00000000 0xF201A680 0x00000000
01-06 21:22:28.610  1811  3952 I KERNEL  : [  700.190642] PVR_K: 	(T3C-70) 0x00000000 0xF201A680 0x00000000 0x00000002
01-06 21:22:28.610  1811  3952 I KERNEL  : [  700.190736] PVR_K: 	(T3C-80) 0x00000000 0xF4005000 0x000000FC 0xFFFFDFFF
01-06 21:22:28.610  1811  3952 I KERNEL  : [  700.190890] PVR_K: 	(T3C-90) 0x00000000 0x00000001 0x0000031E 0x00000007
01-06 21:22:28.610  1811  3952 I KERNEL  : [  700.191037] PVR_K: 	(T3C-A0) 0x00000000 0x00000000 0xF4000000 0x3DA34000
01-06 21:22:28.610  1811  3952 I KERNEL  : [  700.191117] PVR_K: 	(T3C-B0) 0xF4004000 0xF407A180 0x00000000 0xF40F14A0
01-06 21:22:28.610  1811  3952 I KERNEL  : [  700.191254] PVR_K: 	(T3C-C0) 0xF201A2C0 0x10000634 0x00000420 0x00000000
01-06 21:22:28.610  1811  3952 I KERNEL  : [  700.191334] PVR_K: 	(T3C-D0) 0xF40F14A0 0x00222202 0x00222202 0x00000000
01-06 21:22:28.610  1811  3952 I KERNEL  : [  700.191471] PVR_K: 	(T3C-E0) 0x00000000 0x00000000 0x00000000 0x00000000
01-06 21:22:28.610  1811  3952 I KERNEL  : [  700.191608] PVR_K: 	(T3C-F0) 0x00000000 0x00000000 0x00000000 0x00000000
01-06 21:22:28.610  1811  3952 I KERNEL  : [  700.191687] PVR_K: 	(T3C-100) 0x00000000 0x00000000 0x00000000 0x00000000
01-06 21:22:28.610  1811  3952 I KERNEL  : [  700.191825] PVR_K: 	(T3C-110) 0x00000000 0x000029FF 0x000029FF 0xF2019010
01-06 21:22:28.610  1811  3952 I KERNEL  : [  700.191905] PVR_K: 	(T3C-120) 0xF2019014 0xF2019034 0xF2019030 0xF4008000
01-06 21:22:28.610  1811  3952 I KERNEL  : [  700.192043] PVR_K: 	(T3C-130) 0xF4013820 0xF4007020 0x00000000 0x00000000
01-06 21:22:28.610  1811  3952 I KERNEL  : [  700.192180] PVR_K: 	(T3C-140) 0x00000000 0x00000000 0x00000218 0x00000218
01-06 21:22:28.610  1811  3952 I KERNEL  : [  700.192258] PVR_K: 	(T3C-150) 0x00000000 0x00000003 0x00000000 0x00000000
01-06 21:22:28.610  1811  3952 I KERNEL  : [  700.192395] PVR_K: 	(T3C-160) 0x00000000 0x00000000 0x00021134 0x00023402
01-06 21:22:28.630  1811  3952 I KERNEL  : [  700.207248] PVR_K: Last SGX microkernel status code: AD001A06 MKTC_TIMER_POWER_OFF
01-06 21:22:28.630  1811  3952 I KERNEL  : [  700.207451] PVR_K: 	(MKT-0) 0000A0C8 01600800 0100251F AD000101 MKTC_3DEVENT_PIXELENDRENDER
01-06 21:22:28.630  1811  3952 I KERNEL  : [  700.207635] PVR_K: 	(MKT-1) 0000A0F8 01600800 0100251F AD003030 MKTC_ZLS_IDLE_BEGIN
01-06 21:22:28.630  1811  3952 I KERNEL  : [  700.207816] PVR_K: 	(MKT-2) 0000A116 01600800 0100251F AD003031 MKTC_ZLS_ISP_CLK_GATING_EN
01-06 21:22:28.630  1811  3952 I KERNEL  : [  700.207922] PVR_K: 	(MKT-3) 0000A140 01600800 0100251F AD003032 MKTC_ZLS_IDLE_END
01-06 21:22:28.630  1811  3952 I KERNEL  : [  700.208104] PVR_K: 	(MKT-4) 0000A161 01600800 0100251F AD000500 MKTC_RENDERFINISHED_START
01-06 21:22:28.630  1811  3952 I KERNEL  : [  700.208286] PVR_K: 	(MKT-5) 0000A1E1 01600800 0100251F AD000502 MKTC_RF_ALL_MTS_DONE
01-06 21:22:28.630  1811  3952 I KERNEL  : [  700.208391] PVR_K: 	(MKT-6) 0000A2FD 01600C00 0100251F AD000C01 MKTC_URSV_UPDATEWRITEOPS
01-06 21:22:28.630  1811  3952 I KERNEL  : [  700.208573] PVR_K: 	(MKT-7) 0000A31A 01600800 0100251F EF001324 (Unknown)
01-06 21:22:28.630  1811  3952 I KERNEL  : [  700.208754] PVR_K: 	(MKT-8) 0000A336 01600800 0100251F 0000009A (Unknown)
01-06 21:22:28.630  1811  3952 I KERNEL  : [  700.208858] PVR_K: 	(MKT-9) 0000A398 01600800 0100251F AD000C03 MKTC_URSV_UPDATESTATUSVALS
01-06 21:22:28.630  1811  3952 I KERNEL  : [  700.209038] PVR_K: 	(MKT-A) 0000A3C1 01600800 0100251F EF0032BC (Unknown)
01-06 21:22:28.630  1811  3952 I KERNEL  : [  700.209217] PVR_K: 	(MKT-B) 0000A3D9 01600800 0100251F 0000684C (Unknown)
01-06 21:22:28.630  1811  3952 I KERNEL  : [  700.209322] PVR_K: 	(MKT-C) 0000A3FE 01600800 0100251F EF0032C0 (Unknown)
01-06 21:22:28.630  1811  3952 I KERNEL  : [  700.209501] PVR_K: 	(MKT-D) 0000A416 01600800 0100251F 000002C0 (Unknown)
01-06 21:22:28.630  1811  3952 I KERNEL  : [  700.209604] PVR_K: 	(MKT-E) 0000A437 01600800 0100251F EF003258 (Unknown)
01-06 21:22:28.630  1811  3952 I KERNEL  : [  700.209783] PVR_K: 	(MKT-F) 0000A44F 01600800 0100251F 000001CD (Unknown)
01-06 21:22:28.630  1811  3952 I KERNEL  : [  700.209963] PVR_K: 	(MKT-10) 0000A467 01600800 0100251F AD000C04 MKTC_URSV_UPDATESTATUSVALS_DONE
01-06 21:22:28.630  1811  3952 I KERNEL  : [  700.210069] PVR_K: 	(MKT-11) 0000A641 01600C00 0000251F AD00030E MKTC_CRRL_READOPS2BLOCKED
01-06 21:22:28.630  1811  3952 I KERNEL  : [  700.210251] PVR_K: 	(MKT-12) 0000A65A 01600800 0000251F EF007F14 (Unknown)
01-06 21:22:28.630  1811  3952 I KERNEL  : [  700.210430] PVR_K: 	(MKT-13) 0000A675 01600800 0000251F 0000000F (Unknown)
01-06 21:22:28.630  1811  3952 I KERNEL  : [  700.210534] PVR_K: 	(MKT-14) 0000A68E 01600800 0000251F 00000010 (Unknown)
01-06 21:22:28.630  1811  3952 I KERNEL  : [  700.210713] PVR_K: 	(MKT-15) 0000A6BB 01600800 0000251F AD000309 MKTC_CRRL_BLOCKEDRC
01-06 21:22:28.630  1811  3952 I KERNEL  : [  700.210894] PVR_K: 	(MKT-16) 0000A6D3 01600800 0000251F F201A680 (Unknown)
