--------- beginning of /dev/log/main
D/ADB_SERVICES(  261): adb socket read list (21) 
D/ADB_SERVICES(  261): read_data=936
D/ADB_SERVICES(  261): max_read_time=0.000039 max_send_time=0.000046 
D/ADB_SERVICES(  261):  closing because is_eof=1 r=-1 s->fde.force_eof=0
W/ADB_SERVICES(  261): entered. LS(135) fd=21
I/        (  211): [BWC INFO](211): get_bwc_mm_property success
I/System.out( 2533): [socket][/172.30.96.24:60546] connected
I/System.out( 2533): [CDS]rx timeout:30000
I/        (  211): [BWC INFO](211): get_bwc_mm_property success
I/System.out( 2533): [CDS]SO_SND_TIMEOUT:0
I/System.out( 2533): [socket][/172.30.96.24:48445] connected
I/System.out( 2533): [CDS]rx timeout:30000
I/System.out( 2533): [CDS]SO_SND_TIMEOUT:0
W/ADB_SERVICES(  261): create_local_service_socket() name=shell:logcat -v time -d
W/ADB_SERVICES(  261): service_to_fd() name=shell:logcat -v time -d
W/ADB_SERVICES(  261): read_meminfo() mem_free=34576
W/ADB_SERVICES(  261): create_subprocess() ret_fd=21 pid=6210
W/ADB_SERVICES(  261): LS(136): bound to 'shell:logcat -v time -d' via 21
W/ADB_SERVICES( 6210): adb: unable to open /proc/6210/oom_adj
I/        (  211): [BWC INFO](211): get_bwc_mm_property success
D/libc-netbsd(  209): default dns: query_ipv6=0, query_ipv4=1
D/libc-netbsd(  209): res_queryN name = s1.rr.itc.cn, class = 1, type = 1
D/libc-netbsd(  209): iface=wlan0, dns0:172.30.96.1
D/libc-netbsd(  209): iface=wlan0, dns1:10.100.20.11
D/libc-netbsd(  209): iface=wlan0, dns2:8.8.8.8
I/System.out( 2533): [CDS]close[33162]
I/System.out( 2533): close [socket][/0.0.0.0:33162]
I/        (  211): [BWC INFO](211): get_bwc_mm_property success
D/libc-netbsd(  209): default dns: query_ipv6=0, query_ipv4=1
D/libc-netbsd(  209): res_queryN name = zz.m.sohu.com, class = 1, type = 1
D/libc-netbsd(  209): iface=wlan0, dns0:172.30.96.1
D/libc-netbsd(  209): iface=wlan0, dns1:10.100.20.11
D/libc-netbsd(  209): iface=wlan0, dns2:8.8.8.8
D/ADB_SERVICES(  261):  closing because is_eof=1 r=1 s->fde.force_eof=0
W/ADB_SERVICES(  261): entered. LS(136) fd=21
I/        (  211): [BWC INFO](211): get_bwc_mm_property success
I/        (  211): [BWC INFO](211): get_bwc_mm_property success
I/        (  211): [BWC INFO](211): get_bwc_mm_property success
I/        (  211): [BWC INFO](211): get_bwc_mm_property success
D/AudioMTKLosslessBTBroadcast(  216): mIsLosslessBTOn:0, mIsLosslessBTPlaying:0
D/AudioMTKLosslessBTBroadcast(  216): systemServerStarted: ps -t | grep ActivityManager 
I/        (  211): [BWC INFO](211): get_bwc_mm_property success
D/libc-netbsd(  209): res_queryN name = s1.rr.itc.cn succeed
I/        (  211): [BWC INFO](211): get_bwc_mm_property success
D/libc-netbsd( 2533): getaddrinfo: s1.rr.itc.cn get result from proxy >>
I/        (  211): [BWC INFO](211): get_bwc_mm_property success
I/        (  211): [BWC INFO](211): get_bwc_mm_property success
I/        (  211): [BWC INFO](211): get_bwc_mm_property success
I/        (  211): [BWC INFO](211): get_bwc_mm_property success
I/        (  211): [BWC INFO](211): get_bwc_mm_property success
D/libc-netbsd(  209): res_queryN name = zz.m.sohu.com succeed
D/libc-netbsd( 2533): getaddrinfo: zz.m.sohu.com get result from proxy >>
W/HttpResourceProvider( 2533): res code: 304
I/System.out( 2533): [CDS]close[46295]
I/System.out( 2533): close [socket][/0.0.0.0:46295]
I/        (  211): [BWC INFO](211): get_bwc_mm_property success
E/AudioMTKLosslessBTBroadcast(  216): systemServerStarted return falid
I/        (  211): [BWC INFO](211): get_bwc_mm_property success
I/System.out( 2533): [CDS]rx timeout:30000
I/System.out( 2533): [CDS]SO_SND_TIMEOUT:0
I/        (  211): [BWC INFO](211): get_bwc_mm_property success
I/        (  211): [BWC INFO](211): get_bwc_mm_property success
I/        (  211): [BWC INFO](211): get_bwc_mm_property success
I/        (  211): [BWC INFO](211): get_bwc_mm_property success
I/        (  211): [BWC INFO](211): get_bwc_mm_property success
E/Sensors (  752): ambientlight send event, lux 70.0
I/        (  211): [BWC INFO](211): get_bwc_mm_property success
I/        (  211): [BWC INFO](211): get_bwc_mm_property success
V/Provider/Settings(  752): get setting for user 0 by user 0 so skipping cache
V/Provider/Settings(  752):  from settings cache , name = netstats_time_cache_max_age , value = null
D/AppOps  (  752): startOperation: allowing code 40 uid 1000 package android
D/PowerManagerService(  752): updateDisplayPowerStateLocked: Brightness BUTTON_HOME:REAL buttonBrightness = 208
--------- beginning of /dev/log/system
D/PowerManagerDisplayController(  752): requestPowerState: screenState=2, useProximitySensor=false, forceProximitySensorEnable=false, forceWakeUpEnable=false, screenBrightness=1712, screenAutoBrightnessAdjustment=0.0, useAutoBrightness=true, AALFunction=0, blockScreenOn=false, buttonBrightness=208, waitForNegativeProximity=false
D/PowerManagerDisplayController(  752):  changed is false
D/PowerManagerService(  752): updateScreenStateLocked: mDisplayReady=true, newScreenState=2, mWakefulness=1, mWakeLockSummary=0x1, mUserActivitySummary=0x1, mBootCompleted=true
D/PowerManagerService(  752): Acquiring suspend blocker "PowerManagerService.WakeLocks".
D/PowerManagerService(  752): handleSandman: canDream=true, mWakefulness=Awake
V/NetworkStats(  752): performPollLocked(flags=0x3)
D/NetdConnector(  752): SND -> {196 bandwidth gettetherstats}
I/FrameworkListener(  209): onDataAvailable get 29 bytes 
I/        (  211): [BWC INFO](211): get_bwc_mm_property success
D/SocketClient(  209): SocketClient msg = Tethering stats list completed
D/SocketClient(  209): SocketClient sendDatalocked done: 200 196 Tethering stats list completed
D/NetdConnector(  752): RCV <- {200 196 Tethering stats list completed}
D/NetdConnector(  752): RMV <- {200 196 Tethering stats list completed}
W/NetworkStatsRecorder(  752): unknown interfaces [lo, p2p0], ignoring those stats
W/NetworkStatsRecorder(  752): unknown interfaces [lo, p2p0], ignoring those stats
W/NetworkStatsRecorder(  752): unknown interfaces [lo, p2p0], ignoring those stats
W/NetworkStatsRecorder(  752): unknown interfaces [lo, p2p0], ignoring those stats
D/NetworkStatsRecorder(  752): forcePersistLocked() writing for dev
I/        (  211): [BWC INFO](211): get_bwc_mm_property success
I/        (  211): [BWC INFO](211): get_bwc_mm_property success
I/        (  211): [BWC INFO](211): get_bwc_mm_property success
D/NetworkStatsRecorder(  752): forcePersistLocked() writing for xt
I/        (  211): [BWC INFO](211): get_bwc_mm_property success
I/        (  211): [BWC INFO](211): get_bwc_mm_property success
D/NetworkStatsRecorder(  752): forcePersistLocked() writing for uid
I/        (  211): [BWC INFO](211): get_bwc_mm_property success
I/System.out( 2533): [CDS]rx timeout:100
I/System.out( 2533): [CDS]rx timeout:20000
D/SQLiteDatabase( 2533): beginTransaction()
D/skia    ( 2533): jpeg_decoder mode 0, config 5, w 154, h 230, sample 1, bsLength 418d!!
D/skia    ( 2533): jpeg_decoder mode 1, config 5, w 154, h 230, sample 1, bsLength 418d!!
D/skia    ( 2533): jpeg_decoder finish successfully, L:1882!!!
I/        (  211): [BWC INFO](211): get_bwc_mm_property success
I/        (  211): [BWC INFO](211): get_bwc_mm_property success
V/NetworkStats(  752): performPollLocked() took 147ms
V/Provider/Settings(  752): get setting for user 0 by user 0 so skipping cache
V/Provider/Settings(  752):  from settings cache , name = netstats_sample_enabled , value = null
V/ActivityManager(  752): Broadcast: Intent { act=com.android.server.action.NETWORK_STATS_UPDATED flg=0x40000010 } ordered=false userid=-1 callerApp=ProcessRecord{44e79060 752:system/1000}
D/PowerManagerService(  752): releaseWakeLockInternal: lock=1155106296 [NetworkStats], flags=0x0, total_time=151ms
D/PowerManagerNotifier(  752): onWakeLockReleased: flags=1, tag="NetworkStats", packageName=android, ownerUid=1000, ownerPid=752, workSource=null
V/NetworkPolicy(  752): ensureActiveMobilePolicyLocked()
D/PowerManagerService(  752): updateWakeLockSummaryLocked: mWakefulness=Awake, mWakeLockSummary=0x0
D/PowerManagerService(  752): newScreenState = 2
D/PowerManagerService(  752): updateDisplayPowerStateLocked: mScreenBrightnessSetting screenBrightness = 214
D/PowerManagerService(  752): updateDisplayPowerStateLocked: auto mScreenBrightnessSetting = 214
D/PowerManagerService(  752): updateDisplayPowerStateLocked: mAutoModeAdjustByUser = false, mMode = 2
D/PowerManagerDisplayController(  752): Default screen return 8
D/PowerManagerService(  752): OnLuxChangedListener: mScreenDim = false, newState = 2
D/PowerManagerService(  752): OnLuxChangedListener: mScreenDim = false, newState = 2
D/PowerManagerService(  752): updateDisplayPowerStateLocked: auto screenBrightness = 214 isdim2B = false
D/PowerManagerDisplayController(  752):  mRampMode = 2
D/PowerManagerService(  752): updateDisplayPowerStateLocked: BUTTON_HOME:ON screen_brightness = 214
D/PowerManagerService(  752): updateDisplayPowerStateLocked: BUTTON_HOME:brightness by screen_brightness = 214
D/PowerManagerService(  752): FULLSCREEN: set home button brightness = 208
D/PowerManagerService(  752): updateDisplayPowerStateLocked: Brightness BUTTON_HOME:REAL buttonBrightness = 208
D/PowerManagerService(  752): updateDisplayPowerStateLocked: Brightness = 214
D/PowerManagerDisplayController(  752): Default screen return 8
D/PowerManagerService(  752): Package Lib: shouldUseProximitySensorLocked mLidMode = false
D/PowerManagerService(  752): updateDisplayPowerStateLocked: mScreenBrightnessModeSetting=1, autoBrightness=true, AALFunction=0, screenAutoBrightnessAdjustment=0.0, screenBrightness=214, mMode = 2, mButtonBrightness=0
D/PowerManagerDisplayController(  752): requestPowerState: screenState=2, useProximitySensor=false, forceProximitySensorEnable=false, forceWakeUpEnable=false, screenBrightness=1712, screenAutoBrightnessAdjustment=0.0, useAutoBrightness=true, AALFunction=0, blockScreenOn=false, buttonBrightness=208, waitForNegativeProximity=false
D/PowerManagerDisplayController(  752):  changed is false
D/PowerManagerService(  752): updateScreenStateLocked: mDisplayReady=true, newScreenState=2, mWakefulness=1, mWakeLockSummary=0x0, mUserActivitySummary=0x1, mBootCompleted=true
D/PhoneInterfaceManagerEx( 1079): [PhoneIntfMgrEx] hasIccCard  simId=0
D/PowerManagerService(  752): Releasing suspend blocker "PowerManagerService.WakeLocks".
D/PowerManagerService(  752): handleSandman: canDream=true, mWakefulness=Awake
D/NetdConnector(  752): SND -> {197 bandwidth setglobalalert 2097152}
I/FrameworkListener(  209): onDataAvailable get 37 bytes 
D/PhoneInterfaceManager( 1079): getSimState simId = 0prop = ABSENT
D/SocketClient(  209): SocketClient msg = Bandwidth command succeeeded
D/SocketClient(  209): SocketClient sendDatalocked done: 200 197 Bandwidth command succeeeded
D/NetdConnector(  752): RCV <- {200 197 Bandwidth command succeeeded}
V/NetworkPolicy(  752): updateNetworkEnabledLocked()
V/NetworkPolicy(  752):  checking policy:NetworkPolicy[NetworkTemplate: matchRule=MOBILE_ALL, subscriberId=460010...]: cycleDay=14, cycleTimezone=Asia/Shanghai, warningBytes=-1, limitBytes=-1, lastWarningSnooze=-1, lastLimitSnooze=-1, metered=true, inferred=false, active=true
V/NetworkPolicy(  752):  ignore setNetworkTemplateEnabled
V/NetworkPolicy(  752): updateNotificationsLocked()
D/NetdConnector(  752): RMV <- {200 197 Bandwidth command succeeeded}
D/NetworkPolicy(  752):  checking policy:NetworkPolicy[NetworkTemplate: matchRule=MOBILE_ALL, subscriberId=460010...]: cycleDay=14, cycleTimezone=Asia/Shanghai, warningBytes=-1, limitBytes=-1, lastWarningSnooze=-1, lastLimitSnooze=-1, metered=true, inferred=false, active=true
D/PhoneInterfaceManagerEx( 1079): [PhoneIntfMgrEx] hasIccCard  simId=0
D/PhoneInterfaceManager( 1079): getSimState simId = 0prop = ABSENT
D/NetworkPolicy(  752): SIM_STATE_READY is not ready
I/        (  211): [BWC INFO](211): get_bwc_mm_property success
I/        (  211): [BWC INFO](211): get_bwc_mm_property success
I/        (  211): [BWC INFO](211): get_bwc_mm_property success
I/        (  211): [BWC INFO](211): get_bwc_mm_property success
I/        (  211): [BWC INFO](211): get_bwc_mm_property success
I/SurfaceFlinger(  211): [Built-in Screen (type:0)] fps:57.455631,dur:1009.47,max:34.23,min:11.90
I/TVM     ( 2533): Jit: resizing JitTable from 8192 to 16384
W/HttpResourceProvider( 2533): res code: 304
I/System.out( 2533): [CDS]close[58279]
I/System.out( 2533): close [socket][/0.0.0.0:58279]
I/        (  211): [BWC INFO](211): get_bwc_mm_property success
I/        (  211): [BWC INFO](211): get_bwc_mm_property success
I/        (  211): [BWC INFO](211): get_bwc_mm_property success
D/TVM     ( 2533): GC_TIME GC_CONCURRENT freed 2932K, 33% free 14224K/21135K, objects(85757)
D/TVM     ( 2533): WAIT_FOR_CONCURRENT_GC blocked 23ms
D/TVM     ( 2533): WAIT_FOR_CONCURRENT_GC blocked 23ms
D/TVM     ( 2533): WAIT_FOR_CONCURRENT_GC blocked 21ms
D/TVM     ( 2533): WAIT_FOR_CONCURRENT_GC blocked 21ms
D/TVM     ( 2533): WAIT_FOR_CONCURRENT_GC blocked 6ms
I/System.out( 2533): [CDS]rx timeout:100
I/System.out( 2533): [CDS]rx timeout:100
I/System.out( 2533): [CDS]rx timeout:100
I/System.out( 2533): [CDS]rx timeout:30000
I/System.out( 2533): [CDS]close[56628]
I/System.out( 2533): close [socket][/0.0.0.0:56628]
D/ConnectivityService(  752): getActiveNetworkInfo:NetworkInfo: type: WIFI[], state: CONNECTED/CONNECTED, reason: (unspecified), extra: "00aWiFi-6F", roaming: false, failover: false, isAvailable: true, isConnectedToProvisioningNetwork: false, simId: 0/10088
D/SQLiteDatabase( 2533): endTransaction()
I/        (  211): [BWC INFO](211): get_bwc_mm_property success
D/ConnectivityService(  752): getActiveNetworkInfo:NetworkInfo: type: WIFI[], state: CONNECTED/CONNECTED, reason: (unspecified), extra: "00aWiFi-6F", roaming: false, failover: false, isAvailable: true, isConnectedToProvisioningNetwork: false, simId: 0/10088
I/System.out( 2533): [socket][39] connection /172.30.96.1:8888;LocalPort=40678(8000)
I/System.out( 2533): entering allowSendingEmail
I/System.out( 2533): [CDS]connect[/172.30.96.1:8888] tm:8
D/Posix   ( 2533): [Posix_connect Debug]Process sogou.mobile.explorer :8888 
I/System.out( 2533): [CDS]rx timeout:30000
I/System.out( 2533): [CDS]SO_SND_TIMEOUT:0
I/        (  211): [BWC INFO](211): get_bwc_mm_property success
D/ConnectivityService(  752): getActiveNetworkInfo:NetworkInfo: type: WIFI[], state: CONNECTED/CONNECTED, reason: (unspecified), extra: "00aWiFi-6F", roaming: false, failover: false, isAvailable: true, isConnectedToProvisioningNetwork: false, simId: 0/10088
I/System.out( 2533): [socket][40] connection /172.30.96.1:8888;LocalPort=34958(8000)
I/System.out( 2533): entering allowSendingEmail
I/System.out( 2533): [CDS]connect[/172.30.96.1:8888] tm:8
D/Posix   ( 2533): [Posix_connect Debug]Process sogou.mobile.explorer :8888 
I/        (  211): [BWC INFO](211): get_bwc_mm_property success
I/        (  211): [BWC INFO](211): get_bwc_mm_property success
I/        (  211): [BWC INFO](211): get_bwc_mm_property success
E/Sensors (  752): ambientlight send event, lux 70.0
D/PowerManagerDisplayController(  752): mLightSensorListener.onSensorChanged(): enabled = true, lux = 70.0
D/PowerManagerDisplayController(  752): recieve from kernel time = 46316784, lux = 70.0
D/PowerManagerDisplayController(  752): recieve from kernel because of P-sensor mProximity = -1
I/        (  211): [BWC INFO](211): get_bwc_mm_property success
I/FrameworkListener(  209): onDataAvailable get 41 bytes 
D/libc-netbsd(  209): default dns: query_ipv6=0, query_ipv4=1
D/libc-netbsd(  209): res_queryN name = s.go.sohu.com, class = 1, type = 1
D/libc-netbsd(  209): iface=wlan0, dns0:172.30.96.1
D/libc-netbsd(  209): iface=wlan0, dns1:10.100.20.11
D/libc-netbsd(  209): iface=wlan0, dns2:8.8.8.8
I/BufferQueue(  211): [sogou.mobile.explorer/sogou.mobile.explorer.BrowserActivity](this:0xb8db5b90,id:332,api:1,p:2533,c:211) queueBuffer: fps=58.42 dur=1009.95 max=30.19 min=4.08
I/        (  211): [BWC INFO](211): get_bwc_mm_property success
I/        (  211): [BWC INFO](211): get_bwc_mm_property success
I/        (  211): [BWC INFO](211): get_bwc_mm_property success
I/        (  211): [BWC INFO](211): get_bwc_mm_property success
I/System.out( 2533): [socket][/172.30.96.24:40678] connected
I/System.out( 2533): [CDS]rx timeout:30000
I/System.out( 2533): [socket][/172.30.96.24:34958] connected
I/System.out( 2533): [CDS]rx timeout:30000
I/        (  211): [BWC INFO](211): get_bwc_mm_property success
W/HttpResourceProvider( 2533): res code: 304
I/System.out( 2533): [CDS]SO_SND_TIMEOUT:0
I/System.out( 2533): [CDS]SO_SND_TIMEOUT:0
I/        (  211): [BWC INFO](211): get_bwc_mm_property success
I/        (  211): [BWC INFO](211): get_bwc_mm_property success
D/libc-netbsd(  209): res_queryN name = s.go.sohu.com succeed
D/SocketClient(  209): SocketClient sendDatalocked done: 222
D/SocketClient(  209): SocketClient sendDatalocked done: 
D/SocketClient(  209): SocketClient sendDatalocked done: 
D/SocketClient(  209): SocketClient sendDatalocked done: 
D/SocketClient(  209): SocketClient sendDatalocked done: 
D/SocketClient(  209): SocketClient sendDatalocked done: 
D/SocketClient(  209): SocketClient sendDatalocked done: 
D/SocketClient(  209): SocketClient sendDatalocked done: 
D/SocketClient(  209): SocketClient sendDatalocked done: 
D/SocketClient(  209): SocketClient sendDatalocked done: 
D/SocketClient(  209): SocketClient sendDatalocked done: 
D/SocketClient(  209): SocketClient sendDatalocked done: 
D/SocketClient(  209): SocketClient sendDatalocked done: 
D/SocketClient(  209): SocketClient sendDatalocked done: 
D/SocketClient(  209): SocketClient sendDatalocked done: 
D/SocketClient(  209): SocketClient sendDatalocked done: 
D/SocketClient(  209): SocketClient sendDatalocked done: 
D/SocketClient(  209): SocketClient sendDatalocked done: 
D/SocketClient(  209): SocketClient sendDatalocked done: 
D/SocketClient(  209): SocketClient sendDatalocked done: 
D/SocketClient(  209): SocketClient sendDatalocked done: 
D/SocketClient(  209): SocketClient sendDatalocked done: 
D/SocketClient(  209): SocketClient sendDatalocked done: 
D/SocketClient(  209): SocketClient sendDatalocked done: 
D/SocketClient(  209): SocketClient sendDatalocked done: 
D/SocketClient(  209): SocketClient sendDatalocked done: 
D/SocketClient(  209): SocketClient sendDatalocked done: 
D/SocketClient(  209): SocketClient sendDatalocked done: 
D/SocketClient(  209): SocketClient sendDatalocked done: 
D/SocketClient(  209): SocketClient sendDatalocked done: 
D/SocketClient(  209): SocketClient sendDatalocked done: 
D/SocketClient(  209): SocketClient sendDatalocked done: 
D/libc-netbsd( 2533): getaddrinfo: s.go.sohu.com get result from proxy >>
I/        (  211): [BWC INFO](211): get_bwc_mm_property success
I/        (  211): [BWC INFO](211): get_bwc_mm_property success
D/ConnectivityService(  752): getActiveNetworkInfo:NetworkInfo: type: WIFI[], state: CONNECTED/CONNECTED, reason: (unspecified), extra: "00aWiFi-6F", roaming: false, failover: false, isAvailable: true, isConnectedToProvisioningNetwork: false, simId: 0/10088
I/System.out( 2533): [CDS]rx timeout:30000
I/System.out( 2533): [CDS]SO_SND_TIMEOUT:0
I/        (  211): [BWC INFO](211): get_bwc_mm_property success
I/System.out( 2533): [CDS]rx timeout:100
I/System.out( 2533): [CDS]rx timeout:30000
I/        (  211): [BWC INFO](211): get_bwc_mm_property success
W/HttpResourceProvider( 2533): res code: 200
I/System.out( 2533): [CDS]rx timeout:100
I/System.out( 2533): [CDS]rx timeout:30000
I/System.out( 2533): [CDS]close[35364]
E/=SOGOU_LOG=( 2533): WXDateLoader request WX Distribution data failed
I/System.out( 2533): close [socket][/0.0.0.0:35364]
D/SQLiteDatabase( 2533): beginTransaction()
D/SQLiteDatabase( 2533): endTransaction()
I/        (  211): [BWC INFO](211): get_bwc_mm_property success
I/        (  211): [BWC INFO](211): get_bwc_mm_property success
D/TVM     ( 2533): VMThread.create: new thread 6218
W/HttpResourceProvider( 2533): res code: 304
I/        (  211): [BWC INFO](211): get_bwc_mm_property success
I/System.out( 2533): [CDS]close[35918]
I/System.out( 2533): close [socket][/0.0.0.0:35918]
D/ActivityThread( 2088): SVC-Calling onStartCommand: sogou.mobile.explorer.notification.QuickEntryNotifyService@44c2a610, flags=0, startId=12
D/ActivityThread( 2088): SVC-SERVICE_ARGS handled : 0 / ServiceArgsData{token=android.os.BinderProxy@44c28da8 startId=12 args=Intent { cmp=sogou.mobile.explorer/.notification.QuickEntryNotifyService }}
D/TVM     ( 2533): VMThread.create: new thread 6221
D/TVM     ( 2533): thread detach: non daemon thread 6221 num = 51
D/ConnectivityService(  752): getActiveNetworkInfo:NetworkInfo: type: WIFI[], state: CONNECTED/CONNECTED, reason: (unspecified), extra: "00aWiFi-6F", roaming: false, failover: false, isAvailable: true, isConnectedToProvisioningNetwork: false, simId: 0/10088
D/TVM     ( 2533): VMThread.create: new thread 6222
D/ConnectivityService(  752): getActiveNetworkInfo:NetworkInfo: type: WIFI[], state: CONNECTED/CONNECTED, reason: (unspecified), extra: "00aWiFi-6F", roaming: false, failover: false, isAvailable: true, isConnectedToProvisioningNetwork: false, simId: 0/1000
D/AliPermission( 2533): isAskNetworkDenied returned false
I/System.out( 2533): [socket][41] connection /172.30.96.1:8888;LocalPort=58655(8000)
I/System.out( 2533): entering allowSendingEmail
I/System.out( 2533): [CDS]connect[/172.30.96.1:8888] tm:8
D/Posix   ( 2533): [Posix_connect Debug]Process sogou.mobile.explorer :8888 
I/FrameworkListener(  209): onDataAvailable get 43 bytes 
D/libc-netbsd(  209): default dns: query_ipv6=0, query_ipv4=1
D/libc-netbsd(  209): res_queryN name = images.sohu.com, class = 1, type = 1
D/libc-netbsd(  209): iface=wlan0, dns0:172.30.96.1
D/libc-netbsd(  209): iface=wlan0, dns1:10.100.20.11
D/libc-netbsd(  209): iface=wlan0, dns2:8.8.8.8
D/libc-netbsd(  209): res_queryN name = images.sohu.com succeed
D/SocketClient(  209): SocketClient sendDatalocked done: 222
D/SocketClient(  209): SocketClient sendDatalocked done: 
D/SocketClient(  209): SocketClient sendDatalocked done: 
D/SocketClient(  209): SocketClient sendDatalocked done: 
D/SocketClient(  209): SocketClient sendDatalocked done: 
D/SocketClient(  209): SocketClient sendDatalocked done: 
D/SocketClient(  209): SocketClient sendDatalocked done: 
D/SocketClient(  209): SocketClient sendDatalocked done: 
D/SocketClient(  209): SocketClient sendDatalocked done: 
D/SocketClient(  209): SocketClient sendDatalocked done: 
D/SocketClient(  209): SocketClient sendDatalocked done: 
D/SocketClient(  209): SocketClient sendDatalocked done: 
D/libc-netbsd( 2533): getaddrinfo: images.sohu.com get result from proxy >>
I/System.out( 2533): [socket][/172.30.96.24:58655] connected
I/System.out( 2533): [CDS]rx timeout:30000
D/TVM     ( 2533): GC_TIME GC_CONCURRENT freed 4554K, 39% free 13819K/22351K, objects(72111)
D/TVM     ( 2533): WAIT_FOR_CONCURRENT_GC blocked 24ms
D/TVM     ( 2533): WAIT_FOR_CONCURRENT_GC blocked 24ms
D/TVM     ( 2533): WAIT_FOR_CONCURRENT_GC blocked 22ms
I/FrameworkListener(  209): onDataAvailable get 41 bytes 
D/libc-netbsd(  209): default dns: query_ipv6=0, query_ipv4=1
D/libc-netbsd(  209): res_queryN name = i.go.sohu.com, class = 1, type = 1
D/libc-netbsd(  209): iface=wlan0, dns0:172.30.96.1
D/libc-netbsd(  209): iface=wlan0, dns1:10.100.20.11
D/libc-netbsd(  209): iface=wlan0, dns2:8.8.8.8
I/System.out( 2533): [CDS]SO_SND_TIMEOUT:0
D/TVM     ( 2533): VMThread.create: new thread 6225
I/        (  211): [BWC INFO](211): get_bwc_mm_property success
I/        (  211): [BWC INFO](211): get_bwc_mm_property success
D/TVM     ( 2533): VMThread.create: new thread 6226
E/Sensors (  752): ambientlight send event, lux 70.0
D/PowerManagerDisplayController(  752): mLightSensorListener.onSensorChanged(): enabled = true, lux = 70.0
D/PowerManagerDisplayController(  752): recieve from kernel time = 46317184, lux = 70.0
D/PowerManagerDisplayController(  752): recieve from kernel because of P-sensor mProximity = -1
I/        (  211): [BWC INFO](211): get_bwc_mm_property success
I/        (  211): [BWC INFO](211): get_bwc_mm_property success
I/        (  211): [BWC INFO](211): get_bwc_mm_property success
D/TVM     ( 2533): VMThread.create: new thread 6227
D/AudioMTKLosslessBTBroadcast(  216): mIsLosslessBTOn:0, mIsLosslessBTPlaying:0
D/AudioMTKLosslessBTBroadcast(  216): systemServerStarted: ps -t | grep ActivityManager 
I/        (  211): [BWC INFO](211): get_bwc_mm_property success
D/d       (12524): Load image from memory cache [http://img01test.zhunxinche.com/upload/zhunxinche/bns/sapp/1.png_480x800]
D/TVM     ( 2533): GC_TIME GC_ALLOC freed 3463K, 39% free 13732K/22351K, objects(68205)
I/        (  211): [BWC INFO](211): get_bwc_mm_property success
I/        (  211): [BWC INFO](211): get_bwc_mm_property success
D/libc-netbsd(  209): res_queryN name = i.go.sohu.com succeed
D/SocketClient(  209): SocketClient sendDatalocked done: 222
D/SocketClient(  209): SocketClient sendDatalocked done: 
D/SocketClient(  209): SocketClient sendDatalocked done: 
D/SocketClient(  209): SocketClient sendDatalocked done: 
D/SocketClient(  209): SocketClient sendDatalocked done: 
D/SocketClient(  209): SocketClient sendDatalocked done: 
D/SocketClient(  209): SocketClient sendDatalocked done: 
D/SocketClient(  209): SocketClient sendDatalocked done: 
D/SocketClient(  209): SocketClient sendDatalocked done: 
D/SocketClient(  209): SocketClient sendDatalocked done: 
D/SocketClient(  209): SocketClient sendDatalocked done: 
D/SocketClient(  209): SocketClient sendDatalocked done: 
D/SocketClient(  209): SocketClient sendDatalocked done: 
D/SocketClient(  209): SocketClient sendDatalocked done: 
D/SocketClient(  209): SocketClient sendDatalocked done: 
D/SocketClient(  209): SocketClient sendDatalocked done: 
D/SocketClient(  209): SocketClient sendDatalocked done: 
D/SocketClient(  209): SocketClient sendDatalocked done: 
D/SocketClient(  209): SocketClient sendDatalocked done: 
D/SocketClient(  209): SocketClient sendDatalocked done: 
D/SocketClient(  209): SocketClient sendDatalocked done: 
D/SocketClient(  209): SocketClient sendDatalocked done: 
D/SocketClient(  209): SocketClient sendDatalocked done: 
D/SocketClient(  209): SocketClient sendDatalocked done: 
D/SocketClient(  209): SocketClient sendDatalocked done: 
D/SocketClient(  209): SocketClient sendDatalocked done: 
D/SocketClient(  209): SocketClient sendDatalocked done: 
D/SocketClient(  209): SocketClient sendDatalocked done: 
D/SocketClient(  209): SocketClient sendDatalocked done: 
D/SocketClient(  209): SocketClient sendDatalocked done: 
D/SocketClient(  209): SocketClient sendDatalocked done: 
D/SocketClient(  209): SocketClient sendDatalocked done: 
D/libc-netbsd( 2533): getaddrinfo: i.go.sohu.com get result from proxy >>
I/        (  211): [BWC INFO](211): get_bwc_mm_property success
E/AudioMTKLosslessBTBroadcast(  216): systemServerStarted return falid
I/        (  211): [BWC INFO](211): get_bwc_mm_property success
I/        (  211): [BWC INFO](211): get_bwc_mm_property success
I/FrameworkListener(  209): onDataAvailable get 36 bytes 
D/libc-netbsd(  209): default dns: query_ipv6=0, query_ipv4=1
D/libc-netbsd(  209): res_queryN name = x.jd.com, class = 1, type = 1
D/libc-netbsd(  209): iface=wlan0, dns0:172.30.96.1
D/libc-netbsd(  209): iface=wlan0, dns1:10.100.20.11
D/libc-netbsd(  209): iface=wlan0, dns2:8.8.8.8
I/FrameworkListener(  209): onDataAvailable get 42 bytes 
D/libc-netbsd(  209): default dns: query_ipv6=0, query_ipv4=1
D/libc-netbsd(  209): res_queryN name = imp.optaim.com, class = 1, type = 1
D/libc-netbsd(  209): iface=wlan0, dns0:172.30.96.1
D/libc-netbsd(  209): iface=wlan0, dns1:10.100.20.11
D/libc-netbsd(  209): iface=wlan0, dns2:8.8.8.8
I/        (  211): [BWC INFO](211): get_bwc_mm_property success
I/        (  211): [BWC INFO](211): get_bwc_mm_property success
I/        (  211): [BWC INFO](211): get_bwc_mm_property success
E/Sensors (  752): ambientlight send event, lux 69.0
D/PowerManagerDisplayController(  752): mLightSensorListener.onSensorChanged(): enabled = true, lux = 69.0
D/PowerManagerDisplayController(  752): recieve from kernel time = 46317582, lux = 69.0
D/PowerManagerDisplayController(  752): recieve from kernel because of P-sensor mProximity = -1
E/SQLiteLog( 2533): (10) Failed to do file read, got: 0, amt: 100, last Errno: 2
E/SQLiteLog( 2533): 
D/AES     (  752): AEEIOCTL_RT_MON_Kick IOCTL,lParam=0. 
D/InputReader(  752): InputReader::monitor: lock
D/InputReader(  752): InputReader::monitor: wait 
D/InputReader(  752): InputReader::monitor: unlock
D/InputReader(  752): InputReader::monitor: done
W/HttpResourceProvider( 2533): res code: 500
I/System.out( 2533): [CDS]rx timeout:100
I/System.out( 2533): [CDS]rx timeout:100
I/System.out( 2533): [CDS]rx timeout:100
I/System.out( 2533): [CDS]rx timeout:30000
I/System.out( 2533): [CDS]close[39069]
I/System.out( 2533): close [socket][/0.0.0.0:39069]
I/        (  211): [BWC INFO](211): get_bwc_mm_property success
I/SurfaceFlinger(  211): [Built-in Screen (type:0)] fps:32.656635,dur:1163.62,max:240.07,min:16.01
I/BufferQueue(  211): [sogou.mobile.explorer/sogou.mobile.explorer.BrowserActivity](this:0xb8db5b90,id:332,api:1,p:2533,c:211) queueBuffer: fps=28.25 dur=1026.69 max=240.13 min=15.93
I/        (  211): [BWC INFO](211): get_bwc_mm_property success
D/libc-netbsd(  209): res_queryN name = x.jd.com succeed
D/SocketClient(  209): SocketClient sendDatalocked done: 222
D/SocketClient(  209): SocketClient sendDatalocked done: 
D/SocketClient(  209): SocketClient sendDatalocked done: 
D/SocketClient(  209): SocketClient sendDatalocked done: 
D/SocketClient(  209): SocketClient sendDatalocked done: 
D/SocketClient(  209): SocketClient sendDatalocked done: 
D/SocketClient(  209): SocketClient sendDatalocked done: 
D/libc-netbsd( 2533): getaddrinfo: x.jd.com get result from proxy >>
I/        (  211): [BWC INFO](211): get_bwc_mm_property success
D/libc-netbsd(  209): res_queryN name = imp.optaim.com succeed
D/SocketClient(  209): SocketClient sendDatalocked done: 222
D/SocketClient(  209): SocketClient sendDatalocked done: 
D/SocketClient(  209): SocketClient sendDatalocked done: 
D/SocketClient(  209): SocketClient sendDatalocked done: 
D/SocketClient(  209): SocketClient sendDatalocked done: 
D/SocketClient(  209): SocketClient sendDatalocked done: 
D/SocketClient(  209): SocketClient sendDatalocked done: 
D/SocketClient(  209): SocketClient sendDatalocked done: 
D/SocketClient(  209): SocketClient sendDatalocked done: 
D/SocketClient(  209): SocketClient sendDatalocked done: 
D/SocketClient(  209): SocketClient sendDatalocked done: 
D/SocketClient(  209): SocketClient sendDatalocked done: 
D/SocketClient(  209): SocketClient sendDatalocked done: 
D/SocketClient(  209): SocketClient sendDatalocked done: 
D/SocketClient(  209): SocketClient sendDatalocked done: 
D/SocketClient(  209): SocketClient sendDatalocked done: 
D/SocketClient(  209): SocketClient sendDatalocked done: 
D/SocketClient(  209): SocketClient sendDatalocked done: 
D/SocketClient(  209): SocketClient sendDatalocked done: 
D/SocketClient(  209): SocketClient sendDatalocked done: 
D/SocketClient(  209): SocketClient sendDatalocked done: 
D/SocketClient(  209): SocketClient sendDatalocked done: 
D/SocketClient(  209): SocketClient sendDatalocked done: 
D/SocketClient(  209): SocketClient sendDatalocked done: 
D/SocketClient(  209): SocketClient sendDatalocked done: 
D/SocketClient(  209): SocketClient sendDatalocked done: 
D/SocketClient(  209): SocketClient sendDatalocked done: 
D/SocketClient(  209): SocketClient sendDatalocked done: 
D/SocketClient(  209): SocketClient sendDatalocked done: 
D/SocketClient(  209): SocketClient sendDatalocked done: 
D/SocketClient(  209): SocketClient sendDatalocked done: 
D/SocketClient(  209): SocketClient sendDatalocked done: 
D/libc-netbsd( 2533): getaddrinfo: imp.optaim.com get result from proxy >>
I/BufferQueue(  211): [StatusBar](this:0xb8e04cc0,id:6,api:1,p:899,c:211) queueBuffer: fps=1.01 dur=1985.75 max=992.91 min=992.84
V/ActivityManager(  752): Broadcast: Intent { act=com.tencent.mm.plugin.openapi.Intent.ACTION_HANDLE_APP_REGISTER flg=0x10 (has extras) } ordered=false userid=0 callerApp=ProcessRecord{44ece120 6147:com.qihoo.browser/u0a86}
I/        (  211): [BWC INFO](211): get_bwc_mm_property success
D/TVM     ( 6147): VMThread.create: new thread 6233
D/TVM     ( 6147): VMThread.create: new thread 6234
I/OpenConfig( 6147): get Common_ta_enable; appid: 101023385
I/OpenConfig( 6147): update thread is running, return; appid: 101023385
I/        (  211): [BWC INFO](211): get_bwc_mm_property success
D/ConnectivityService(  752): getActiveNetworkInfo:NetworkInfo: type: WIFI[], state: CONNECTED/CONNECTED, reason: (unspecified), extra: "00aWiFi-6F", roaming: false, failover: false, isAvailable: true, isConnectedToProvisioningNetwork: false, simId: 0/10086
D/TVM     ( 6147): VMThread.create: new thread 6235
D/TVM     ( 6147): VMThread.create: new thread 6236
I/OpenConfig( 6147): get Common_HttpConnectionTimeout; appid: 101023385
I/OpenConfig( 6147): update thread is running, return; appid: 101023385
I/OpenConfig( 6147): get Common_SocketConnectionTimeout; appid: 101023385
I/OpenConfig( 6147): update thread is running, return; appid: 101023385
D/TVM     ( 6147): VMThread.create: new thread 6237
D/ConnectivityService(  752): getActiveNetworkInfo:NetworkInfo: type: WIFI[], state: CONNECTED/CONNECTED, reason: (unspecified), extra: "00aWiFi-6F", roaming: false, failover: false, isAvailable: true, isConnectedToProvisioningNetwork: false, simId: 0/10086
I/System.out( 6147): httpget:http://cgi.connect.qq.com/qqconnectopen/openapi/policy_conf?status_os=4.4.4&status_version=19&status_machine=m1&sdkp=a&sdkv=2.6&appid=101023385
I/System.out( 6147): http://cgi.connect.qq.com/qqconnectopen/openapi/policy_conf?status_os=4.4.4&status_version=19&status_machine=m1&sdkp=a&sdkv=2.6&appid=101023385
I/System.out( 6147): entering AbstractHttpClient::execute:allowSendMMS
I/System.out( 6147): rqln.getMethod:GET uri:http://cgi.connect.qq.com/qqconnectopen/openapi/policy_conf?status_os=4.4.4&status_version=19&status_machine=m1&sdkp=a&sdkv=2.6&appid=101023385
I/System.out( 6147): entering allowSendingMMS: url=http://cgi.connect.qq.com/qqconnectopen/openapi/policy_conf?status_os=4.4.4&status_version=19&status_machine=m1&sdkp=a&sdkv=2.6&appid=101023385,method=GET
I/System.out( 6147): openConnection:1
D/ConnectivityService(  752): getActiveNetworkInfo:NetworkInfo: type: WIFI[], state: CONNECTED/CONNECTED, reason: (unspecified), extra: "00aWiFi-6F", roaming: false, failover: false, isAvailable: true, isConnectedToProvisioningNetwork: false, simId: 0/1000
D/TVM     ( 6147): VMThread.create: new thread 6238
D/AliPermission( 6147): isAskNetworkDenied returned false
I/System.out( 6147): [socket][0] connection /172.30.96.1:8888;LocalPort=48136(15000)
I/System.out( 6147): entering allowSendingEmail
I/System.out( 6147): [CDS]connect[/172.30.96.1:8888] tm:15
D/Posix   ( 6147): [Posix_connect Debug]Process com.qihoo.browser :8888 
V/Provider/Settings( 6147): get setting for user 0 by user 0 so skipping cache
D/SettingsProvider(  752): lookupValue table system cache contains Key __MTA_DEVICE_INFO__ , value = Bundle[{value=xjgD6zAYj0803RuB25xB53GSJ5d37nm8SmsP9E6P2eZ6LBk4meHPhLE9FjelTXhJCAMvm7UQFlpqEHEa+1+ENlILlqdutZnDArCuRXf95f9q4eMEYdgzWEBqonZBShwrNx59n7XNlK1TJV0zzx3RaGPzOUGqlluVHtmFoZ4=}]
V/Provider/Settings( 6147): from db cache, name = __MTA_DEVICE_INFO__ , value = xjgD6zAYj0803RuB25xB53GSJ5d37nm8SmsP9E6P2eZ6LBk4meHPhLE9FjelTXhJCAMvm7UQFlpqEHEa+1+ENlILlqdutZnDArCuRXf95f9q4eMEYdgzWEBqonZBShwrNx59n7XNlK1TJV0zzx3RaGPzOUGqlluVHtmFoZ4=
W/MtaSDK  ( 6147): [AsyncDataJobHandler(1085): null:-1] - MTA SDK AutoExceptionCaught is disable
I/        (  211): [BWC INFO](211): get_bwc_mm_property success
D/WifiStateMachine(  752): ConnectedState{ when=-4ms what=131155 arg1=23 target=com.android.internal.util.StateMachine$SmHandler target=Handler (com.android.internal.util.StateMachine$SmHandler) {44e89cf0} }
D/WifiStateMachine(  752): L2ConnectedState{ when=-5ms what=131155 arg1=23 target=com.android.internal.util.StateMachine$SmHandler target=Handler (com.android.internal.util.StateMachine$SmHandler) {44e89cf0} }
D/WifiHW  (  752): enter -->wifi_send_command cmd=IFNAME=wlan0 SIGNAL_POLL
D/wpa_supplicant( 1008): RX ctrl_iface - hexdump(len=11): 53 49 47 4e 41 4c 5f 50 4f 4c 4c
D/wpa_supplicant( 1008): wlan0: Control interface command 'SIGNAL_POLL'
D/wpa_supplicant( 1008): nl80211: survey data missing!
D/wpa_ctrl(  752): reply_len=4095
D/wifi    (  752): doStringCommand, buf IFNAME=wlan0 SIGNAL_POLL
I/WifiStateMachine(  752): fetchRssiAndLinkSpeedNative, newRssi:-39, newLinkSpeed:65, SSID:"00aWiFi-6F"
D/MediatekClassFactory( 6147): createInstance(): Begin = 46317967
D/MediatekClassFactory( 6147): create Instance with :  interface com.mediatek.common.telephony.IOnlyOwnerSimSupport
W/MediatekClassFactory( 6147): Tablet not exist!, Get obj from default class
D/MediatekClassFactory( 6147): create Instance from tablet library :  com.mediatek.tb.telephony.OnlyOwnerSimSupport
D/MediatekClassFactory( 6147): createInstance(): End = 46317967
D/PhoneInterfaceManagerEx( 1079): [PhoneIntfMgrEx] hasIccCard  simId=0
I/System.out( 6147): [socket][/172.30.96.24:48136] connected
I/System.out( 6147): [CDS]rx timeout:30000
D/PhoneInterfaceManager( 1079): getSimOperator simId = 0getSimOperator = 
I/System.out( 6147): [CDS]SO_SND_TIMEOUT:0
I/System.out( 6147): >doSendRequest
I/System.out( 6147): <doSendRequest
D/TVM     ( 6147): VMThread.create: new thread 6239
I/        (  211): [BWC INFO](211): get_bwc_mm_property success
D/ConnectivityService(  752): getActiveNetworkInfo:NetworkInfo: type: WIFI[], state: CONNECTED/CONNECTED, reason: (unspecified), extra: "00aWiFi-6F", roaming: false, failover: false, isAvailable: true, isConnectedToProvisioningNetwork: false, simId: 0/10086
I/        (  211): [BWC INFO](211): get_bwc_mm_property success
D/ConnectivityService(  752): getActiveNetworkInfo:NetworkInfo: type: WIFI[], state: CONNECTED/CONNECTED, reason: (unspecified), extra: "00aWiFi-6F", roaming: false, failover: false, isAvailable: true, isConnectedToProvisioningNetwork: false, simId: 0/10086
D/ConnectivityService(  752): getActiveNetworkInfo:NetworkInfo: type: WIFI[], state: CONNECTED/CONNECTED, reason: (unspecified), extra: "00aWiFi-6F", roaming: false, failover: false, isAvailable: true, isConnectedToProvisioningNetwork: false, simId: 0/10086
D/ConnectivityService(  752): getActiveNetworkInfo:NetworkInfo: type: WIFI[], state: CONNECTED/CONNECTED, reason: (unspecified), extra: "00aWiFi-6F", roaming: false, failover: false, isAvailable: true, isConnectedToProvisioningNetwork: false, simId: 0/10086
D/ConnectivityService(  752): getActiveNetworkInfo:NetworkInfo: type: WIFI[], state: CONNECTED/CONNECTED, reason: (unspecified), extra: "00aWiFi-6F", roaming: false, failover: false, isAvailable: true, isConnectedToProvisioningNetwork: false, simId: 0/10086
I/        (  211): [BWC INFO](211): get_bwc_mm_property success
D/ConnectivityService(  752): getActiveNetworkInfo:NetworkInfo: type: WIFI[], state: CONNECTED/CONNECTED, reason: (unspecified), extra: "00aWiFi-6F", roaming: false, failover: false, isAvailable: true, isConnectedToProvisioningNetwork: false, simId: 0/10086
D/ConnectivityService(  752): getActiveNetworkInfo:NetworkInfo: type: WIFI[], state: CONNECTED/CONNECTED, reason: (unspecified), extra: "00aWiFi-6F", roaming: false, failover: false, isAvailable: true, isConnectedToProvisioningNetwork: false, simId: 0/10086
I/System.out( 6147): entering AbstractHttpClient::execute:allowSendMMS
I/System.out( 6147): rqln.getMethod:POST uri:http://cgi.connect.qq.com/qqconnectutil/sdk
I/System.out( 6147): entering allowSendingMMS: url=http://cgi.connect.qq.com/qqconnectutil/sdk,method=POST
I/System.out( 6147): openConnection:1
I/System.out( 6147): [socket][1] connection /172.30.96.1:8888;LocalPort=32951(10000)
I/System.out( 6147): entering allowSendingEmail
I/System.out( 6147): [CDS]connect[/172.30.96.1:8888] tm:10
D/Posix   ( 6147): [Posix_connect Debug]Process com.qihoo.browser :8888 
D/ConnectivityService(  752): getActiveNetworkInfo:NetworkInfo: type: WIFI[], state: CONNECTED/CONNECTED, reason: (unspecified), extra: "00aWiFi-6F", roaming: false, failover: false, isAvailable: true, isConnectedToProvisioningNetwork: false, simId: 0/10086
I/        (  211): [BWC INFO](211): get_bwc_mm_property success
D/TVM     ( 6147): GC_TIME GC_CONCURRENT freed 615K, 66% free 2456K/7055K, objects(39201)
I/        (  211): [BWC INFO](211): get_bwc_mm_property success
D/TVM     ( 6147): VMThread.create: new thread 6244
D/TVM     ( 6147): VMThread.create: new thread 6245
I/bum     ( 6243): caller process name: com.qihoo.browser
I/bum     ( 6243): connected to com.qihoo.browser.um
I/bum     ( 5564): end wait 2
I/bum     ( 5564): wait_event 2
I/bum     ( 5564): ask exit
I/bum     ( 5564): kill child-5570 in exist success!
I/bum     ( 5564): -------- finsh main --------
I/        (  211): [BWC INFO](211): get_bwc_mm_property success
I/        (  211): [BWC INFO](211): get_bwc_mm_property success
E/TouchFilter(  752): :filter is disable or not support:-1
E/TouchFilter(  752): :filter is disable or not support:-1
E/TouchFilter(  752): :filter is disable or not support:-1
E/TouchFilter(  752): :filter is disable or not support:-1
E/TouchFilter(  752): :filter is disable or not support:-1
D/InputReader(  752): AP_PROF:AppLaunch_dispatchPtr:Down:46318098, ID:0, Index:1733342552
I/AP_PROF (  752): unable to open /proc/mtprof/status entry
I/PerfService(  752): PerfServiceNative_boostEnable:5
D/PowerManagerService(  752): userActivityFromNative
D/PowerManagerService(  752): userActivityNoUpdateLocked: eventTime=46318098, event=2, flags=0x0, uid=1000
D/PowerManagerNotifier(  752): onUserActivity: event=2, uid=1000
D/PowerManagerService(  752): updateUserActivitySummaryLocked: mWakefulness=Awake, mUserActivitySummary=0x1, nextTimeout=48111098 (in 1792999 ms)
D/PowerManagerService(  752): newScreenState = 2
D/PowerManagerService(  752): updateDisplayPowerStateLocked: mScreenBrightnessSetting screenBrightness = 214
D/PowerManagerService(  752): updateDisplayPowerStateLocked: auto mScreenBrightnessSetting = 214
D/PowerManagerService(  752): updateDisplayPowerStateLocked: mAutoModeAdjustByUser = false, mMode = 2
D/PowerManagerDisplayController(  752): Default screen return 8
D/PowerManagerService(  752): OnLuxChangedListener: mScreenDim = false, newState = 2
D/PowerManagerService(  752): OnLuxChangedListener: mScreenDim = false, newState = 2
D/PowerManagerService(  752): updateDisplayPowerStateLocked: auto screenBrightness = 214 isdim2B = false
D/PowerManagerDisplayController(  752):  mRampMode = 2
D/PowerManagerService(  752): updateDisplayPowerStateLocked: BUTTON_HOME:ON screen_brightness = 214
D/PowerManagerService(  752): updateDisplayPowerStateLocked: BUTTON_HOME:brightness by screen_brightness = 214
D/PowerManagerService(  752): FULLSCREEN: set home button brightness = 208
D/PowerManagerService(  752): updateDisplayPowerStateLocked: Brightness BUTTON_HOME:REAL buttonBrightness = 208
D/PowerManagerService(  752): updateDisplayPowerStateLocked: Brightness = 214
D/PowerManagerDisplayController(  752): Default screen return 8
D/PowerManagerService(  752): Package Lib: shouldUseProximitySensorLocked mLidMode = false
D/PowerManagerService(  752): updateDisplayPowerStateLocked: mScreenBrightnessModeSetting=1, autoBrightness=true, AALFunction=0, screenAutoBrightnessAdjustment=0.0, screenBrightness=214, mMode = 2, mButtonBrightness=0
D/PowerManagerDisplayController(  752): requestPowerState: screenState=2, useProximitySensor=false, forceProximitySensorEnable=false, forceWakeUpEnable=false, screenBrightness=1712, screenAutoBrightnessAdjustment=0.0, useAutoBrightness=true, AALFunction=0, blockScreenOn=false, buttonBrightness=208, waitForNegativeProximity=false
D/PowerManagerDisplayController(  752):  changed is false
D/PowerManagerService(  752): updateScreenStateLocked: mDisplayReady=true, newScreenState=2, mWakefulness=1, mWakeLockSummary=0x0, mUserActivitySummary=0x1, mBootCompleted=true
I/View    ( 2533): Touch down dispatch to sogou.mobile.explorer.SogouWebView{44d0e760 VFED.VCL .F...... 0,0-768,1134}, event = MotionEvent { action=ACTION_DOWN, id[0]=0, x[0]=238.68921, y[0]=1073.1226, toolType[0]=TOOL_TYPE_FINGER, buttonState=0, metaState=0, flags=0x0, edgeFlags=0x0, pointerCount=1, historySize=0, eventTime=46318098, downTime=46318098, deviceId=3, source=0x1002 }
D/VelocityTracker( 2533): Couldn't open '/dev/touch' (No such file or directory)
D/VelocityTracker( 2533): tpd read x fail: Bad file number
D/VelocityTracker( 2533): tpd read y fail: Bad file number
D/PowerManagerService(  752): handleSandman: canDream=true, mWakefulness=Awake
D/PerfServiceManager(  752): [PerfService] MESSAGE_BOOST_ENABLE 
I/libPerfService(  752): 5: set freq: 1495000
I/libPerfService(  752): 5: set: 2
I/FrameworkListener(  209): onDataAvailable get 42 bytes 
D/libc-netbsd(  209): default dns: query_ipv6=0, query_ipv4=1
D/libc-netbsd(  209): res_queryN name = m.lu.sogou.com, class = 1, type = 1
D/libc-netbsd(  209): iface=wlan0, dns0:172.30.96.1
D/libc-netbsd(  209): iface=wlan0, dns1:10.100.20.11
D/libc-netbsd(  209): iface=wlan0, dns2:8.8.8.8
E/TouchFilter(  752): :filter is disable or not support:-1
E/TouchFilter(  752): :filter is disable or not support:-1
D/VelocityTracker( 2533): Couldn't open '/dev/touch' (No such file or directory)
D/VelocityTracker( 2533): tpd read x fail: Bad file number
D/VelocityTracker( 2533): tpd read y fail: Bad file number
I/BufferQueue(  211): [PointerLocation](this:0xb8df6970,id:5,api:1,p:752,c:211) queueBuffer: fps=0.33 dur=9086.91 max=8983.41 min=17.93
E/TouchFilter(  752): :filter is disable or not support:-1
E/TouchFilter(  752): :filter is disable or not support:-1
I/        (  211): [BWC INFO](211): get_bwc_mm_property success
E/TouchFilter(  752): :filter is disable or not support:-1
E/TouchFilter(  752): :filter is disable or not support:-1
E/TouchFilter(  752): :filter is disable or not support:-1
E/TouchFilter(  752): :filter is disable or not support:-1
E/TouchFilter(  752): :filter is disable or not support:-1
I/        (  211): [BWC INFO](211): get_bwc_mm_property success
E/TouchFilter(  752): :filter is disable or not support:-1
E/TouchFilter(  752): :filter is disable or not support:-1
E/TouchFilter(  752): :filter is disable or not support:-1
E/TouchFilter(  752): :filter is disable or not support:-1
E/TouchFilter(  752): :filter is disable or not support:-1
E/TouchFilter(  752): :filter is disable or not support:-1
I/        (  211): [BWC INFO](211): get_bwc_mm_property success
D/libc-netbsd(  209): res_queryN name = m.lu.sogou.com succeed
D/SocketClient(  209): SocketClient sendDatalocked done: 222
D/SocketClient(  209): SocketClient sendDatalocked done: 
D/SocketClient(  209): SocketClient sendDatalocked done: 
D/SocketClient(  209): SocketClient sendDatalocked done: 
D/SocketClient(  209): SocketClient sendDatalocked done: 
D/SocketClient(  209): SocketClient sendDatalocked done: 
D/SocketClient(  209): SocketClient sendDatalocked done: 
D/SocketClient(  209): SocketClient sendDatalocked done: 
D/SocketClient(  209): SocketClient sendDatalocked done: 
D/SocketClient(  209): SocketClient sendDatalocked done: 
D/SocketClient(  209): SocketClient sendDatalocked done: 
D/SocketClient(  209): SocketClient sendDatalocked done: 
D/SocketClient(  209): SocketClient sendDatalocked done: 
D/SocketClient(  209): SocketClient sendDatalocked done: 
D/SocketClient(  209): SocketClient sendDatalocked done: 
D/SocketClient(  209): SocketClient sendDatalocked done: 
D/SocketClient(  209): SocketClient sendDatalocked done: 
D/SocketClient(  209): SocketClient sendDatalocked done: 
D/SocketClient(  209): SocketClient sendDatalocked done: 
D/SocketClient(  209): SocketClient sendDatalocked done: 
D/SocketClient(  209): SocketClient sendDatalocked done: 
D/SocketClient(  209): SocketClient sendDatalocked done: 
D/SocketClient(  209): SocketClient sendDatalocked done: 
D/SocketClient(  209): SocketClient sendDatalocked done: 
D/SocketClient(  209): SocketClient sendDatalocked done: 
D/SocketClient(  209): SocketClient sendDatalocked done: 
D/SocketClient(  209): SocketClient sendDatalocked done: 
D/SocketClient(  209): SocketClient sendDatalocked done: 
D/SocketClient(  209): SocketClient sendDatalocked done: 
D/SocketClient(  209): SocketClient sendDatalocked done: 
D/SocketClient(  209): SocketClient sendDatalocked done: 
D/SocketClient(  209): SocketClient sendDatalocked done: 
D/libc-netbsd( 2533): getaddrinfo: m.lu.sogou.com get result from proxy >>
I/System.out( 6147): [socket][/172.30.96.24:32951] connected
I/System.out( 6147): [CDS]rx timeout:10000
I/System.out( 6147): [CDS]SO_SND_TIMEOUT:0
I/System.out( 6147): >doSendRequest
E/TouchFilter(  752): :filter is disable or not support:-1
E/TouchFilter(  752): :filter is disable or not support:-1
E/TouchFilter(  752): :filter is disable or not support:-1
