D/SocketClient(  209): SocketClient sendDatalocked done: 
D/SocketClient(  209): SocketClient sendDatalocked done: 
D/SocketClient(  209): SocketClient sendDatalocked done: 
D/SocketClient(  209): SocketClient sendDatalocked done: 
D/SocketClient(  209): SocketClient sendDatalocked done: 
D/SocketClient(  209): SocketClient sendDatalocked done: 
D/SocketClient(  209): SocketClient sendDatalocked done: 
D/libc-netbsd( 2533): getaddrinfo: safe.ie.sogou.com get result from proxy >>
W/HttpResourceProvider( 2533): res code: 200
I/System.out( 2533): [CDS]rx timeout:100
I/System.out( 2533): [CDS]rx timeout:30000
D/TVM     ( 2533): VMThread.create: new thread 6265
I/        (  211): [BWC INFO](211): get_bwc_mm_property success
E/TouchFilter(  752): :filter is disable or not support:-1
E/TouchFilter(  752): :filter is disable or not support:-1
I/System.out( 2533): [socket][45] connection /172.30.96.1:8888;LocalPort=34904(30000)
I/System.out( 2533): entering allowSendingEmail
I/System.out( 2533): [CDS]connect[/172.30.96.1:8888] tm:30
D/Posix   ( 2533): [Posix_connect Debug]Process sogou.mobile.explorer :8888 
I/System.out( 2533): [CDS]rx timeout:0
I/System.out( 2533): [CDS]SO_SND_TIMEOUT:0
E/TouchFilter(  752): :filter is disable or not support:-1
E/TouchFilter(  752): :filter is disable or not support:-1
I/        (  211): [BWC INFO](211): get_bwc_mm_property success
E/TouchFilter(  752): :filter is disable or not support:-1
E/TouchFilter(  752): :filter is disable or not support:-1
E/TouchFilter(  752): :filter is disable or not support:-1
I/System.out( 2533): [socket][/172.30.96.24:34904] connected
I/System.out( 2533): [CDS]rx timeout:30000
E/AudioMTKLosslessBTBroadcast(  216): systemServerStarted return falid
I/System.out( 2533): [CDS]SO_SND_TIMEOUT:0
E/TouchFilter(  752): :filter is disable or not support:-1
E/TouchFilter(  752): :filter is disable or not support:-1
E/TouchFilter(  752): :filter is disable or not support:-1
I/        (  211): [BWC INFO](211): get_bwc_mm_property success
E/TouchFilter(  752): :filter is disable or not support:-1
E/TouchFilter(  752): :filter is disable or not support:-1
W/HttpResourceProvider( 2533): res code: 200
E/TouchFilter(  752): :filter is disable or not support:-1
E/TouchFilter(  752): :filter is disable or not support:-1
E/TouchFilter(  752): :filter is disable or not support:-1
I/        (  211): [BWC INFO](211): get_bwc_mm_property success
E/TouchFilter(  752): :filter is disable or not support:-1
E/TouchFilter(  752): :filter is disable or not support:-1
E/TouchFilter(  752): :filter is disable or not support:-1
I/FrameworkListener(  209): onDataAvailable get 47 bytes 
D/libc-netbsd(  209): default dns: query_ipv6=0, query_ipv4=1
D/libc-netbsd(  209): res_queryN name = img30.360buyimg.com, class = 1, type = 1
D/libc-netbsd(  209): iface=wlan0, dns0:172.30.96.1
D/libc-netbsd(  209): iface=wlan0, dns1:10.100.20.11
D/libc-netbsd(  209): iface=wlan0, dns2:8.8.8.8
I/        (  211): [BWC INFO](211): get_bwc_mm_property success
E/TouchFilter(  752): :filter is disable or not support:-1
E/TouchFilter(  752): :filter is disable or not support:-1
E/TouchFilter(  752): :filter is disable or not support:-1
E/TouchFilter(  752): :filter is disable or not support:-1
E/TouchFilter(  752): :filter is disable or not support:-1
E/TouchFilter(  752): :filter is disable or not support:-1
I/        (  211): [BWC INFO](211): get_bwc_mm_property success
E/TouchFilter(  752): :filter is disable or not support:-1
E/TouchFilter(  752): :filter is disable or not support:-1
E/TouchFilter(  752): :filter is disable or not support:-1
E/TouchFilter(  752): :filter is disable or not support:-1
E/TouchFilter(  752): :filter is disable or not support:-1
E/TouchFilter(  752): :filter is disable or not support:-1
I/        (  211): [BWC INFO](211): get_bwc_mm_property success
E/TouchFilter(  752): :filter is disable or not support:-1
E/TouchFilter(  752): :filter is disable or not support:-1
E/TouchFilter(  752): :filter is disable or not support:-1
E/TouchFilter(  752): :filter is disable or not support:-1
E/TouchFilter(  752): :filter is disable or not support:-1
E/TouchFilter(  752): :filter is disable or not support:-1
I/        (  211): [BWC INFO](211): get_bwc_mm_property success
E/TouchFilter(  752): :filter is disable or not support:-1
E/TouchFilter(  752): :filter is disable or not support:-1
I/        (  211): [BWC INFO](211): get_bwc_mm_property success
E/TouchFilter(  752): :filter is disable or not support:-1
E/TouchFilter(  752): :filter is disable or not support:-1
E/TouchFilter(  752): :filter is disable or not support:-1
E/TouchFilter(  752): :filter is disable or not support:-1
E/TouchFilter(  752): :filter is disable or not support:-1
W/HttpResourceProvider( 2533): res code: 200
I/        (  211): [BWC INFO](211): get_bwc_mm_property success
I/SurfaceFlinger(  211): [Built-in Screen (type:0)] fps:44.637848,dur:1008.11,max:119.63,min:15.77
E/TouchFilter(  752): :filter is disable or not support:-1
E/TouchFilter(  752): :filter is disable or not support:-1
E/TouchFilter(  752): :filter is disable or not support:-1
E/TouchFilter(  752): :filter is disable or not support:-1
E/TouchFilter(  752): :filter is disable or not support:-1
E/TouchFilter(  752): :filter is disable or not support:-1
I/        (  211): [BWC INFO](211): get_bwc_mm_property success
E/TouchFilter(  752): :filter is disable or not support:-1
E/TouchFilter(  752): :filter is disable or not support:-1
E/TouchFilter(  752): :filter is disable or not support:-1
D/libc-netbsd(  209): res_queryN name = img30.360buyimg.com succeed
D/SocketClient(  209): SocketClient sendDatalocked done: 222
D/SocketClient(  209): SocketClient sendDatalocked done: 
D/SocketClient(  209): SocketClient sendDatalocked done: 
D/SocketClient(  209): SocketClient sendDatalocked done: 
D/SocketClient(  209): SocketClient sendDatalocked done: 
D/SocketClient(  209): SocketClient sendDatalocked done: 
D/SocketClient(  209): SocketClient sendDatalocked done: 
D/libc-netbsd( 2533): getaddrinfo: img30.360buyimg.com get result from proxy >>
I/System.out( 2533): [CDS]rx timeout:100
I/System.out( 2533): [CDS]rx timeout:30000
E/TouchFilter(  752): :filter is disable or not support:-1
E/TouchFilter(  752): :filter is disable or not support:-1
E/TouchFilter(  752): :filter is disable or not support:-1
I/        (  211): [BWC INFO](211): get_bwc_mm_property success
E/TouchFilter(  752): :filter is disable or not support:-1
E/TouchFilter(  752): :filter is disable or not support:-1
I/        (  211): [BWC INFO](211): get_bwc_mm_property success
V/Provider/Settings( 2533): get setting for user 0 by user 0 so skipping cache
V/Provider/Settings( 2533):  from settings cache , name = show_password , value = null
E/TouchFilter(  752): :filter is disable or not support:-1
E/TouchFilter(  752): :filter is disable or not support:-1
I/        (  211): [BWC INFO](211): get_bwc_mm_property success
E/TouchFilter(  752): :filter is disable or not support:-1
E/TouchFilter(  752): :filter is disable or not support:-1
E/TouchFilter(  752): :filter is disable or not support:-1
E/TouchFilter(  752): :filter is disable or not support:-1
I/        (  211): [BWC INFO](211): get_bwc_mm_property success
I/ANRManager(  752): updateProcessStats
E/TouchFilter(  752): :filter is disable or not support:-1
E/TouchFilter(  752): :filter is disable or not support:-1
E/TouchFilter(  752): :filter is disable or not support:-1
I/        (  211): [BWC INFO](211): get_bwc_mm_property success
I/        (  211): [BWC INFO](211): get_bwc_mm_property success
E/TouchFilter(  752): :filter is disable or not support:-1
E/TouchFilter(  752): :filter is disable or not support:-1
E/TouchFilter(  752): :filter is disable or not support:-1
I/System.out( 2533): [CDS]rx timeout:100
I/System.out( 2533): [CDS]rx timeout:0
I/System.out( 2533): [CDS]close[34958]
I/System.out( 2533): close [socket][/0.0.0.0:34958]
D/ConnectivityService(  752): getActiveNetworkInfo:NetworkInfo: type: WIFI[], state: CONNECTED/CONNECTED, reason: (unspecified), extra: "00aWiFi-6F", roaming: false, failover: false, isAvailable: true, isConnectedToProvisioningNetwork: false, simId: 0/10088
I/System.out( 2533): [CDS]rx timeout:30000
I/System.out( 2533): [CDS]SO_SND_TIMEOUT:0
E/TouchFilter(  752): :filter is disable or not support:-1
E/TouchFilter(  752): :filter is disable or not support:-1
E/TouchFilter(  752): :filter is disable or not support:-1
I/System.out( 2533): [CDS]rx timeout:100
I/System.out( 2533): [CDS]rx timeout:30000
I/        (  211): [BWC INFO](211): get_bwc_mm_property success
E/TouchFilter(  752): :filter is disable or not support:-1
E/TouchFilter(  752): :filter is disable or not support:-1
I/        (  211): [BWC INFO](211): get_bwc_mm_property success
E/Sensors (  752): ambientlight send event, lux 68.0
D/PowerManagerDisplayController(  752): mLightSensorListener.onSensorChanged(): enabled = true, lux = 68.0
D/PowerManagerDisplayController(  752): recieve from kernel time = 46319983, lux = 68.0
D/PowerManagerDisplayController(  752): recieve from kernel because of P-sensor mProximity = -1
E/TouchFilter(  752): :filter is disable or not support:-1
E/TouchFilter(  752): :filter is disable or not support:-1
E/TouchFilter(  752): :filter is disable or not support:-1
D/Vitamio[Player]( 2533): CPU implementer:0x41
D/Vitamio[Player]( 2533): Serial:0000000000000000
D/Vitamio[Player]( 2533): CPU architecture:7
D/Vitamio[Player]( 2533): Hardware:MT6732
D/Vitamio[Player]( 2533): CPU revision:2
D/Vitamio[Player]( 2533): CPU variant:0x0
D/Vitamio[Player]( 2533): CPU part:0xd03
D/Vitamio[Player]( 2533): Revision:M465M
D/Vitamio[Player]( 2533): BogoMIPS:33.22
D/Vitamio[Player]( 2533): processor:3
D/Vitamio[Player]( 2533): Features:swp half thumb fastmult vfp edsp neon vfpv3 tls vfpv4 idiva idivt
D/Vitamio[Player]( 2533): Processor:ARMv7 Processor rev 2 (v7l)
D/Vitamio[Player]( 2533): CPU architecture: 7
D/Vitamio[Player]( 2533): GET CPU FATURE: V5TE V6 VFP V7A VFPV3 NEON 
D/TVM     ( 2533): dll /data/app-lib/sogou.mobile.explorer-2/libvinit.so load success
I/Vitamio[Player]( 2533): isNativeLibsInited, APP VERSION: 140565, Vitamio Library version: 140565
D/TVM     ( 2533): VMThread.create: new thread 6267
D/TVM     ( 2533): thread detach: non daemon thread 6115 num = 52
D/ConnectivityService(  752): getActiveNetworkInfo:NetworkInfo: type: WIFI[], state: CONNECTED/CONNECTED, reason: (unspecified), extra: "00aWiFi-6F", roaming: false, failover: false, isAvailable: true, isConnectedToProvisioningNetwork: false, simId: 0/10088
E/TouchFilter(  752): :filter is disable or not support:-1
E/TouchFilter(  752): :filter is disable or not support:-1
E/TouchFilter(  752): :filter is disable or not support:-1
I/        (  211): [BWC INFO](211): get_bwc_mm_property success
I/System.out( 2533): [socket][46] connection /172.30.96.1:8888;LocalPort=36146(8000)
I/System.out( 2533): entering allowSendingEmail
I/System.out( 2533): [CDS]connect[/172.30.96.1:8888] tm:8
D/Posix   ( 2533): [Posix_connect Debug]Process sogou.mobile.explorer :8888 
E/TouchFilter(  752): :filter is disable or not support:-1
E/TouchFilter(  752): :filter is disable or not support:-1
I/        (  211): [BWC INFO](211): get_bwc_mm_property success
E/TouchFilter(  752): :filter is disable or not support:-1
E/TouchFilter(  752): :filter is disable or not support:-1
I/BufferQueue(  211): [sogou.mobile.explorer/sogou.mobile.explorer.BrowserActivity](this:0xb8db5b90,id:332,api:1,p:2533,c:211) queueBuffer: fps=51.38 dur=1011.98 max=69.62 min=13.34
I/System.out( 2533): [CDS]rx timeout:100
I/System.out( 2533): [CDS]rx timeout:30000
I/System.out( 2533): [CDS]close[60546]
I/System.out( 2533): close [socket][/0.0.0.0:60546]
E/TouchFilter(  752): :filter is disable or not support:-1
E/TouchFilter(  752): :filter is disable or not support:-1
I/        (  211): [BWC INFO](211): get_bwc_mm_property success
E/TouchFilter(  752): :filter is disable or not support:-1
E/TouchFilter(  752): :filter is disable or not support:-1
I/        (  211): [BWC INFO](211): get_bwc_mm_property success
D/TVM     ( 2533): GC_TIME GC_ALLOC freed 1933K, 37% free 14238K/22351K, objects(68971)
E/TouchFilter(  752): :filter is disable or not support:-1
E/TouchFilter(  752): :filter is disable or not support:-1
I/System.out( 2533): [socket][/172.30.96.24:36146] connected
I/System.out( 2533): [CDS]rx timeout:30000
E/TouchFilter(  752): :filter is disable or not support:-1
E/TouchFilter(  752): :filter is disable or not support:-1
I/System.out( 2533): [CDS]rx timeout:100
I/System.out( 2533): [CDS]rx timeout:30000
I/        (  211): [BWC INFO](211): get_bwc_mm_property success
I/System.out( 2533): [CDS]close[58655]
I/System.out( 2533): close [socket][/0.0.0.0:58655]
I/        (  211): [BWC INFO](211): get_bwc_mm_property success
D/TVM     ( 2533): GC_TIME GC_ALLOC freed 392K, 35% free 14568K/22351K, objects(68290)
E/TouchFilter(  752): :filter is disable or not support:-1
E/TouchFilter(  752): :filter is disable or not support:-1
E/TouchFilter(  752): :filter is disable or not support:-1
E/TouchFilter(  752): :filter is disable or not support:-1
E/TouchFilter(  752): :filter is disable or not support:-1
E/TouchFilter(  752): :filter is disable or not support:-1
I/System.out( 2533): [CDS]SO_SND_TIMEOUT:0
D/SQLiteDatabase( 2533): beginTransaction()
I/        (  211): [BWC INFO](211): get_bwc_mm_property success
E/TouchFilter(  752): :filter is disable or not support:-1
E/TouchFilter(  752): :filter is disable or not support:-1
D/SQLiteDatabase( 2533): endTransaction()
I/        (  211): [BWC INFO](211): get_bwc_mm_property success
E/TouchFilter(  752): :filter is disable or not support:-1
E/TouchFilter(  752): :filter is disable or not support:-1
I/        (  211): [BWC INFO](211): get_bwc_mm_property success
E/TouchFilter(  752): :filter is disable or not support:-1
E/TouchFilter(  752): :filter is disable or not support:-1
V/Provider/Settings( 2533): get setting for user 0 by user 0 so skipping cache
V/Provider/Settings( 2533):  from settings cache , name = show_password , value = null
I/BufferQueue(  211): [PointerLocation](this:0xb8df6970,id:5,api:1,p:752,c:211) queueBuffer: fps=35.91 dur=1030.41 max=325.21 min=15.20
I/        (  211): [BWC INFO](211): get_bwc_mm_property success
E/TouchFilter(  752): :filter is disable or not support:-1
E/TouchFilter(  752): :filter is disable or not support:-1
D/PowerManagerService(  752): userActivityFromNative
D/PowerManagerService(  752): userActivityNoUpdateLocked: eventTime=46320181, event=2, flags=0x0, uid=1000
D/PowerManagerNotifier(  752): onUserActivity: event=2, uid=1000
D/PowerManagerService(  752): updateUserActivitySummaryLocked: mWakefulness=Awake, mUserActivitySummary=0x1, nextTimeout=48113181 (in 1792999 ms)
D/PowerManagerService(  752): newScreenState = 2
D/PowerManagerService(  752): updateDisplayPowerStateLocked: mScreenBrightnessSetting screenBrightness = 214
D/PowerManagerService(  752): updateDisplayPowerStateLocked: auto mScreenBrightnessSetting = 214
D/PowerManagerService(  752): updateDisplayPowerStateLocked: mAutoModeAdjustByUser = false, mMode = 2
D/PowerManagerDisplayController(  752): Default screen return 8
D/PowerManagerService(  752): OnLuxChangedListener: mScreenDim = false, newState = 2
D/PowerManagerService(  752): OnLuxChangedListener: mScreenDim = false, newState = 2
D/PowerManagerService(  752): updateDisplayPowerStateLocked: auto screenBrightness = 214 isdim2B = false
D/PowerManagerDisplayController(  752):  mRampMode = 2
D/PowerManagerService(  752): updateDisplayPowerStateLocked: BUTTON_HOME:ON screen_brightness = 214
D/PowerManagerService(  752): updateDisplayPowerStateLocked: BUTTON_HOME:brightness by screen_brightness = 214
D/PowerManagerService(  752): FULLSCREEN: set home button brightness = 208
D/PowerManagerService(  752): updateDisplayPowerStateLocked: Brightness BUTTON_HOME:REAL buttonBrightness = 208
D/PowerManagerService(  752): updateDisplayPowerStateLocked: Brightness = 214
D/PowerManagerDisplayController(  752): Default screen return 8
D/PowerManagerService(  752): Package Lib: shouldUseProximitySensorLocked mLidMode = false
D/PowerManagerService(  752): updateDisplayPowerStateLocked: mScreenBrightnessModeSetting=1, autoBrightness=true, AALFunction=0, screenAutoBrightnessAdjustment=0.0, screenBrightness=214, mMode = 2, mButtonBrightness=0
D/PowerManagerDisplayController(  752): requestPowerState: screenState=2, useProximitySensor=false, forceProximitySensorEnable=false, forceWakeUpEnable=false, screenBrightness=1712, screenAutoBrightnessAdjustment=0.0, useAutoBrightness=true, AALFunction=0, blockScreenOn=false, buttonBrightness=208, waitForNegativeProximity=false
D/PowerManagerDisplayController(  752):  changed is false
D/PowerManagerService(  752): updateScreenStateLocked: mDisplayReady=true, newScreenState=2, mWakefulness=1, mWakeLockSummary=0x0, mUserActivitySummary=0x1, mBootCompleted=true
D/PowerManagerService(  752): handleSandman: canDream=true, mWakefulness=Awake
D/TVM     ( 2533): GC_TIME GC_EXPLICIT freed 661K, 35% free 14790K/22735K, objects(68197)
I/        (  211): [BWC INFO](211): get_bwc_mm_property success
E/TouchFilter(  752): :filter is disable or not support:-1
E/TouchFilter(  752): :filter is disable or not support:-1
W/HttpResourceProvider( 2533): res code: 200
I/System.out( 2533): [CDS]rx timeout:100
E/TouchFilter(  752): :filter is disable or not support:-1
E/TouchFilter(  752): :filter is disable or not support:-1
I/System.out( 2533): [CDS]rx timeout:30000
I/System.out( 2533): [CDS]close[53432]
I/System.out( 2533): close [socket][/0.0.0.0:53432]
I/        (  211): [BWC INFO](211): get_bwc_mm_property success
I/System.out( 2533): 2
I/System.out( 2533): .
I/System.out( 2533): 0
I/System.out( 2533): .
I/System.out( 2533): 0
D/ConnectivityService(  752): getActiveNetworkInfo:NetworkInfo: type: WIFI[], state: CONNECTED/CONNECTED, reason: (unspecified), extra: "00aWiFi-6F", roaming: false, failover: false, isAvailable: true, isConnectedToProvisioningNetwork: false, simId: 0/10088
D/ConnectivityService(  752): getActiveNetworkInfo:NetworkInfo: type: WIFI[], state: CONNECTED/CONNECTED, reason: (unspecified), extra: "00aWiFi-6F", roaming: false, failover: false, isAvailable: true, isConnectedToProvisioningNetwork: false, simId: 0/1000
D/AliPermission( 2533): isAskNetworkDenied returned false
I/System.out( 2533): [socket][47] connection /172.30.96.1:8888;LocalPort=43698(8000)
I/System.out( 2533): entering allowSendingEmail
I/System.out( 2533): [CDS]connect[/172.30.96.1:8888] tm:8
D/Posix   ( 2533): [Posix_connect Debug]Process sogou.mobile.explorer :8888 
I/        (  211): [BWC INFO](211): get_bwc_mm_property success
E/TouchFilter(  752): :filter is disable or not support:-1
E/TouchFilter(  752): :filter is disable or not support:-1
E/TouchFilter(  752): :filter is disable or not support:-1
I/System.out( 2533): [socket][/172.30.96.24:43698] connected
I/System.out( 2533): [CDS]rx timeout:30000
I/System.out( 2533): [CDS]SO_SND_TIMEOUT:0
I/        (  211): [BWC INFO](211): get_bwc_mm_property success
E/TouchFilter(  752): :filter is disable or not support:-1
E/TouchFilter(  752): :filter is disable or not support:-1
E/TouchFilter(  752): :filter is disable or not support:-1
E/TouchFilter(  752): :filter is disable or not support:-1
E/TouchFilter(  752): :filter is disable or not support:-1
I/        (  211): [BWC INFO](211): get_bwc_mm_property success
E/TouchFilter(  752): :filter is disable or not support:-1
E/TouchFilter(  752): :filter is disable or not support:-1
E/TouchFilter(  752): :filter is disable or not support:-1
E/TouchFilter(  752): :filter is disable or not support:-1
I/        (  211): [BWC INFO](211): get_bwc_mm_property success
E/TouchFilter(  752): :filter is disable or not support:-1
E/TouchFilter(  752): :filter is disable or not support:-1
E/TouchFilter(  752): :filter is disable or not support:-1
I/        (  211): [BWC INFO](211): get_bwc_mm_property success
E/TouchFilter(  752): :filter is disable or not support:-1
E/TouchFilter(  752): :filter is disable or not support:-1
E/TouchFilter(  752): :filter is disable or not support:-1
E/TouchFilter(  752): :filter is disable or not support:-1
E/TouchFilter(  752): :filter is disable or not support:-1
I/        (  211): [BWC INFO](211): get_bwc_mm_property success
E/TouchFilter(  752): :filter is disable or not support:-1
E/TouchFilter(  752): :filter is disable or not support:-1
E/TouchFilter(  752): :filter is disable or not support:-1
E/TouchFilter(  752): :filter is disable or not support:-1
E/TouchFilter(  752): :filter is disable or not support:-1
E/TouchFilter(  752): :filter is disable or not support:-1
I/        (  211): [BWC INFO](211): get_bwc_mm_property success
E/TouchFilter(  752): :filter is disable or not support:-1
E/TouchFilter(  752): :filter is disable or not support:-1
E/TouchFilter(  752): :filter is disable or not support:-1
E/TouchFilter(  752): :filter is disable or not support:-1
E/TouchFilter(  752): :filter is disable or not support:-1
I/        (  211): [BWC INFO](211): get_bwc_mm_property success
E/TouchFilter(  752): :filter is disable or not support:-1
E/TouchFilter(  752): :filter is disable or not support:-1
E/TouchFilter(  752): :filter is disable or not support:-1
E/TouchFilter(  752): :filter is disable or not support:-1
E/TouchFilter(  752): :filter is disable or not support:-1
E/TouchFilter(  752): :filter is disable or not support:-1
I/        (  211): [BWC INFO](211): get_bwc_mm_property success
E/TouchFilter(  752): :filter is disable or not support:-1
E/TouchFilter(  752): :filter is disable or not support:-1
E/TouchFilter(  752): :filter is disable or not support:-1
I/        (  211): [BWC INFO](211): get_bwc_mm_property success
E/TouchFilter(  752): :filter is disable or not support:-1
E/TouchFilter(  752): :filter is disable or not support:-1
E/Sensors (  752): ambientlight send event, lux 67.0
D/PowerManagerDisplayController(  752): mLightSensorListener.onSensorChanged(): enabled = true, lux = 67.0
D/PowerManagerDisplayController(  752): recieve from kernel time = 46320383, lux = 67.0
D/PowerManagerDisplayController(  752): recieve from kernel because of P-sensor mProximity = -1
E/TouchFilter(  752): :filter is disable or not support:-1
E/TouchFilter(  752): :filter is disable or not support:-1
E/TouchFilter(  752): :filter is disable or not support:-1
I/        (  211): [BWC INFO](211): get_bwc_mm_property success
E/TouchFilter(  752): :filter is disable or not support:-1
E/TouchFilter(  752): :filter is disable or not support:-1
E/TouchFilter(  752): :filter is disable or not support:-1
E/TouchFilter(  752): :filter is disable or not support:-1
E/TouchFilter(  752): :filter is disable or not support:-1
E/TouchFilter(  752): :filter is disable or not support:-1
I/        (  211): [BWC INFO](211): get_bwc_mm_property success
E/TouchFilter(  752): :filter is disable or not support:-1
E/TouchFilter(  752): :filter is disable or not support:-1
E/TouchFilter(  752): :filter is disable or not support:-1
I/        (  211): [BWC INFO](211): get_bwc_mm_property success
E/TouchFilter(  752): :filter is disable or not support:-1
E/TouchFilter(  752): :filter is disable or not support:-1
E/TouchFilter(  752): :filter is disable or not support:-1
E/TouchFilter(  752): :filter is disable or not support:-1
E/TouchFilter(  752): :filter is disable or not support:-1
E/TouchFilter(  752): :filter is disable or not support:-1
I/        (  211): [BWC INFO](211): get_bwc_mm_property success
E/TouchFilter(  752): :filter is disable or not support:-1
E/TouchFilter(  752): :filter is disable or not support:-1
E/TouchFilter(  752): :filter is disable or not support:-1
E/TouchFilter(  752): :filter is disable or not support:-1
I/        (  211): [BWC INFO](211): get_bwc_mm_property success
E/TouchFilter(  752): :filter is disable or not support:-1
E/TouchFilter(  752): :filter is disable or not support:-1
E/TouchFilter(  752): :filter is disable or not support:-1
D/SQLiteDatabase( 2533): beginTransaction()
E/TouchFilter(  752): :filter is disable or not support:-1
E/TouchFilter(  752): :filter is disable or not support:-1
E/TouchFilter(  752): :filter is disable or not support:-1
I/        (  211): [BWC INFO](211): get_bwc_mm_property success
E/TouchFilter(  752): :filter is disable or not support:-1
E/TouchFilter(  752): :filter is disable or not support:-1
E/TouchFilter(  752): :filter is disable or not support:-1
D/SQLiteDatabase( 2533): endTransaction()
I/        (  211): [BWC INFO](211): get_bwc_mm_property success
E/TouchFilter(  752): :filter is disable or not support:-1
E/TouchFilter(  752): :filter is disable or not support:-1
E/TouchFilter(  752): :filter is disable or not support:-1
E/TouchFilter(  752): :filter is disable or not support:-1
E/TouchFilter(  752): :filter is disable or not support:-1
E/TouchFilter(  752): :filter is disable or not support:-1
D/SQLiteDatabase( 2533): beginTransaction()
I/        (  211): [BWC INFO](211): get_bwc_mm_property success
E/TouchFilter(  752): :filter is disable or not support:-1
E/TouchFilter(  752): :filter is disable or not support:-1
E/TouchFilter(  752): :filter is disable or not support:-1
E/TouchFilter(  752): :filter is disable or not support:-1
E/TouchFilter(  752): :filter is disable or not support:-1
E/TouchFilter(  752): :filter is disable or not support:-1
I/        (  211): [BWC INFO](211): get_bwc_mm_property success
D/SQLiteDatabase( 2533): endTransaction()
E/TouchFilter(  752): :filter is disable or not support:-1
E/TouchFilter(  752): :filter is disable or not support:-1
E/TouchFilter(  752): :filter is disable or not support:-1
D/TVM     ( 2533): VMThread.create: new thread 6271
E/TouchFilter(  752): :filter is disable or not support:-1
E/TouchFilter(  752): :filter is disable or not support:-1
E/TouchFilter(  752): :filter is disable or not support:-1
I/        (  211): [BWC INFO](211): get_bwc_mm_property success
D/TVM     ( 2533): thread detach: non daemon thread 6271 num = 52
E/TouchFilter(  752): :filter is disable or not support:-1
E/TouchFilter(  752): :filter is disable or not support:-1
E/TouchFilter(  752): :filter is disable or not support:-1
I/        (  211): [BWC INFO](211): get_bwc_mm_property success
E/TouchFilter(  752): :filter is disable or not support:-1
E/TouchFilter(  752): :filter is disable or not support:-1
E/TouchFilter(  752): :filter is disable or not support:-1
E/TouchFilter(  752): :filter is disable or not support:-1
E/TouchFilter(  752): :filter is disable or not support:-1
E/TouchFilter(  752): :filter is disable or not support:-1
I/        (  211): [BWC INFO](211): get_bwc_mm_property success
E/TouchFilter(  752): :filter is disable or not support:-1
E/TouchFilter(  752): :filter is disable or not support:-1
E/TouchFilter(  752): :filter is disable or not support:-1
E/TouchFilter(  752): :filter is disable or not support:-1
E/TouchFilter(  752): :filter is disable or not support:-1
E/TouchFilter(  752): :filter is disable or not support:-1
I/        (  211): [BWC INFO](211): get_bwc_mm_property success
E/TouchFilter(  752): :filter is disable or not support:-1
E/TouchFilter(  752): :filter is disable or not support:-1
E/TouchFilter(  752): :filter is disable or not support:-1
E/TouchFilter(  752): :filter is disable or not support:-1
E/TouchFilter(  752): :filter is disable or not support:-1
E/TouchFilter(  752): :filter is disable or not support:-1
I/        (  211): [BWC INFO](211): get_bwc_mm_property success
E/TouchFilter(  752): :filter is disable or not support:-1
E/TouchFilter(  752): :filter is disable or not support:-1
E/TouchFilter(  752): :filter is disable or not support:-1
I/        (  211): [BWC INFO](211): get_bwc_mm_property success
E/TouchFilter(  752): :filter is disable or not support:-1
E/TouchFilter(  752): :filter is disable or not support:-1
E/TouchFilter(  752): :filter is disable or not support:-1
E/TouchFilter(  752): :filter is disable or not support:-1
E/TouchFilter(  752): :filter is disable or not support:-1
E/TouchFilter(  752): :filter is disable or not support:-1
I/        (  211): [BWC INFO](211): get_bwc_mm_property success
E/TouchFilter(  752): :filter is disable or not support:-1
E/TouchFilter(  752): :filter is disable or not support:-1
E/TouchFilter(  752): :filter is disable or not support:-1
E/TouchFilter(  752): :filter is disable or not support:-1
E/TouchFilter(  752): :filter is disable or not support:-1
E/TouchFilter(  752): :filter is disable or not support:-1
I/        (  211): [BWC INFO](211): get_bwc_mm_property success
E/TouchFilter(  752): :filter is disable or not support:-1
E/TouchFilter(  752): :filter is disable or not support:-1
E/TouchFilter(  752): :filter is disable or not support:-1
I/        (  211): [BWC INFO](211): get_bwc_mm_property success
D/AudioMTKLosslessBTBroadcast(  216): mIsLosslessBTOn:0, mIsLosslessBTPlaying:0
D/AudioMTKLosslessBTBroadcast(  216): systemServerStarted: ps -t | grep ActivityManager 
I/        (  211): [BWC INFO](211): get_bwc_mm_property success
I/        (  211): [BWC INFO](211): get_bwc_mm_property success
I/        (  211): [BWC INFO](211): get_bwc_mm_property success
I/        (  211): [BWC INFO](211): get_bwc_mm_property success
I/        (  211): [BWC INFO](211): get_bwc_mm_property success
E/Sensors (  752): ambientlight send event, lux 66.0
D/PowerManagerDisplayController(  752): mLightSensorListener.onSensorChanged(): enabled = true, lux = 66.0
D/PowerManagerDisplayController(  752): recieve from kernel time = 46320783, lux = 66.0
D/PowerManagerDisplayController(  752): recieve from kernel because of P-sensor mProximity = -1
I/        (  211): [BWC INFO](211): get_bwc_mm_property success
E/TouchFilter(  752): :filter is disable or not support:-1
E/TouchFilter(  752): :filter is disable or not support:-1
D/PowerManagerService(  752): userActivityFromNative
D/PowerManagerService(  752): userActivityNoUpdateLocked: eventTime=46320797, event=2, flags=0x0, uid=1000
D/PowerManagerNotifier(  752): onUserActivity: event=2, uid=1000
D/PowerManagerService(  752): updateUserActivitySummaryLocked: mWakefulness=Awake, mUserActivitySummary=0x1, nextTimeout=48113797 (in 1793000 ms)
D/PowerManagerService(  752): newScreenState = 2
D/PowerManagerService(  752): updateDisplayPowerStateLocked: mScreenBrightnessSetting screenBrightness = 214
D/PowerManagerService(  752): updateDisplayPowerStateLocked: auto mScreenBrightnessSetting = 214
D/PowerManagerService(  752): updateDisplayPowerStateLocked: mAutoModeAdjustByUser = false, mMode = 2
D/PowerManagerDisplayController(  752): Default screen return 8
D/PowerManagerService(  752): OnLuxChangedListener: mScreenDim = false, newState = 2
D/PowerManagerService(  752): OnLuxChangedListener: mScreenDim = false, newState = 2
D/PowerManagerService(  752): updateDisplayPowerStateLocked: auto screenBrightness = 214 isdim2B = false
D/PowerManagerDisplayController(  752):  mRampMode = 2
D/PowerManagerService(  752): updateDisplayPowerStateLocked: BUTTON_HOME:ON screen_brightness = 214
D/PowerManagerService(  752): updateDisplayPowerStateLocked: BUTTON_HOME:brightness by screen_brightness = 214
D/PowerManagerService(  752): FULLSCREEN: set home button brightness = 208
D/PowerManagerService(  752): updateDisplayPowerStateLocked: Brightness BUTTON_HOME:REAL buttonBrightness = 208
D/PowerManagerService(  752): updateDisplayPowerStateLocked: Brightness = 214
D/PowerManagerDisplayController(  752): Default screen return 8
D/PowerManagerService(  752): Package Lib: shouldUseProximitySensorLocked mLidMode = false
D/PowerManagerService(  752): updateDisplayPowerStateLocked: mScreenBrightnessModeSetting=1, autoBrightness=true, AALFunction=0, screenAutoBrightnessAdjustment=0.0, screenBrightness=214, mMode = 2, mButtonBrightness=0
D/PowerManagerDisplayController(  752): requestPowerState: screenState=2, useProximitySensor=false, forceProximitySensorEnable=false, forceWakeUpEnable=false, screenBrightness=1712, screenAutoBrightnessAdjustment=0.0, useAutoBrightness=true, AALFunction=0, blockScreenOn=false, buttonBrightness=208, waitForNegativeProximity=false
D/PowerManagerDisplayController(  752):  changed is false
D/PowerManagerService(  752): updateScreenStateLocked: mDisplayReady=true, newScreenState=2, mWakefulness=1, mWakeLockSummary=0x0, mUserActivitySummary=0x1, mBootCompleted=true
D/PowerManagerService(  752): handleSandman: canDream=true, mWakefulness=Awake
E/TouchFilter(  752): :filter is disable or not support:-1
E/TouchFilter(  752): :filter is disable or not support:-1
E/TouchFilter(  752): :filter is disable or not support:-1
E/AudioMTKLosslessBTBroadcast(  216): systemServerStarted return falid
E/TouchFilter(  752): :filter is disable or not support:-1
E/TouchFilter(  752): :filter is disable or not support:-1
E/TouchFilter(  752): :filter is disable or not support:-1
I/        (  211): [BWC INFO](211): get_bwc_mm_property success
E/TouchFilter(  752): :filter is disable or not support:-1
E/TouchFilter(  752): :filter is disable or not support:-1
E/TouchFilter(  752): :filter is disable or not support:-1
I/        (  211): [BWC INFO](211): get_bwc_mm_property success
I/SurfaceFlinger(  211): [Built-in Screen (type:0)] fps:56.491398,dur:1009.00,max:34.28,min:15.15
E/TouchFilter(  752): :filter is disable or not support:-1
E/TouchFilter(  752): :filter is disable or not support:-1
D/InputReader(  752): AP_PROF:AppLaunch_dispatchPtr:Up:46320835, ID:0, Index:1733343848
I/PerfService(  752): PerfServiceNative_boostEnableTimeout:5, 3
D/PerfServiceManager(  752): [PerfService] MESSAGE_BOOST_ENABLE_TIMEOUT 
I/View    ( 2533): Touch up dispatch to sogou.mobile.explorer.SogouWebView{44d0e760 VFED.VCL .F...... 0,0-768,1134}, event = MotionEvent { action=ACTION_UP, id[0]=0, x[0]=324.6281, y[0]=8.889568, toolType[0]=TOOL_TYPE_FINGER, buttonState=0, metaState=0, flags=0x0, edgeFlags=0x0, pointerCount=1, historySize=0, eventTime=46320835, downTime=46319604, deviceId=3, source=0x1002 }
I/        (  211): [BWC INFO](211): get_bwc_mm_property success
I/        (  211): [BWC INFO](211): get_bwc_mm_property success
I/        (  211): [BWC INFO](211): get_bwc_mm_property success
I/BufferQueue(  211): [StatusBar](this:0xb8e04cc0,id:6,api:1,p:899,c:211) queueBuffer: fps=1.00 dur=2001.08 max=1006.43 min=994.65
I/        (  211): [BWC INFO](211): get_bwc_mm_property success
I/        (  211): [BWC INFO](211): get_bwc_mm_property success
I/        (  211): [BWC INFO](211): get_bwc_mm_property success
I/        (  211): [BWC INFO](211): get_bwc_mm_property success
D/WifiStateMachine(  752): ConnectedState{ when=-3ms what=131155 arg1=23 target=com.android.internal.util.StateMachine$SmHandler target=Handler (com.android.internal.util.StateMachine$SmHandler) {44e89cf0} }
D/WifiStateMachine(  752): L2ConnectedState{ when=-3ms what=131155 arg1=23 target=com.android.internal.util.StateMachine$SmHandler target=Handler (com.android.internal.util.StateMachine$SmHandler) {44e89cf0} }
D/WifiHW  (  752): enter -->wifi_send_command cmd=IFNAME=wlan0 SIGNAL_POLL
D/wpa_supplicant( 1008): RX ctrl_iface - hexdump(len=11): 53 49 47 4e 41 4c 5f 50 4f 4c 4c
D/wpa_supplicant( 1008): wlan0: Control interface command 'SIGNAL_POLL'
D/wpa_supplicant( 1008): nl80211: survey data missing!
D/wpa_ctrl(  752): reply_len=4095
D/wifi    (  752): doStringCommand, buf IFNAME=wlan0 SIGNAL_POLL
I/WifiStateMachine(  752): fetchRssiAndLinkSpeedNative, newRssi:-39, newLinkSpeed:65, SSID:"00aWiFi-6F"
I/        (  211): [BWC INFO](211): get_bwc_mm_property success
I/        (  211): [BWC INFO](211): get_bwc_mm_property success
I/        (  211): [BWC INFO](211): get_bwc_mm_property success
I/        (  211): [BWC INFO](211): get_bwc_mm_property success
I/BufferQueue(  211): [sogou.mobile.explorer/sogou.mobile.explorer.BrowserActivity](this:0xb8db5b90,id:332,api:1,p:2533,c:211) queueBuffer: fps=48.62 dur=1007.74 max=69.35 min=8.33
I/        (  211): [BWC INFO](211): get_bwc_mm_property success
I/        (  211): [BWC INFO](211): get_bwc_mm_property success
I/        (  211): [BWC INFO](211): get_bwc_mm_property success
I/        (  211): [BWC INFO](211): get_bwc_mm_property success
E/TouchFilter(  752): :filter is disable or not support:-1
E/TouchFilter(  752): :filter is disable or not support:-1
E/TouchFilter(  752): :filter is disable or not support:-1
E/TouchFilter(  752): :filter is disable or not support:-1
E/TouchFilter(  752): :filter is disable or not support:-1
D/InputReader(  752): AP_PROF:AppLaunch_dispatchPtr:Down:46321100, ID:0, Index:1733342552
I/AP_PROF (  752): unable to open /proc/mtprof/status entry
I/PerfService(  752): PerfServiceNative_boostEnable:5
D/PerfServiceManager(  752): [PerfService] MESSAGE_BOOST_ENABLE 
I/View    ( 2533): Touch down dispatch to sogou.mobile.explorer.SogouWebView{44d0e760 VFED.VCL .F....I. 0,0-768,1134}, event = MotionEvent { action=ACTION_DOWN, id[0]=0, x[0]=175.77113, y[0]=876.27637, toolType[0]=TOOL_TYPE_FINGER, buttonState=0, metaState=0, flags=0x0, edgeFlags=0x0, pointerCount=1, historySize=0, eventTime=46321100, downTime=46321100, deviceId=3, source=0x1002 }
I/        (  211): [BWC INFO](211): get_bwc_mm_property success
E/TouchFilter(  752): :filter is disable or not support:-1
E/TouchFilter(  752): :filter is disable or not support:-1
E/TouchFilter(  752): :filter is disable or not support:-1
E/TouchFilter(  752): :filter is disable or not support:-1
E/TouchFilter(  752): :filter is disable or not support:-1
E/TouchFilter(  752): :filter is disable or not support:-1
I/        (  211): [BWC INFO](211): get_bwc_mm_property success
E/TouchFilter(  752): :filter is disable or not support:-1
E/TouchFilter(  752): :filter is disable or not support:-1
E/TouchFilter(  752): :filter is disable or not support:-1
E/TouchFilter(  752): :filter is disable or not support:-1
E/TouchFilter(  752): :filter is disable or not support:-1
E/TouchFilter(  752): :filter is disable or not support:-1
I/        (  211): [BWC INFO](211): get_bwc_mm_property success
E/TouchFilter(  752): :filter is disable or not support:-1
E/TouchFilter(  752): :filter is disable or not support:-1
E/TouchFilter(  752): :filter is disable or not support:-1
E/TouchFilter(  752): :filter is disable or not support:-1
E/TouchFilter(  752): :filter is disable or not support:-1
E/TouchFilter(  752): :filter is disable or not support:-1
I/        (  211): [BWC INFO](211): get_bwc_mm_property success
I/BufferQueue(  211): [PointerLocation](this:0xb8df6970,id:5,api:1,p:752,c:211) queueBuffer: fps=36.77 dur=1006.24 max=249.77 min=15.90
E/TouchFilter(  752): :filter is disable or not support:-1
E/TouchFilter(  752): :filter is disable or not support:-1
E/TouchFilter(  752): :filter is disable or not support:-1
I/        (  211): [BWC INFO](211): get_bwc_mm_property success
E/TouchFilter(  752): :filter is disable or not support:-1
E/TouchFilter(  752): :filter is disable or not support:-1
E/TouchFilter(  752): :filter is disable or not support:-1
E/Sensors (  752): ambientlight send event, lux 63.0
D/PowerManagerDisplayController(  752): mLightSensorListener.onSensorChanged(): enabled = true, lux = 63.0
D/PowerManagerDisplayController(  752): recieve from kernel time = 46321183, lux = 63.0
D/PowerManagerDisplayController(  752): recieve from kernel because of P-sensor mProximity = -1
E/TouchFilter(  752): :filter is disable or not support:-1
E/TouchFilter(  752): :filter is disable or not support:-1
E/TouchFilter(  752): :filter is disable or not support:-1
I/        (  211): [BWC INFO](211): get_bwc_mm_property success
E/TouchFilter(  752): :filter is disable or not support:-1
E/TouchFilter(  752): :filter is disable or not support:-1
E/TouchFilter(  752): :filter is disable or not support:-1
E/TouchFilter(  752): :filter is disable or not support:-1
E/TouchFilter(  752): :filter is disable or not support:-1
E/TouchFilter(  752): :filter is disable or not support:-1
I/        (  211): [BWC INFO](211): get_bwc_mm_property success
E/TouchFilter(  752): :filter is disable or not support:-1
E/TouchFilter(  752): :filter is disable or not support:-1
E/TouchFilter(  752): :filter is disable or not support:-1
E/TouchFilter(  752): :filter is disable or not support:-1
E/TouchFilter(  752): :filter is disable or not support:-1
E/TouchFilter(  752): :filter is disable or not support:-1
I/        (  211): [BWC INFO](211): get_bwc_mm_property success
E/TouchFilter(  752): :filter is disable or not support:-1
E/TouchFilter(  752): :filter is disable or not support:-1
E/TouchFilter(  752): :filter is disable or not support:-1
I/        (  211): [BWC INFO](211): get_bwc_mm_property success
E/TouchFilter(  752): :filter is disable or not support:-1
E/TouchFilter(  752): :filter is disable or not support:-1
E/TouchFilter(  752): :filter is disable or not support:-1
E/TouchFilter(  752): :filter is disable or not support:-1
E/TouchFilter(  752): :filter is disable or not support:-1
E/TouchFilter(  752): :filter is disable or not support:-1
I/        (  211): [BWC INFO](211): get_bwc_mm_property success
E/TouchFilter(  752): :filter is disable or not support:-1
E/TouchFilter(  752): :filter is disable or not support:-1
E/TouchFilter(  752): :filter is disable or not support:-1
E/TouchFilter(  752): :filter is disable or not support:-1
E/TouchFilter(  752): :filter is disable or not support:-1
E/TouchFilter(  752): :filter is disable or not support:-1
I/        (  211): [BWC INFO](211): get_bwc_mm_property success
E/TouchFilter(  752): :filter is disable or not support:-1
E/TouchFilter(  752): :filter is disable or not support:-1
E/TouchFilter(  752): :filter is disable or not support:-1
D/d       (12524): Load image from memory cache [http://img01test.zhunxinche.com/upload/zhunxinche/bns/sapp/3.png_480x800]
E/TouchFilter(  752): :filter is disable or not support:-1
E/TouchFilter(  752): :filter is disable or not support:-1
E/TouchFilter(  752): :filter is disable or not support:-1
I/        (  211): [BWC INFO](211): get_bwc_mm_property success
E/TouchFilter(  752): :filter is disable or not support:-1
E/TouchFilter(  752): :filter is disable or not support:-1
E/TouchFilter(  752): :filter is disable or not support:-1
D/PowerManagerService(  752): userActivityFromNative
D/PowerManagerService(  752): userActivityNoUpdateLocked: eventTime=46321306, event=2, flags=0x0, uid=1000
D/PowerManagerNotifier(  752): onUserActivity: event=2, uid=1000
D/PowerManagerService(  752): updateUserActivitySummaryLocked: mWakefulness=Awake, mUserActivitySummary=0x1, nextTimeout=48114306 (in 1792999 ms)
D/PowerManagerService(  752): newScreenState = 2
D/PowerManagerService(  752): updateDisplayPowerStateLocked: mScreenBrightnessSetting screenBrightness = 214
D/PowerManagerService(  752): updateDisplayPowerStateLocked: auto mScreenBrightnessSetting = 214
D/PowerManagerService(  752): updateDisplayPowerStateLocked: mAutoModeAdjustByUser = false, mMode = 2
D/PowerManagerDisplayController(  752): Default screen return 8
D/PowerManagerService(  752): OnLuxChangedListener: mScreenDim = false, newState = 2
D/PowerManagerService(  752): OnLuxChangedListener: mScreenDim = false, newState = 2
D/PowerManagerService(  752): updateDisplayPowerStateLocked: auto screenBrightness = 214 isdim2B = false
D/PowerManagerDisplayController(  752):  mRampMode = 2
D/PowerManagerService(  752): updateDisplayPowerStateLocked: BUTTON_HOME:ON screen_brightness = 214
D/PowerManagerService(  752): updateDisplayPowerStateLocked: BUTTON_HOME:brightness by screen_brightness = 214
D/PowerManagerService(  752): FULLSCREEN: set home button brightness = 208
D/PowerManagerService(  752): updateDisplayPowerStateLocked: Brightness BUTTON_HOME:REAL buttonBrightness = 208
D/PowerManagerService(  752): updateDisplayPowerStateLocked: Brightness = 214
D/PowerManagerDisplayController(  752): Default screen return 8
D/PowerManagerService(  752): Package Lib: shouldUseProximitySensorLocked mLidMode = false
D/PowerManagerService(  752): updateDisplayPowerStateLocked: mScreenBrightnessModeSetting=1, autoBrightness=true, AALFunction=0, screenAutoBrightnessAdjustment=0.0, screenBrightness=214, mMode = 2, mButtonBrightness=0
D/PowerManagerDisplayController(  752): requestPowerState: screenState=2, useProximitySensor=false, forceProximitySensorEnable=false, forceWakeUpEnable=false, screenBrightness=1712, screenAutoBrightnessAdjustment=0.0, useAutoBrightness=true, AALFunction=0, blockScreenOn=false, buttonBrightness=208, waitForNegativeProximity=false
D/PowerManagerDisplayController(  752):  changed is false
D/PowerManagerService(  752): updateScreenStateLocked: mDisplayReady=true, newScreenState=2, mWakefulness=1, mWakeLockSummary=0x0, mUserActivitySummary=0x1, mBootCompleted=true
D/PowerManagerService(  752): handleSandman: canDream=true, mWakefulness=Awake
I/        (  211): [BWC INFO](211): get_bwc_mm_property success
E/TouchFilter(  752): :filter is disable or not support:-1
E/TouchFilter(  752): :filter is disable or not support:-1
E/TouchFilter(  752): :filter is disable or not support:-1
E/TouchFilter(  752): :filter is disable or not support:-1
E/TouchFilter(  752): :filter is disable or not support:-1
E/TouchFilter(  752): :filter is disable or not support:-1
I/OpenConfig( 6147): cgi back, do update; appid: 101023385
E/TouchFilter(  752): :filter is disable or not support:-1
E/TouchFilter(  752): :filter is disable or not support:-1
D/InputReader(  752): AP_PROF:AppLaunch_dispatchPtr:Up:46321334, ID:0, Index:1733343848
I/PerfService(  752): PerfServiceNative_boostEnableTimeout:5, 3
I/        (  211): [BWC INFO](211): get_bwc_mm_property success
D/PerfServiceManager(  752): [PerfService] MESSAGE_BOOST_ENABLE_TIMEOUT 
D/TVM     ( 6147): thread detach: non daemon thread 6234 num = 18
I/View    ( 2533): Touch up dispatch to sogou.mobile.explorer.SogouWebView{44d0e760 VFED.VCL .F...... 0,0-768,1134}, event = MotionEvent { action=ACTION_UP, id[0]=0, x[0]=-0.4160086, y[0]=455.1962, toolType[0]=TOOL_TYPE_FINGER, buttonState=0, metaState=0, flags=0x0, edgeFlags=0x0, pointerCount=1, historySize=0, eventTime=46321334, downTime=46321100, deviceId=3, source=0x1002 }
I/        (  211): [BWC INFO](211): get_bwc_mm_property success
I/        (  211): [BWC INFO](211): get_bwc_mm_property success
I/        (  211): [BWC INFO](211): get_bwc_mm_property success
I/        (  211): [BWC INFO](211): get_bwc_mm_property success
I/        (  211): [BWC INFO](211): get_bwc_mm_property success
I/        (  211): [BWC INFO](211): get_bwc_mm_property success
I/        (  211): [BWC INFO](211): get_bwc_mm_property success
I/        (  211): [BWC INFO](211): get_bwc_mm_property success
I/        (  211): [BWC INFO](211): get_bwc_mm_property success
I/        (  211): [BWC INFO](211): get_bwc_mm_property success
I/        (  211): [BWC INFO](211): get_bwc_mm_property success
I/        (  211): [BWC INFO](211): get_bwc_mm_property success
I/        (  211): [BWC INFO](211): get_bwc_mm_property success
E/TouchFilter(  752): :filter is disable or not support:-1
E/TouchFilter(  752): :filter is disable or not support:-1
E/TouchFilter(  752): :filter is disable or not support:-1
E/TouchFilter(  752): :filter is disable or not support:-1
E/TouchFilter(  752): :filter is disable or not support:-1
D/InputReader(  752): AP_PROF:AppLaunch_dispatchPtr:Down:46321569, ID:0, Index:1733342552
I/AP_PROF (  752): unable to open /proc/mtprof/status entry
I/PerfService(  752): PerfServiceNative_boostEnable:5
D/PerfServiceManager(  752): [PerfService] MESSAGE_BOOST_ENABLE 
I/        (  211): [BWC INFO](211): get_bwc_mm_property success
I/View    ( 2533): Touch down dispatch to sogou.mobile.explorer.SogouWebView{44d0e760 VFED.VCL .F....I. 0,0-768,1134}, event = MotionEvent { action=ACTION_DOWN, id[0]=0, x[0]=124.83745, y[0]=607.4863, toolType[0]=TOOL_TYPE_FINGER, buttonState=0, metaState=0, flags=0x0, edgeFlags=0x0, pointerCount=1, historySize=0, eventTime=46321569, downTime=46321569, deviceId=3, source=0x1002 }
E/TouchFilter(  752): :filter is disable or not support:-1
E/TouchFilter(  752): :filter is disable or not support:-1
E/Sensors (  752): ambientlight send event, lux 62.0
D/PowerManagerDisplayController(  752): mLightSensorListener.onSensorChanged(): enabled = true, lux = 62.0
D/PowerManagerDisplayController(  752): recieve from kernel time = 46321584, lux = 62.0
D/PowerManagerDisplayController(  752): recieve from kernel because of P-sensor mProximity = -1
I/        (  211): [BWC INFO](211): get_bwc_mm_property success
I/        (  211): [BWC INFO](211): get_bwc_mm_property success
E/TouchFilter(  752): :filter is disable or not support:-1
E/TouchFilter(  752): :filter is disable or not support:-1
E/TouchFilter(  752): :filter is disable or not support:-1
E/TouchFilter(  752): :filter is disable or not support:-1
E/TouchFilter(  752): :filter is disable or not support:-1
E/TouchFilter(  752): :filter is disable or not support:-1
E/TouchFilter(  752): :filter is disable or not support:-1
E/TouchFilter(  752): :filter is disable or not support:-1
E/TouchFilter(  752): :filter is disable or not support:-1
