I/System.out( 6147): <doSendRequest
I/FrameworkListener(  209): onDataAvailable get 48 bytes 
I/        (  211): [BWC INFO](211): get_bwc_mm_property success
D/libc-netbsd(  209): default dns: query_ipv6=0, query_ipv4=1
D/libc-netbsd(  209): res_queryN name = static.360buyimg.com, class = 1, type = 1
D/libc-netbsd(  209): iface=wlan0, dns0:172.30.96.1
D/libc-netbsd(  209): iface=wlan0, dns1:10.100.20.11
D/libc-netbsd(  209): iface=wlan0, dns2:8.8.8.8
E/TouchFilter(  752): :filter is disable or not support:-1
E/TouchFilter(  752): :filter is disable or not support:-1
E/TouchFilter(  752): :filter is disable or not support:-1
E/TouchFilter(  752): :filter is disable or not support:-1
E/TouchFilter(  752): :filter is disable or not support:-1
E/TouchFilter(  752): :filter is disable or not support:-1
I/        (  211): [BWC INFO](211): get_bwc_mm_property success
E/TouchFilter(  752): :filter is disable or not support:-1
E/TouchFilter(  752): :filter is disable or not support:-1
E/TouchFilter(  752): :filter is disable or not support:-1
E/TouchFilter(  752): :filter is disable or not support:-1
E/TouchFilter(  752): :filter is disable or not support:-1
E/TouchFilter(  752): :filter is disable or not support:-1
I/        (  211): [BWC INFO](211): get_bwc_mm_property success
E/TouchFilter(  752): :filter is disable or not support:-1
E/TouchFilter(  752): :filter is disable or not support:-1
E/TouchFilter(  752): :filter is disable or not support:-1
D/libc-netbsd(  209): res_queryN name = static.360buyimg.com succeed
D/SocketClient(  209): SocketClient sendDatalocked done: 222
D/SocketClient(  209): SocketClient sendDatalocked done: 
D/SocketClient(  209): SocketClient sendDatalocked done: 
D/SocketClient(  209): SocketClient sendDatalocked done: 
D/SocketClient(  209): SocketClient sendDatalocked done: 
D/SocketClient(  209): SocketClient sendDatalocked done: 
D/SocketClient(  209): SocketClient sendDatalocked done: 
D/libc-netbsd( 2533): getaddrinfo: static.360buyimg.com get result from proxy >>
E/TouchFilter(  752): :filter is disable or not support:-1
E/TouchFilter(  752): :filter is disable or not support:-1
E/TouchFilter(  752): :filter is disable or not support:-1
I/        (  211): [BWC INFO](211): get_bwc_mm_property success
E/TouchFilter(  752): :filter is disable or not support:-1
E/TouchFilter(  752): :filter is disable or not support:-1
E/TouchFilter(  752): :filter is disable or not support:-1
I/        (  211): [BWC INFO](211): get_bwc_mm_property success
E/TouchFilter(  752): :filter is disable or not support:-1
E/TouchFilter(  752): :filter is disable or not support:-1
E/TouchFilter(  752): :filter is disable or not support:-1
E/TouchFilter(  752): :filter is disable or not support:-1
E/TouchFilter(  752): :filter is disable or not support:-1
E/TouchFilter(  752): :filter is disable or not support:-1
I/        (  211): [BWC INFO](211): get_bwc_mm_property success
E/TouchFilter(  752): :filter is disable or not support:-1
E/TouchFilter(  752): :filter is disable or not support:-1
E/TouchFilter(  752): :filter is disable or not support:-1
E/TouchFilter(  752): :filter is disable or not support:-1
E/TouchFilter(  752): :filter is disable or not support:-1
E/TouchFilter(  752): :filter is disable or not support:-1
I/        (  211): [BWC INFO](211): get_bwc_mm_property success
E/TouchFilter(  752): :filter is disable or not support:-1
E/TouchFilter(  752): :filter is disable or not support:-1
E/TouchFilter(  752): :filter is disable or not support:-1
E/TouchFilter(  752): :filter is disable or not support:-1
E/TouchFilter(  752): :filter is disable or not support:-1
E/TouchFilter(  752): :filter is disable or not support:-1
I/        (  211): [BWC INFO](211): get_bwc_mm_property success
E/TouchFilter(  752): :filter is disable or not support:-1
E/TouchFilter(  752): :filter is disable or not support:-1
E/TouchFilter(  752): :filter is disable or not support:-1
I/        (  211): [BWC INFO](211): get_bwc_mm_property success
E/TouchFilter(  752): :filter is disable or not support:-1
E/TouchFilter(  752): :filter is disable or not support:-1
E/TouchFilter(  752): :filter is disable or not support:-1
E/TouchFilter(  752): :filter is disable or not support:-1
E/TouchFilter(  752): :filter is disable or not support:-1
E/TouchFilter(  752): :filter is disable or not support:-1
I/        (  211): [BWC INFO](211): get_bwc_mm_property success
E/TouchFilter(  752): :filter is disable or not support:-1
E/TouchFilter(  752): :filter is disable or not support:-1
E/TouchFilter(  752): :filter is disable or not support:-1
E/TouchFilter(  752): :filter is disable or not support:-1
E/TouchFilter(  752): :filter is disable or not support:-1
E/TouchFilter(  752): :filter is disable or not support:-1
I/        (  211): [BWC INFO](211): get_bwc_mm_property success
E/TouchFilter(  752): :filter is disable or not support:-1
E/TouchFilter(  752): :filter is disable or not support:-1
E/TouchFilter(  752): :filter is disable or not support:-1
I/        (  211): [BWC INFO](211): get_bwc_mm_property success
E/TouchFilter(  752): :filter is disable or not support:-1
E/TouchFilter(  752): :filter is disable or not support:-1
E/TouchFilter(  752): :filter is disable or not support:-1
E/TouchFilter(  752): :filter is disable or not support:-1
E/TouchFilter(  752): :filter is disable or not support:-1
E/TouchFilter(  752): :filter is disable or not support:-1
E/Sensors (  752): ambientlight send event, lux 69.0
D/PowerManagerDisplayController(  752): mLightSensorListener.onSensorChanged(): enabled = true, lux = 69.0
D/PowerManagerDisplayController(  752): recieve from kernel time = 46318386, lux = 69.0
D/PowerManagerDisplayController(  752): recieve from kernel because of P-sensor mProximity = -1
E/TouchFilter(  752): :filter is disable or not support:-1
E/TouchFilter(  752): :filter is disable or not support:-1
E/TouchFilter(  752): :filter is disable or not support:-1
I/        (  211): [BWC INFO](211): get_bwc_mm_property success
E/TouchFilter(  752): :filter is disable or not support:-1
E/TouchFilter(  752): :filter is disable or not support:-1
E/TouchFilter(  752): :filter is disable or not support:-1
I/        (  211): [BWC INFO](211): get_bwc_mm_property success
D/AudioMTKLosslessBTBroadcast(  216): mIsLosslessBTOn:0, mIsLosslessBTPlaying:0
D/AudioMTKLosslessBTBroadcast(  216): systemServerStarted: ps -t | grep ActivityManager 
E/TouchFilter(  752): :filter is disable or not support:-1
E/TouchFilter(  752): :filter is disable or not support:-1
E/TouchFilter(  752): :filter is disable or not support:-1
E/TouchFilter(  752): :filter is disable or not support:-1
E/TouchFilter(  752): :filter is disable or not support:-1
E/TouchFilter(  752): :filter is disable or not support:-1
I/        (  211): [BWC INFO](211): get_bwc_mm_property success
E/TouchFilter(  752): :filter is disable or not support:-1
E/TouchFilter(  752): :filter is disable or not support:-1
I/        (  211): [BWC INFO](211): get_bwc_mm_property success
E/TouchFilter(  752): :filter is disable or not support:-1
E/TouchFilter(  752): :filter is disable or not support:-1
E/TouchFilter(  752): :filter is disable or not support:-1
E/TouchFilter(  752): :filter is disable or not support:-1
E/TouchFilter(  752): :filter is disable or not support:-1
E/TouchFilter(  752): :filter is disable or not support:-1
E/TouchFilter(  752): :filter is disable or not support:-1
E/TouchFilter(  752): :filter is disable or not support:-1
E/TouchFilter(  752): :filter is disable or not support:-1
E/TouchFilter(  752): :filter is disable or not support:-1
E/TouchFilter(  752): :filter is disable or not support:-1
E/TouchFilter(  752): :filter is disable or not support:-1
I/        (  211): [BWC INFO](211): get_bwc_mm_property success
D/BatteryService(  752): mBatteryVoltage=4330, batteryLevel=50
V/ActivityManager(  752): Broadcast sticky: Intent { act=android.intent.action.BATTERY_CHANGED flg=0x60000010 (has extras) } ordered=false userid=-1 callerApp=null
D/WifiService(  752): onReceive, action:android.intent.action.BATTERY_CHANGED
D/UsbDeviceManager(  752): onReceive - BATTERY_CHANGED - mPlugType: 2, mSettingUsbCharging: false, mConnected: true, mSettingUsbBicr: false
D/PowerManagerService(  752): updateIsPoweredLocked: wasPowered=true, mIsPowered=true, oldPlugType=2, mPlugType=2, mBatteryLevel=100
D/PowerManagerService(  752): handleSandman: canDream=true, mWakefulness=Awake
D/PowerUI (  899): buckets   .....20 .. 15 .. 4
D/PowerUI (  899): level          100 --> 100
D/PowerUI (  899): status         5 --> 5
D/PowerUI (  899): plugType       2 --> 2
D/PowerUI (  899): invalidCharger 0 --> 0
D/PowerUI (  899): bucket         1 --> 1
D/PowerUI (  899): plugged        true --> true
E/TouchFilter(  752): :filter is disable or not support:-1
E/TouchFilter(  752): :filter is disable or not support:-1
E/TouchFilter(  752): :filter is disable or not support:-1
D/WifiController(  752): DeviceActiveState{ when=-2ms what=155652 arg1=2 target=com.android.internal.util.StateMachine$SmHandler target=Handler (com.android.internal.util.StateMachine$SmHandler) {44e63708} }
D/WifiController(  752): StaEnabledState{ when=-3ms what=155652 arg1=2 target=com.android.internal.util.StateMachine$SmHandler target=Handler (com.android.internal.util.StateMachine$SmHandler) {44e63708} }
D/WifiController(  752): DefaultState{ when=-3ms what=155652 arg1=2 target=com.android.internal.util.StateMachine$SmHandler target=Handler (com.android.internal.util.StateMachine$SmHandler) {44e63708} }
D/WifiController(  752): battery changed pluggedType: 2
I/CloudService( 3184): BatteryChangeReceiver.onReceive, action:android.intent.action.BATTERY_CHANGED,sHasAlertPowerLow:false
I/FrameworkListener(  209): onDataAvailable get 47 bytes 
I/CloudService( 3184): BatteryChangeReceiver.onReceive, power:100%, sHasAlertPowerLow:false
D/libc-netbsd(  209): default dns: query_ipv6=0, query_ipv4=1
D/libc-netbsd(  209): res_queryN name = img14.360buyimg.com, class = 1, type = 1
D/libc-netbsd(  209): iface=wlan0, dns0:172.30.96.1
D/libc-netbsd(  209): iface=wlan0, dns1:10.100.20.11
D/libc-netbsd(  209): iface=wlan0, dns2:8.8.8.8
I/FrameworkListener(  209): onDataAvailable get 47 bytes 
I/        (  211): [BWC INFO](211): get_bwc_mm_property success
I/FrameworkListener(  209): onDataAvailable get 47 bytes 
D/libc-netbsd(  209): default dns: query_ipv6=0, query_ipv4=1
D/libc-netbsd(  209): res_queryN name = img13.360buyimg.com, class = 1, type = 1
D/libc-netbsd(  209): iface=wlan0, dns0:172.30.96.1
D/libc-netbsd(  209): iface=wlan0, dns1:10.100.20.11
D/libc-netbsd(  209): iface=wlan0, dns2:8.8.8.8
I/FrameworkListener(  209): onDataAvailable get 32 bytes 
D/libc-netbsd(  209): default dns: query_ipv6=0, query_ipv4=1
D/libc-netbsd(  209): res_queryN name = img11.360buyimg.com, class = 1, type = 1
D/libc-netbsd(  209): iface=wlan0, dns0:172.30.96.1
D/libc-netbsd(  209): iface=wlan0, dns1:10.100.20.11
D/libc-netbsd(  209): iface=wlan0, dns2:8.8.8.8
E/AudioMTKLosslessBTBroadcast(  216): systemServerStarted return falid
D/libc-netbsd(  209): default dns: query_ipv6=0, query_ipv4=1
D/libc-netbsd(  209): iface=wlan0, dns0:172.30.96.1
D/libc-netbsd(  209): iface=wlan0, dns1:10.100.20.11
D/libc-netbsd(  209): iface=wlan0, dns2:8.8.8.8
D/libc-netbsd(  209): res_queryN name = http.workgroup, class = 1, type = 1
D/libc-netbsd(  209): iface=wlan0, dns0:172.30.96.1
D/libc-netbsd(  209): iface=wlan0, dns1:10.100.20.11
D/libc-netbsd(  209): iface=wlan0, dns2:8.8.8.8
D/TVM     ( 6147): GC_TIME GC_CONCURRENT freed 721K, 63% free 2805K/7503K, objects(45794)
I/FrameworkListener(  209): onDataAvailable get 35 bytes 
D/libc-netbsd(  209): default dns: query_ipv6=0, query_ipv4=1
D/libc-netbsd(  209): res_queryN name = px.3.cn, class = 1, type = 1
D/libc-netbsd(  209): iface=wlan0, dns0:172.30.96.1
D/libc-netbsd(  209): iface=wlan0, dns1:10.100.20.11
D/libc-netbsd(  209): iface=wlan0, dns2:8.8.8.8
E/TouchFilter(  752): :filter is disable or not support:-1
E/TouchFilter(  752): :filter is disable or not support:-1
E/TouchFilter(  752): :filter is disable or not support:-1
I/        (  211): [BWC INFO](211): get_bwc_mm_property success
E/TouchFilter(  752): :filter is disable or not support:-1
E/TouchFilter(  752): :filter is disable or not support:-1
E/TouchFilter(  752): :filter is disable or not support:-1
D/libc-netbsd(  209): res_queryN name = img13.360buyimg.com succeed
D/libc-netbsd(  209): res_queryN name = img14.360buyimg.com succeed
D/SocketClient(  209): SocketClient sendDatalocked done: 222
D/SocketClient(  209): SocketClient sendDatalocked done: 222
D/SocketClient(  209): SocketClient sendDatalocked done: 
D/SocketClient(  209): SocketClient sendDatalocked done: 
D/SocketClient(  209): SocketClient sendDatalocked done: 
D/SocketClient(  209): SocketClient sendDatalocked done: 
D/SocketClient(  209): SocketClient sendDatalocked done: 
D/SocketClient(  209): SocketClient sendDatalocked done: 
D/SocketClient(  209): SocketClient sendDatalocked done: 
D/SocketClient(  209): SocketClient sendDatalocked done: 
D/SocketClient(  209): SocketClient sendDatalocked done: 
D/SocketClient(  209): SocketClient sendDatalocked done: 
D/SocketClient(  209): SocketClient sendDatalocked done: 
D/SocketClient(  209): SocketClient sendDatalocked done: 
D/libc-netbsd( 2533): getaddrinfo: img13.360buyimg.com get result from proxy >>
D/libc-netbsd( 2533): getaddrinfo: img14.360buyimg.com get result from proxy >>
I/        (  211): [BWC INFO](211): get_bwc_mm_property success
E/TouchFilter(  752): :filter is disable or not support:-1
E/TouchFilter(  752): :filter is disable or not support:-1
E/TouchFilter(  752): :filter is disable or not support:-1
D/PowerManagerService(  752): userActivityFromNative
D/PowerManagerService(  752): userActivityNoUpdateLocked: eventTime=46318607, event=2, flags=0x0, uid=1000
D/PowerManagerNotifier(  752): onUserActivity: event=2, uid=1000
D/PowerManagerService(  752): updateUserActivitySummaryLocked: mWakefulness=Awake, mUserActivitySummary=0x1, nextTimeout=48111607 (in 1793000 ms)
D/PowerManagerService(  752): newScreenState = 2
D/PowerManagerService(  752): updateDisplayPowerStateLocked: mScreenBrightnessSetting screenBrightness = 214
D/PowerManagerService(  752): updateDisplayPowerStateLocked: auto mScreenBrightnessSetting = 214
D/PowerManagerService(  752): updateDisplayPowerStateLocked: mAutoModeAdjustByUser = false, mMode = 2
D/PowerManagerDisplayController(  752): Default screen return 8
D/PowerManagerService(  752): OnLuxChangedListener: mScreenDim = false, newState = 2
D/PowerManagerService(  752): OnLuxChangedListener: mScreenDim = false, newState = 2
D/PowerManagerService(  752): updateDisplayPowerStateLocked: auto screenBrightness = 214 isdim2B = false
D/PowerManagerDisplayController(  752):  mRampMode = 2
D/PowerManagerService(  752): updateDisplayPowerStateLocked: BUTTON_HOME:ON screen_brightness = 214
D/PowerManagerService(  752): updateDisplayPowerStateLocked: BUTTON_HOME:brightness by screen_brightness = 214
D/PowerManagerService(  752): FULLSCREEN: set home button brightness = 208
D/PowerManagerService(  752): updateDisplayPowerStateLocked: Brightness BUTTON_HOME:REAL buttonBrightness = 208
D/PowerManagerService(  752): updateDisplayPowerStateLocked: Brightness = 214
D/PowerManagerDisplayController(  752): Default screen return 8
D/PowerManagerService(  752): Package Lib: shouldUseProximitySensorLocked mLidMode = false
D/PowerManagerService(  752): updateDisplayPowerStateLocked: mScreenBrightnessModeSetting=1, autoBrightness=true, AALFunction=0, screenAutoBrightnessAdjustment=0.0, screenBrightness=214, mMode = 2, mButtonBrightness=0
D/PowerManagerDisplayController(  752): requestPowerState: screenState=2, useProximitySensor=false, forceProximitySensorEnable=false, forceWakeUpEnable=false, screenBrightness=1712, screenAutoBrightnessAdjustment=0.0, useAutoBrightness=true, AALFunction=0, blockScreenOn=false, buttonBrightness=208, waitForNegativeProximity=false
D/PowerManagerDisplayController(  752):  changed is false
D/PowerManagerService(  752): updateScreenStateLocked: mDisplayReady=true, newScreenState=2, mWakefulness=1, mWakeLockSummary=0x0, mUserActivitySummary=0x1, mBootCompleted=true
D/PowerManagerService(  752): handleSandman: canDream=true, mWakefulness=Awake
D/libc-netbsd(  209): res_queryN name = px.3.cn succeed
D/SocketClient(  209): SocketClient sendDatalocked done: 222
D/SocketClient(  209): SocketClient sendDatalocked done: 
D/SocketClient(  209): SocketClient sendDatalocked done: 
D/SocketClient(  209): SocketClient sendDatalocked done: 
D/libc-netbsd(  209): res_queryN name = http.workgroup succeed
D/SocketClient(  209): SocketClient sendDatalocked done: 
D/SocketClient(  209): SocketClient sendDatalocked done: 
D/SocketClient(  209): SocketClient sendDatalocked done: 
D/libc-netbsd( 2533): getaddrinfo: px.3.cn get result from proxy >>
D/libc-netbsd(  209): res_queryN name = img11.360buyimg.com succeed
D/SocketClient(  209): SocketClient sendDatalocked done: 222
D/SocketClient(  209): SocketClient sendDatalocked done: 
D/SocketClient(  209): SocketClient sendDatalocked done: 
D/SocketClient(  209): SocketClient sendDatalocked done: 
D/SocketClient(  209): SocketClient sendDatalocked done: 
D/SocketClient(  209): SocketClient sendDatalocked done: 
D/SocketClient(  209): SocketClient sendDatalocked done: 
D/SocketClient(  209): SocketClient sendDatalocked done: 222
D/SocketClient(  209): SocketClient sendDatalocked done: 
D/SocketClient(  209): SocketClient sendDatalocked done: 
D/libc-netbsd( 2533): getaddrinfo: http get result from proxy >>
D/SocketClient(  209): SocketClient sendDatalocked done: 
D/SocketClient(  209): SocketClient sendDatalocked done: 
D/SocketClient(  209): SocketClient sendDatalocked done: 
D/SocketClient(  209): SocketClient sendDatalocked done: 
D/libc-netbsd( 2533): getaddrinfo: img11.360buyimg.com get result from proxy >>
E/TouchFilter(  752): :filter is disable or not support:-1
E/TouchFilter(  752): :filter is disable or not support:-1
E/TouchFilter(  752): :filter is disable or not support:-1
I/FrameworkListener(  209): onDataAvailable get 46 bytes 
I/        (  211): [BWC INFO](211): get_bwc_mm_property success
D/libc-netbsd(  209): default dns: query_ipv6=0, query_ipv4=1
D/libc-netbsd(  209): res_queryN name = img01.sogoucdn.com, class = 1, type = 1
D/libc-netbsd(  209): iface=wlan0, dns0:172.30.96.1
D/libc-netbsd(  209): iface=wlan0, dns1:10.100.20.11
D/libc-netbsd(  209): iface=wlan0, dns2:8.8.8.8
I/FrameworkListener(  209): onDataAvailable get 46 bytes 
D/libc-netbsd(  209): default dns: query_ipv6=0, query_ipv4=1
D/libc-netbsd(  209): res_queryN name = irnvf.lu.sogou.com, class = 1, type = 1
D/libc-netbsd(  209): iface=wlan0, dns0:172.30.96.1
D/libc-netbsd(  209): iface=wlan0, dns1:10.100.20.11
D/libc-netbsd(  209): iface=wlan0, dns2:8.8.8.8
I/FrameworkListener(  209): onDataAvailable get 45 bytes 
I/        (  211): [BWC INFO](211): get_bwc_mm_property success
D/libc-netbsd(  209): default dns: query_ipv6=0, query_ipv4=1
D/libc-netbsd(  209): res_queryN name = vjoz.lu.sogou.com, class = 1, type = 1
D/libc-netbsd(  209): iface=wlan0, dns0:172.30.96.1
D/libc-netbsd(  209): iface=wlan0, dns1:10.100.20.11
D/libc-netbsd(  209): iface=wlan0, dns2:8.8.8.8
E/TouchFilter(  752): :filter is disable or not support:-1
E/TouchFilter(  752): :filter is disable or not support:-1
E/TouchFilter(  752): :filter is disable or not support:-1
I/        (  211): [BWC INFO](211): get_bwc_mm_property success
E/TouchFilter(  752): :filter is disable or not support:-1
E/TouchFilter(  752): :filter is disable or not support:-1
E/TouchFilter(  752): :filter is disable or not support:-1
I/        (  211): [BWC INFO](211): get_bwc_mm_property success
I/        (  211): [BWC INFO](211): get_bwc_mm_property success
I/        (  211): [BWC INFO](211): get_bwc_mm_property success
E/TouchFilter(  752): :filter is disable or not support:-1
E/TouchFilter(  752): :filter is disable or not support:-1
E/TouchFilter(  752): :filter is disable or not support:-1
E/TouchFilter(  752): :filter is disable or not support:-1
E/TouchFilter(  752): :filter is disable or not support:-1
I/        (  211): [BWC INFO](211): get_bwc_mm_property success
I/        (  211): [BWC INFO](211): get_bwc_mm_property success
I/        (  211): [BWC INFO](211): get_bwc_mm_property success
E/TouchFilter(  752): :filter is disable or not support:-1
E/TouchFilter(  752): :filter is disable or not support:-1
E/Sensors (  752): ambientlight send event, lux 68.0
D/PowerManagerDisplayController(  752): mLightSensorListener.onSensorChanged(): enabled = true, lux = 68.0
D/PowerManagerDisplayController(  752): recieve from kernel time = 46318784, lux = 68.0
D/PowerManagerDisplayController(  752): recieve from kernel because of P-sensor mProximity = -1
E/TouchFilter(  752): :filter is disable or not support:-1
E/TouchFilter(  752): :filter is disable or not support:-1
D/InputReader(  752): AP_PROF:AppLaunch_dispatchPtr:Up:46318792, ID:0, Index:1733343848
I/PerfService(  752): PerfServiceNative_boostEnableTimeout:5, 3
D/PerfServiceManager(  752): [PerfService] MESSAGE_BOOST_ENABLE_TIMEOUT 
I/View    ( 2533): Touch up dispatch to sogou.mobile.explorer.SogouWebView{44d0e760 VFED.VCL .F...... 0,0-768,1134}, event = MotionEvent { action=ACTION_UP, id[0]=0, x[0]=98.87126, y[0]=698.4153, toolType[0]=TOOL_TYPE_FINGER, buttonState=0, metaState=0, flags=0x0, edgeFlags=0x0, pointerCount=1, historySize=0, eventTime=46318792, downTime=46318098, deviceId=3, source=0x1002 }
I/        (  211): [BWC INFO](211): get_bwc_mm_property success
I/SurfaceFlinger(  211): [Built-in Screen (type:0)] fps:44.537064,dur:1010.39,max:51.53,min:12.38
I/        (  211): [BWC INFO](211): get_bwc_mm_property success
I/BufferQueue(  211): [StatusBar](this:0xb8e04cc0,id:6,api:1,p:899,c:211) queueBuffer: fps=1.98 dur=1008.23 max=680.61 min=327.62
I/        (  211): [BWC INFO](211): get_bwc_mm_property success
D/TVM     ( 6147): GC_TIME GC_CONCURRENT freed 1250K, 69% free 2468K/7759K, objects(39604)
D/libc-netbsd(  209): res_queryN name = img01.sogoucdn.com succeed
D/SocketClient(  209): SocketClient sendDatalocked done: 222
D/SocketClient(  209): SocketClient sendDatalocked done: 
D/SocketClient(  209): SocketClient sendDatalocked done: 
D/SocketClient(  209): SocketClient sendDatalocked done: 
D/SocketClient(  209): SocketClient sendDatalocked done: 
D/SocketClient(  209): SocketClient sendDatalocked done: 
D/SocketClient(  209): SocketClient sendDatalocked done: 
D/SocketClient(  209): SocketClient sendDatalocked done: 
D/SocketClient(  209): SocketClient sendDatalocked done: 
D/SocketClient(  209): SocketClient sendDatalocked done: 
D/SocketClient(  209): SocketClient sendDatalocked done: 
D/SocketClient(  209): SocketClient sendDatalocked done: 
D/SocketClient(  209): SocketClient sendDatalocked done: 
D/SocketClient(  209): SocketClient sendDatalocked done: 
D/SocketClient(  209): SocketClient sendDatalocked done: 
D/SocketClient(  209): SocketClient sendDatalocked done: 
D/SocketClient(  209): SocketClient sendDatalocked done: 
D/SocketClient(  209): SocketClient sendDatalocked done: 
D/SocketClient(  209): SocketClient sendDatalocked done: 
D/SocketClient(  209): SocketClient sendDatalocked done: 
D/SocketClient(  209): SocketClient sendDatalocked done: 
D/SocketClient(  209): SocketClient sendDatalocked done: 
D/SocketClient(  209): SocketClient sendDatalocked done: 
D/SocketClient(  209): SocketClient sendDatalocked done: 
D/SocketClient(  209): SocketClient sendDatalocked done: 
D/SocketClient(  209): SocketClient sendDatalocked done: 
D/SocketClient(  209): SocketClient sendDatalocked done: 
D/SocketClient(  209): SocketClient sendDatalocked done: 
D/SocketClient(  209): SocketClient sendDatalocked done: 
D/SocketClient(  209): SocketClient sendDatalocked done: 
D/SocketClient(  209): SocketClient sendDatalocked done: 
D/SocketClient(  209): SocketClient sendDatalocked done: 
D/SocketClient(  209): SocketClient sendDatalocked done: 
D/SocketClient(  209): SocketClient sendDatalocked done: 
D/SocketClient(  209): SocketClient sendDatalocked done: 
D/SocketClient(  209): SocketClient sendDatalocked done: 
D/SocketClient(  209): SocketClient sendDatalocked done: 
D/SocketClient(  209): SocketClient sendDatalocked done: 
D/SocketClient(  209): SocketClient sendDatalocked done: 
D/SocketClient(  209): SocketClient sendDatalocked done: 
D/SocketClient(  209): SocketClient sendDatalocked done: 
D/SocketClient(  209): SocketClient sendDatalocked done: 
D/SocketClient(  209): SocketClient sendDatalocked done: 
D/SocketClient(  209): SocketClient sendDatalocked done: 
D/SocketClient(  209): SocketClient sendDatalocked done: 
D/SocketClient(  209): SocketClient sendDatalocked done: 
D/SocketClient(  209): SocketClient sendDatalocked done: 
D/libc-netbsd( 2533): getaddrinfo: img01.sogoucdn.com get result from proxy >>
D/libc-netbsd(  209): res_queryN name = irnvf.lu.sogou.com succeed
D/SocketClient(  209): SocketClient sendDatalocked done: 222
D/SocketClient(  209): SocketClient sendDatalocked done: 
D/SocketClient(  209): SocketClient sendDatalocked done: 
D/SocketClient(  209): SocketClient sendDatalocked done: 
D/SocketClient(  209): SocketClient sendDatalocked done: 
D/SocketClient(  209): SocketClient sendDatalocked done: 
D/SocketClient(  209): SocketClient sendDatalocked done: 
D/SocketClient(  209): SocketClient sendDatalocked done: 
D/SocketClient(  209): SocketClient sendDatalocked done: 
D/SocketClient(  209): SocketClient sendDatalocked done: 
D/SocketClient(  209): SocketClient sendDatalocked done: 
D/SocketClient(  209): SocketClient sendDatalocked done: 
D/libc-netbsd( 2533): getaddrinfo: irnvf.lu.sogou.com get result from proxy >>
I/BufferQueue(  211): [sogou.mobile.explorer/sogou.mobile.explorer.BrowserActivity](this:0xb8db5b90,id:332,api:1,p:2533,c:211) queueBuffer: fps=32.20 dur=1180.01 max=186.46 min=11.74
I/        (  211): [BWC INFO](211): get_bwc_mm_property success
D/libc-netbsd(  209): res_queryN name = vjoz.lu.sogou.com succeed
D/SocketClient(  209): SocketClient sendDatalocked done: 222
D/SocketClient(  209): SocketClient sendDatalocked done: 
D/SocketClient(  209): SocketClient sendDatalocked done: 
D/SocketClient(  209): SocketClient sendDatalocked done: 
D/SocketClient(  209): SocketClient sendDatalocked done: 
D/SocketClient(  209): SocketClient sendDatalocked done: 
D/SocketClient(  209): SocketClient sendDatalocked done: 
D/SocketClient(  209): SocketClient sendDatalocked done: 
D/SocketClient(  209): SocketClient sendDatalocked done: 
D/SocketClient(  209): SocketClient sendDatalocked done: 
D/SocketClient(  209): SocketClient sendDatalocked done: 
D/SocketClient(  209): SocketClient sendDatalocked done: 
D/libc-netbsd( 2533): getaddrinfo: vjoz.lu.sogou.com get result from proxy >>
I/bum     ( 6243): cmd: am start -n com.android.browser/.BrowserActivity -a android.intent.action.VIEW -d http://serv.mse.360.cn/whyuninstall?Mid=275255ce35d0103f0cc7660997d3428c\&Wid=249c4bb2e4bff3d135ffd50ba8e222f4\&Verc=6.9.9.45\&Mdl=m1\&Vern=707\&Osver=4.4.4\&Net=WIFI\&Chl=yz00028\&ut=27\&root=false\&ram=0.9 --user 0
I/bum     ( 6243): listen on com.qihoo.browser.um
I/bum     ( 6243): bind um success
I/bum     ( 6243): -------- start main --------
I/bum     ( 6243): pid = 6259
I/bum     ( 6243): child pid = 6259
I/bum     ( 6259): pid = 0
I/bum     ( 6259): -------- start child --------
I/bum     ( 6243): /proc/self/exe -> /data/data/com.qihoo.browser/files/so/uin.m
I/bum     ( 6259): g_start_push_cmd = am startservice -n com.qihoo.browser/.pushmanager.PushBrowserService -e BeActivatedFrom native --user 0
I/bum     ( 6243): Watching /data/data/com.qihoo.browser:1
I/bum     ( 6243): begin wait 7:8
I/        (  211): [BWC INFO](211): get_bwc_mm_property success
D/ConnectivityService(  752): getActiveNetworkInfo:NetworkInfo: type: WIFI[], state: CONNECTED/CONNECTED, reason: (unspecified), extra: "00aWiFi-6F", roaming: false, failover: false, isAvailable: true, isConnectedToProvisioningNetwork: false, simId: 0/10088
V/Provider/Settings( 2533): get setting for user 0 by user 0 so skipping cache
V/Provider/Settings( 2533):  from settings cache , name = show_password , value = null
D/ConnectivityService(  752): getActiveNetworkInfo:NetworkInfo: type: WIFI[], state: CONNECTED/CONNECTED, reason: (unspecified), extra: "00aWiFi-6F", roaming: false, failover: false, isAvailable: true, isConnectedToProvisioningNetwork: false, simId: 0/10088
D/ConnectivityService(  752): getActiveNetworkInfo:NetworkInfo: type: WIFI[], state: CONNECTED/CONNECTED, reason: (unspecified), extra: "00aWiFi-6F", roaming: false, failover: false, isAvailable: true, isConnectedToProvisioningNetwork: false, simId: 0/1000
D/AliPermission( 2533): isAskNetworkDenied returned false
I/System.out( 2533): [socket][42] connection /172.30.96.1:8888;LocalPort=46938(8000)
I/System.out( 2533): entering allowSendingEmail
I/System.out( 2533): [CDS]connect[/172.30.96.1:8888] tm:8
D/Posix   ( 2533): [Posix_connect Debug]Process sogou.mobile.explorer :8888 
I/        (  211): [BWC INFO](211): get_bwc_mm_property success
D/ConnectivityService(  752): getActiveNetworkInfo:NetworkInfo: type: WIFI[], state: CONNECTED/CONNECTED, reason: (unspecified), extra: "00aWiFi-6F", roaming: false, failover: false, isAvailable: true, isConnectedToProvisioningNetwork: false, simId: 0/10088
V/Provider/Settings( 2533): get setting for user 0 by user 0 so skipping cache
V/Provider/Settings( 2533):  from settings cache , name = show_password , value = null
E/TouchFilter(  752): :filter is disable or not support:-1
E/TouchFilter(  752): :filter is disable or not support:-1
E/TouchFilter(  752): :filter is disable or not support:-1
E/TouchFilter(  752): :filter is disable or not support:-1
E/TouchFilter(  752): :filter is disable or not support:-1
D/InputReader(  752): AP_PROF:AppLaunch_dispatchPtr:Down:46319106, ID:0, Index:1733342552
I/AP_PROF (  752): unable to open /proc/mtprof/status entry
I/PerfService(  752): PerfServiceNative_boostEnable:5
D/PerfServiceManager(  752): [PerfService] MESSAGE_BOOST_ENABLE 
I/        (  211): [BWC INFO](211): get_bwc_mm_property success
I/View    ( 2533): Touch down dispatch to sogou.mobile.explorer.SogouWebView{44d0e760 VFED.VCL .F....ID 0,0-768,1134}, event = MotionEvent { action=ACTION_DOWN, id[0]=0, x[0]=258.6632, y[0]=1090.1093, toolType[0]=TOOL_TYPE_FINGER, buttonState=0, metaState=0, flags=0x0, edgeFlags=0x0, pointerCount=1, historySize=0, eventTime=46319106, downTime=46319106, deviceId=3, source=0x1002 }
E/TouchFilter(  752): :filter is disable or not support:-1
E/TouchFilter(  752): :filter is disable or not support:-1
D/PowerManagerService(  752): userActivityFromNative
D/PowerManagerService(  752): userActivityNoUpdateLocked: eventTime=46319116, event=2, flags=0x0, uid=1000
D/PowerManagerNotifier(  752): onUserActivity: event=2, uid=1000
D/PowerManagerService(  752): updateUserActivitySummaryLocked: mWakefulness=Awake, mUserActivitySummary=0x1, nextTimeout=48112116 (in 1792999 ms)
D/PowerManagerService(  752): newScreenState = 2
D/PowerManagerService(  752): updateDisplayPowerStateLocked: mScreenBrightnessSetting screenBrightness = 214
D/PowerManagerService(  752): updateDisplayPowerStateLocked: auto mScreenBrightnessSetting = 214
D/PowerManagerService(  752): updateDisplayPowerStateLocked: mAutoModeAdjustByUser = false, mMode = 2
D/PowerManagerDisplayController(  752): Default screen return 8
D/PowerManagerService(  752): OnLuxChangedListener: mScreenDim = false, newState = 2
D/PowerManagerService(  752): OnLuxChangedListener: mScreenDim = false, newState = 2
D/PowerManagerService(  752): updateDisplayPowerStateLocked: auto screenBrightness = 214 isdim2B = false
D/PowerManagerDisplayController(  752):  mRampMode = 2
D/PowerManagerService(  752): updateDisplayPowerStateLocked: BUTTON_HOME:ON screen_brightness = 214
D/PowerManagerService(  752): updateDisplayPowerStateLocked: BUTTON_HOME:brightness by screen_brightness = 214
D/PowerManagerService(  752): FULLSCREEN: set home button brightness = 208
D/PowerManagerService(  752): updateDisplayPowerStateLocked: Brightness BUTTON_HOME:REAL buttonBrightness = 208
D/PowerManagerService(  752): updateDisplayPowerStateLocked: Brightness = 214
D/PowerManagerDisplayController(  752): Default screen return 8
D/PowerManagerService(  752): Package Lib: shouldUseProximitySensorLocked mLidMode = false
D/PowerManagerService(  752): updateDisplayPowerStateLocked: mScreenBrightnessModeSetting=1, autoBrightness=true, AALFunction=0, screenAutoBrightnessAdjustment=0.0, screenBrightness=214, mMode = 2, mButtonBrightness=0
D/PowerManagerDisplayController(  752): requestPowerState: screenState=2, useProximitySensor=false, forceProximitySensorEnable=false, forceWakeUpEnable=false, screenBrightness=1712, screenAutoBrightnessAdjustment=0.0, useAutoBrightness=true, AALFunction=0, blockScreenOn=false, buttonBrightness=208, waitForNegativeProximity=false
D/PowerManagerDisplayController(  752):  changed is false
D/PowerManagerService(  752): updateScreenStateLocked: mDisplayReady=true, newScreenState=2, mWakefulness=1, mWakeLockSummary=0x0, mUserActivitySummary=0x1, mBootCompleted=true
D/PowerManagerService(  752): handleSandman: canDream=true, mWakefulness=Awake
I/        (  211): [BWC INFO](211): get_bwc_mm_property success
I/BufferQueue(  211): [PointerLocation](this:0xb8df6970,id:5,api:1,p:752,c:211) queueBuffer: fps=28.78 dur=1007.57 max=303.65 min=12.81
D/PhoneInterfaceManagerEx( 1079): [PhoneIntfMgrEx] hasIccCard  simId=0
I/        (  211): [BWC INFO](211): get_bwc_mm_property success
D/PhoneInterfaceManagerEx( 1079): [PhoneIntfMgrEx] hasIccCard  simId=0
E/TouchFilter(  752): :filter is disable or not support:-1
E/TouchFilter(  752): :filter is disable or not support:-1
I/FrameworkListener(  209): onDataAvailable get 51 bytes 
D/libc-netbsd(  209): default dns: query_ipv6=0, query_ipv4=1
D/libc-netbsd(  209): res_queryN name = csearchc.xuri.sogou.com, class = 1, type = 1
D/libc-netbsd(  209): iface=wlan0, dns0:172.30.96.1
D/libc-netbsd(  209): iface=wlan0, dns1:10.100.20.11
D/libc-netbsd(  209): iface=wlan0, dns2:8.8.8.8
E/TouchFilter(  752): :filter is disable or not support:-1
E/TouchFilter(  752): :filter is disable or not support:-1
I/        (  211): [BWC INFO](211): get_bwc_mm_property success
E/TouchFilter(  752): :filter is disable or not support:-1
E/TouchFilter(  752): :filter is disable or not support:-1
E/TouchFilter(  752): :filter is disable or not support:-1
E/TouchFilter(  752): :filter is disable or not support:-1
E/TouchFilter(  752): :filter is disable or not support:-1
E/TouchFilter(  752): :filter is disable or not support:-1
I/        (  211): [BWC INFO](211): get_bwc_mm_property success
E/Sensors (  752): ambientlight send event, lux 68.0
D/PowerManagerDisplayController(  752): mLightSensorListener.onSensorChanged(): enabled = true, lux = 68.0
D/PowerManagerDisplayController(  752): recieve from kernel time = 46319182, lux = 68.0
D/PowerManagerDisplayController(  752): recieve from kernel because of P-sensor mProximity = -1
E/TouchFilter(  752): :filter is disable or not support:-1
E/TouchFilter(  752): :filter is disable or not support:-1
E/TouchFilter(  752): :filter is disable or not support:-1
I/        (  211): [BWC INFO](211): get_bwc_mm_property success
E/TouchFilter(  752): :filter is disable or not support:-1
E/TouchFilter(  752): :filter is disable or not support:-1
E/TouchFilter(  752): :filter is disable or not support:-1
E/TouchFilter(  752): :filter is disable or not support:-1
E/TouchFilter(  752): :filter is disable or not support:-1
E/TouchFilter(  752): :filter is disable or not support:-1
I/        (  211): [BWC INFO](211): get_bwc_mm_property success
E/TouchFilter(  752): :filter is disable or not support:-1
E/TouchFilter(  752): :filter is disable or not support:-1
E/TouchFilter(  752): :filter is disable or not support:-1
E/TouchFilter(  752): :filter is disable or not support:-1
E/TouchFilter(  752): :filter is disable or not support:-1
E/TouchFilter(  752): :filter is disable or not support:-1
I/        (  211): [BWC INFO](211): get_bwc_mm_property success
E/TouchFilter(  752): :filter is disable or not support:-1
E/TouchFilter(  752): :filter is disable or not support:-1
E/TouchFilter(  752): :filter is disable or not support:-1
E/TouchFilter(  752): :filter is disable or not support:-1
E/TouchFilter(  752): :filter is disable or not support:-1
E/TouchFilter(  752): :filter is disable or not support:-1
I/        (  211): [BWC INFO](211): get_bwc_mm_property success
E/TouchFilter(  752): :filter is disable or not support:-1
E/TouchFilter(  752): :filter is disable or not support:-1
E/TouchFilter(  752): :filter is disable or not support:-1
I/System.out( 2533): [socket][/172.30.96.24:46938] connected
I/System.out( 2533): [CDS]rx timeout:30000
I/System.out( 2533): [CDS]SO_SND_TIMEOUT:0
I/        (  211): [BWC INFO](211): get_bwc_mm_property success
E/TouchFilter(  752): :filter is disable or not support:-1
E/TouchFilter(  752): :filter is disable or not support:-1
E/TouchFilter(  752): :filter is disable or not support:-1
E/TouchFilter(  752): :filter is disable or not support:-1
E/TouchFilter(  752): :filter is disable or not support:-1
E/TouchFilter(  752): :filter is disable or not support:-1
I/        (  211): [BWC INFO](211): get_bwc_mm_property success
E/TouchFilter(  752): :filter is disable or not support:-1
E/TouchFilter(  752): :filter is disable or not support:-1
E/TouchFilter(  752): :filter is disable or not support:-1
E/TouchFilter(  752): :filter is disable or not support:-1
E/TouchFilter(  752): :filter is disable or not support:-1
D/InputReader(  752): AP_PROF:AppLaunch_dispatchPtr:Up:46319291, ID:0, Index:1733343848
I/PerfService(  752): PerfServiceNative_boostEnableTimeout:5, 3
D/PerfServiceManager(  752): [PerfService] MESSAGE_BOOST_ENABLE_TIMEOUT 
I/View    ( 2533): Touch up dispatch to sogou.mobile.explorer.SogouWebView{44d0e760 VFED.VCL .F....ID 0,0-768,1134}, event = MotionEvent { action=ACTION_UP, id[0]=0, x[0]=67.911575, y[0]=748.3763, toolType[0]=TOOL_TYPE_FINGER, buttonState=0, metaState=0, flags=0x0, edgeFlags=0x0, pointerCount=1, historySize=0, eventTime=46319291, downTime=46319106, deviceId=3, source=0x1002 }
D/d       (12524): Load image from memory cache [http://img01test.zhunxinche.com/upload/zhunxinche/bns/sapp/2.png_480x800]
I/        (  211): [BWC INFO](211): get_bwc_mm_property success
I/        (  211): [BWC INFO](211): get_bwc_mm_property success
D/libc-netbsd(  209): res_queryN name = csearchc.xuri.sogou.com succeed
D/SocketClient(  209): SocketClient sendDatalocked done: 222
D/SocketClient(  209): SocketClient sendDatalocked done: 
D/SocketClient(  209): SocketClient sendDatalocked done: 
D/SocketClient(  209): SocketClient sendDatalocked done: 
D/SocketClient(  209): SocketClient sendDatalocked done: 
D/SocketClient(  209): SocketClient sendDatalocked done: 
D/SocketClient(  209): SocketClient sendDatalocked done: 
D/SocketClient(  209): SocketClient sendDatalocked done: 
D/SocketClient(  209): SocketClient sendDatalocked done: 
D/SocketClient(  209): SocketClient sendDatalocked done: 
D/SocketClient(  209): SocketClient sendDatalocked done: 
D/SocketClient(  209): SocketClient sendDatalocked done: 
D/SocketClient(  209): SocketClient sendDatalocked done: 
D/SocketClient(  209): SocketClient sendDatalocked done: 
D/SocketClient(  209): SocketClient sendDatalocked done: 
D/SocketClient(  209): SocketClient sendDatalocked done: 
D/SocketClient(  209): SocketClient sendDatalocked done: 
D/SocketClient(  209): SocketClient sendDatalocked done: 
D/SocketClient(  209): SocketClient sendDatalocked done: 
D/SocketClient(  209): SocketClient sendDatalocked done: 
D/SocketClient(  209): SocketClient sendDatalocked done: 
D/SocketClient(  209): SocketClient sendDatalocked done: 
D/libc-netbsd( 2533): getaddrinfo: csearchc.xuri.sogou.com get result from proxy >>
I/        (  211): [BWC INFO](211): get_bwc_mm_property success
I/        (  211): [BWC INFO](211): get_bwc_mm_property success
I/System.out( 2533): [CDS]rx timeout:100
I/System.out( 2533): [CDS]rx timeout:0
I/System.out( 2533): [CDS]close[48445]
I/System.out( 2533): close [socket][/0.0.0.0:48445]
D/ConnectivityService(  752): getActiveNetworkInfo:NetworkInfo: type: WIFI[], state: CONNECTED/CONNECTED, reason: (unspecified), extra: "00aWiFi-6F", roaming: false, failover: false, isAvailable: true, isConnectedToProvisioningNetwork: false, simId: 0/10088
I/System.out( 2533): [socket][43] connection /172.30.96.1:8888;LocalPort=41847(8000)
I/System.out( 2533): entering allowSendingEmail
I/System.out( 2533): [CDS]connect[/172.30.96.1:8888] tm:8
D/Posix   ( 2533): [Posix_connect Debug]Process sogou.mobile.explorer :8888 
I/        (  211): [BWC INFO](211): get_bwc_mm_property success
D/ConnectivityService(  752): getActiveNetworkInfo:NetworkInfo: type: WIFI[], state: CONNECTED/CONNECTED, reason: (unspecified), extra: "00aWiFi-6F", roaming: false, failover: false, isAvailable: true, isConnectedToProvisioningNetwork: false, simId: 0/10088
I/System.out( 2533): [socket][44] connection /172.30.96.1:8888;LocalPort=47047(8000)
I/System.out( 2533): entering allowSendingEmail
I/System.out( 2533): [CDS]connect[/172.30.96.1:8888] tm:8
D/Posix   ( 2533): [Posix_connect Debug]Process sogou.mobile.explorer :8888 
I/        (  211): [BWC INFO](211): get_bwc_mm_property success
I/        (  211): [BWC INFO](211): get_bwc_mm_property success
I/        (  211): [BWC INFO](211): get_bwc_mm_property success
I/        (  211): [BWC INFO](211): get_bwc_mm_property success
I/        (  211): [BWC INFO](211): get_bwc_mm_property success
D/TVM     ( 2533): GC_TIME GC_CONCURRENT freed 3820K, 39% free 13780K/22351K, objects(71000)
I/        (  211): [BWC INFO](211): get_bwc_mm_property success
I/FrameworkListener(  209): onDataAvailable get 45 bytes 
D/libc-netbsd(  209): default dns: query_ipv6=0, query_ipv4=1
D/libc-netbsd(  209): res_queryN name = safe.ie.sogou.com, class = 1, type = 1
D/libc-netbsd(  209): iface=wlan0, dns0:172.30.96.1
D/libc-netbsd(  209): iface=wlan0, dns1:10.100.20.11
D/libc-netbsd(  209): iface=wlan0, dns2:8.8.8.8
W/HttpResourceProvider( 2533): res code: 200
I/        (  211): [BWC INFO](211): get_bwc_mm_property success
I/System.out( 2533): [CDS]rx timeout:100
I/System.out( 2533): [CDS]rx timeout:30000
I/System.out( 2533): [CDS]close[40678]
I/System.out( 2533): close [socket][/0.0.0.0:40678]
D/ConnectivityService(  752): getActiveNetworkInfo:NetworkInfo: type: WIFI[], state: CONNECTED/CONNECTED, reason: (unspecified), extra: "00aWiFi-6F", roaming: false, failover: false, isAvailable: true, isConnectedToProvisioningNetwork: false, simId: 0/10088
I/System.out( 2533): [CDS]rx timeout:30000
I/System.out( 2533): [CDS]SO_SND_TIMEOUT:0
I/        (  211): [BWC INFO](211): get_bwc_mm_property success
D/AudioMTKLosslessBTBroadcast(  216): mIsLosslessBTOn:0, mIsLosslessBTPlaying:0
D/AudioMTKLosslessBTBroadcast(  216): systemServerStarted: ps -t | grep ActivityManager 
I/        (  211): [BWC INFO](211): get_bwc_mm_property success
E/Sensors (  752): ambientlight send event, lux 68.0
D/PowerManagerDisplayController(  752): mLightSensorListener.onSensorChanged(): enabled = true, lux = 68.0
D/PowerManagerDisplayController(  752): recieve from kernel time = 46319584, lux = 68.0
D/PowerManagerDisplayController(  752): recieve from kernel because of P-sensor mProximity = -1
I/        (  211): [BWC INFO](211): get_bwc_mm_property success
I/System.out( 2533): [socket][/172.30.96.24:47047] connected
I/System.out( 2533): [CDS]rx timeout:30000
I/System.out( 2533): [socket][/172.30.96.24:41847] connected
I/System.out( 2533): [CDS]rx timeout:30000
I/System.out( 2533): [CDS]SO_SND_TIMEOUT:0
I/System.out( 2533): [CDS]SO_SND_TIMEOUT:0
I/        (  211): [BWC INFO](211): get_bwc_mm_property success
E/TouchFilter(  752): :filter is disable or not support:-1
E/TouchFilter(  752): :filter is disable or not support:-1
E/TouchFilter(  752): :filter is disable or not support:-1
E/TouchFilter(  752): :filter is disable or not support:-1
E/TouchFilter(  752): :filter is disable or not support:-1
D/InputReader(  752): AP_PROF:AppLaunch_dispatchPtr:Down:46319604, ID:0, Index:1733342552
I/AP_PROF (  752): unable to open /proc/mtprof/status entry
I/PerfService(  752): PerfServiceNative_boostEnable:5
D/PerfServiceManager(  752): [PerfService] MESSAGE_BOOST_ENABLE 
I/View    ( 2533): Touch down dispatch to sogou.mobile.explorer.SogouWebView{44d0e760 VFED.VCL .F....I. 0,0-768,1134}, event = MotionEvent { action=ACTION_DOWN, id[0]=0, x[0]=235.6931, y[0]=1009.1725, toolType[0]=TOOL_TYPE_FINGER, buttonState=0, metaState=0, flags=0x0, edgeFlags=0x0, pointerCount=1, historySize=0, eventTime=46319604, downTime=46319604, deviceId=3, source=0x1002 }
E/TouchFilter(  752): :filter is disable or not support:-1
E/TouchFilter(  752): :filter is disable or not support:-1
I/        (  211): [BWC INFO](211): get_bwc_mm_property success
I/        (  211): [BWC INFO](211): get_bwc_mm_property success
E/TouchFilter(  752): :filter is disable or not support:-1
E/TouchFilter(  752): :filter is disable or not support:-1
E/TouchFilter(  752): :filter is disable or not support:-1
D/PowerManagerService(  752): userActivityFromNative
D/PowerManagerService(  752): userActivityNoUpdateLocked: eventTime=46319653, event=2, flags=0x0, uid=1000
D/PowerManagerNotifier(  752): onUserActivity: event=2, uid=1000
D/PowerManagerService(  752): updateUserActivitySummaryLocked: mWakefulness=Awake, mUserActivitySummary=0x1, nextTimeout=48112653 (in 1792999 ms)
D/PowerManagerService(  752): newScreenState = 2
D/PowerManagerService(  752): updateDisplayPowerStateLocked: mScreenBrightnessSetting screenBrightness = 214
D/PowerManagerService(  752): updateDisplayPowerStateLocked: auto mScreenBrightnessSetting = 214
D/PowerManagerService(  752): updateDisplayPowerStateLocked: mAutoModeAdjustByUser = false, mMode = 2
D/PowerManagerDisplayController(  752): Default screen return 8
D/PowerManagerService(  752): OnLuxChangedListener: mScreenDim = false, newState = 2
D/PowerManagerService(  752): OnLuxChangedListener: mScreenDim = false, newState = 2
D/PowerManagerService(  752): updateDisplayPowerStateLocked: auto screenBrightness = 214 isdim2B = false
D/PowerManagerDisplayController(  752):  mRampMode = 2
D/PowerManagerService(  752): updateDisplayPowerStateLocked: BUTTON_HOME:ON screen_brightness = 214
D/PowerManagerService(  752): updateDisplayPowerStateLocked: BUTTON_HOME:brightness by screen_brightness = 214
D/PowerManagerService(  752): FULLSCREEN: set home button brightness = 208
D/PowerManagerService(  752): updateDisplayPowerStateLocked: Brightness BUTTON_HOME:REAL buttonBrightness = 208
D/PowerManagerService(  752): updateDisplayPowerStateLocked: Brightness = 214
D/PowerManagerDisplayController(  752): Default screen return 8
D/PowerManagerService(  752): Package Lib: shouldUseProximitySensorLocked mLidMode = false
D/PowerManagerService(  752): updateDisplayPowerStateLocked: mScreenBrightnessModeSetting=1, autoBrightness=true, AALFunction=0, screenAutoBrightnessAdjustment=0.0, screenBrightness=214, mMode = 2, mButtonBrightness=0
D/PowerManagerDisplayController(  752): requestPowerState: screenState=2, useProximitySensor=false, forceProximitySensorEnable=false, forceWakeUpEnable=false, screenBrightness=1712, screenAutoBrightnessAdjustment=0.0, useAutoBrightness=true, AALFunction=0, blockScreenOn=false, buttonBrightness=208, waitForNegativeProximity=false
D/PowerManagerDisplayController(  752):  changed is false
D/PowerManagerService(  752): updateScreenStateLocked: mDisplayReady=true, newScreenState=2, mWakefulness=1, mWakeLockSummary=0x0, mUserActivitySummary=0x1, mBootCompleted=true
D/PowerManagerService(  752): handleSandman: canDream=true, mWakefulness=Awake
I/        (  211): [BWC INFO](211): get_bwc_mm_property success
E/TouchFilter(  752): :filter is disable or not support:-1
E/TouchFilter(  752): :filter is disable or not support:-1
E/TouchFilter(  752): :filter is disable or not support:-1
D/libc-netbsd(  209): res_queryN name = safe.ie.sogou.com succeed
D/SocketClient(  209): SocketClient sendDatalocked done: 222
D/SocketClient(  209): SocketClient sendDatalocked done: 
D/SocketClient(  209): SocketClient sendDatalocked done: 
D/SocketClient(  209): SocketClient sendDatalocked done: 
D/SocketClient(  209): SocketClient sendDatalocked done: 
D/SocketClient(  209): SocketClient sendDatalocked done: 
D/SocketClient(  209): SocketClient sendDatalocked done: 
D/SocketClient(  209): SocketClient sendDatalocked done: 
D/SocketClient(  209): SocketClient sendDatalocked done: 
D/SocketClient(  209): SocketClient sendDatalocked done: 
D/SocketClient(  209): SocketClient sendDatalocked done: 
D/SocketClient(  209): SocketClient sendDatalocked done: 
D/SocketClient(  209): SocketClient sendDatalocked done: 
D/SocketClient(  209): SocketClient sendDatalocked done: 
D/SocketClient(  209): SocketClient sendDatalocked done: 
