I/BufferQueue(  211): [StatusBar](this:0xb8e04cc0,id:6,api:1,p:899,c:211) queueBuffer: fps=1.94 dur=1031.62 max=1012.91 min=18.70
D/PowerManagerDisplayController(  752): debounceLightSensor: Synthesizing light sensor measurement after 451 ms.
D/PowerManagerDisplayController(  752):  mDebounceLuxTime = 46326483, debounceTime = 46326933, time = 46326934
D/PowerManagerDisplayController(  752): updateAmbientLux: Darkened: set mAmbientLux = 0.44135937
D/PowerManagerDisplayController(  752): updateAmbientLux: Darkened: mDarkeningLuxThreshold=0.26481563, mRecentShortTermAverageLux=5.5289245E-5, mRecentLongTermAverageLux=0.44135937, mAmbientLux=0.44135937
D/PowerManagerDisplayController(  752): updateAutoBrightness: cancel update because of mLsProximitySensor P-sensor positive
I/        (  211): [BWC INFO](211): get_bwc_mm_property success
I/SurfaceFlinger(  211): [Built-in Screen (type:0)] fps:0.990011,dur:1010.09,max:1010.09,min:1010.09
D/WifiStateMachine(  752): ConnectedState{ when=-3ms what=131155 arg1=23 target=com.android.internal.util.StateMachine$SmHandler target=Handler (com.android.internal.util.StateMachine$SmHandler) {44e89cf0} }
D/WifiStateMachine(  752): L2ConnectedState{ when=-3ms what=131155 arg1=23 target=com.android.internal.util.StateMachine$SmHandler target=Handler (com.android.internal.util.StateMachine$SmHandler) {44e89cf0} }
D/WifiHW  (  752): enter -->wifi_send_command cmd=IFNAME=wlan0 SIGNAL_POLL
D/wpa_supplicant( 1008): RX ctrl_iface - hexdump(len=11): 53 49 47 4e 41 4c 5f 50 4f 4c 4c
D/wpa_supplicant( 1008): wlan0: Control interface command 'SIGNAL_POLL'
D/wpa_supplicant( 1008): nl80211: survey data missing!
D/wpa_ctrl(  752): reply_len=4095
D/wifi    (  752): doStringCommand, buf IFNAME=wlan0 SIGNAL_POLL
I/WifiStateMachine(  752): fetchRssiAndLinkSpeedNative, newRssi:-38, newLinkSpeed:65, SSID:"00aWiFi-6F"
D/PowerManagerDisplayController(  752): debounceLightSensor: Synthesizing light sensor measurement after 200 ms.
D/PowerManagerDisplayController(  752): updateAmbientLux: Canceled debounce: mBrighteningLuxThreshold=0.52963126, mDarkeningLuxThreshold=0.26481563, mRecentShortTermAverageLux=1.842975E-5, mRecentLongTermAverageLux=0.3152567, mAmbientLux=0.44135937
D/PowerManagerDisplayController(  752):  mDebounceLuxTime = 46327134
D/PowerManagerDisplayController(  752): debounceLightSensor: Synthesizing light sensor measurement after 201 ms.
D/PowerManagerDisplayController(  752): updateAmbientLux: Possibly darkened, waiting for 450 ms: mDarkeningLuxThreshold=0.26481563, mRecentShortTermAverageLux=6.12284E-6, mRecentLongTermAverageLux=0.22486213, mAmbientLux=0.44135937
D/PowerManagerDisplayController(  752):  mDebounceLuxTime = 46327335, debounceTime = 46327785, time = 46327335
D/PowerManagerDisplayController(  752): updateAmbientLux: Send debounce msg when Possibly darkened
D/d       (12524): Load image from memory cache [http://img01test.zhunxinche.com/upload/zhunxinche/bns/sapp/3.png_480x800]
I/ANRManager(  752): updateProcessStats
I/ANRManager(  752): CPU update time < 2.5sec
D/AudioMTKLosslessBTBroadcast(  216): mIsLosslessBTOn:0, mIsLosslessBTPlaying:0
D/AudioMTKLosslessBTBroadcast(  216): systemServerStarted: ps -t | grep ActivityManager 
I/BufferQueue(  211): [sogou.mobile.explorer/sogou.mobile.explorer.BrowserActivity](this:0xb8db5b90,id:332,api:1,p:2533,c:211) queueBuffer: fps=0.51 dur=1967.37 max=1967.37 min=1967.37
I/        (  211): [BWC INFO](211): get_bwc_mm_property success
E/AudioMTKLosslessBTBroadcast(  216): systemServerStarted return falid
D/PowerManagerDisplayController(  752): debounceLightSensor: Synthesizing light sensor measurement after 451 ms.
D/PowerManagerDisplayController(  752):  mDebounceLuxTime = 46327335, debounceTime = 46327785, time = 46327786
D/PowerManagerDisplayController(  752): updateAmbientLux: Darkened: set mAmbientLux = 0.11822405
D/PowerManagerDisplayController(  752): updateAmbientLux: Darkened: mDarkeningLuxThreshold=0.07093443, mRecentShortTermAverageLux=1.1112234E-6, mRecentLongTermAverageLux=0.11822405, mAmbientLux=0.11822405
D/PowerManagerDisplayController(  752): updateAutoBrightness: cancel update because of mLsProximitySensor P-sensor positive
D/StatusBar.NetworkController(  899): refreshing SignalClusterView.
D/SignalClusterView(  899): mMobileVisible[0] = true mIsAirplaneMode = false
D/MzTelephonymanager(  899): isNetworkRoaming(0):false
D/SIMHelper(  899): updateSimInsertedStatus, simInserted(0) = false
D/SIMHelper(  899): isSimInserted(0), SimInserted=false
D/SignalClusterView(  899): gaorui#sim: 0
D/SignalClusterView(  899): gaorui#show sim: false
D/SignalClusterView(  899): not in airplane mode, hide airplane icon.
D/StatusBar.NetworkController(  899): refreshViews(0), tempPhoneSignalIconId = 2130838165  tempMobileActivityIconId= 0  tempDataTypeIconId= 0
D/SignalClusterView(  899): setMobileDataIndicators(0)  visible = true strengthIcon = 2130838165 activityIcon = 0 typeIcon = 0 contentDescription =  typeContentDescription = GPRS
D/SignalClusterView(  899): mMobileVisible[0] = true mIsAirplaneMode = false
D/MzTelephonymanager(  899): isNetworkRoaming(0):false
D/SIMHelper(  899): updateSimInsertedStatus, simInserted(0) = false
D/SIMHelper(  899): isSimInserted(0), SimInserted=false
D/SignalClusterView(  899): gaorui#sim: 0
D/SignalClusterView(  899): gaorui#show sim: false
D/SignalClusterView(  899): not in airplane mode, hide airplane icon.
D/SignalClusterView(  899):  setIsAirplaneMode(false, 0)
D/SignalClusterView(  899): mMobileVisible[0] = true mIsAirplaneMode = false
D/MzTelephonymanager(  899): isNetworkRoaming(0):false
D/SIMHelper(  899): updateSimInsertedStatus, simInserted(0) = false
D/SIMHelper(  899): isSimInserted(0), SimInserted=false
D/SignalClusterView(  899): gaorui#sim: 0
D/SignalClusterView(  899): gaorui#show sim: false
D/SignalClusterView(  899): not in airplane mode, hide airplane icon.
D/MzTelephonymanager(  899): isMultiCardDevicefalse
D/StatusBar.NetworkController(  899): refreshing carrier name: SIM
D/StatusBar.NetworkController(  899): refreshing carrier name: SIM
I/BufferQueue(  211): [StatusBar](this:0xb8e04cc0,id:6,api:1,p:899,c:211) queueBuffer: fps=0.99 dur=1009.52 max=1009.52 min=1009.52
I/        (  211): [BWC INFO](211): get_bwc_mm_property success
I/SurfaceFlinger(  211): [Built-in Screen (type:0)] fps:1.981864,dur:1009.15,max:683.68,min:325.47
D/PowerManagerDisplayController(  752): debounceLightSensor: Synthesizing light sensor measurement after 200 ms.
D/PowerManagerDisplayController(  752): updateAmbientLux: Canceled debounce: mBrighteningLuxThreshold=0.14186886, mDarkeningLuxThreshold=0.07093443, mRecentShortTermAverageLux=3.7040775E-7, mRecentLongTermAverageLux=0.084445745, mAmbientLux=0.11822405
D/PowerManagerDisplayController(  752):  mDebounceLuxTime = 46327986
I/ANRManager(  752): CPU update time < 2.5sec
I/ANRManager(  752): CPU update time < 2.5sec
I/ANRManager(  752): CPU update time < 2.5sec
D/PowerManagerDisplayController(  752): debounceLightSensor: Synthesizing light sensor measurement after 200 ms.
D/PowerManagerDisplayController(  752): updateAmbientLux: Possibly darkened, waiting for 450 ms: mDarkeningLuxThreshold=0.07093443, mRecentShortTermAverageLux=1.2346925E-7, mRecentLongTermAverageLux=0.060318388, mAmbientLux=0.11822405
D/PowerManagerDisplayController(  752):  mDebounceLuxTime = 46328186, debounceTime = 46328636, time = 46328186
D/PowerManagerDisplayController(  752): updateAmbientLux: Send debounce msg when Possibly darkened
D/BatteryService(  752): mBatteryVoltage=4328, batteryLevel=50
V/ActivityManager(  752): Broadcast sticky: Intent { act=android.intent.action.BATTERY_CHANGED flg=0x60000010 (has extras) } ordered=false userid=-1 callerApp=null
D/PowerManagerService(  752): updateIsPoweredLocked: wasPowered=true, mIsPowered=true, oldPlugType=2, mPlugType=2, mBatteryLevel=100
D/PowerManagerService(  752): handleSandman: canDream=true, mWakefulness=Awake
D/PowerUI (  899): buckets   .....20 .. 15 .. 4
D/PowerUI (  899): level          100 --> 100
D/PowerUI (  899): status         5 --> 5
D/PowerUI (  899): plugType       2 --> 2
D/PowerUI (  899): invalidCharger 0 --> 0
D/PowerUI (  899): bucket         1 --> 1
D/PowerUI (  899): plugged        true --> true
D/WifiService(  752): onReceive, action:android.intent.action.BATTERY_CHANGED
D/UsbDeviceManager(  752): onReceive - BATTERY_CHANGED - mPlugType: 2, mSettingUsbCharging: false, mConnected: true, mSettingUsbBicr: false
D/WifiController(  752): DeviceActiveState{ when=-1ms what=155652 arg1=2 target=com.android.internal.util.StateMachine$SmHandler target=Handler (com.android.internal.util.StateMachine$SmHandler) {44e63708} }
D/WifiController(  752): StaEnabledState{ when=-1ms what=155652 arg1=2 target=com.android.internal.util.StateMachine$SmHandler target=Handler (com.android.internal.util.StateMachine$SmHandler) {44e63708} }
D/WifiController(  752): DefaultState{ when=-1ms what=155652 arg1=2 target=com.android.internal.util.StateMachine$SmHandler target=Handler (com.android.internal.util.StateMachine$SmHandler) {44e63708} }
D/WifiController(  752): battery changed pluggedType: 2
I/CloudService( 3184): BatteryChangeReceiver.onReceive, action:android.intent.action.BATTERY_CHANGED,sHasAlertPowerLow:false
I/CloudService( 3184): BatteryChangeReceiver.onReceive, power:100%, sHasAlertPowerLow:false
I/        (  211): [BWC INFO](211): get_bwc_mm_property success
D/PowerManagerDisplayController(  752): debounceLightSensor: Synthesizing light sensor measurement after 452 ms.
D/PowerManagerDisplayController(  752):  mDebounceLuxTime = 46328186, debounceTime = 46328636, time = 46328638
D/PowerManagerDisplayController(  752): updateAmbientLux: Darkened: set mAmbientLux = 0.031679824
D/PowerManagerDisplayController(  752): updateAmbientLux: Darkened: mDarkeningLuxThreshold=0.019007895, mRecentShortTermAverageLux=2.2367615E-8, mRecentLongTermAverageLux=0.031679824, mAmbientLux=0.031679824
D/PowerManagerDisplayController(  752): updateAutoBrightness: cancel update because of mLsProximitySensor P-sensor positive
I/BufferQueue(  211): [sogou.mobile.explorer/sogou.mobile.explorer.BrowserActivity](this:0xb8db5b90,id:332,api:1,p:2533,c:211) queueBuffer: fps=0.97 dur=1026.67 max=1026.67 min=1026.67
D/AudioMTKLosslessBTBroadcast(  216): mIsLosslessBTOn:0, mIsLosslessBTPlaying:0
D/AudioMTKLosslessBTBroadcast(  216): systemServerStarted: ps -t | grep ActivityManager 
I/        (  211): [BWC INFO](211): get_bwc_mm_property success
E/AudioMTKLosslessBTBroadcast(  216): systemServerStarted return falid
D/PowerManagerDisplayController(  752): debounceLightSensor: Synthesizing light sensor measurement after 200 ms.
D/PowerManagerDisplayController(  752): updateAmbientLux: Canceled debounce: mBrighteningLuxThreshold=0.03801579, mDarkeningLuxThreshold=0.019007895, mRecentShortTermAverageLux=7.455872E-9, mRecentLongTermAverageLux=0.022628445, mAmbientLux=0.031679824
D/PowerManagerDisplayController(  752):  mDebounceLuxTime = 46328838
D/StatusBar.NetworkController(  899): refreshing SignalClusterView.
D/SignalClusterView(  899): mMobileVisible[0] = true mIsAirplaneMode = false
D/MzTelephonymanager(  899): isNetworkRoaming(0):false
D/SIMHelper(  899): updateSimInsertedStatus, simInserted(0) = false
D/SIMHelper(  899): isSimInserted(0), SimInserted=false
D/SignalClusterView(  899): gaorui#sim: 0
D/SignalClusterView(  899): gaorui#show sim: false
D/SignalClusterView(  899): not in airplane mode, hide airplane icon.
D/StatusBar.NetworkController(  899): refreshViews(0), tempPhoneSignalIconId = 2130838165  tempMobileActivityIconId= 0  tempDataTypeIconId= 0
D/SignalClusterView(  899): setMobileDataIndicators(0)  visible = true strengthIcon = 2130838165 activityIcon = 0 typeIcon = 0 contentDescription =  typeContentDescription = GPRS
D/SignalClusterView(  899): mMobileVisible[0] = true mIsAirplaneMode = false
D/MzTelephonymanager(  899): isNetworkRoaming(0):false
D/SIMHelper(  899): updateSimInsertedStatus, simInserted(0) = false
D/SIMHelper(  899): isSimInserted(0), SimInserted=false
D/SignalClusterView(  899): gaorui#sim: 0
D/SignalClusterView(  899): gaorui#show sim: false
D/SignalClusterView(  899): not in airplane mode, hide airplane icon.
D/SignalClusterView(  899):  setIsAirplaneMode(false, 0)
D/SignalClusterView(  899): mMobileVisible[0] = true mIsAirplaneMode = false
D/MzTelephonymanager(  899): isNetworkRoaming(0):false
D/SIMHelper(  899): updateSimInsertedStatus, simInserted(0) = false
D/SIMHelper(  899): isSimInserted(0), SimInserted=false
D/SignalClusterView(  899): gaorui#sim: 0
D/SignalClusterView(  899): gaorui#show sim: false
D/SignalClusterView(  899): not in airplane mode, hide airplane icon.
D/MzTelephonymanager(  899): isMultiCardDevicefalse
D/StatusBar.NetworkController(  899): refreshing carrier name: SIM
D/StatusBar.NetworkController(  899): refreshing carrier name: SIM
I/        (  211): [BWC INFO](211): get_bwc_mm_property success
D/PowerManagerDisplayController(  752): debounceLightSensor: Synthesizing light sensor measurement after 200 ms.
D/PowerManagerDisplayController(  752): updateAmbientLux: Possibly darkened, waiting for 450 ms: mDarkeningLuxThreshold=0.019007895, mRecentShortTermAverageLux=2.485291E-9, mRecentLongTermAverageLux=0.016163174, mAmbientLux=0.031679824
D/PowerManagerDisplayController(  752):  mDebounceLuxTime = 46329038, debounceTime = 46329488, time = 46329038
D/PowerManagerDisplayController(  752): updateAmbientLux: Send debounce msg when Possibly darkened
D/d       (12524): Load image from memory cache [http://img01test.zhunxinche.com/upload/zhunxinche/bns/sapp/1.png_480x800]
D/PowerManagerDisplayController(  752): debounceLightSensor: Synthesizing light sensor measurement after 450 ms.
D/PowerManagerDisplayController(  752):  mDebounceLuxTime = 46329038, debounceTime = 46329488, time = 46329488
D/PowerManagerDisplayController(  752): updateAmbientLux: Darkened: set mAmbientLux = 0.008506933
D/PowerManagerDisplayController(  752): updateAmbientLux: Darkened: mDarkeningLuxThreshold=0.00510416, mRecentShortTermAverageLux=4.518712E-10, mRecentLongTermAverageLux=0.008506933, mAmbientLux=0.008506933
D/PowerManagerDisplayController(  752): updateAutoBrightness: cancel update because of mLsProximitySensor P-sensor positive
D/PowerManagerDisplayController(  752): debounceLightSensor: Synthesizing light sensor measurement after 200 ms.
D/PowerManagerDisplayController(  752): updateAmbientLux: Canceled debounce: mBrighteningLuxThreshold=0.01020832, mDarkeningLuxThreshold=0.00510416, mRecentShortTermAverageLux=1.5062374E-10, mRecentLongTermAverageLux=0.0060763806, mAmbientLux=0.008506933
D/PowerManagerDisplayController(  752):  mDebounceLuxTime = 46329688
D/AudioMTKLosslessBTBroadcast(  216): mIsLosslessBTOn:0, mIsLosslessBTPlaying:0
D/AudioMTKLosslessBTBroadcast(  216): systemServerStarted: ps -t | grep ActivityManager 
D/PowerManagerDisplayController(  752): debounceLightSensor: Synthesizing light sensor measurement after 200 ms.
D/PowerManagerDisplayController(  752): updateAmbientLux: Possibly darkened, waiting for 450 ms: mDarkeningLuxThreshold=0.00510416, mRecentShortTermAverageLux=5.020792E-11, mRecentLongTermAverageLux=0.004340272, mAmbientLux=0.008506933
D/PowerManagerDisplayController(  752):  mDebounceLuxTime = 46329888, debounceTime = 46330338, time = 46329888
D/PowerManagerDisplayController(  752): updateAmbientLux: Send debounce msg when Possibly darkened
E/AudioMTKLosslessBTBroadcast(  216): systemServerStarted return falid
D/WifiStateMachine(  752): ConnectedState{ when=-4ms what=131155 arg1=23 target=com.android.internal.util.StateMachine$SmHandler target=Handler (com.android.internal.util.StateMachine$SmHandler) {44e89cf0} }
D/WifiStateMachine(  752): L2ConnectedState{ when=-4ms what=131155 arg1=23 target=com.android.internal.util.StateMachine$SmHandler target=Handler (com.android.internal.util.StateMachine$SmHandler) {44e89cf0} }
D/WifiHW  (  752): enter -->wifi_send_command cmd=IFNAME=wlan0 SIGNAL_POLL
D/wpa_supplicant( 1008): RX ctrl_iface - hexdump(len=11): 53 49 47 4e 41 4c 5f 50 4f 4c 4c
D/wpa_supplicant( 1008): wlan0: Control interface command 'SIGNAL_POLL'
D/wpa_supplicant( 1008): nl80211: survey data missing!
D/wpa_ctrl(  752): reply_len=4095
D/wifi    (  752): doStringCommand, buf IFNAME=wlan0 SIGNAL_POLL
I/WifiStateMachine(  752): fetchRssiAndLinkSpeedNative, newRssi:-34, newLinkSpeed:65, SSID:"00aWiFi-6F"
D/PowerManagerDisplayController(  752): debounceLightSensor: Synthesizing light sensor measurement after 450 ms.
D/PowerManagerDisplayController(  752):  mDebounceLuxTime = 46329888, debounceTime = 46330338, time = 46330338
D/PowerManagerDisplayController(  752): updateAmbientLux: Darkened: set mAmbientLux = 0.0022843536
D/PowerManagerDisplayController(  752): updateAmbientLux: Darkened: mDarkeningLuxThreshold=0.0013706122, mRecentShortTermAverageLux=9.128712E-12, mRecentLongTermAverageLux=0.0022843536, mAmbientLux=0.0022843536
D/PowerManagerDisplayController(  752): updateAutoBrightness: cancel update because of mLsProximitySensor P-sensor positive
I/ANRManager(  752): updateProcessStats
D/PowerManagerDisplayController(  752): debounceLightSensor: Synthesizing light sensor measurement after 201 ms.
D/PowerManagerDisplayController(  752): updateAmbientLux: Canceled debounce: mBrighteningLuxThreshold=0.0027412244, mDarkeningLuxThreshold=0.0013706122, mRecentShortTermAverageLux=3.0327945E-12, mRecentLongTermAverageLux=0.0016293535, mAmbientLux=0.0022843536
D/PowerManagerDisplayController(  752):  mDebounceLuxTime = 46330539
I/BufferQueue(  211): [sogou.mobile.explorer/sogou.mobile.explorer.BrowserActivity](this:0xb8db5b90,id:332,api:1,p:2533,c:211) queueBuffer: fps=0.50 dur=1987.62 max=1987.62 min=1987.62
I/        (  211): [BWC INFO](211): get_bwc_mm_property success
I/SurfaceFlinger(  211): [Built-in Screen (type:0)] fps:1.489404,dur:2685.64,max:1692.90,min:69.31
D/PowerManagerDisplayController(  752): debounceLightSensor: Synthesizing light sensor measurement after 200 ms.
D/PowerManagerDisplayController(  752): updateAmbientLux: Possibly darkened, waiting for 450 ms: mDarkeningLuxThreshold=0.0013706122, mRecentShortTermAverageLux=1.0109314E-12, mRecentLongTermAverageLux=0.001163824, mAmbientLux=0.0022843536
D/PowerManagerDisplayController(  752):  mDebounceLuxTime = 46330739, debounceTime = 46331189, time = 46330739
D/PowerManagerDisplayController(  752): updateAmbientLux: Send debounce msg when Possibly darkened
D/StatusBar.NetworkController(  899): refreshing SignalClusterView.
D/SignalClusterView(  899): mMobileVisible[0] = true mIsAirplaneMode = false
D/AudioMTKLosslessBTBroadcast(  216): mIsLosslessBTOn:0, mIsLosslessBTPlaying:0
D/AudioMTKLosslessBTBroadcast(  216): systemServerStarted: ps -t | grep ActivityManager 
D/MzTelephonymanager(  899): isNetworkRoaming(0):false
D/SIMHelper(  899): updateSimInsertedStatus, simInserted(0) = false
D/SIMHelper(  899): isSimInserted(0), SimInserted=false
D/SignalClusterView(  899): gaorui#sim: 0
D/SignalClusterView(  899): gaorui#show sim: false
D/SignalClusterView(  899): not in airplane mode, hide airplane icon.
D/StatusBar.NetworkController(  899): refreshViews(0), tempPhoneSignalIconId = 2130838165  tempMobileActivityIconId= 0  tempDataTypeIconId= 0
D/SignalClusterView(  899): setMobileDataIndicators(0)  visible = true strengthIcon = 2130838165 activityIcon = 0 typeIcon = 0 contentDescription =  typeContentDescription = GPRS
D/SignalClusterView(  899): mMobileVisible[0] = true mIsAirplaneMode = false
D/MzTelephonymanager(  899): isNetworkRoaming(0):false
D/SIMHelper(  899): updateSimInsertedStatus, simInserted(0) = false
D/SIMHelper(  899): isSimInserted(0), SimInserted=false
D/SignalClusterView(  899): gaorui#sim: 0
D/SignalClusterView(  899): gaorui#show sim: false
D/SignalClusterView(  899): not in airplane mode, hide airplane icon.
D/SignalClusterView(  899):  setIsAirplaneMode(false, 0)
D/SignalClusterView(  899): mMobileVisible[0] = true mIsAirplaneMode = false
D/MzTelephonymanager(  899): isNetworkRoaming(0):false
D/SIMHelper(  899): updateSimInsertedStatus, simInserted(0) = false
D/SIMHelper(  899): isSimInserted(0), SimInserted=false
D/SignalClusterView(  899): gaorui#sim: 0
D/SignalClusterView(  899): gaorui#show sim: false
D/SignalClusterView(  899): not in airplane mode, hide airplane icon.
D/MzTelephonymanager(  899): isMultiCardDevicefalse
D/StatusBar.NetworkController(  899): refreshing carrier name: SIM
D/StatusBar.NetworkController(  899): refreshing carrier name: SIM
I/BufferQueue(  211): [StatusBar](this:0xb8e04cc0,id:6,api:1,p:899,c:211) queueBuffer: fps=0.99 dur=3038.22 max=2038.56 min=368.24
D/ConnectivityService(  752): getActiveNetworkInfo:NetworkInfo: type: WIFI[], state: CONNECTED/CONNECTED, reason: (unspecified), extra: "00aWiFi-6F", roaming: false, failover: false, isAvailable: true, isConnectedToProvisioningNetwork: false, simId: 0/10089
I/        (  211): [BWC INFO](211): get_bwc_mm_property success
E/AudioMTKLosslessBTBroadcast(  216): systemServerStarted return falid
D/PowerManagerDisplayController(  752): debounceLightSensor: Synthesizing light sensor measurement after 450 ms.
D/PowerManagerDisplayController(  752):  mDebounceLuxTime = 46330739, debounceTime = 46331189, time = 46331189
D/PowerManagerDisplayController(  752): updateAmbientLux: Darkened: set mAmbientLux = 6.1253895E-4
D/PowerManagerDisplayController(  752): updateAmbientLux: Darkened: mDarkeningLuxThreshold=3.6752337E-4, mRecentShortTermAverageLux=1.8380572E-13, mRecentLongTermAverageLux=6.1253895E-4, mAmbientLux=6.1253895E-4
D/PowerManagerDisplayController(  752): updateAutoBrightness: cancel update because of mLsProximitySensor P-sensor positive
D/d       (12524): Load image from memory cache [http://img01test.zhunxinche.com/upload/zhunxinche/bns/sapp/2.png_480x800]
D/PowerManagerDisplayController(  752): debounceLightSensor: Synthesizing light sensor measurement after 200 ms.
D/PowerManagerDisplayController(  752): updateAmbientLux: Canceled debounce: mBrighteningLuxThreshold=7.3504675E-4, mDarkeningLuxThreshold=3.6752337E-4, mRecentShortTermAverageLux=6.1268576E-14, mRecentLongTermAverageLux=4.3752784E-4, mAmbientLux=6.1253895E-4
D/PowerManagerDisplayController(  752):  mDebounceLuxTime = 46331389
D/PowerManagerDisplayController(  752): debounceLightSensor: Synthesizing light sensor measurement after 200 ms.
D/PowerManagerDisplayController(  752): updateAmbientLux: Possibly darkened, waiting for 450 ms: mDarkeningLuxThreshold=3.6752337E-4, mRecentShortTermAverageLux=2.0422859E-14, mRecentLongTermAverageLux=3.125199E-4, mAmbientLux=6.1253895E-4
D/PowerManagerDisplayController(  752):  mDebounceLuxTime = 46331589, debounceTime = 46332039, time = 46331589
D/PowerManagerDisplayController(  752): updateAmbientLux: Send debounce msg when Possibly darkened
I/BufferQueue(  211): [sogou.mobile.explorer/sogou.mobile.explorer.BrowserActivity](this:0xb8db5b90,id:332,api:1,p:2533,c:211) queueBuffer: fps=0.97 dur=1025.94 max=1025.94 min=1025.94
I/        (  211): [BWC INFO](211): get_bwc_mm_property success
I/SurfaceFlinger(  211): [Built-in Screen (type:0)] fps:1.948823,dur:1026.26,max:667.80,min:358.46
D/StatusBar.NetworkController(  899): refreshing SignalClusterView.
D/SignalClusterView(  899): mMobileVisible[0] = true mIsAirplaneMode = false
D/MzTelephonymanager(  899): isNetworkRoaming(0):false
D/SIMHelper(  899): updateSimInsertedStatus, simInserted(0) = false
D/SIMHelper(  899): isSimInserted(0), SimInserted=false
D/SignalClusterView(  899): gaorui#sim: 0
D/SignalClusterView(  899): gaorui#show sim: false
D/SignalClusterView(  899): not in airplane mode, hide airplane icon.
D/StatusBar.NetworkController(  899): refreshViews(0), tempPhoneSignalIconId = 2130838165  tempMobileActivityIconId= 0  tempDataTypeIconId= 0
D/SignalClusterView(  899): setMobileDataIndicators(0)  visible = true strengthIcon = 2130838165 activityIcon = 0 typeIcon = 0 contentDescription =  typeContentDescription = GPRS
D/SignalClusterView(  899): mMobileVisible[0] = true mIsAirplaneMode = false
D/MzTelephonymanager(  899): isNetworkRoaming(0):false
D/SIMHelper(  899): updateSimInsertedStatus, simInserted(0) = false
D/SIMHelper(  899): isSimInserted(0), SimInserted=false
D/SignalClusterView(  899): gaorui#sim: 0
D/SignalClusterView(  899): gaorui#show sim: false
D/SignalClusterView(  899): not in airplane mode, hide airplane icon.
D/SignalClusterView(  899):  setIsAirplaneMode(false, 0)
D/SignalClusterView(  899): mMobileVisible[0] = true mIsAirplaneMode = false
D/MzTelephonymanager(  899): isNetworkRoaming(0):false
D/SIMHelper(  899): updateSimInsertedStatus, simInserted(0) = false
D/SIMHelper(  899): isSimInserted(0), SimInserted=false
D/SignalClusterView(  899): gaorui#sim: 0
D/SignalClusterView(  899): gaorui#show sim: false
D/SignalClusterView(  899): not in airplane mode, hide airplane icon.
D/MzTelephonymanager(  899): isMultiCardDevicefalse
D/StatusBar.NetworkController(  899): refreshing carrier name: SIM
D/StatusBar.NetworkController(  899): refreshing carrier name: SIM
I/        (  211): [BWC INFO](211): get_bwc_mm_property success
I/        (  211): [BWC INFO](211): get_bwc_mm_property success
D/PowerManagerDisplayController(  752): debounceLightSensor: Synthesizing light sensor measurement after 451 ms.
D/PowerManagerDisplayController(  752):  mDebounceLuxTime = 46331589, debounceTime = 46332039, time = 46332040
D/PowerManagerDisplayController(  752): updateAmbientLux: Darkened: set mAmbientLux = 1.6431119E-4
D/PowerManagerDisplayController(  752): updateAmbientLux: Darkened: mDarkeningLuxThreshold=9.8586715E-5, mRecentShortTermAverageLux=3.7065078E-15, mRecentLongTermAverageLux=1.6431119E-4, mAmbientLux=1.6431119E-4
D/PowerManagerDisplayController(  752): updateAutoBrightness: cancel update because of mLsProximitySensor P-sensor positive
D/AudioMTKLosslessBTBroadcast(  216): mIsLosslessBTOn:0, mIsLosslessBTPlaying:0
D/AudioMTKLosslessBTBroadcast(  216): systemServerStarted: ps -t | grep ActivityManager 
D/PowerManagerDisplayController(  752): debounceLightSensor: Synthesizing light sensor measurement after 201 ms.
D/PowerManagerDisplayController(  752): updateAmbientLux: Canceled debounce: mBrighteningLuxThreshold=1.9717343E-4, mDarkeningLuxThreshold=9.8586715E-5, mRecentShortTermAverageLux=1.2313979E-15, mRecentLongTermAverageLux=1.17197706E-4, mAmbientLux=1.6431119E-4
D/PowerManagerDisplayController(  752):  mDebounceLuxTime = 46332241
E/AudioMTKLosslessBTBroadcast(  216): systemServerStarted return falid
D/PowerManagerDisplayController(  752): debounceLightSensor: Synthesizing light sensor measurement after 200 ms.
D/PowerManagerDisplayController(  752): updateAmbientLux: Possibly darkened, waiting for 450 ms: mDarkeningLuxThreshold=9.8586715E-5, mRecentShortTermAverageLux=4.1046603E-16, mRecentLongTermAverageLux=8.371264E-5, mAmbientLux=1.6431119E-4
D/PowerManagerDisplayController(  752):  mDebounceLuxTime = 46332441, debounceTime = 46332891, time = 46332441
D/PowerManagerDisplayController(  752): updateAmbientLux: Send debounce msg when Possibly darkened
D/PowerManagerDisplayController(  752): debounceLightSensor: Synthesizing light sensor measurement after 451 ms.
D/PowerManagerDisplayController(  752):  mDebounceLuxTime = 46332441, debounceTime = 46332891, time = 46332892
D/PowerManagerDisplayController(  752): updateAmbientLux: Darkened: set mAmbientLux = 4.4012955E-5
D/PowerManagerDisplayController(  752): updateAmbientLux: Darkened: mDarkeningLuxThreshold=2.6407773E-5, mRecentShortTermAverageLux=7.449475E-17, mRecentLongTermAverageLux=4.4012955E-5, mAmbientLux=4.4012955E-5
D/PowerManagerDisplayController(  752): updateAutoBrightness: cancel update because of mLsProximitySensor P-sensor positive
D/WifiStateMachine(  752): ConnectedState{ when=-3ms what=131155 arg1=23 target=com.android.internal.util.StateMachine$SmHandler target=Handler (com.android.internal.util.StateMachine$SmHandler) {44e89cf0} }
D/WifiStateMachine(  752): L2ConnectedState{ when=-3ms what=131155 arg1=23 target=com.android.internal.util.StateMachine$SmHandler target=Handler (com.android.internal.util.StateMachine$SmHandler) {44e89cf0} }
D/WifiHW  (  752): enter -->wifi_send_command cmd=IFNAME=wlan0 SIGNAL_POLL
D/wpa_supplicant( 1008): RX ctrl_iface - hexdump(len=11): 53 49 47 4e 41 4c 5f 50 4f 4c 4c
D/wpa_supplicant( 1008): wlan0: Control interface command 'SIGNAL_POLL'
D/wpa_supplicant( 1008): nl80211: survey data missing!
D/wpa_ctrl(  752): reply_len=4095
D/wifi    (  752): doStringCommand, buf IFNAME=wlan0 SIGNAL_POLL
I/WifiStateMachine(  752): fetchRssiAndLinkSpeedNative, newRssi:-34, newLinkSpeed:65, SSID:"00aWiFi-6F"
D/PowerManagerDisplayController(  752): debounceLightSensor: Synthesizing light sensor measurement after 200 ms.
D/PowerManagerDisplayController(  752): updateAmbientLux: Canceled debounce: mBrighteningLuxThreshold=5.2815547E-5, mDarkeningLuxThreshold=2.6407773E-5, mRecentShortTermAverageLux=2.4831578E-17, mRecentLongTermAverageLux=3.1437827E-5, mAmbientLux=4.4012955E-5
D/PowerManagerDisplayController(  752):  mDebounceLuxTime = 46333092
D/AudioMTKLosslessBTBroadcast(  216): mIsLosslessBTOn:0, mIsLosslessBTPlaying:0
D/AudioMTKLosslessBTBroadcast(  216): systemServerStarted: ps -t | grep ActivityManager 
D/PowerManagerDisplayController(  752): debounceLightSensor: Synthesizing light sensor measurement after 200 ms.
D/PowerManagerDisplayController(  752): updateAmbientLux: Possibly darkened, waiting for 450 ms: mDarkeningLuxThreshold=2.6407773E-5, mRecentShortTermAverageLux=8.277193E-18, mRecentLongTermAverageLux=2.2455592E-5, mAmbientLux=4.4012955E-5
D/PowerManagerDisplayController(  752):  mDebounceLuxTime = 46333292, debounceTime = 46333742, time = 46333292
D/PowerManagerDisplayController(  752): updateAmbientLux: Send debounce msg when Possibly darkened
D/d       (12524): Load image from memory cache [http://img01test.zhunxinche.com/upload/zhunxinche/bns/sapp/3.png_480x800]
E/AudioMTKLosslessBTBroadcast(  216): systemServerStarted return falid
I/BufferQueue(  211): [sogou.mobile.explorer/sogou.mobile.explorer.BrowserActivity](this:0xb8db5b90,id:332,api:1,p:2533,c:211) queueBuffer: fps=0.51 dur=1978.99 max=1978.99 min=1978.99
I/        (  211): [BWC INFO](211): get_bwc_mm_property success
I/SurfaceFlinger(  211): [Built-in Screen (type:0)] fps:1.514024,dur:1981.47,max:1656.82,min:16.67
D/PowerManagerDisplayController(  752): debounceLightSensor: Synthesizing light sensor measurement after 451 ms.
D/PowerManagerDisplayController(  752):  mDebounceLuxTime = 46333292, debounceTime = 46333742, time = 46333743
D/PowerManagerDisplayController(  752): updateAmbientLux: Darkened: set mAmbientLux = 1.1806304E-5
D/PowerManagerDisplayController(  752): updateAmbientLux: Darkened: mDarkeningLuxThreshold=7.0837827E-6, mRecentShortTermAverageLux=1.5022129E-18, mRecentLongTermAverageLux=1.1806304E-5, mAmbientLux=1.1806304E-5
D/PowerManagerDisplayController(  752): updateAutoBrightness: cancel update because of mLsProximitySensor P-sensor positive
D/PowerManagerDisplayController(  752): debounceLightSensor: Synthesizing light sensor measurement after 201 ms.
D/PowerManagerDisplayController(  752): updateAmbientLux: Canceled debounce: mBrighteningLuxThreshold=1.41675655E-5, mDarkeningLuxThreshold=7.0837827E-6, mRecentShortTermAverageLux=4.9907405E-19, mRecentLongTermAverageLux=8.421044E-6, mAmbientLux=1.1806304E-5
D/PowerManagerDisplayController(  752):  mDebounceLuxTime = 46333944
D/StatusBar.NetworkController(  899): refreshing SignalClusterView.
D/SignalClusterView(  899): mMobileVisible[0] = true mIsAirplaneMode = false
D/MzTelephonymanager(  899): isNetworkRoaming(0):false
D/SIMHelper(  899): updateSimInsertedStatus, simInserted(0) = false
D/SIMHelper(  899): isSimInserted(0), SimInserted=false
D/SignalClusterView(  899): gaorui#sim: 0
D/SignalClusterView(  899): gaorui#show sim: false
D/SignalClusterView(  899): not in airplane mode, hide airplane icon.
D/StatusBar.NetworkController(  899): refreshViews(0), tempPhoneSignalIconId = 2130838165  tempMobileActivityIconId= 0  tempDataTypeIconId= 0
D/SignalClusterView(  899): setMobileDataIndicators(0)  visible = true strengthIcon = 2130838165 activityIcon = 0 typeIcon = 0 contentDescription =  typeContentDescription = GPRS
D/SignalClusterView(  899): mMobileVisible[0] = true mIsAirplaneMode = false
D/MzTelephonymanager(  899): isNetworkRoaming(0):false
D/SIMHelper(  899): updateSimInsertedStatus, simInserted(0) = false
D/SIMHelper(  899): isSimInserted(0), SimInserted=false
D/SignalClusterView(  899): gaorui#sim: 0
D/SignalClusterView(  899): gaorui#show sim: false
D/SignalClusterView(  899): not in airplane mode, hide airplane icon.
D/SignalClusterView(  899):  setIsAirplaneMode(false, 0)
D/SignalClusterView(  899): mMobileVisible[0] = true mIsAirplaneMode = false
D/MzTelephonymanager(  899): isNetworkRoaming(0):false
D/SIMHelper(  899): updateSimInsertedStatus, simInserted(0) = false
D/SIMHelper(  899): isSimInserted(0), SimInserted=false
D/SignalClusterView(  899): gaorui#sim: 0
D/SignalClusterView(  899): gaorui#show sim: false
D/SignalClusterView(  899): not in airplane mode, hide airplane icon.
D/MzTelephonymanager(  899): isMultiCardDevicefalse
D/StatusBar.NetworkController(  899): refreshing carrier name: SIM
D/StatusBar.NetworkController(  899): refreshing carrier name: SIM
I/BufferQueue(  211): [StatusBar](this:0xb8e04cc0,id:6,api:1,p:899,c:211) queueBuffer: fps=1.00 dur=3014.06 max=2015.00 min=15.06
I/        (  211): [BWC INFO](211): get_bwc_mm_property success
D/PowerManagerDisplayController(  752): debounceLightSensor: Synthesizing light sensor measurement after 201 ms.
D/PowerManagerDisplayController(  752): updateAmbientLux: Possibly darkened, waiting for 450 ms: mDarkeningLuxThreshold=7.0837827E-6, mRecentShortTermAverageLux=1.6580533E-19, mRecentLongTermAverageLux=6.006451E-6, mAmbientLux=1.1806304E-5
D/PowerManagerDisplayController(  752):  mDebounceLuxTime = 46334145, debounceTime = 46334595, time = 46334145
D/PowerManagerDisplayController(  752): updateAmbientLux: Send debounce msg when Possibly darkened
D/AudioMTKLosslessBTBroadcast(  216): mIsLosslessBTOn:0, mIsLosslessBTPlaying:0
D/AudioMTKLosslessBTBroadcast(  216): systemServerStarted: ps -t | grep ActivityManager 
V/ActivityManager(  752): Broadcast sticky: Intent { act=android.intent.action.SIG_STR flg=0x20000010 (has extras) } ordered=false userid=-1 callerApp=ProcessRecord{44e79060 752:system/1000}
D/StatusBar.NetworkController(  899):  updateTelephonySignalStrength(0) 
D/StatusBar.NetworkController(  899): mSignalStrength[0] = SignalStrength:SIM1 29 99 -120 -160 -120 0 -1 99 2147483647 2147483647 2147483647 2147483647 gsm|lte -217 1 1
D/StatusBar.NetworkController(  899): mServiceState[0] = SIM1 1 1 home null null null  Unknown Unknown CSS not supported -1 -1 RoamInd=-1 DefRoamInd=-1 EmergOnly=true Ril Voice Regist state: 0 Ril Data Regist state: 4 mProprietaryDataRadioTechnology: 0 mCdmaNetWorkMode: 0
D/StatusBar.NetworkController(  899): mSimState[0] = ABSENT
D/StatusBar.NetworkController(  899): setting mDataSignalIconId[0] = 2130838165
D/StatusBar.NetworkController(  899): setting mPhoneSignalIconId[0] = 2130838165
D/MzTelephonymanager(  899): isMultiCardDevicefalse
D/StatusBar.NetworkController(  899): refreshing carrier name: SIM
D/StatusBar.NetworkController(  899): refreshing carrier name: SIM
D/cell strength( 1029): ===== cell singal strength changed : 29
E/AudioMTKLosslessBTBroadcast(  216): systemServerStarted return falid
D/PowerManagerDisplayController(  752): debounceLightSensor: Synthesizing light sensor measurement after 451 ms.
D/PowerManagerDisplayController(  752):  mDebounceLuxTime = 46334145, debounceTime = 46334595, time = 46334596
D/PowerManagerDisplayController(  752): updateAmbientLux: Darkened: set mAmbientLux = 3.1579657E-6
D/PowerManagerDisplayController(  752): updateAmbientLux: Darkened: mDarkeningLuxThreshold=1.8947795E-6, mRecentShortTermAverageLux=3.0091706E-20, mRecentLongTermAverageLux=3.1579657E-6, mAmbientLux=3.1579657E-6
D/PowerManagerDisplayController(  752): updateAutoBrightness: cancel update because of mLsProximitySensor P-sensor positive
I/BufferQueue(  211): [sogou.mobile.explorer/sogou.mobile.explorer.BrowserActivity](this:0xb8db5b90,id:332,api:1,p:2533,c:211) queueBuffer: fps=0.97 dur=1027.66 max=1027.66 min=1027.66
I/        (  211): [BWC INFO](211): get_bwc_mm_property success
I/SurfaceFlinger(  211): [Built-in Screen (type:0)] fps:1.952024,dur:1024.58,max:665.16,min:359.42
D/PowerManagerDisplayController(  752): debounceLightSensor: Synthesizing light sensor measurement after 200 ms.
D/PowerManagerDisplayController(  752): updateAmbientLux: Canceled debounce: mBrighteningLuxThreshold=3.789559E-6, mDarkeningLuxThreshold=1.8947795E-6, mRecentShortTermAverageLux=1.003057E-20, mRecentLongTermAverageLux=2.2556897E-6, mAmbientLux=3.1579657E-6
D/PowerManagerDisplayController(  752):  mDebounceLuxTime = 46334796
D/StatusBar.NetworkController(  899): refreshing SignalClusterView.
D/SignalClusterView(  899): mMobileVisible[0] = true mIsAirplaneMode = false
D/MzTelephonymanager(  899): isNetworkRoaming(0):false
D/SIMHelper(  899): updateSimInsertedStatus, simInserted(0) = false
D/SIMHelper(  899): isSimInserted(0), SimInserted=false
D/SignalClusterView(  899): gaorui#sim: 0
D/SignalClusterView(  899): gaorui#show sim: false
D/SignalClusterView(  899): not in airplane mode, hide airplane icon.
D/StatusBar.NetworkController(  899): refreshViews(0), tempPhoneSignalIconId = 2130838165  tempMobileActivityIconId= 0  tempDataTypeIconId= 0
D/SignalClusterView(  899): setMobileDataIndicators(0)  visible = true strengthIcon = 2130838165 activityIcon = 0 typeIcon = 0 contentDescription =  typeContentDescription = GPRS
D/SignalClusterView(  899): mMobileVisible[0] = true mIsAirplaneMode = false
D/MzTelephonymanager(  899): isNetworkRoaming(0):false
D/SIMHelper(  899): updateSimInsertedStatus, simInserted(0) = false
D/SIMHelper(  899): isSimInserted(0), SimInserted=false
D/SignalClusterView(  899): gaorui#sim: 0
D/SignalClusterView(  899): gaorui#show sim: false
D/SignalClusterView(  899): not in airplane mode, hide airplane icon.
D/SignalClusterView(  899):  setIsAirplaneMode(false, 0)
D/SignalClusterView(  899): mMobileVisible[0] = true mIsAirplaneMode = false
D/MzTelephonymanager(  899): isNetworkRoaming(0):false
D/SIMHelper(  899): updateSimInsertedStatus, simInserted(0) = false
D/SIMHelper(  899): isSimInserted(0), SimInserted=false
D/SignalClusterView(  899): gaorui#sim: 0
D/SignalClusterView(  899): gaorui#show sim: false
D/SignalClusterView(  899): not in airplane mode, hide airplane icon.
D/MzTelephonymanager(  899): isMultiCardDevicefalse
D/StatusBar.NetworkController(  899): refreshing carrier name: SIM
D/StatusBar.NetworkController(  899): refreshing carrier name: SIM
I/        (  211): [BWC INFO](211): get_bwc_mm_property success
D/PowerManagerDisplayController(  752): debounceLightSensor: Synthesizing light sensor measurement after 201 ms.
D/PowerManagerDisplayController(  752): updateAmbientLux: Possibly darkened, waiting for 450 ms: mDarkeningLuxThreshold=1.8947795E-6, mRecentShortTermAverageLux=3.332415E-21, mRecentLongTermAverageLux=1.6089084E-6, mAmbientLux=3.1579657E-6
D/PowerManagerDisplayController(  752):  mDebounceLuxTime = 46334997, debounceTime = 46335447, time = 46334997
D/PowerManagerDisplayController(  752): updateAmbientLux: Send debounce msg when Possibly darkened
D/d       (12524): Load image from memory cache [http://img01test.zhunxinche.com/upload/zhunxinche/bns/sapp/1.png_480x800]
D/PowerManagerDisplayController(  752): debounceLightSensor: Synthesizing light sensor measurement after 450 ms.
D/PowerManagerDisplayController(  752):  mDebounceLuxTime = 46334997, debounceTime = 46335447, time = 46335447
D/PowerManagerDisplayController(  752): updateAmbientLux: Darkened: set mAmbientLux = 8.467939E-7
D/PowerManagerDisplayController(  752): updateAmbientLux: Darkened: mDarkeningLuxThreshold=5.0807637E-7, mRecentShortTermAverageLux=6.0589364E-22, mRecentLongTermAverageLux=8.467939E-7, mAmbientLux=8.467939E-7
D/PowerManagerDisplayController(  752): updateAutoBrightness: cancel update because of mLsProximitySensor P-sensor positive
D/AudioMTKLosslessBTBroadcast(  216): mIsLosslessBTOn:0, mIsLosslessBTPlaying:0
D/AudioMTKLosslessBTBroadcast(  216): systemServerStarted: ps -t | grep ActivityManager 
D/PowerManagerDisplayController(  752): debounceLightSensor: Synthesizing light sensor measurement after 201 ms.
D/PowerManagerDisplayController(  752): updateAmbientLux: Canceled debounce: mBrighteningLuxThreshold=1.0161527E-6, mDarkeningLuxThreshold=5.0807637E-7, mRecentShortTermAverageLux=2.0129355E-22, mRecentLongTermAverageLux=6.0399E-7, mAmbientLux=8.467939E-7
D/PowerManagerDisplayController(  752):  mDebounceLuxTime = 46335648
E/AudioMTKLosslessBTBroadcast(  216): systemServerStarted return falid
D/PowerManagerDisplayController(  752): debounceLightSensor: Synthesizing light sensor measurement after 200 ms.
D/PowerManagerDisplayController(  752): updateAmbientLux: Possibly darkened, waiting for 450 ms: mDarkeningLuxThreshold=5.0807637E-7, mRecentShortTermAverageLux=6.7097845E-23, mRecentLongTermAverageLux=4.3142143E-7, mAmbientLux=8.467939E-7
D/PowerManagerDisplayController(  752):  mDebounceLuxTime = 46335848, debounceTime = 46336298, time = 46335848
D/PowerManagerDisplayController(  752): updateAmbientLux: Send debounce msg when Possibly darkened
D/WifiStateMachine(  752): ConnectedState{ when=-3ms what=131155 arg1=23 target=com.android.internal.util.StateMachine$SmHandler target=Handler (com.android.internal.util.StateMachine$SmHandler) {44e89cf0} }
D/WifiStateMachine(  752): L2ConnectedState{ when=-4ms what=131155 arg1=23 target=com.android.internal.util.StateMachine$SmHandler target=Handler (com.android.internal.util.StateMachine$SmHandler) {44e89cf0} }
D/WifiHW  (  752): enter -->wifi_send_command cmd=IFNAME=wlan0 SIGNAL_POLL
D/wpa_supplicant( 1008): RX ctrl_iface - hexdump(len=11): 53 49 47 4e 41 4c 5f 50 4f 4c 4c
D/wpa_supplicant( 1008): wlan0: Control interface command 'SIGNAL_POLL'
D/wpa_supplicant( 1008): nl80211: survey data missing!
D/wpa_ctrl(  752): reply_len=4095
D/wifi    (  752): doStringCommand, buf IFNAME=wlan0 SIGNAL_POLL
I/WifiStateMachine(  752): fetchRssiAndLinkSpeedNative, newRssi:-34, newLinkSpeed:65, SSID:"00aWiFi-6F"
D/PowerManagerDisplayController(  752): debounceLightSensor: Synthesizing light sensor measurement after 451 ms.
D/PowerManagerDisplayController(  752):  mDebounceLuxTime = 46335848, debounceTime = 46336298, time = 46336299
D/PowerManagerDisplayController(  752): updateAmbientLux: Darkened: set mAmbientLux = 2.2682514E-7
D/PowerManagerDisplayController(  752): updateAmbientLux: Darkened: mDarkeningLuxThreshold=1.3609508E-7, mRecentShortTermAverageLux=1.2177463E-23, mRecentLongTermAverageLux=2.2682514E-7, mAmbientLux=2.2682514E-7
D/PowerManagerDisplayController(  752): updateAutoBrightness: cancel update because of mLsProximitySensor P-sensor positive
D/PowerManagerDisplayController(  752): debounceLightSensor: Synthesizing light sensor measurement after 201 ms.
D/PowerManagerDisplayController(  752): updateAmbientLux: Canceled debounce: mBrighteningLuxThreshold=2.7219016E-7, mDarkeningLuxThreshold=1.3609508E-7, mRecentShortTermAverageLux=4.0456684E-24, mRecentLongTermAverageLux=1.6178683E-7, mAmbientLux=2.2682514E-7
D/PowerManagerDisplayController(  752):  mDebounceLuxTime = 46336500
I/ANRManager(  752): updateProcessStats
I/BufferQueue(  211): [sogou.mobile.explorer/sogou.mobile.explorer.BrowserActivity](this:0xb8db5b90,id:332,api:1,p:2533,c:211) queueBuffer: fps=0.51 dur=1962.31 max=1962.31 min=1962.31
I/        (  211): [BWC INFO](211): get_bwc_mm_property success
I/SurfaceFlinger(  211): [Built-in Screen (type:0)] fps:1.018205,dur:1964.24,max:1638.98,min:325.26
D/PowerManagerDisplayController(  752): debounceLightSensor: Synthesizing light sensor measurement after 201 ms.
D/PowerManagerDisplayController(  752): updateAmbientLux: Possibly darkened, waiting for 450 ms: mDarkeningLuxThreshold=1.3609508E-7, mRecentShortTermAverageLux=1.344076E-24, mRecentLongTermAverageLux=1.1539717E-7, mAmbientLux=2.2682514E-7
D/PowerManagerDisplayController(  752):  mDebounceLuxTime = 46336701, debounceTime = 46337151, time = 46336701
D/PowerManagerDisplayController(  752): updateAmbientLux: Send debounce msg when Possibly darkened
D/AudioMTKLosslessBTBroadcast(  216): mIsLosslessBTOn:0, mIsLosslessBTPlaying:0
D/AudioMTKLosslessBTBroadcast(  216): systemServerStarted: ps -t | grep ActivityManager 
E/AudioMTKLosslessBTBroadcast(  216): systemServerStarted return falid
D/PowerManagerDisplayController(  752): debounceLightSensor: Synthesizing light sensor measurement after 451 ms.
D/PowerManagerDisplayController(  752):  mDebounceLuxTime = 46336701, debounceTime = 46337151, time = 46337152
D/PowerManagerDisplayController(  752): updateAmbientLux: Darkened: set mAmbientLux = 6.067149E-8
D/PowerManagerDisplayController(  752): updateAmbientLux: Darkened: mDarkeningLuxThreshold=3.6402895E-8, mRecentShortTermAverageLux=2.4393394E-25, mRecentLongTermAverageLux=6.067149E-8, mAmbientLux=6.067149E-8
D/PowerManagerDisplayController(  752): updateAutoBrightness: cancel update because of mLsProximitySensor P-sensor positive
D/TVM     (28297): thread detach: non daemon thread 5763 num = 36
D/PowerManagerDisplayController(  752): debounceLightSensor: Synthesizing light sensor measurement after 200 ms.
D/PowerManagerDisplayController(  752): updateAmbientLux: Canceled debounce: mBrighteningLuxThreshold=7.280579E-8, mDarkeningLuxThreshold=3.6402895E-8, mRecentShortTermAverageLux=8.131131E-26, mRecentLongTermAverageLux=4.3336776E-8, mAmbientLux=6.067149E-8
D/PowerManagerDisplayController(  752):  mDebounceLuxTime = 46337352
D/d       (12524): Load image from memory cache [http://img01test.zhunxinche.com/upload/zhunxinche/bns/sapp/2.png_480x800]
D/PowerManagerDisplayController(  752): debounceLightSensor: Synthesizing light sensor measurement after 200 ms.
D/PowerManagerDisplayController(  752): updateAmbientLux: Possibly darkened, waiting for 450 ms: mDarkeningLuxThreshold=3.6402895E-8, mRecentShortTermAverageLux=2.710377E-26, mRecentLongTermAverageLux=3.095484E-8, mAmbientLux=6.067149E-8
D/PowerManagerDisplayController(  752):  mDebounceLuxTime = 46337552, debounceTime = 46338002, time = 46337552
D/PowerManagerDisplayController(  752): updateAmbientLux: Send debounce msg when Possibly darkened
I/BufferQueue(  211): [sogou.mobile.explorer/sogou.mobile.explorer.BrowserActivity](this:0xb8db5b90,id:332,api:1,p:2533,c:211) queueBuffer: fps=0.97 dur=1026.03 max=1026.03 min=1026.03
I/        (  211): [BWC INFO](211): get_bwc_mm_property success
I/SurfaceFlinger(  211): [Built-in Screen (type:0)] fps:0.975580,dur:1025.03,max:1025.03,min:1025.03
W/HttpResourceProvider( 2533): res code: 200
D/AudioMTKLosslessBTBroadcast(  216): mIsLosslessBTOn:0, mIsLosslessBTPlaying:0
D/AudioMTKLosslessBTBroadcast(  216): systemServerStarted: ps -t | grep ActivityManager 
D/StatusBar.NetworkController(  899): refreshing SignalClusterView.
D/SignalClusterView(  899): mMobileVisible[0] = true mIsAirplaneMode = false
D/MzTelephonymanager(  899): isNetworkRoaming(0):false
D/SIMHelper(  899): updateSimInsertedStatus, simInserted(0) = false
D/SIMHelper(  899): isSimInserted(0), SimInserted=false
D/SignalClusterView(  899): gaorui#sim: 0
D/SignalClusterView(  899): gaorui#show sim: false
D/SignalClusterView(  899): not in airplane mode, hide airplane icon.
D/StatusBar.NetworkController(  899): refreshViews(0), tempPhoneSignalIconId = 2130838165  tempMobileActivityIconId= 0  tempDataTypeIconId= 0
D/SignalClusterView(  899): setMobileDataIndicators(0)  visible = true strengthIcon = 2130838165 activityIcon = 0 typeIcon = 0 contentDescription =  typeContentDescription = GPRS
D/SignalClusterView(  899): mMobileVisible[0] = true mIsAirplaneMode = false
D/MzTelephonymanager(  899): isNetworkRoaming(0):false
D/SIMHelper(  899): updateSimInsertedStatus, simInserted(0) = false
D/SIMHelper(  899): isSimInserted(0), SimInserted=false
D/SignalClusterView(  899): gaorui#sim: 0
D/SignalClusterView(  899): gaorui#show sim: false
D/SignalClusterView(  899): not in airplane mode, hide airplane icon.
D/SignalClusterView(  899):  setIsAirplaneMode(false, 0)
D/SignalClusterView(  899): mMobileVisible[0] = true mIsAirplaneMode = false
D/MzTelephonymanager(  899): isNetworkRoaming(0):false
D/SIMHelper(  899): updateSimInsertedStatus, simInserted(0) = false
D/SIMHelper(  899): isSimInserted(0), SimInserted=false
D/SignalClusterView(  899): gaorui#sim: 0
D/SignalClusterView(  899): gaorui#show sim: false
D/SignalClusterView(  899): not in airplane mode, hide airplane icon.
D/MzTelephonymanager(  899): isMultiCardDevicefalse
D/StatusBar.NetworkController(  899): refreshing carrier name: SIM
D/StatusBar.NetworkController(  899): refreshing carrier name: SIM
D/PowerManagerDisplayController(  752): debounceLightSensor: Synthesizing light sensor measurement after 451 ms.
D/PowerManagerDisplayController(  752):  mDebounceLuxTime = 46337552, debounceTime = 46338002, time = 46338003
D/PowerManagerDisplayController(  752): updateAmbientLux: Darkened: set mAmbientLux = 1.6274889E-8
