10-31 12:20:06.680   148   466 I RILR    : BlockAndFlushChannel() - ***** Activating flow control on channel=[6] *****
10-31 12:20:06.680   148   466 I RILR    : FlushAndUnblockChannel() - ***** Flushing TTY on channel=[6] *****
10-31 12:20:06.680   148   466 I RILR    : FlushAndUnblockChannel() - ***** Flushing response buffer on channel=[6] *****
10-31 12:20:06.680   148   466 I RILR    : FlushAndUnblockChannel() - ***** Deactivating flow control on channel=[6] *****
10-31 12:20:06.680   148   466 I RILR    : CTE_XMM6260::SetupInterface() - szNetworkInterfaceName=[rmnet0], CID=[1]
10-31 12:20:06.680   148   466 I RILR    : CTE_XMM6260::SetupInterface() - ***** PUTTING channel=[6] in DATA MODE *****
10-31 12:20:06.700   148   466 I RILR    : CTEBase::DataConfigUp() ENTER
10-31 12:20:06.700   148   466 I RILR    : CTEBase::DataConfigUp() - IPV4 - Calling DataConfigUpIpV4()
10-31 12:20:06.700   148   466 I RILR    : CTEBase::DataConfigUpIpV4() ENTER  pszNetworkInterfaceName=[rmnet0]  szIpAddr=[10.29.173.197]
10-31 12:20:06.700   148   466 I RILR    : CTEBase::DataConfigUpIpV4() : Setting flags
10-31 12:20:06.700   148   466 I RILR    : setflags - calling SIOCGIFFLAGS
10-31 12:20:06.700   523   523 D wpa_supplicant: EAPOL: External notification - portValid=1
10-31 12:20:06.700   523   523 D wpa_supplicant: wlan0: State: 4WAY_HANDSHAKE -> GROUP_HANDSHAKE
10-31 12:20:06.700   523   523 D wpa_supplicant: CTRL_IFACE monitor send - hexdump(len=39): 2f 64 61 74 61 2f 6d 69 73 63 2f 77 69 66 69 2f 73 6f 63 6b 65 74 73 2f 77 70 61 5f 63 74 72 6c ...
10-31 12:20:06.700   523   523 D wpa_supplicant: RSN: received GTK in pairwise handshake - hexdump(len=34): [REMOVED]
10-31 12:20:06.700   523   523 D wpa_supplicant: WPA: Group Key - hexdump(len=32): [REMOVED]
10-31 12:20:06.700   523   523 D wpa_supplicant: wlan0: WPA: Installing GTK to the driver (keyidx=2 tx=0 len=32)
10-31 12:20:06.700   523   523 D wpa_supplicant: WPA: RSC - hexdump(len=6): 54 0b 00 00 00 00
10-31 12:20:06.700   523   523 D wpa_supplicant: wpa_driver_nl80211_set_key: ifindex=5 alg=2 addr=0x80102366 key_idx=2 set_tx=0 seq_len=6 key_len=32
10-31 12:20:06.700   523   523 D wpa_supplicant:    broadcast key
10-31 12:20:06.700   416   524 I WifiHW  : EVENT: CTRL-EVENT-STATE-CHANGE id=1 state=8 BSSID=20:b3:99:1d:66:2b SSID=BORQS Wifi
10-31 12:20:06.700   523   523 I wpa_supplicant: wlan0: WPA: Key negotiation completed with 20:b3:99:1d:66:2b [PTK=CCMP GTK=TKIP]
10-31 12:20:06.700   523   523 D wpa_supplicant: CTRL_IFACE monitor send - hexdump(len=39): 2f 64 61 74 61 2f 6d 69 73 63 2f 77 69 66 69 2f 73 6f 63 6b 65 74 73 2f 77 70 61 5f 63 74 72 6c ...
10-31 12:20:06.700   523   523 D wpa_supplicant: wlan0: Cancelling authentication timeout
10-31 12:20:06.700   523   523 D wpa_supplicant: wlan0: State: GROUP_HANDSHAKE -> COMPLETED
10-31 12:20:06.700   523   523 I wpa_supplicant: wlan0: CTRL-EVENT-CONNECTED - Connection to 20:b3:99:1d:66:2b completed (auth) [id=1 id_str=]
10-31 12:20:06.700   523   523 D wpa_supplicant: CTRL_IFACE monitor send - hexdump(len=39): 2f 64 61 74 61 2f 6d 69 73 63 2f 77 69 66 69 2f 73 6f 63 6b 65 74 73 2f 77 70 61 5f 63 74 72 6c ...
10-31 12:20:06.700   523   523 D wpa_supplicant: wpa_driver_nl80211_set_operstate: operstate 0->1 (UP)
10-31 12:20:06.700   523   523 D wpa_supplicant: netlink: Operstate: linkmode=-1, operstate=6
10-31 12:20:06.700   523   523 D wpa_supplicant: CTRL_IFACE monitor send - hexdump(len=39): 2f 64 61 74 61 2f 6d 69 73 63 2f 77 69 66 69 2f 73 6f 63 6b 65 74 73 2f 77 70 61 5f 63 74 72 6c ...
10-31 12:20:06.700   523   523 D wpa_supplicant: EAPOL: External notification - portValid=1
10-31 12:20:06.700   148   466 I RILR    : setflags - calling SIOCGIFFLAGS 2
10-31 12:20:06.700   148   466 I RILR    : CTEBase::DataConfigUpIpV4() : Setting addr
10-31 12:20:06.700   148   466 I RILR    : setaddr - calling SIOCSIFADDR
10-31 12:20:06.700   148   466 I RILR    : CTEBase::DataConfigUpIpV4() : Setting mtu
10-31 12:20:06.700   148   466 I RILR    : setmtu - calling SIOCSIFMTU
10-31 12:20:06.700   148   466 I RILR    : CTEBase::DataConfigUpIpV4() : set default gateway to fake value
10-31 12:20:06.700   148   466 I RILR    : CTEBase::DataConfigUpIpV4() EXIT  bRet=[1]
10-31 12:20:06.700   148   466 I RILR    : CTEBase::DataConfigUp() EXIT=1
10-31 12:20:06.700   148   466 I RILR    : status=0 suggRetryTime=-1 cid=1 active=2 type="IPV4" ifname="rmnet0" addresses="10.29.173.197 " dnses="202.106.195.68  202.106.46.151 " gateways="10.29.173.1"
10-31 12:20:06.700   148   466 I RILR    : After OnRequestComplete(): token=0x40715a20, eErrNo=0, pResponse=[0x413b10ec], len=[36]
10-31 12:20:06.710   523   523 D wpa_supplicant: EAPOL: External notification - EAP success=1
10-31 12:20:06.710   523   523 D wpa_supplicant: EAPOL: SUPP_PAE entering state AUTHENTICATING
10-31 12:20:06.710   416   512 I wifi_supplicant_state_changed: 8
10-31 12:20:06.710   416   512 I wifi_state_changed: L2ConnectedState
10-31 12:20:06.710   416   512 I wifi_state_changed: ObtainingIpState
10-31 12:20:06.710   416   514 I connectivity_state_changed: [1,0,4]
10-31 12:20:06.710   416   514 I connectivity_state_changed: [1,0,4]
10-31 12:20:06.710   523   523 D wpa_supplicant: EAPOL: SUPP_BE entering state SUCCESS
10-31 12:20:06.710   523   523 D wpa_supplicant: EAP: EAP entering state DISABLED
10-31 12:20:06.710   523   523 D wpa_supplicant: EAPOL: SUPP_PAE entering state AUTHENTICATED
10-31 12:20:06.710   523   523 D wpa_supplicant: EAPOL: Supplicant port status: Authorized
10-31 12:20:06.710   523   523 D wpa_supplicant: EAPOL: SUPP_BE entering state IDLE
10-31 12:20:06.710   523   523 D wpa_supplicant: EAPOL authentication completed successfully
10-31 12:20:06.710   523   523 D wpa_supplicant: nl80211: Ignore event for foreign ifindex 6
10-31 12:20:06.710   523   523 D wpa_supplicant: nl80211: Ignore event for foreign ifindex 6
10-31 12:20:06.710   523   523 D wpa_supplicant: nl80211: Ignore event for foreign ifindex 6
10-31 12:20:06.710   416   524 I WifiHW  : EVENT: WPA: Key negotiation completed with 20:b3:99:1d:66:2b [PTK=CCMP GTK=TKIP]
10-31 12:20:06.710   523   523 D wpa_supplicant: RTM_NEWLINK: operstate=1 ifi_flags=0x11043 ([UP][RUNNING][LOWER_UP])
10-31 12:20:06.710   523   523 D wpa_supplicant: RTM_NEWLINK, IFLA_IFNAME: Interface 'wlan0' added
10-31 12:20:06.710   523   523 D wpa_supplicant: nl80211: if_removed already cleared - ignore event
10-31 12:20:06.710   416   524 I WifiHW  : EVENT: CTRL-EVENT-CONNECTED - Connection to 20:b3:99:1d:66:2b completed (auth) [id=1 id_str=]
10-31 12:20:06.710   416   524 I WifiHW  : EVENT: CTRL-EVENT-STATE-CHANGE id=1 state=9 BSSID=20:b3:99:1d:66:2b SSID=BORQS Wifi
10-31 12:20:06.710   649   825 D RILJ    : [0094]< SETUP_DATA_CALL DataCallState: {version=7 status=0 retry=-1 cid=1 active=2 type=IPV4' ifname='rmnet0' addresses=[10.29.173.197] dnses=[202.106.195.68,,202.106.46.151] gateways=[10.29.173.1]}
10-31 12:20:06.710   649  2516 D GSM     : [GsmDC-1] DcActivatingState msg.what=EVENT_SETUP_DATA_CONNECTION_DONE
10-31 12:20:06.710   649  2516 D GSM     : [GsmDC-1] onSetupConnectionCompleted received DataCallState: DataCallState: {version=7 status=0 retry=-1 cid=1 active=2 type=IPV4' ifname='rmnet0' addresses=[10.29.173.197] dnses=[202.106.195.68,,202.106.46.151] gateways=[10.29.173.1]}
10-31 12:20:06.710   649  2516 D GSM     : addr/pl=10.29.173.197/32
10-31 12:20:06.710   649  2516 D GSM     : [GsmDC-1] updateLinkProperty old LP=LinkAddresses: [] Routes: [] DnsAddresses: [] 
10-31 12:20:06.710   649  2516 D GSM     : [GsmDC-1] updateLinkProperty new LP=InterfaceName: rmnet0 LinkAddresses: [10.29.173.197/32,] Routes: [0.0.0.0/0 -> 10.29.173.1,] DnsAddresses: [202.106.195.68,202.106.46.151,] 
10-31 12:20:06.710   649  2516 D GSM     : [GsmDC-1] DcActivatingState onSetupConnectionCompleted result=SUCCESS  SetupResult.mFailCause=NONE
10-31 12:20:06.710   649  2516 D GSM     : [GsmDC-1] notifyConnectionCompleted at 1383193206722 cause=NONE
10-31 12:20:06.710   649  2516 D GSM     : [GsmDC-1] DcActiveState msg.what=EVENT_CONNECT RefCount=2
10-31 12:20:06.710   649   649 D GSM     : [GsmDCT] handleMessage msg={ what=270336 when=0 target=Handler (com.android.internal.telephony.gsm.GsmDataConnectionTracker) {20d76d10} name=0x42000 arg1=1 obj=android.os.AsyncResult@20ec76d8 }
10-31 12:20:06.710   649   649 D GSM     : [GsmDCT] isDataSetupCompleteOk return true
10-31 12:20:06.710   649   649 D GSM     : [GsmDCT] onDataSetupComplete: success apn=3gnet
10-31 12:20:06.710   649   649 D GSM     : [GsmDCT] notifyDefaultData: type=default, reason:dataAttached
10-31 12:20:06.710   649   649 D GSM     : [ApnContext:default] setState: CONNECTED, previous state:INITING
10-31 12:20:06.710   649   649 D GSM     : [GsmDCT] return link properites for default
10-31 12:20:06.710   649  2516 D GSM     : [GsmDC-1] notifyConnectionCompleted at 1383193206722 cause=NONE
10-31 12:20:06.710   649  2516 D GSM     : [GsmDC-1] DcActiveState msg.what=EVENT_DISCONNECT RefCount=1
10-31 12:20:06.710   649  2516 D GSM     : [GsmDC-1] NotifyDisconnectCompleted DisconnectParams=com.android.internal.telephony.DataConnection$DisconnectParams@20ebe2f0
10-31 12:20:06.710   649   649 D GSM     : [GsmDCT] get active pdp is not null, return link Capabilities for default
10-31 12:20:06.720   416   512 I wifi_supplicant_state_changed: 9
10-31 12:20:06.720   416   512 I WifiHW  : CMD: SIGNAL_POLL
10-31 12:20:06.720   523   523 D wpa_supplicant: RX ctrl_iface - hexdump(len=11): 53 49 47 4e 41 4c 5f 50 4f 4c 4c
10-31 12:20:06.720   523   523 D wpa_supplicant: wlan0: Control interface command 'SIGNAL_POLL'
10-31 12:20:06.720   523   523 D wpa_supplicant: nl80211: survey data missing!
10-31 12:20:06.720   416   512 I WifiHW  : REPLY: RSSI=-71
10-31 12:20:06.720   416   512 I WifiHW  : REPLY: LINKSPEED=54
10-31 12:20:06.720   416   512 I WifiHW  : REPLY: NOISE=9999
10-31 12:20:06.720   416   512 I WifiHW  : REPLY: FREQUENCY=0
10-31 12:20:06.720   416   512 I WifiHW  : CMD: DRIVER BTCOEXMODE 1
10-31 12:20:06.720   523   523 D wpa_supplicant: RX ctrl_iface - hexdump(len=19): 44 52 49 56 45 52 20 42 54 43 4f 45 58 4d 4f 44 45 20 31
10-31 12:20:06.720   523   523 D wpa_supplicant: wlan0: Control interface command 'DRIVER BTCOEXMODE 1'
10-31 12:20:06.720   649   649 D GSM     : [GsmDCT] isDataPossible(default): possible=true isDataAllowed=true apnTypePossible=true apnContextisEnabled=true apnContextState()=CONNECTED
10-31 12:20:06.720   649   649 D GSM     : [GsmDCT] get active apn string for type:default
10-31 12:20:06.720   649   649 D GSM     : [GsmDCT] overall state is CONNECTED
10-31 12:20:06.720   649   649 D GSM     : [GsmDCT] startNetStatPoll
10-31 12:20:06.730   416   514 D ConnectivityService: ConnectivityChange for mobile: CONNECTED/CONNECTED
10-31 12:20:06.730   416   514 I connectivity_state_changed: [0,3,5]
10-31 12:20:06.730   416   423 D dalvikvm: Rejecting registerization due to +iget-object-quick v3, v6, (#8)
10-31 12:20:06.730   649   649 D GSM     : [GsmDCT] overall state is CONNECTED
10-31 12:20:06.740   649   649 D GSM     : [ApnContext:default] setRetryCount: 0
10-31 12:20:06.740   649   649 D GSM     : [GsmDC-1] setRetryCount: 0
10-31 12:20:06.740   649   649 D GSM     : [RM] setRetryCount: 0
10-31 12:20:06.740   649   649 D GSM     : [GsmDCT] handleMessage msg={ what=270336 when=-27ms target=Handler (com.android.internal.telephony.gsm.GsmDataConnectionTracker) {20d76d10} name=0x42000 arg1=1 obj=android.os.AsyncResult@20ec8010 }
10-31 12:20:06.740   649   649 D GSM     : [GsmDCT] isDataSetupCompleteOk return true
10-31 12:20:06.740   649   649 D GSM     : [GsmDCT] onDataSetupComplete: success apn=3gnet
10-31 12:20:06.740   649   649 D GSM     : [GsmDCT] notifyDefaultData: type=supl, reason:dataDisabled
10-31 12:20:06.740   649   649 D GSM     : [ApnContext:supl] setState: CONNECTED, previous state:DISCONNECTING
10-31 12:20:06.740   649   649 D GSM     : [GsmDCT] isDataPossible(supl): possible=true isDataAllowed=true apnTypePossible=true apnContextisEnabled=false apnContextState()=CONNECTED
10-31 12:20:06.740   649   649 D GSM     : [GsmDCT] get active apn string for type:supl
10-31 12:20:06.740   649   649 D GSM     : [GsmDCT] overall state is CONNECTED
10-31 12:20:06.750   649   649 D GSM     : [GsmDCT] overall state is CONNECTED
10-31 12:20:06.750   649   649 D GSM     : [ApnContext:supl] setRetryCount: 0
10-31 12:20:06.750   649   649 D GSM     : [GsmDC-1] setRetryCount: 0
10-31 12:20:06.750   649   649 D GSM     : [RM] setRetryCount: 0
10-31 12:20:06.750   649   649 D GSM     : [GsmDCT] handleMessage msg={ what=270351 when=-36ms target=Handler (com.android.internal.telephony.gsm.GsmDataConnectionTracker) {20d76d10} name=0x4200f obj=android.os.AsyncResult@20ec9620 }
10-31 12:20:06.750   649   649 D GSM     : [GsmDCT] DataConnectoinTracker.handleMessage: EVENT_DISCONNECT_DONE msg={ what=270351 when=-36ms target=Handler (com.android.internal.telephony.gsm.GsmDataConnectionTracker) {20d76d10} name=0x4200f obj=android.os.AsyncResult@20ec9620 }
10-31 12:20:06.750   649   649 D GSM     : [GsmDCT] onDisconnectDone: EVENT_DISCONNECT_DONE apnContext={mApnType=supl mState=CONNECTED mWaitingApns=[[ApnSettingV2] China Unicom 3G, 30, 46001, 3gnet, null, null, null, null, 80, -1, default | supl, IP, IP, true, 0] mWaitingApnsPermanentFailureCountDown=1 mApnSetting=[ApnSettingV2] China Unicom 3G, 30, 46001, 3gnet, null, null, null, null, 80, -1, default | supl, IP, IP, true, 0 mDataConnectionAc=GsmDC-1 mReason=dataDisabled mRetryCount=0 mDataEnabled=false mDependencyMet=true}
10-31 12:20:06.750   649   649 D GSM     : [ApnContext:supl] setState: IDLE, previous state:CONNECTED
10-31 12:20:06.750   649   649 D GSM     : [GsmDCT] isDataPossible(supl): possible=true isDataAllowed=true apnTypePossible=true apnContextisEnabled=false apnContextState()=IDLE
10-31 12:20:06.750   649   649 D GSM     : [GsmDCT] get active apn string for type:supl
10-31 12:20:06.760   649   649 D GSM     : [ApnContext:supl] setDataConnection: old dc={GsmDC-1: State=DcActiveState apnSetting=[ApnSettingV2] China Unicom 3G, 30, 46001, 3gnet, null, null, null, null, 80, -1, default | supl, IP, IP, true, 0 apnList= [{mApnType=default mState=CONNECTED mWaitingApns=[[ApnSettingV2] China Unicom 3G, 30, 46001, 3gnet, null, null, null, null, 80, -1, default | supl, IP, IP, true, 0] mWaitingApnsPermanentFailureCountDown=1 mApnSetting=[ApnSettingV2] China Unicom 3G, 30, 46001, 3gnet, null, null, null, null, 80, -1, default | supl, IP, IP, true, 0 mDataConnectionAc=GsmDC-1 mReason=dataAttached mRetryCount=0 mDataEnabled=true mDependencyMet=true}, {mApnType=supl mState=IDLE mWaitingApns=[[ApnSettingV2] China Unicom 3G, 30, 46001, 3gnet, null, null, null, null, 80, -1, default | supl, IP, IP, true, 0] mWaitingApnsPermanentFailureCountDown=1 mApnSetting=null mDataConnectionAc=GsmDC-1 mReason=dataDisabled mRetryCount=0 mDataEnabled=false mDependencyMet=true}] RefCount=1 cid=1 create=1383193206722 lastFail=-1 lastFailCause=NONE} new dc=null this={mApnType=supl mState=IDLE mWaitingApns=[[ApnSettingV2] China Unicom 3G, 30, 46001, 3gnet, null, null, null, null, 80, -1, default | supl, IP, IP, true, 0] mWaitingApnsPermanentFailureCountDown=1 mApnSetting=null mDataConnectionAc=GsmDC-1 mReason=dataDisabled mRetryCount=0 mDataEnabled=false mDependencyMet=true}
10-31 12:20:06.760   649   649 D GSM     : [ApnContext:supl] setDataConnectionAc: old dcac=GsmDC-1 new dcac=null
10-31 12:20:06.760   416   826 I notification_cancel: [com.android.phone,7,NULL,0,0,64]
10-31 12:20:06.760   416  1785 I notification_cancel: [com.android.phone,7,NULL,0,0,64]
10-31 12:20:06.760   649   649 D GSM     : [GsmDCT] onReceive: action=android.net.wifi.STATE_CHANGE
10-31 12:20:06.770   416   923 I notification_cancel: [com.android.phone,7,NULL,0,0,64]
10-31 12:20:06.780   416   442 D KeyguardViewMediator: setHidden false
10-31 12:20:06.780   416   431 D hwcomposer: isRGBOverlayLayer: got an RGB overlay layer
10-31 12:20:06.800   416   431 D hwcomposer: isRGBOverlayLayer: got an RGB overlay layer
10-31 12:20:06.800   557   557 D PhoneStatusBar: disable: < EXPAND icons alerts TICKER system_info back* home* RECENT clock* search >
10-31 12:20:06.850   416   442 D KeyguardViewMediator: setHidden false
10-31 12:20:06.860   416   441 D PackageManager: generateServicesMap() for 0
10-31 12:20:06.860   704   704 D LauncherModel: onReceive : android.intent.action.PACKAGE_CHANGED
10-31 12:20:06.870   416   431 D hwcomposer: isRGBOverlayLayer: got an RGB overlay layer
10-31 12:20:06.870   416   442 V KeyguardStatusView: refresh statusview showing:true
10-31 12:20:06.870   416   498 I InputReader: Reconfiguring input devices.  changes=0x00000010
10-31 12:20:06.880   416   442 V KeyguardStatusView: refresh statusview showing:true
10-31 12:20:06.880   416   442 D KeyguardHostView: Window is unfocused
10-31 12:20:06.880   416   442 D CameraWidgetFrame: onFocusLost at 51894
10-31 12:20:06.880   416   431 D hwcomposer: isRGBOverlayLayer: got an RGB overlay layer
10-31 12:20:06.880   416   442 D CameraWidgetFrame: cancelTransitionToCamera at 51894
10-31 12:20:06.900  1716  1716 D Qiupu.Alarm.ApkFileManager: onReceive.packagename:com.google.android.partnersetup intent:android.intent.action.PACKAGE_CHANGED
10-31 12:20:06.900  1716  1716 D Qiupu.Alarm.ApkFileManager: updateActivityUI msgcode:902 listener count:0
10-31 12:20:06.900   416   431 D hwcomposer: isRGBOverlayLayer: got an RGB overlay layer
10-31 12:20:06.900   416   427 I notification_cancel: [com.borqs.appbox,358400380,NULL,0,0,64]
10-31 12:20:06.900  1716  1716 D Qiupu.StatusNotification: cancel notify id=com.google.android.partnersetup
10-31 12:20:06.910   416   826 I notification_cancel: [com.borqs.appbox,3,NULL,0,0,64]
10-31 12:20:06.910   416   826 I am_create_service: [0,555558384,com.android.gallery3d/.app.PackagesMonitor$AsyncService,2320]
10-31 12:20:06.910  1823  1852 W Launcher.Model: Nobody to tell about the new app.  Launcher is probably loading.
10-31 12:20:06.910   416   431 D hwcomposer: isRGBOverlayLayer: got an RGB overlay layer
10-31 12:20:06.930   416   441 D DevicePolicyManagerService: Handling package changes for user 0
10-31 12:20:06.930   416   441 D PackageManager: generateServicesMap() for 0
10-31 12:20:06.930   416   718 I am_create_service: [0,555573024,com.google.android.gms/.app.service.SystemBroadcastService,948]
10-31 12:20:06.930   416   431 D hwcomposer: isRGBOverlayLayer: got an RGB overlay layer
10-31 12:20:06.930   948  2526 D SystemBroadcastService: Received broadcast action=android.intent.action.PACKAGE_CHANGED and uri=
10-31 12:20:06.950   416   431 D hwcomposer: isRGBOverlayLayer: got an RGB overlay layer
10-31 12:20:06.960   523   523 D wpa_supplicant: wpa_driver_nl80211_driver_cmd OK len = 0, 2
10-31 12:20:06.960   416   512 I WifiHW  : REPLY: OK
10-31 12:20:06.960   416   512 I WifiHW  : CMD: SET ps 0
10-31 12:20:06.960   523   523 D wpa_supplicant: RX ctrl_iface - hexdump(len=8): 53 45 54 20 70 73 20 30
10-31 12:20:06.960   523   523 D wpa_supplicant: wlan0: Control interface command 'SET ps 0'
10-31 12:20:06.960   523   523 D wpa_supplicant: CTRL_IFACE SET 'ps'='0'
10-31 12:20:06.960   416   938 I am_create_service: [0,555600744,com.google.android.gms/com.google.android.location.reporting.service.ExternalChangeService,795]
10-31 12:20:06.960   523   523 D wpa_supplicant: nl80211: set_p2p_powersave (legacy_ps=0 opp_ps=-1 ctwindow=-1)
10-31 12:20:06.960   416   512 I WifiHW  : REPLY: OK
10-31 12:20:06.960   416   431 D hwcomposer: isRGBOverlayLayer: got an RGB overlay layer
10-31 12:20:06.980   416   428 I WAKELOCK_ACQUIRE: TIMESTAMP=51990402971, TAG=WakefulIntentService[GCoreUlr-ExternalChangeService], TYPE=PARTIAL_WAKE_LOCK             , COUNT=0, PID=795, UID=10012
10-31 12:20:06.980   416   431 D hwcomposer: isRGBOverlayLayer: got an RGB overlay layer
10-31 12:20:06.990   416   940 I dvm_lock_sample: [system_server,1,Binder_B,16,ActivityManagerService.java,10984,BroadcastQueue.java,467,3]
10-31 12:20:07.000  2338  2345 D dalvikvm: Rejecting registerization due to and-int/lit8 v4, v6, (#15)
10-31 12:20:07.000   416   431 D hwcomposer: isRGBOverlayLayer: got an RGB overlay layer
10-31 12:20:07.010   416   514 D ConnectivityService: ConnectivityChange for mobile_supl: DISCONNECTED/DISCONNECTED
10-31 12:20:07.010   416   718 I WAKELOCK_ACQUIRE: TIMESTAMP=52025843296, TAG=Icing, TYPE=PARTIAL_WAKE_LOCK             , COUNT=0, PID=948, UID=10012
10-31 12:20:07.010   416   940 I am_create_service: [0,555657744,com.google.android.gms/.icing.impl.IndexService,948]
10-31 12:20:07.010   416   514 I connectivity_state_changed: [3,3,8]
10-31 12:20:07.010   416  1785 I am_destroy_service: [0,555558384,2320]
10-31 12:20:07.010   416   431 D hwcomposer: isRGBOverlayLayer: got an RGB overlay layer
10-31 12:20:07.020   416   509 I WAKELOCK_ACQUIRE: TIMESTAMP=52031866614, TAG=NetworkStats, TYPE=PARTIAL_WAKE_LOCK             , COUNT=0, PID=416, UID=1000
10-31 12:20:07.020   416   416 I am_destroy_service: [0,555573024,948]
10-31 12:20:07.030   416   431 D hwcomposer: isRGBOverlayLayer: got an RGB overlay layer
10-31 12:20:07.040   416   423 D dalvikvm: Rejecting registerization due to +iget-object-quick v2, v4, (#8)
10-31 12:20:07.050   416   431 D hwcomposer: isRGBOverlayLayer: got an RGB overlay layer
10-31 12:20:07.090   416   418 D dalvikvm: GC_CONCURRENT freed 3002K, 21% free 13632K/17088K, paused 4ms+7ms, total 118ms
10-31 12:20:07.090   416   497 D dalvikvm: WAIT_FOR_CONCURRENT_GC blocked 35ms
10-31 12:20:07.090   416   707 D dalvikvm: WAIT_FOR_CONCURRENT_GC blocked 50ms
10-31 12:20:07.090   416   443 D dalvikvm: WAIT_FOR_CONCURRENT_GC blocked 41ms
10-31 12:20:07.090   416   509 D dalvikvm: WAIT_FOR_CONCURRENT_GC blocked 55ms
10-31 12:20:07.090   416   913 D dalvikvm: WAIT_FOR_CONCURRENT_GC blocked 56ms
10-31 12:20:07.090   416   509 I netstats_mobile_sample: [0,0,0,0,0,0,0,0,0,0,0,0,-1]
10-31 12:20:07.090   416   509 I netstats_wifi_sample: [0,0,0,0,0,0,0,0,0,0,0,0,-1]
10-31 12:20:07.090   416   529 I backup_data_changed: android
10-31 12:20:07.090   416   532 D dalvikvm: WAIT_FOR_CONCURRENT_GC blocked 33ms
10-31 12:20:07.090   416   482 D dalvikvm: WAIT_FOR_CONCURRENT_GC blocked 54ms
10-31 12:20:07.100   416   529 I backup_data_changed: android
10-31 12:20:07.100   416   428 I WAKELOCK_ACQUIRE: TIMESTAMP=52117410755, TAG=Icing, TYPE=PARTIAL_WAKE_LOCK             , COUNT=0, PID=948, UID=10012
10-31 12:20:07.100   416  1788 I am_create_service: [0,556519896,com.google.android.googlequicksearchbox/com.google.android.search.core.summons.icing.InternalIcingCorporaProvider$UpdateCorporaService,2388]
10-31 12:20:07.100   416   431 D hwcomposer: isRGBOverlayLayer: got an RGB overlay layer
10-31 12:20:07.110   416   509 I WAKELOCK_RELEASE: TIMESTAMP=52125783629, TAG=NetworkStats, TYPE=PARTIAL_WAKE_LOCK             , COUNT=0, PID=416, UID=1000
10-31 12:20:07.110   416   509 I WAKELOCK_ACQUIRE: TIMESTAMP=52126211011, TAG=NetworkStats, TYPE=PARTIAL_WAKE_LOCK             , COUNT=0, PID=416, UID=1000
10-31 12:20:07.120   416   442 V KeyguardStatusView: refresh statusview showing:true
10-31 12:20:07.120   416   443 D KeyguardViewMediator: setHidden false
10-31 12:20:07.120  2388  2529 I Icing.InternalIcingCorporaProvider: Updating corpora: A: com.google.android.partnersetup, C: MAYBE
10-31 12:20:07.130   416   826 I am_destroy_service: [0,555657744,948]
10-31 12:20:07.130  2388  2388 V GelStubAppWatcher: onReceive: android.intent.action.PACKAGE_CHANGED
10-31 12:20:07.140   416   509 I netstats_mobile_sample: [132,1,76,1,132,1,144,2,132,1,144,2,-1]
10-31 12:20:07.140   416   509 I netstats_wifi_sample: [0,0,0,0,0,0,0,0,0,0,0,0,-1]
10-31 12:20:07.140   416   423 D dalvikvm: Rejecting registerization due to +iget-object-quick v8, v12, (#8)
10-31 12:20:07.150   416  1787 I WAKELOCK_RELEASE: TIMESTAMP=52159972603, TAG=Icing, TYPE=PARTIAL_WAKE_LOCK             , COUNT=0, PID=948, UID=10012
10-31 12:20:07.150   416   431 D hwcomposer: isRGBOverlayLayer: got an RGB overlay layer
10-31 12:20:07.160   416   509 I WAKELOCK_RELEASE: TIMESTAMP=52169582113, TAG=NetworkStats, TYPE=PARTIAL_WAKE_LOCK             , COUNT=0, PID=416, UID=1000
10-31 12:20:07.160   416   509 I WAKELOCK_ACQUIRE: TIMESTAMP=52170053177, TAG=NetworkStats, TYPE=PARTIAL_WAKE_LOCK             , COUNT=0, PID=416, UID=1000
10-31 12:20:07.160   416   923 I WAKELOCK_RELEASE: TIMESTAMP=52172380415, TAG=Icing, TYPE=PARTIAL_WAKE_LOCK             , COUNT=0, PID=948, UID=10012
10-31 12:20:07.160   416   427 I am_create_service: [0,555958408,com.baidu.appsearch/.RecvHandleService,1730]
10-31 12:20:07.170   416   509 I netstats_mobile_sample: [132,1,76,1,132,1,144,2,132,1,144,2,-1]
10-31 12:20:07.170   416   509 I netstats_wifi_sample: [0,0,0,0,0,0,0,0,0,0,0,0,-1]
10-31 12:20:07.170   416   423 D dalvikvm: Rejecting registerization due to +iget-object-quick v8, v12, (#8)
10-31 12:20:07.180   416   509 I WAKELOCK_RELEASE: TIMESTAMP=52193197708, TAG=NetworkStats, TYPE=PARTIAL_WAKE_LOCK             , COUNT=0, PID=416, UID=1000
10-31 12:20:07.190   416  1787 I am_destroy_service: [0,555958408,1730]
10-31 12:20:07.190   416   725 D SyncManager: setIsSyncable: Account {name=hong.y.rao@gmail.com, type=com.google}, provider com.google.android.location.reporting, user 0 -> 1
10-31 12:20:07.190   416   725 D SyncManager: setIsSyncable: already set to 1, doing nothing
10-31 12:20:07.190   416  1786 D SyncManager: setSyncAutomatically:  provider com.google.android.location.reporting, user 0 -> true
10-31 12:20:07.190   416  1786 D SyncManager: setSyncAutomatically: already set to true, doing nothing
10-31 12:20:07.200  2531  2531 I dhcpcd  : dhcpcd[2533]: fopen `/system/etc/dhcpcd/dhcpcd.conf': No such file or directory
10-31 12:20:07.200  2531  2531 I dhcpcd  : dhcpcd[2533]: version 5.5.6 starting
10-31 12:20:07.200  2531  2531 I dhcpcd  : dhcpcd[2533]: fopen `/system/etc/dhcpcd/dhcpcd.conf': No such file or directory
10-31 12:20:07.200   416   431 D hwcomposer: bool IntelOverlayContext::disable(): disable overlay...
10-31 12:20:07.210  2388  2529 W Icing.ApplicationsHelper: System clock may be wrong, 110 apps appear to be installed in the future.
10-31 12:20:07.210  2388  2529 I content_update_sample: [content://com.google.android.googlequicksearchbox.icing/applications,update,com.google.android.partnersetup,92,,19]
10-31 12:20:07.210   416   940 I am_destroy_service: [0,556519896,2388]
10-31 12:20:07.210  2388  2395 D dalvikvm: Rejecting registerization due to +iget-quick v10, v4, (#20)
10-31 12:20:07.250  2531  2531 I dhcpcd  : dhcpcd[2533]: wlan0: sending IPv6 Router Solicitation
10-31 12:20:07.250  2531  2531 I dhcpcd  : dhcpcd[2533]: wlan0: sendmsg: Network is unreachable
10-31 12:20:07.260  2531  2531 I dhcpcd  : dhcpcd[2533]: wlan0: rebinding lease of 192.168.28.207
10-31 12:20:07.310   795  2527 I GCoreUlr: Ensuring that reporting is stopped because of reasons: {account#10#=[InactiveReason{mVersionCode=0, mIdentifier=3, mName='UnsupportedGeo'}]}
10-31 12:20:07.310   795  2527 D GCoreFlp: Unknown pending intent to remove.
10-31 12:20:07.310   416  1785 I WAKELOCK_RELEASE: TIMESTAMP=52322650662, TAG=WakefulIntentService[GCoreUlr-ExternalChangeService], TYPE=PARTIAL_WAKE_LOCK             , COUNT=0, PID=795, UID=10012
10-31 12:20:07.310   416  1788 I am_destroy_service: [0,555600744,795]
10-31 12:20:07.310   795  2527 I GCoreUlr: Unbound from all location providers
10-31 12:20:07.310     0     0 I KERNEL  : [   52.423524] NOHZ: local_softirq_pending 08
10-31 12:20:07.320   649   649 D GSM     : [GsmDCT] handleMessage msg={ what=270368 when=-1ms target=Handler (com.android.internal.telephony.gsm.GsmDataConnectionTracker) {20d76d10} name=0x42020 arg1=1 }
10-31 12:20:07.330  1730  1737 D dalvikvm: Rejecting registerization due to +iget-object-quick v4, v7, (#16)
10-31 12:20:07.350   416   498 I WindowManager: interceptPowerKeyUp: key up event: remove pending callbacks for very long press
10-31 12:20:07.350   416   442 V KeyguardStatusView: refresh statusview showing:true
10-31 12:20:07.350   416   443 D KeyguardViewMediator: setHidden false
10-31 12:20:07.350   416   431 I KERNEL  : [   52.462028] [mid_powerbtn] power button released
10-31 12:20:07.400   148   463 I RILR    : CChannel::ProcessModemData() - INFO: chnl=[4] size=[17] RX [<cr><lf>+XCSQ: 18, 33<cr><lf>]
10-31 12:20:07.400   148   463 I RILR    : CChannel::ProcessResponse : chnl=[4] unsolicited notification resultcode=[1009]
10-31 12:20:07.400   148   463 I RILR    : RIL_onUnsolicitedResponse() - RIL_UNSOL_SIGNAL_STRENGTH
10-31 12:20:07.400   148   463 I RILR    : RIL_onUnsolicitedResponse() - GW_signalStrength=18
10-31 12:20:07.400   148   463 I RILR    : RIL_onUnsolicitedResponse() - GW_bitErrorRate=33
10-31 12:20:07.400   148   463 I RILR    : Calling gs_pRilEnv->OnUnsolicitedResponse()... id=1009
10-31 12:20:07.400   416   423 D dalvikvm: Rejecting registerization due to +iget-object-quick v0, v1, (#16)
10-31 12:20:07.410   649   649 D GSM     : [GsmDCT] handleMessage msg={ what=270368 when=0 target=Handler (com.android.internal.telephony.gsm.GsmDataConnectionTracker) {20d76d10} name=0x42020 arg1=1 }
10-31 12:20:07.490   416  1786 I am_create_service: [0,555124992,com.borqs.qiupu/com.borqs.information.InformationDownloadService,1677]
10-31 12:20:07.490  1677  1677 D InfomationDownloadService: onStart
10-31 12:20:07.490  1677  2580 D InfomationDownloadService: onHandleIntent
10-31 12:20:07.490  1677  2580 D InfomationDownloadService: Start to download informations.
10-31 12:20:07.500  1677  2580 D LoginService: file get result:notification_uri, http://api.borqs.com/bmb
10-31 12:20:07.500  1677  2580 D LoginService: getHost: notification_uri='http://api.borqs.com/bmb/'
10-31 12:20:07.500  1677  2580 D DataConnectionUtils: getCurrentServerUrl, return url name: http://api.borqs.com/bmb/
10-31 12:20:07.500  1677  2580 D InformationUtils: fetch notification url = http://api.borqs.com/bmb/service/informations/top.json?ticket=MTM4MDEwMzY4MDVfMTM4Nzc4MjQ4NjY1OV81MjE3&status=0&topn=20&type=1&scene=10000000072
10-31 12:20:07.500   649   649 D GSM     : [GsmDCT] handleMessage msg={ what=270368 when=0 target=Handler (com.android.internal.telephony.gsm.GsmDataConnectionTracker) {20d76d10} name=0x42020 arg1=1 }
10-31 12:20:07.510   649   649 D GSM     : [GsmDCT] handleMessage msg={ what=270368 when=0 target=Handler (com.android.internal.telephony.gsm.GsmDataConnectionTracker) {20d76d10} name=0x42020 arg1=1 }
10-31 12:20:07.530  1677  1684 D dalvikvm: Rejecting registerization due to +iget-quick v3, v5, (#20)
10-31 12:20:07.560     0     0 I KERNEL  : [   52.670918] NOHZ: local_softirq_pending 08
10-31 12:20:07.560     0     0 I KERNEL  : [   52.675135] NOHZ: local_softirq_pending 08
10-31 12:20:07.570   416   489 I WAKELOCK_ACQUIRE: TIMESTAMP=52580170144, TAG=AlarmManager, TYPE=PARTIAL_WAKE_LOCK             , COUNT=0, PID=416, UID=1000
10-31 12:20:07.580   416   444 W ProcessStats: Skipping unknown process pid 2597
10-31 12:20:07.590   416   441 I WAKELOCK_RELEASE: TIMESTAMP=52603539999, TAG=AlarmManager, TYPE=PARTIAL_WAKE_LOCK             , COUNT=0, PID=416, UID=1000
10-31 12:20:07.590   416   441 V AlarmManager: triggered: act=com.android.coll flg=0x14
10-31 12:20:07.590   416   441 V AlarmManager: Pkg: com.imangi.templerun2
10-31 12:20:07.590  2114  2121 D dalvikvm: Rejecting registerization due to and-int/lit8 v4, v6, (#15)
10-31 12:20:07.610   649   649 D GSM     : [GsmDCT] handleMessage msg={ what=270368 when=0 target=Handler (com.android.internal.telephony.gsm.GsmDataConnectionTracker) {20d76d10} name=0x42020 arg1=1 }
10-31 12:20:07.620   649   649 D GSM     : [GsmDCT] handleMessage msg={ what=270368 when=0 target=Handler (com.android.internal.telephony.gsm.GsmDataConnectionTracker) {20d76d10} name=0x42020 arg1=1 }
10-31 12:20:07.650     0     0 I KERNEL  : [   52.759072] NOHZ: local_softirq_pending 08
10-31 12:20:07.650     0     0 I KERNEL  : [   52.763306] NOHZ: local_softirq_pending 08
10-31 12:20:07.650     0     0 I KERNEL  : [   52.767631] NOHZ: local_softirq_pending 08
10-31 12:20:07.670  1677  1684 D dalvikvm: Rejecting registerization due to +iget-object-quick v4, v6, (#8)
10-31 12:20:07.670  1677  1684 D dalvikvm: Rejecting registerization due to +iget-object-quick v4, v6, (#8)
10-31 12:20:07.730     0     0 I KERNEL  : [   52.847024] NOHZ: local_softirq_pending 08
10-31 12:20:07.780   138   138 E ia_watchdog: Timer interrupt
10-31 12:20:07.780     0     0 I KERNEL  : [   52.891775] intel_scu_watchdog: intel_scu_watchdog: Expected SW WDT warning irq received
10-31 12:20:07.780     0     0 I KERNEL  : [   52.891894] intel_scu_watchdog: intel_scu_watchdog: interrupt tasklet body start
10-31 12:20:07.780   138   138 I KERNEL  : [   52.892124] intel_scu_watchdog: intel_scu_watchdog: watchdog_keepalive
10-31 12:20:07.790   138   138 E ia_watchdog: waiting for a timer interrupt
10-31 12:20:07.890   771   780 D dalvikvm: Rejecting registerization due to +iget-quick v10, v4, (#20)
10-31 12:20:07.890   771   780 D dalvikvm: Rejecting registerization due to +iget-quick v10, v4, (#20)
10-31 12:20:07.930     0     0 I KERNEL  : [   53.047506] NOHZ: local_softirq_pending 08
10-31 12:20:07.940  1677  1684 D dalvikvm: Rejecting registerization due to +iget-object-quick v1, v3, (#12)
10-31 12:20:07.940  1677  1684 D dalvikvm: Rejecting registerization due to +iget-object-quick v1, v3, (#12)
10-31 12:20:07.940  1677  1684 D dalvikvm: Rejecting registerization due to +iget-object-quick v5, v7, (#8)
10-31 12:20:07.940  1677  1684 D dalvikvm: Rejecting registerization due to +iget-object-quick v5, v7, (#8)
10-31 12:20:07.940     0     0 I KERNEL  : [   53.056685] NOHZ: local_softirq_pending 08
10-31 12:20:07.950   416  1049 W ApplicationContext: Calling a method in the system process without a qualified user: android.app.ContextImpl.sendBroadcast:1032 com.android.server.ThermalService$Notify.consume:339 com.android.server.ThermalService$Notify.run:318 
10-31 12:20:07.950   416   483 I ThermalZone:  state of thermal zone 0 changed to 0 at temperature 37000
10-31 12:20:07.950     0     0 I KERNEL  : [   53.057339] NOHZ: local_softirq_pending 08
10-31 12:20:07.960  1677  1684 D dalvikvm: Rejecting registerization due to +iget-object-quick v2, v3, (#8)
10-31 12:20:07.960   416   441 I ThermalCoolingManager: Received THERMAL INTENT: of event type 2 with state 0 at temperature 37000 from CPU with state NORMAL for HIGH event at Temperature 37000
10-31 12:20:07.960   416   489 I WAKELOCK_ACQUIRE: TIMESTAMP=52976524026, TAG=AlarmManager, TYPE=PARTIAL_WAKE_LOCK             , COUNT=0, PID=416, UID=1000
10-31 12:20:07.960  1677  1684 D dalvikvm: Rejecting registerization due to and-int/lit8 v4, v6, (#15)
10-31 12:20:07.960  1677  1677 D BorqsAccountService: onStart startId:2 intent:Intent { act=QiupuService.INTENT_QP_SYNC_ADDRESSBOOK_INFORMATION flg=0x4 cmp=com.borqs.qiupu/com.borqs.account.service.BorqsAccountService (has extras) }
10-31 12:20:07.960  1677  1677 D BorqsAccountService: onStart startId:2 action:QiupuService.INTENT_QP_SYNC_ADDRESSBOOK_INFORMATION
10-31 12:20:07.960  1677  1677 D BorqsAccountService.Alarm.AddressBookSync: alarmAddressBookComing
10-31 12:20:07.960  1677  1677 D BorqsAccountService.Alarm.AddressBookSync: alarmAddressBookComing immediately =false
10-31 12:20:07.970   416   441 I WAKELOCK_RELEASE: TIMESTAMP=52983763246, TAG=AlarmManager, TYPE=PARTIAL_WAKE_LOCK             , COUNT=0, PID=416, UID=1000
10-31 12:20:07.970  1677  1677 D BorqsAccountService.Alarm.AddressBookSync: alarmAddressBookComing, Runable run
10-31 12:20:08.000   416   483 I Thermal:SysfsManager: caught IOException in readSysfs() for file:/sys/class/thermal/thermal_zone2/temp
10-31 12:20:08.000   416  1049 W ApplicationContext: Calling a method in the system process without a qualified user: android.app.ContextImpl.sendBroadcast:1032 com.android.server.ThermalService$Notify.consume:339 com.android.server.ThermalService$Notify.run:318 
10-31 12:20:08.000   416   483 I ThermalZone:  state of thermal zone 2 changed to 0 at temperature 29412
10-31 12:20:08.000   416   441 I ThermalCoolingManager: Received THERMAL INTENT: of event type 2 with state 0 at temperature 29412 from FrontSkin with state NORMAL for HIGH event at Temperature 29412
10-31 12:20:08.040   416   483 I Thermal:SysfsManager: caught IOException in readSysfs() for file:/sys/class/thermal/thermal_zone2/temp
10-31 12:20:08.040   416   483 I KERNEL  : [   53.150181] smb347 2-006a: Temperature out of Range: 1023
10-31 12:20:08.160  1677  2580 D LoginService: file get result:api_host, http://api.borqs.com
10-31 12:20:08.160  1677  2580 D LoginService: getHost: api_host='http://api.borqs.com/'
10-31 12:20:08.160  1677  2580 D DataConnectionUtils: getCurrentServerUrl, return url name: http://api.borqs.com/
10-31 12:20:08.180  1730  1730 D dalvikvm: Trying to load lib /data/app-lib/com.baidu.appsearch-1/libbase64encoder_v1_4.so 0x41aade40
10-31 12:20:08.180  1730  1730 D dalvikvm: Added shared lib /data/app-lib/com.baidu.appsearch-1/libbase64encoder_v1_4.so 0x41aade40
10-31 12:20:08.330  1677  1684 D dalvikvm: Rejecting registerization due to +iget-object-quick v2, v3, (#8)
10-31 12:20:08.350  1677  2580 I content_query_sample: [content://com.borqs.qiupu.provider.inforprovider/notification,m_id/last_modify/is_read,u_id=?,,15,,4]
10-31 12:20:08.350  1677  2580 D NotificationOperator: addTopNWithType: false 20 22
10-31 12:20:08.360  1677  2580 D NotificationOperator: checkCachedReadItem, exit item.read = false
10-31 12:20:08.390  1677  2580 D NotificationOperator: checkCachedReadItem, exit item.read = false
10-31 12:20:08.390  1677  2580 D NotificationOperator: checkCachedReadItem, exit item.read = false
10-31 12:20:08.390  1677  1684 D dalvikvm: Rejecting registerization due to +iget-quick v3, v5, (#20)
10-31 12:20:08.390   148   463 I RILR    : CChannel::ProcessModemData() - INFO: chnl=[4] size=[17] RX [<cr><lf>+XCSQ: 17, 29<cr><lf>]
10-31 12:20:08.390   148   463 I RILR    : CChannel::ProcessResponse : chnl=[4] unsolicited notification resultcode=[1009]
10-31 12:20:08.390   148   463 I RILR    : RIL_onUnsolicitedResponse() - RIL_UNSOL_SIGNAL_STRENGTH
10-31 12:20:08.390   148   463 I RILR    : RIL_onUnsolicitedResponse() - GW_signalStrength=17
10-31 12:20:08.390   148   463 I RILR    : RIL_onUnsolicitedResponse() - GW_bitErrorRate=29
10-31 12:20:08.390   148   463 I RILR    : Calling gs_pRilEnv->OnUnsolicitedResponse()... id=1009
10-31 12:20:08.400  1677  2580 D NotificationOperator: checkCachedReadItem, exit item.read = false
10-31 12:20:08.410  1677  1684 D dalvikvm: Rejecting registerization due to array-length v1, v2, (#0)
10-31 12:20:08.410  1677  1684 D dalvikvm: Rejecting registerization due to mul-int/lit8 v7, v4, (#100)
10-31 12:20:08.420  1677  1684 D dalvikvm: Rejecting registerization due to ushr-int/lit8 v4, v7, (#19)
10-31 12:20:08.430  1677  1684 D dalvikvm: Rejecting registerization due to +iget-quick v3, v5, (#20)
10-31 12:20:08.440  1677  1684 D dalvikvm: Rejecting registerization due to array-length v1, v2, (#0)
10-31 12:20:08.460  1677  1684 I dalvikvm: Could not compile trace for Ljava/util/Arrays;fill, offset 7
10-31 12:20:08.460  1677  1684 I dalvikvm: ++++++++++++++++++++++++++++++++++++++++++++
10-31 12:20:08.460  1677  1684 I dalvikvm: JIT_INFO: Issues in trace  Ljava/util/Arrays;fill, offset 7
10-31 12:20:08.460  1677  1684 E dalvikvm: The following issues were seen:
10-31 12:20:08.460  1677  1684 I dalvikvm: 	Issue: The trace provoked a spill
10-31 12:20:08.460  1677  1684 I dalvikvm: Trying less registerization from 1 to 0
10-31 12:20:08.460  1677  1684 I dalvikvm: Retrying trace Ljava/util/Arrays;fill, offset 7
10-31 12:20:08.460  1677  1684 I dalvikvm: ++++++++++++++++++++++++++++++++++++++++++++
10-31 12:20:08.490  1677  2580 D NotificationOperator: get lastTime: 0
10-31 12:20:08.490  1677  2580 D NotificationOperator: no need remove 
10-31 12:20:08.490  1677  2580 D InfomationDownloadService: Download informations finished.
10-31 12:20:08.490   416   416 I am_destroy_service: [0,555124992,1677]
10-31 12:20:08.490  1677  2580 D InformationUtils: listeners.size() : 0
10-31 12:20:08.500   146   527 I AudioPolicyManagerBase: APM: getOutput
10-31 12:20:08.500   416   442 I GlobalActions: [SHTDWN] onPress, request a clean shutdown
10-31 12:20:08.500   146   479 I AudioPolicyManagerBase: APM: getOutput
10-31 12:20:08.500   416   442 D ShutdownThread: Notifying thread to start shutdown longPressBehavior=1
10-31 12:20:08.500   416   442 E ShutdownThread: [SHTDWN] My call stack is:
10-31 12:20:08.500   416   442 W System.err: java.lang.Throwable: stack dump
10-31 12:20:08.500   146   146 I AudioPolicyManagerBase: APM: getOutput
10-31 12:20:08.500   416   423 D dalvikvm: Rejecting registerization due to +iget-object-quick v7, v9, (#8)
10-31 12:20:08.500   416   938 I WAKELOCK_ACQUIRE: TIMESTAMP=53514342017, TAG=AudioOut_2, TYPE=PARTIAL_WAKE_LOCK             , COUNT=0, PID=146, UID=1013
10-31 12:20:08.500   146   527 D AudioPolicyManagerALSA: startOutput() output 2, stream type 1, session 13
10-31 12:20:08.500   146   477 D AudioFlinger: reconfig due to o/p flag ?
10-31 12:20:08.500   146   477 D AudioHardwareALSA: setStreamParameters: key value pair routing=2;stream_flags=2
10-31 12:20:08.500   146   477 D RouteManager: setOutputFlags: output flags = 0x2 (Prev Flags=0x2)
10-31 12:20:08.500   146   477 D RouteManager: setDevices: set device = IHF to output stream
10-31 12:20:08.500   146   477 D RouteManager: setStreamParameters: identical Platform State, do not reconsider routing
10-31 12:20:08.510   416   442 W System.err: 	at java.lang.Thread.dumpStack(Thread.java:496)
10-31 12:20:08.510   416   442 W System.err: 	at com.android.server.power.ShutdownThread.shutdownInner(ShutdownThread.java:130)
10-31 12:20:08.510   416   442 W System.err: 	at com.android.server.power.ShutdownThread.shutdown(ShutdownThread.java:106)
10-31 12:20:08.510   416   442 W System.err: 	at com.android.server.wm.WindowManagerService.shutdown(WindowManagerService.java:5497)
10-31 12:20:08.510   416   442 W System.err: 	at com.android.internal.policy.impl.GlobalActions$2.onPress(GlobalActions.java:243)
10-31 12:20:08.510   416   442 W System.err: 	at com.android.internal.policy.impl.GlobalActions.onClick(GlobalActions.java:422)
10-31 12:20:08.510   416   442 W System.err: 	at com.android.internal.app.AlertController$AlertParams$3.onItemClick(AlertController.java:941)
10-31 12:20:08.510   416   442 W System.err: 	at android.widget.AdapterView.performItemClick(AdapterView.java:298)
10-31 12:20:08.510   416   442 W System.err: 	at android.widget.AbsListView.performItemClick(AbsListView.java:1100)
10-31 12:20:08.510   416   442 W System.err: 	at android.widget.AbsListView$PerformClick.run(AbsListView.java:2754)
10-31 12:20:08.510   416   442 W System.err: 	at android.widget.AbsListView$1.run(AbsListView.java:3428)
10-31 12:20:08.510   416   442 W System.err: 	at android.os.Handler.handleCallback(Handler.java:725)
10-31 12:20:08.510   416   442 W System.err: 	at android.os.Handler.dispatchMessage(Handler.java:92)
10-31 12:20:08.510   416   442 W System.err: 	at android.os.Looper.loop(Looper.java:152)
10-31 12:20:08.510   416   442 W System.err: 	at android.os.HandlerThread.run(HandlerThread.java:60)
10-31 12:20:08.530   146   477 D AudioResamplerIA: Create AudioResamplerIA Resampler: Input rate 44100, output rate 48000
10-31 12:20:08.530   146   477 D RouteManager: startStream: {+++ RECONSIDER ROUTING +++} due to output stream start event
10-31 12:20:08.530   146   477 D RouteManager: reconsiderRouting
10-31 12:20:08.530   146   477 D EVENT_THREAD: void CEventThread::trig(uint16_t): in
10-31 12:20:08.530   146   477 D EVENT_THREAD: void CEventThread::trig(uint16_t): out
10-31 12:20:08.530   146   403 D RouteManager: doReconsiderRouting:       Platform State:
10-31 12:20:08.530   146   403 D RouteManager: doReconsiderRouting:          -Modem Alive = 1 
10-31 12:20:08.540   146   403 D RouteManager: doReconsiderRouting:          -Modem Call Active = 0 
10-31 12:20:08.540   146   403 D RouteManager: doReconsiderRouting:          -Is Shared I2S glitch free=1 
10-31 12:20:08.540   146   403 D RouteManager: doReconsiderRouting:          -Android Telephony Mode = Normal 
10-31 12:20:08.540   146   403 D RouteManager: doReconsiderRouting:          -RTE MGR HW Mode = Normal 
10-31 12:20:08.540   146   403 D RouteManager: doReconsiderRouting:          -BT Enabled = 1 
10-31 12:20:08.540   146   403 D RouteManager: doReconsiderRouting:          -Platform output device = IHF 
10-31 12:20:08.540   146   403 D RouteManager: doReconsiderRouting:          -Platform input device = <none> 
10-31 12:20:08.540   146   403 D RouteManager: doReconsiderRouting:          -Platform input source = Default 
10-31 12:20:08.540   146   403 D RouteManager: doReconsiderRouting:          -Platform Band type = NB 
10-31 12:20:08.540   146   403 D RouteManager: doReconsiderRouting:          -Platform Has Direct Stream = no 
10-31 12:20:08.540   146   403 D RouteManager: doReconsiderRouting:          -Platform TTY direction = <none> 
10-31 12:20:08.540   146   403 D RouteManager: doReconsiderRouting:          -Platform HAC Mode = Off 
10-31 12:20:08.540   146   403 D RouteManager: doReconsiderRouting:          -Platform Screen State = On 
10-31 12:20:08.540   146   403 D RouteManager: doReconsiderRouting:      Route state:
10-31 12:20:08.540   146   403 D RouteManager: doReconsiderRouting:          -Previously Enabled Route in Input = <none>
10-31 12:20:08.540   146   403 D RouteManager: doReconsiderRouting:          -Previously Enabled Route in Output = VirtualASP
10-31 12:20:08.540   146   403 D RouteManager: doReconsiderRouting:          -Selected Route in Input = <none>
10-31 12:20:08.540   146   403 D RouteManager: doReconsiderRouting:          -Selected Route in Output = Media|HwCodecMedia|VirtualASP
10-31 12:20:08.540   146   403 D RouteManager: doReconsiderRouting:          -Route that need reconfiguration in Input = <none>
10-31 12:20:08.540   146   403 D RouteManager: doReconsiderRouting:          -Route that need reconfiguration in Output = <none>
10-31 12:20:08.540   146   403 D RouteManager: executeMuteStage: --------------- Routing Stage = Mute ---------------
10-31 12:20:08.540   146   403 D RouteManager: Selection criterion changed event: Criterion name: RoutageState, current state: Flow
10-31 12:20:08.540   146   403 D RouteManager: Configuration application request {
10-31 12:20:08.540   146   403 D RouteManager:     Applying configurations {
10-31 12:20:08.540   146   403 D RouteManager:     } Applying configurations
10-31 12:20:08.540   146   403 D RouteManager: } Configuration application request
10-31 12:20:08.540   146   403 D RouteManager: executeDisableStage: --------------- Routing Stage = Disable ---------------
10-31 12:20:08.540   146   403 D RouteManager: Selection criterion changed event: Criterion name: RoutageState, current state: Path
10-31 12:20:08.540   146   403 D RouteManager: Configuration application request {
10-31 12:20:08.540   146   403 D RouteManager:     Applying configurations {
10-31 12:20:08.540   146   403 D RouteManager:     } Applying configurations
10-31 12:20:08.540   146   403 D RouteManager: } Configuration application request
10-31 12:20:08.540   146   403 D RouteManager: executeConfigureStage: --------------- Routing Stage = Configure ---------------
10-31 12:20:08.540   146   403 D RouteManager: Selection criterion changed event: Criterion name: RoutageState, current state: Configure
10-31 12:20:08.540   146   403 D RouteManager: Selection criterion changed event: Criterion name: OpenedPlaybackRoutes, current state: Media|HwCodecMedia|VirtualASP
10-31 12:20:08.540   146   403 D RouteManager: Configuration application request {
10-31 12:20:08.540   146   403 D RouteManager:     Applying configurations {
10-31 12:20:08.540   146   403 D RouteManager:         Applying configuration "Activated" from domain "Routing.Configure.LPE_Mixer.IHF"
10-31 12:20:08.540   416   442 D KeyguardViewMediator: setHidden false
10-31 12:20:08.560   416   442 V KeyguardStatusView: refresh statusview showing:true
10-31 12:20:08.560   416   442 D KeyguardViewMediator: setHidden false
10-31 12:20:08.570   146   403 D RouteManager:     } Applying configurations
10-31 12:20:08.570   146   403 D RouteManager: } Configuration application request
10-31 12:20:08.570   146   403 D RouteManager: executeEnableStage: --------------- Routing Stage = Enable ---------------
10-31 12:20:08.570   146   403 D RouteManager: Selection criterion changed event: Criterion name: RoutageState, current state: Path|Configure
10-31 12:20:08.570   146   403 D RouteManager: Configuration application request {
10-31 12:20:08.570   146   403 D RouteManager:     Applying configurations {
10-31 12:20:08.570   146   403 D RouteManager:     } Applying configurations
10-31 12:20:08.570   146   403 D RouteManager: } Configuration application request
10-31 12:20:08.560   146   403 I KERNEL  : [   53.677480] snd_intel_sst: setting pp param
10-31 12:20:08.570   416   489 I WAKELOCK_ACQUIRE: TIMESTAMP=53584926768, TAG=AlarmManager, TYPE=PARTIAL_WAKE_LOCK             , COUNT=0, PID=416, UID=1000
10-31 12:20:08.570   146   403 D RouteManager: enableRoutes: Routes to be enabled(routed) in Output = Media|HwCodecMedia
10-31 12:20:08.570   146   403 D RouteManager/StreamRoute: openPcmDevice called for card (cloverviewaudio,0)
10-31 12:20:08.570   146   403 D RouteManager/StreamRoute: openPcmDevice		 config=rate(48000), format(0), channels(2))
10-31 12:20:08.570   146   403 D RouteManager/StreamRoute: openPcmDevice		 period_size=2304, period_count=2
10-31 12:20:08.570   146   403 D RouteManager/StreamRoute: openPcmDevice		 startTh=4607, stop Th=4608 silence Th=0
10-31 12:20:08.570   416   442 D KeyguardViewMediator: setHidden false
