10-31 12:19:50.140   704   942 I SE_HOME : BORQS#####################release imagedata name = previewapp_com.google.android.googlequicksearchbox_com.google.android.googlequicksearchbox.VoiceSearchActivity_icon_imageKey
10-31 12:19:50.140   704  1198 I SE_HOME : ## jbitmap bitmapInfo format = 1 #
10-31 12:19:50.140   704  1198 I SE_HOME : ## jbitmap width = 128, height = 256 , format = 1 ##
10-31 12:19:50.150   416   940 I am_create_service: [0,555008288,com.borqs.dialer/com.borqs.qsc.service.WService,1746]
10-31 12:19:50.150   704  1198 I SE_HOME : ## jbitmap bitmapInfo format = 1 #
10-31 12:19:50.150   704  1198 I SE_HOME : ## jbitmap width = 128, height = 256 , format = 1 ##
10-31 12:19:50.150   704   942 I SE_HOME : BORQS#####################release imagedata name = previewapp_com.borqs.qiupu_com.borqs.qiupu.ui.bpc.MainSplashActivity_icon_imageKey
10-31 12:19:50.160   416  1787 I WAKELOCK_ACQUIRE: TIMESTAMP=35175013131, TAG=GeofencerStateMachine, TYPE=PARTIAL_WAKE_LOCK             , COUNT=0, PID=795, UID=10012
10-31 12:19:50.160   416  1788 I WAKELOCK_RELEASE: TIMESTAMP=35176383143, TAG=GeofencerStateMachine, TYPE=PARTIAL_WAKE_LOCK             , COUNT=0, PID=795, UID=10012
10-31 12:19:50.160   704  1198 I SE_HOME : ## jbitmap bitmapInfo format = 1 #
10-31 12:19:50.160   704  1198 I SE_HOME : ## jbitmap width = 128, height = 256 , format = 1 ##
10-31 12:19:50.170  1746  1753 D dalvikvm: Rejecting registerization due to and-int/lit8 v4, v6, (#15)
10-31 12:19:50.180  1614  1614 D YouTube MDX: Recieved intent android.intent.action.SCREEN_ON
10-31 12:19:50.190   704  1198 D dalvikvm: GC_FOR_ALLOC freed 2380K, 41% free 5933K/10000K, paused 22ms, total 22ms
10-31 12:19:50.190   704   942 I SE_HOME : BORQS#####################release imagedata name = previewapp_com.google.android.youtube_com.google.android.youtube.app.honeycomb.Shell$HomeActivity_icon_imageKey
10-31 12:19:50.190   704   942 I SE_HOME : BORQS#####################release imagedata name = previewapp_com.myzaker.ZAKER_Phone_com.myzaker.ZAKER_Phone.view.LogoActivity_icon_imageKey
10-31 12:19:50.200   704  1198 I SE_HOME : ## jbitmap bitmapInfo format = 1 #
10-31 12:19:50.200   416   441 I power_screen_broadcast_done: [1,368,1]
10-31 12:19:50.200   416   441 I power_screen_broadcast_send: 1
10-31 12:19:50.200   416   441 I power_screen_state: [0,3,0,0]
10-31 12:19:50.200   416   715 I WAKELOCK_ACQUIRE: TIMESTAMP=35211053096, TAG=RILJ, TYPE=PARTIAL_WAKE_LOCK             , COUNT=0, PID=649, UID=1001
10-31 12:19:50.200   416   938 I WAKELOCK_ACQUIRE: TIMESTAMP=35214492978, TAG=RILJ, TYPE=PARTIAL_WAKE_LOCK             , COUNT=0, PID=649, UID=1001
10-31 12:19:50.200   416   441 I screen_toggled: 0
10-31 12:19:50.200   704  1198 I SE_HOME : ## jbitmap width = 128, height = 256 , format = 1 ##
10-31 12:19:50.200   416   441 I WindowManager: Screen turned off...
10-31 12:19:50.200   416   441 D KeyguardViewMediator: onScreenTurnedOff(3)
10-31 12:19:50.200  1746  1746 D SyncReceiver:  onReceive , addr:com.borqs.provider.calls.service.SyncReceiver@20e0a310 context:android.app.ReceiverRestrictedContext@20dfd358 intent:Intent { act=android.intent.action.BOOT_COMPLETED flg=0x10 cmp=com.borqs.dialer/com.borqs.provider.calls.service.SyncReceiver (has extras) }
10-31 12:19:50.200   416   441 D KeyguardViewMediator: notifyScreenOffLocked
10-31 12:19:50.200   416   441 D KeyguardViewMediator: resetStateLocked
10-31 12:19:50.200   416   442 D KeyguardViewMediator: handleNotifyScreenOff
10-31 12:19:50.200   416   442 D KeyguardViewManager: onScreenTurnedOff()
10-31 12:19:50.200   416   442 D KeyguardHostView: screen off, instance 20e38f68 at 35219
10-31 12:19:50.200   148   463 I RILR    : CChannel::ProcessModemData() - INFO: chnl=[4] size=[44] RX [<cr><lf>+XREG: 1,2,BAND_UMTS_I,"A045","00551C2E"<cr><lf>]
10-31 12:19:50.200   148   463 I RILR    : CSilo_Network::ParseRegistrationStatus() - XREG paramcount=5  fUnsolicited=1
10-31 12:19:50.200   148   463 I RILR    : [RIL STATE] GPRS REG STATUS = REGISTERED, HOME NETWORK  RAT = RADIO_TECH_UMTS
10-31 12:19:50.200   148   463 I RILR    : CChannel::ProcessResponse : chnl=[4] unsolicited notification resultcode=[1002]
10-31 12:19:50.200   148   463 I RILR    : RIL_onUnsolicitedResponse() - RIL_UNSOL_RESPONSE_VOICE_NETWORK_STATE_CHANGED
10-31 12:19:50.200   148   463 I RILR    : RIL_onUnsolicitedResponse() - pData is NULL! id=1002
10-31 12:19:50.200   148   463 I RILR    : Calling gs_pRilEnv->OnUnsolicitedResponse()... id=1002
10-31 12:19:50.200   649   825 D RILJ    : [UNSL]< UNSOL_RESPONSE_VOICE_NETWORK_STATE_CHANGED
10-31 12:19:50.200   649   649 D RILJ    : [0086]> DATA_REGISTRATION_STATE
10-31 12:19:50.200   649   649 D RILJ    : [0087]> VOICE_REGISTRATION_STATE
10-31 12:19:50.200   148   186 I RILR    : onRequest() - id=21 token: 0x40716ab0
10-31 12:19:50.200   148   186 I RILR    : CTE::HandleRequest() - id=21 token: 0x40716ab0
10-31 12:19:50.200   148   186 I RILR    : After OnRequestComplete(): token=0x40716ab0, eErrNo=0, pResponse=[0x40414398], len=[24]
10-31 12:19:50.200   649   825 D RILJ    : [0086]< DATA_REGISTRATION_STATE {1, a045, 551c2e, 3, null, 3}
10-31 12:19:50.200   649   649 D RILJ    : [0088]> QUERY_NETWORK_SELECTION_MODE
10-31 12:19:50.210   416   725 I WAKELOCK_ACQUIRE: TIMESTAMP=35219057206, TAG=RILJ, TYPE=PARTIAL_WAKE_LOCK             , COUNT=0, PID=649, UID=1001
10-31 12:19:50.210   148   186 I RILR    : onRequest() - id=20 token: 0x40716ab0
10-31 12:19:50.210   148   186 I RILR    : CTE::HandleRequest() - id=20 token: 0x40716ab0
10-31 12:19:50.210   148   186 I RILR    : CRequestInfoTable::GetRequestInfo() - RequestID 0x13: Timeout [10000]
10-31 12:19:50.210   148   186 I RILR    : onRequest() - id=45 token: 0x40716ad0
10-31 12:19:50.210   148   186 I RILR    : CTE::HandleRequest() - id=45 token: 0x40716ad0
10-31 12:19:50.210   148   186 I RILR    : CRequestInfoTable::GetRequestInfo() - RequestID 0x2C: Timeout [100000]
10-31 12:19:50.210   704   942 I SE_HOME : BORQS#####################release imagedata name = previewapp_com.diguayouxi_com.diguayouxi.ui.FirstActivity_icon_imageKey
10-31 12:19:50.220   416   441 I WAKELOCK_ACQUIRE: TIMESTAMP=35234238283, TAG=ActivityManager-Sleep, TYPE=PARTIAL_WAKE_LOCK             , COUNT=0, PID=416, UID=1000
10-31 12:19:50.220  1716  1723 D dalvikvm: Rejecting registerization due to ushr-int/lit8 v4, v7, (#19)
10-31 12:19:50.220   704  1198 I SE_HOME : ## jbitmap bitmapInfo format = 1 #
10-31 12:19:50.220   704  1198 I SE_HOME : ## jbitmap width = 128, height = 256 , format = 1 ##
10-31 12:19:50.230  1716  1720 D dalvikvm: GC_CONCURRENT freed 2419K, 40% free 4065K/6732K, paused 2ms+20ms, total 56ms
10-31 12:19:50.230   416   442 V KeyguardHostView: showPrimarySecurityScreen(turningOff=true)
10-31 12:19:50.230   416   442 D KeyguardHostView: showSecurityScreen(Pattern)
10-31 12:19:50.230   416   442 D CameraWidgetFrame: onScreenTurnedOff
10-31 12:19:50.230   416   442 D CameraWidgetFrame: reset at 35248
10-31 12:19:50.230   416   442 D CameraWidgetFrame: cancelTransitionToCamera at 35248
10-31 12:19:50.250   416   442 D KeyguardViewMediator: handleReset
10-31 12:19:50.250   416   442 D KeyguardViewManager: reset()
10-31 12:19:50.250   416   442 D KeyguardHostView: onSaveInstanceState
10-31 12:19:50.260   704  1198 I SE_HOME : ## jbitmap bitmapInfo format = 1 #
10-31 12:19:50.260   704  1198 I SE_HOME : ## jbitmap width = 128, height = 256 , format = 1 ##
10-31 12:19:50.270   704   942 I SE_HOME : BORQS#####################release imagedata name = previewapp_com.youdao.dict_com.youdao.dict.activity.DictSplashActivity_icon_imageKey
10-31 12:19:50.270   416   441 I am_pause_activity: [0,551875256,com.borqs.se/.HomeAlias2]
10-31 12:19:50.270   416   923 I dvm_lock_sample: [system_server,1,Binder_9,69,ActivityManagerService.java,10984,BroadcastQueue.java,467,13]
10-31 12:19:50.270   416   923 I am_create_service: [0,556671200,com.borqs.dialer/com.borqs.provider.calls.service.SyncService,1746]
10-31 12:19:50.270   704   942 I SE_HOME : BORQS#####################release imagedata name = previewapp_com.ting.mp3.android_com.baidu.music.ui.splash.SplashActivity_icon_imageKey
10-31 12:19:50.270   704   704 D 3DHome  : SEHomeActivity onPause time : 1383193190281
10-31 12:19:50.270   704  1198 I SE_HOME : ## jbitmap bitmapInfo format = 1 #
10-31 12:19:50.270   704  1198 I SE_HOME : ## jbitmap width = 128, height = 256 , format = 1 ##
10-31 12:19:50.270   704  1198 I SE_HOME : ## jbitmap bitmapInfo format = 1 #
10-31 12:19:50.270   704  1198 I SE_HOME : ## jbitmap width = 128, height = 256 , format = 1 ##
10-31 12:19:50.270   416   442 D CameraWidgetFrame: onDetachedFromWindow: instance 21000970 at 35289
10-31 12:19:50.280   416   442 D CameraWidgetFrame: cancelTransitionToCamera at 35290
10-31 12:19:50.280  1746  1753 D dalvikvm: Rejecting registerization due to mul-int/lit8 v4, v2, (#31)
10-31 12:19:50.280   704   942 I SE_HOME : BORQS#####################release imagedata name = previewapp_com.imangi.templerun2_com.skynet.android.impl.ui.SkynetSplashActivity_icon_imageKey
10-31 12:19:50.280   704   942 I SE_HOME : BORQS#####################release imagedata name = app_ComponentInfo{com.android.settings/com.android.settings.Settings}_1387843858228_icon0_imagekey
10-31 12:19:50.280    71    71 I KERNEL  : [   35.403018] [drm] __dpi_enter_ulps_locked: entered ULPS state
10-31 12:19:50.290   416   441 D Vibrator: switchOff : Turn OFF vibrator request
10-31 12:19:50.290   416   486 D EVENT_THREAD: void CEventThread::cancelAlarm()
10-31 12:19:50.290   416   486 D EVENT_THREAD: void CEventThread::run() Do poll with timeout: -1
10-31 12:19:50.290   416   512 I WifiHW  : CMD: SET pno 1
10-31 12:19:50.300   416   441 I WAKELOCK_ACQUIRE: TIMESTAMP=35309219489, TAG=WifiSuspend, TYPE=PARTIAL_WAKE_LOCK             , COUNT=0, PID=416, UID=1000
10-31 12:19:50.300   523   523 D wpa_supplicant: RX ctrl_iface - hexdump(len=9): 53 45 54 20 70 6e 6f 20 31
10-31 12:19:50.300   523   523 D wpa_supplicant: wlan0: Control interface command 'SET pno 1'
10-31 12:19:50.300   523   523 D wpa_supplicant: CTRL_IFACE SET 'pno'='1'
10-31 12:19:50.300   523   523 D wpa_supplicant: wlan0: Cancelling scan request
10-31 12:19:50.300   523   523 D wpa_supplicant: For PNO Scan - hexdump(len=9): 42 4f 52 51 53 20 56 49 50
10-31 12:19:50.300   523   523 D wpa_supplicant: For PNO Scan - hexdump(len=10): 42 4f 52 51 53 20 57 69 66 69
10-31 12:19:50.300   523   523 D wpa_supplicant: For PNO Scan - hexdump(len=14): 54 50 2d 4c 49 4e 4b 5f 73 74 72 6f 6e 67
10-31 12:19:50.300   416   512 I WifiHW  : REPLY: OK
10-31 12:19:50.300   416   512 I WifiHW  : CMD: DRIVER SETSUSPENDMODE 1
10-31 12:19:50.300   523   523 D wpa_supplicant: RX ctrl_iface - hexdump(len=23): 44 52 49 56 45 52 20 53 45 54 53 55 53 50 45 4e 44 4d 4f 44 45 20 31
10-31 12:19:50.300   523   523 D wpa_supplicant: wlan0: Control interface command 'DRIVER SETSUSPENDMODE 1'
10-31 12:19:50.300   523   523 I KERNEL  : [   35.430599] dhd_set_suspend: force extra Suspend setting
10-31 12:19:50.310   704   942 I SE_HOME : ## se destroy command###
10-31 12:19:50.310   704   942 E libEGL  : call to OpenGL ES API with no current context (logged once per thread)
10-31 12:19:50.310   704   942 I SE_HOME : ### delete texture /data/data/com.borqs.se/files/downloaded_resource/com.borqs.se.object.rubik/mofang.jpg ##
10-31 12:19:50.310   704   942 I SE_HOME : ### delete texture assets/base/desk_2/object_table_fhq.png ##
10-31 12:19:50.310   704   942 I SE_HOME : ### delete texture assets/base/fangdajing/wangyuanjing_01.jpg ##
10-31 12:19:50.310   704   942 I SE_HOME : ### delete texture assets/base/globe/diqiuyiyiqiong.jpg ##
10-31 12:19:50.310   704   942 I SE_HOME : ### delete texture assets/base/globe/dituyiqiong.jpg ##
10-31 12:19:50.310   704   942 I SE_HOME : ### delete texture assets/base/home8/woodTexture/home_biankuang01_fhq.jpg ##
10-31 12:19:50.310   704   942 I SE_HOME : ### delete texture assets/base/home8/woodTexture/home_bizhi01_fhq.jpg ##
10-31 12:19:50.310   704   942 I SE_HOME : ### delete texture assets/base/home8/woodTexture/home_dengguang01_fhq.png ##
10-31 12:19:50.310   704   942 I SE_HOME : ### delete texture assets/base/home8/woodTexture/home_dimian01_fhq.jpg ##
10-31 12:19:50.310   704   942 I SE_HOME : ### delete texture assets/base/home8/woodTexture/home_touying_zch.png ##
10-31 12:19:50.310   704   942 I SE_HOME : ### delete texture assets/base/home8/woodTexture/home_wuding01_fhq.jpg ##
10-31 12:19:50.310   704   942 I SE_HOME : ### delete texture assets/base/home8/woodTexture/home_wuding02_fhq.jpg ##
10-31 12:19:50.310   704   942 I SE_HOME : ### delete texture assets/base/s3/dh_03.jpg ##
10-31 12:19:50.310   704   942 I SE_HOME : ### delete texture assets/base/s3/sjdizuo_01.jpg ##
10-31 12:19:50.310   704   942 I SE_HOME : ### delete texture assets/base/sky/fog.png ##
10-31 12:19:50.310   704   942 I SE_HOME : ### delete texture assets/base/sky/qingtianbogyun.jpg ##
10-31 12:19:50.310   704   942 I SE_HOME : ### delete texture assets/base/sms/duanxin.jpg ##
10-31 12:19:50.310   416   442 V TransportControlView: Create TCV com.android.internal.policy.impl.keyguard.KeyguardTransportControlView{212f55e8 V.E..... ......I. 0,0-0,0 #1020308 android:id/keyguard_transport_control}
10-31 12:19:50.310   523   523 D wpa_supplicant: wpa_driver_nl80211_driver_cmd  len = 0, 0
10-31 12:19:50.320   416   512 I WAKELOCK_RELEASE: TIMESTAMP=35329017423, TAG=WifiSuspend, TYPE=PARTIAL_WAKE_LOCK             , COUNT=0, PID=416, UID=1000
10-31 12:19:50.320   416   512 I WifiHW  : REPLY: OK
10-31 12:19:50.340   146   146 D AudioHardwareALSA: setParameters
10-31 12:19:50.340   146   146 D RouteManager: doSetParameters: key value pair screen_state=off, {+++ RECONSIDER ROUTING +++} due to External parameter change
10-31 12:19:50.340   146   146 D RouteManager: reconsiderRouting
10-31 12:19:50.340   146   146 D EVENT_THREAD: void CEventThread::trig(uint16_t): in
10-31 12:19:50.340   146   146 D EVENT_THREAD: void CEventThread::trig(uint16_t): out
10-31 12:19:50.340   146   403 D RouteManager: doReconsiderRouting:       Platform State:
10-31 12:19:50.340   146   403 D RouteManager: doReconsiderRouting:          -Modem Alive = 1 
10-31 12:19:50.340   146   403 D RouteManager: doReconsiderRouting:          -Modem Call Active = 0 
10-31 12:19:50.340   146   403 D RouteManager: doReconsiderRouting:          -Is Shared I2S glitch free=1 
10-31 12:19:50.340   146   403 D RouteManager: doReconsiderRouting:          -Android Telephony Mode = Normal 
10-31 12:19:50.340   146   403 D RouteManager: doReconsiderRouting:          -RTE MGR HW Mode = Normal 
10-31 12:19:50.340   146   403 D RouteManager: doReconsiderRouting:          -BT Enabled = 1 
10-31 12:19:50.340   146   403 D RouteManager: doReconsiderRouting:          -Platform output device = IHF 
10-31 12:19:50.340   146   403 D RouteManager: doReconsiderRouting:          -Platform input device = <none> 
10-31 12:19:50.340   146   403 D RouteManager: doReconsiderRouting:          -Platform input source = Default 
10-31 12:19:50.340   146   403 D RouteManager: doReconsiderRouting:          -Platform Band type = NB 
10-31 12:19:50.340   146   403 D RouteManager: doReconsiderRouting:          -Platform Has Direct Stream = no 
10-31 12:19:50.340   146   403 D RouteManager: doReconsiderRouting:          -Platform TTY direction = <none> 
10-31 12:19:50.340   146   403 D RouteManager: doReconsiderRouting:          -Platform HAC Mode = Off 
10-31 12:19:50.340   146   403 D RouteManager: doReconsiderRouting:          -Platform Screen State = Off [has changed]
10-31 12:19:50.340   146   403 D RouteManager: doReconsiderRouting:      Route state:
10-31 12:19:50.340   146   403 D RouteManager: doReconsiderRouting:          -Previously Enabled Route in Input = <none>
10-31 12:19:50.340   146   403 D RouteManager: doReconsiderRouting:          -Previously Enabled Route in Output = VirtualASP
10-31 12:19:50.340   146   403 D RouteManager: doReconsiderRouting:          -Selected Route in Input = <none>
10-31 12:19:50.340   146   403 D RouteManager: doReconsiderRouting:          -Selected Route in Output = <none>
10-31 12:19:50.340   146   403 D RouteManager: doReconsiderRouting:          -Route that need reconfiguration in Input = <none>
10-31 12:19:50.340   146   403 D RouteManager: doReconsiderRouting:          -Route that need reconfiguration in Output = <none>
10-31 12:19:50.340   146   403 D RouteManager: executeMuteStage: --------------- Routing Stage = Mute ---------------
10-31 12:19:50.340   146   403 D RouteManager: Selection criterion changed event: Criterion name: RoutageState, current state: Flow
10-31 12:19:50.340   146   403 D RouteManager: muteRoutes: Expected Routes to be muted in Output = VirtualASP
10-31 12:19:50.340   146   403 D RouteManager: Selection criterion changed event: Criterion name: ClosingPlaybackRoutes, current state: VirtualASP
10-31 12:19:50.340   146   403 D RouteManager: Selection criterion changed event: Criterion name: OpenedPlaybackRoutes, current state: <none>
10-31 12:19:50.340   146   403 D RouteManager: Configuration application request {
10-31 12:19:50.340   146   403 D RouteManager:     Applying configurations {
10-31 12:19:50.340   146   403 D RouteManager:         Applying configuration "Mute" from domain "Routing.Mute.HWCodec.Playback.IHF"
10-31 12:19:50.350   146   403 D RouteManager:     } Applying configurations
10-31 12:19:50.350   146   403 D RouteManager: } Configuration application request
10-31 12:19:50.350   146   403 D RouteManager: executeDisableStage: --------------- Routing Stage = Disable ---------------
10-31 12:19:50.350   146   403 D RouteManager: Selection criterion changed event: Criterion name: RoutageState, current state: Path
10-31 12:19:50.350   146   403 D RouteManager: disableRoutes: Routes to be disabled(unrouted) in Output = VirtualASP
10-31 12:19:50.350   146   403 D RouteManager: Configuration application request {
10-31 12:19:50.350   146   403 D RouteManager:     Applying configurations {
10-31 12:19:50.350   146   403 D RouteManager:     } Applying configurations
10-31 12:19:50.350   146   403 D RouteManager: } Configuration application request
10-31 12:19:50.350   146   403 D RouteManager: executeConfigureStage: --------------- Routing Stage = Configure ---------------
10-31 12:19:50.350   146   403 D RouteManager: Selection criterion changed event: Criterion name: RoutageState, current state: Configure
10-31 12:19:50.350   146   403 D RouteManager: Selection criterion changed event: Criterion name: ClosingPlaybackRoutes, current state: <none>
10-31 12:19:50.350   146   403 D RouteManager: Selection criterion changed event: Criterion name: ScreenState, current state: Off
10-31 12:19:50.350   146   403 D RouteManager: Configuration application request {
10-31 12:19:50.350   146   403 D RouteManager:     Applying configurations {
10-31 12:19:50.350   146   403 D RouteManager:         Applying configuration "Disable" from domain "VirtualASP"
10-31 12:19:50.360   416   428 I am_create_service: [0,557311968,com.borqs.se/.home3d.LocalService,704]
10-31 12:19:50.360   704   704 I am_on_paused_called: [0,com.borqs.se.HomeAlias2]
10-31 12:19:50.370   416   444 E NotificationService: Ignoring notification with icon==0: Notification(pri=0 contentView=com.borqs.se/0x109008f vibrate=null sound=null defaults=0x0 flags=0x62 kind=[null])
10-31 12:19:50.370   416   444 I notification_enqueue: [com.borqs.se,12314,NULL,0,Notification(pri=0 contentView=com.borqs.se/0x109008f vibrate=null sound=null defaults=0x0 flags=0x40 kind=[null])]
10-31 12:19:50.370   704   704 D 3DHome  : ###########################start localservice
10-31 12:19:50.380   416   442 D KeyguardActivityLauncher: getCameraWidgetInfo(): resolved: ResolveInfo{21394fb8 com.android.camera.SecureCameraActivity p=0 o=0 m=0x108000}
10-31 12:19:50.380   416   442 D CameraWidgetFrame: inflateWidgetView: com.android.gallery3d
10-31 12:19:50.390  1910  1910 D dalvikvm: Try to disable coredump for pid 1910
10-31 12:19:50.390   416   826 I am_proc_start: [0,1910,1000,com.android.settings,broadcast,com.android.settings/.widget.SettingsAppWidgetProvider]
10-31 12:19:50.390   704   713 D dalvikvm: Rejecting registerization due to ushr-int/lit8 v0, v2, (#19)
10-31 12:19:50.400   416   826 I ActivityManager: Start proc com.android.settings for broadcast com.android.settings/.widget.SettingsAppWidgetProvider: pid=1910 uid=1000 gids={41000, 1015, 1028, 3002, 3001, 3003, 3007}
10-31 12:19:50.410   416   725 I am_proc_bound: [0,1910,com.android.settings]
10-31 12:19:50.420   416   442 D CameraWidgetFrame: new CameraWidgetFrame instance 213c6270
10-31 12:19:50.450   416   715 I force_gc: Binder
10-31 12:19:50.450   416   715 D dalvikvm: WAIT_FOR_CONCURRENT_GC blocked 1ms
10-31 12:19:50.530   416   715 D dalvikvm: GC_EXPLICIT freed 2652K, 19% free 13208K/16144K, paused 2ms+8ms, total 76ms
10-31 12:19:50.530   416   442 D dalvikvm: WAIT_FOR_CONCURRENT_GC blocked 74ms
10-31 12:19:50.540   523   523 D wpa_supplicant: EAPOL: Supplicant port status: Unauthorized
10-31 12:19:50.560    57    57 I KERNEL  : [   35.683448] set_clk0 request OFF for Mode 0x20
10-31 12:19:50.560    57    57 I KERNEL  : [   35.683586] set_clk0: disabling clk, mode 0x0
10-31 12:19:50.560   146   403 D RouteManager:     } Applying configurations
10-31 12:19:50.560   146   403 D RouteManager: } Configuration application request
10-31 12:19:50.560   146   403 D RouteManager: executeEnableStage: --------------- Routing Stage = Enable ---------------
10-31 12:19:50.560   146   403 D RouteManager: Selection criterion changed event: Criterion name: RoutageState, current state: Path|Configure
10-31 12:19:50.560   146   403 D RouteManager: Configuration application request {
10-31 12:19:50.560   146   403 D RouteManager:     Applying configurations {
10-31 12:19:50.560   146   403 D RouteManager:     } Applying configurations
10-31 12:19:50.560   146   403 D RouteManager: } Configuration application request
10-31 12:19:50.560   146   403 D RouteManager: executeUnmuteStage: --------------- Routing Stage = Unmute ---------------
10-31 12:19:50.560   146   403 D RouteManager: Selection criterion changed event: Criterion name: RoutageState, current state: Flow|Path|Configure
10-31 12:19:50.560   146   403 D RouteManager: Configuration application request {
10-31 12:19:50.560   146   403 D RouteManager:     Applying configurations {
10-31 12:19:50.560   146   403 D RouteManager:     } Applying configurations
10-31 12:19:50.560   146   403 D RouteManager: } Configuration application request
10-31 12:19:50.560   146   403 D EVENT_THREAD: void CEventThread::run() Do poll with timeout: -1
10-31 12:19:50.560   416   442 I am_create_service: [0,557653560,com.android.mms/.widget.MmsWidgetService,1452]
10-31 12:19:50.560   146   146 D RouteManager: reconsiderRouting: DONE
10-31 12:19:50.560    57    57 I KERNEL  : [   35.683772] configuring OSC_CLK_AUDIO now
10-31 12:19:50.570   416   442 D KeyguardHostView: Show right-most page 2
10-31 12:19:50.570   704   704 D 3DHome  : SEHomeActivity onStop time : 1383193190580
10-31 12:19:50.570   416   499 D BluetoothManagerService: Message: 20
10-31 12:19:50.570   416   499 D BluetoothManagerService: Added callback: android.bluetooth.IBluetoothManagerCallback$Stub$Proxy@20d65660:true
10-31 12:19:50.570  1062  1158 D BluetoothAdapterService(550892272): getState(): mAdapterProperties: com.android.bluetooth.btservice.AdapterProperties@20d5fff8
10-31 12:19:50.580   416   715 I WAKELOCK_ACQUIRE: TIMESTAMP=35590825487, TAG=RILJ, TYPE=PARTIAL_WAKE_LOCK             , COUNT=0, PID=649, UID=1001
10-31 12:19:50.580  1910  1910 W ApplicationContext: Calling a method in the system process without a qualified user: android.app.ContextImpl.bindService:1406 android.content.ContextWrapper.bindService:473 android.bluetooth.BluetoothA2dp.<init>:160 
10-31 12:19:50.580  1910  1910 D LocalBluetoothProfileManager: Adding local A2DP profile
10-31 12:19:50.580   416   499 D BluetoothManagerService: Message: 30
10-31 12:19:50.580   649   649 D RILJ    : [0089]> SCREEN_STATE: false
10-31 12:19:50.580   148   186 I RILR    : onRequest() - id=61 token: 0x40716b60
10-31 12:19:50.580   148   186 I RILR    : CTE::HandleRequest() - id=61 token: 0x40716b60
10-31 12:19:50.590   649   649 D GSM     : [GsmDCT] onReceive: action=android.intent.action.SCREEN_OFF
10-31 12:19:50.590   649   649 D GSM     : [GsmDCT] stopNetStatPoll
10-31 12:19:50.590   649   649 D GSM     : [GsmDCT] overall state is IDLE
10-31 12:19:50.600  1910  1910 D LocalBluetoothProfileManager: Adding local HEADSET profile
10-31 12:19:50.600   704   704 D dalvikvm: GC_EXPLICIT freed 777K, 42% free 5847K/10000K, paused 1ms+2ms, total 30ms
10-31 12:19:50.600  1910  1910 W ApplicationContext: Calling a method in the system process without a qualified user: android.app.ContextImpl.bindService:1406 android.content.ContextWrapper.bindService:473 android.bluetooth.BluetoothHeadset.<init>:273 
10-31 12:19:50.600   416   499 D BluetoothManagerService: Message: 30
10-31 12:19:50.610   416  1785 I WAKELOCK_RELEASE: TIMESTAMP=35627520424, TAG=ActivityManager-Sleep, TYPE=PARTIAL_WAKE_LOCK             , COUNT=0, PID=416, UID=1000
10-31 12:19:50.620  1910  1910 W ApplicationContext: Calling a method in the system process without a qualified user: android.app.ContextImpl.bindService:1406 android.content.ContextWrapper.bindService:473 android.bluetooth.BluetoothInputDevice.<init>:240 
10-31 12:19:50.620  1910  1910 W ApplicationContext: Calling a method in the system process without a qualified user: android.app.ContextImpl.bindService:1406 android.content.ContextWrapper.bindService:473 android.bluetooth.BluetoothPan.<init>:141 
10-31 12:19:50.620   416   499 D BluetoothManagerService: Message: 30
10-31 12:19:50.620   416   423 D dalvikvm: Rejecting registerization due to div-int/lit8 v0, v3, (#2)
10-31 12:19:50.620   416   499 D BluetoothManagerService: Message: 30
10-31 12:19:50.620  1910  1910 D BluetoothPan: BluetoothPan() call bindService
10-31 12:19:50.630  1910  1910 W ApplicationContext: Calling a method in the system process without a qualified user: android.app.ContextImpl.bindService:1406 android.content.ContextWrapper.bindService:473 android.bluetooth.BluetoothPbap.<init>:161 
10-31 12:19:50.630  1910  1910 D BluetoothPan: BluetoothPan(), bindService called
10-31 12:19:50.630   416   499 D BluetoothManagerService: Message: 30
10-31 12:19:50.630  1910  1910 D LocalBluetoothProfileManager: LocalBluetoothProfileManager construction complete
10-31 12:19:50.630  1062  1077 D BluetoothAdapterService(550892272): getState(): mAdapterProperties: com.android.bluetooth.btservice.AdapterProperties@20d5fff8
10-31 12:19:50.630   148   186 I RILR    : CRequestInfoTable::GetRequestInfo() - RequestID 0x3C: Timeout [10000]
10-31 12:19:50.630   148   186 I RILR    : After OnRequestComplete(): token=0x40716b60, eErrNo=0, pResponse=[0x00000000], len=[0]
10-31 12:19:50.630   148   462 I RILR    : CChannel::SendCommand() - chnl=[4] RILReqID=[60] retries=[1] Timeout=[10000] cmd1=[AT+CREG=1;+CGREG=1;+XREG=0;+XCSQ=0<cr>] cmd2=[AT+XFDOR=2,2,30<cr>]
10-31 12:19:50.630   148   462 I RILR    : CChannelBase::WriteToPort() - INFO: chnl=[4] TX [AT+CREG=1;+CGREG=1;+XREG=0;+XCSQ=0<cr>]
10-31 12:19:50.630   649   825 D RILJ    : [0089]< SCREEN_STATE 
10-31 12:19:50.630   148   463 I RILR    : CChannel::ProcessModemData() - INFO: chnl=[4] size=[6] RX [<cr><lf>OK<cr><lf>]
10-31 12:19:50.630   148   462 I RILR    : CChannelBase::WriteToPort() - INFO: chnl=[4] TX [AT+XFDOR=2,2,30<cr>]
10-31 12:19:50.630   148   463 I RILR    : CChannel::ProcessModemData() - INFO: chnl=[4] size=[6] RX [<cr><lf>OK<cr><lf>]
10-31 12:19:50.630   148   462 I RILR    : CTE::PostCmdHandlerCompleteRequest() RilToken NULL - May be internal request, RequestID: 60
10-31 12:19:50.640  1062  1079 D BluetoothAdapterService(550892272): getState(): mAdapterProperties: com.android.bluetooth.btservice.AdapterProperties@20d5fff8
10-31 12:19:50.640  1062  1157 D BluetoothAdapterService(550892272): getState(): mAdapterProperties: com.android.bluetooth.btservice.AdapterProperties@20d5fff8
10-31 12:19:50.640   416   442 V KeyguardHostView: showPrimarySecurityScreen(turningOff=false)
10-31 12:19:50.650  1062  1078 D BluetoothAdapterService(550892272): getState(): mAdapterProperties: com.android.bluetooth.btservice.AdapterProperties@20d5fff8
10-31 12:19:50.650   416   442 D KeyguardHostView: showSecurityScreen(Pattern)
10-31 12:19:50.650   416   442 V KeyguardHostView: inflating id = 17367136
10-31 12:19:50.650  1062  1077 D BluetoothAdapterService(550892272): Get Bonded Devices being called
10-31 12:19:50.670   416   725 I WAKELOCK_ACQUIRE: TIMESTAMP=35679630033, TAG=GeofencerStateMachine, TYPE=PARTIAL_WAKE_LOCK             , COUNT=0, PID=795, UID=10012
10-31 12:19:50.670   416   715 I WAKELOCK_RELEASE: TIMESTAMP=35681514874, TAG=GeofencerStateMachine, TYPE=PARTIAL_WAKE_LOCK             , COUNT=0, PID=795, UID=10012
10-31 12:19:50.680  1614  1614 D YouTube : apps.youtube.app.prefetch.g.onReceive:366 Received: android.intent.action.SCREEN_OFF
10-31 12:19:50.690  1062  1077 D BluetoothAdapterService(550892272): getState(): mAdapterProperties: com.android.bluetooth.btservice.AdapterProperties@20d5fff8
10-31 12:19:50.690  1614  1621 D dalvikvm: Rejecting registerization due to +iget-quick v3, v5, (#20)
10-31 12:19:50.690  1614  1614 D YouTube MDX: Recieved intent android.intent.action.SCREEN_OFF
10-31 12:19:50.710  1062  1114 W bt-sdp  : SDP - Rcvd conn cnf with error: 0x4  CID 0x41
10-31 12:19:50.710  1062  1113 D bt_vendor: op for 7
10-31 12:19:50.720  1910  1910 D BluetoothA2dp: Proxy object connected
10-31 12:19:50.720  1910  1910 D A2dpProfile: Bluetooth service connected
10-31 12:19:50.720  1910  1910 D BluetoothHeadset: Proxy object connected
10-31 12:19:50.720  1910  1910 D HeadsetProfile: Bluetooth service connected
10-31 12:19:50.720  1062  1157 D BluetoothAdapterService(550892272): getState(): mAdapterProperties: com.android.bluetooth.btservice.AdapterProperties@20d5fff8
10-31 12:19:50.730   416   442 I ActivityManager: Start proc com.google.android.gsf.login for service com.google.android.gsf.login/com.google.android.gsf.loginservice.GoogleLoginService: pid=1928 uid=10012 gids={50012, 3003, 1007, 1028, 1015, 1006, 2001, 3006}
10-31 12:19:50.730   416   442 I am_proc_start: [0,1928,10012,com.google.android.gsf.login,service,com.google.android.gsf.login/com.google.android.gsf.loginservice.GoogleLoginService]
10-31 12:19:50.730   416   428 I dvm_lock_sample: [system_server,0,Binder_2,10,ActivityManagerService.java,12138,-,11144,2]
10-31 12:19:50.730   416   441 I power_screen_broadcast_done: [0,535,1]
10-31 12:19:50.730  1928  1928 D dalvikvm: Try to disable coredump for pid 1928
10-31 12:19:50.740  1910  1910 D BluetoothInputDevice: Proxy object connected
10-31 12:19:50.740  1910  1910 D HidProfile: Bluetooth service connected
10-31 12:19:50.740  1910  1910 D BluetoothPan: BluetoothPAN Proxy object connected
10-31 12:19:50.740  1910  1910 D PanProfile: Bluetooth service connected
10-31 12:19:50.750  1062  1078 D BluetoothAdapterService(550892272): getState(): mAdapterProperties: com.android.bluetooth.btservice.AdapterProperties@20d5fff8
10-31 12:19:50.750   416   940 I am_proc_bound: [0,1928,com.google.android.gsf.login]
10-31 12:19:50.760   416   940 I am_create_service: [0,551690296,com.google.android.gsf.login/com.google.android.gsf.loginservice.GoogleLoginService,1928]
10-31 12:19:50.770   416   442 D KeyguardHostView: onRestoreInstanceState
10-31 12:19:50.770  1062  1077 D BluetoothAdapterService(550892272): getState(): mAdapterProperties: com.android.bluetooth.btservice.AdapterProperties@20d5fff8
10-31 12:19:50.780   416   442 I Choreographer: Skipped 31 frames!  The application may be doing too much work on its main thread.
10-31 12:19:50.780   416   442 D MessageQueue: WARNING! VSYNC barrier removed too late: { what=0 when=-545ms arg1=70 }
10-31 12:19:50.800  1928  1935 D dalvikvm: Rejecting registerization due to mul-int/lit8 v4, v2, (#31)
10-31 12:19:50.800  1928  1935 D dalvikvm: Rejecting registerization due to mul-int/lit8 v4, v2, (#31)
10-31 12:19:50.810   416   442 D KeyguardViewMediator: setHidden false
10-31 12:19:50.820   416   442 D CameraWidgetFrame: onSizeChanged new=464x788 old=0x0 at 35831
10-31 12:19:50.820   416   442 D KeyguardHostView: Show right-most page 2
10-31 12:19:50.820   416   442 V KeyguardStatusView: refresh statusview showing:true
10-31 12:19:50.820   416   442 D CameraWidgetFrame: onKeyguardVisibilityChanged true at 35836
10-31 12:19:50.830   416   718 I am_destroy_service: [0,551690296,1928]
10-31 12:19:50.830   416   442 D CameraWidgetFrame: Rendered camera widget size=540x960 instance=213c6270
10-31 12:19:50.850   416   718 I ActivityManager: No longer want com.google.android.apps.genie.geniewidget (pid 1314): empty #17
10-31 12:19:50.850   416   718 I am_kill : [0,1314,com.google.android.apps.genie.geniewidget,15,too many background]
10-31 12:19:50.860   416   707 I am_proc_died: [0,1314,com.google.android.apps.genie.geniewidget]
10-31 12:19:50.860  1452  1459 D dalvikvm: Rejecting registerization due to div-int/lit8 v0, v3, (#2)
10-31 12:19:50.870  1452  1459 D dalvikvm: Rejecting registerization due to div-int/lit8 v0, v3, (#2)
10-31 12:19:50.890   416  1786 I ActivityManager: Start proc com.dianping.v1 for broadcast com.dianping.v1/com.xiaomi.push.service.receivers.NetworkStatusReceiver: pid=1942 uid=10075 gids={50075, 3003, 1015, 1006, 1028}
10-31 12:19:50.890   416  1786 I am_proc_start: [0,1942,10075,com.dianping.v1,broadcast,com.dianping.v1/com.xiaomi.push.service.receivers.NetworkStatusReceiver]
10-31 12:19:50.890  1942  1942 D dalvikvm: Try to disable coredump for pid 1942
10-31 12:19:50.920   416  1787 I am_proc_bound: [0,1942,com.dianping.v1]
10-31 12:19:51.020  1942  1942 I ActivityThread: Pub com.dianping.app.DianpingSuggestionProvider: com.dianping.app.SuggestionProvider
10-31 12:19:51.020  1942  1942 I ActivityThread: Pub dianping.searchcity: com.dianping.content.SearchCityProvider
10-31 12:19:51.020  1942  1942 I ActivityThread: Pub dianping.tuansearchcity: com.dianping.content.TuanSearchCityProvider
10-31 12:19:51.200  1962  1962 D dalvikvm: Try to disable coredump for pid 1962
10-31 12:19:51.210   416  1787 I ActivityManager: Start proc com.dianping.v1:pushservice for service com.dianping.v1/com.xiaomi.push.service.XMPushService: pid=1962 uid=10075 gids={50075, 3003, 1015, 1006, 1028}
10-31 12:19:51.210   416  1787 I am_proc_start: [0,1962,10075,com.dianping.v1:pushservice,service,com.dianping.v1/com.xiaomi.push.service.XMPushService]
10-31 12:19:51.220   523   523 D wpa_supplicant: nl80211: Event message available
10-31 12:19:51.220   523   523 D wpa_supplicant: nl80211: New scan results available
10-31 12:19:51.220   523   523 D wpa_supplicant: wlan0: Event SCAN_RESULTS (3) received
10-31 12:19:51.220   523   523 D wpa_supplicant: nl80211: Received scan results (0 BSSes)
10-31 12:19:51.220   523   523 D wpa_supplicant: nl80211: Survey data missing
10-31 12:19:51.220   523   523 D wpa_supplicant: wlan0: BSS: Start scan result update 4
10-31 12:19:51.220   523   523 D wpa_supplicant: BSS: last_scan_res_used=0/32 last_scan_full=0
10-31 12:19:51.220   523   523 D wpa_supplicant: wlan0: New scan results available
10-31 12:19:51.220   523   523 D wpa_supplicant: CTRL_IFACE monitor send - hexdump(len=39): 2f 64 61 74 61 2f 6d 69 73 63 2f 77 69 66 69 2f 73 6f 63 6b 65 74 73 2f 77 70 61 5f 63 74 72 6c ...
10-31 12:19:51.220   523   523 D wpa_supplicant: CTRL_IFACE monitor send - hexdump(len=39): 2f 64 61 74 61 2f 6d 69 73 63 2f 77 69 66 69 2f 73 6f 63 6b 65 74 73 2f 77 70 61 5f 63 74 72 6c ...
10-31 12:19:51.220   523   523 D wpa_supplicant: Authorize channel 1
10-31 12:19:51.220   523   523 D wpa_supplicant: Authorize channel 2
10-31 12:19:51.220   523   523 D wpa_supplicant: Authorize channel 3
10-31 12:19:51.220   523   523 D wpa_supplicant: Authorize channel 4
10-31 12:19:51.220   523   523 D wpa_supplicant: Authorize channel 5
10-31 12:19:51.220   523   523 D wpa_supplicant: Authorize channel 6
10-31 12:19:51.220   523   523 D wpa_supplicant: Authorize channel 7
10-31 12:19:51.220   523   523 D wpa_supplicant: Authorize channel 8
10-31 12:19:51.220   523   523 D wpa_supplicant: Authorize channel 9
10-31 12:19:51.220   523   523 D wpa_supplicant: Authorize channel 10
10-31 12:19:51.220   523   523 D wpa_supplicant: Authorize channel 11
10-31 12:19:51.220   523   523 D wpa_supplicant: Authorize channel 12
10-31 12:19:51.220   523   523 D wpa_supplicant: Authorize channel 13
10-31 12:19:51.220   523   523 D wpa_supplicant: Authorize channel 1
10-31 12:19:51.220   523   523 D wpa_supplicant: Authorize channel 2
10-31 12:19:51.220   523   523 D wpa_supplicant: Authorize channel 3
10-31 12:19:51.220   523   523 D wpa_supplicant: Authorize channel 4
10-31 12:19:51.220   523   523 D wpa_supplicant: Authorize channel 5
10-31 12:19:51.220   523   523 D wpa_supplicant: Authorize channel 6
10-31 12:19:51.220   523   523 D wpa_supplicant: Authorize channel 7
10-31 12:19:51.220   523   523 D wpa_supplicant: Authorize channel 8
10-31 12:19:51.220   523   523 D wpa_supplicant: Authorize channel 9
10-31 12:19:51.220   523   523 D wpa_supplicant: Authorize channel 10
10-31 12:19:51.220   523   523 D wpa_supplicant: Authorize channel 11
10-31 12:19:51.220   523   523 D wpa_supplicant: Authorize channel 12
10-31 12:19:51.220   523   523 D wpa_supplicant: Authorize channel 13
10-31 12:19:51.220   523   523 D wpa_supplicant: Add access point on channel 1
10-31 12:19:51.220   523   523 D wpa_supplicant: Add access point on channel 13
10-31 12:19:51.220   523   523 D wpa_supplicant: Add access point on channel 1
10-31 12:19:51.220   523   523 D wpa_supplicant: Add access point on channel 11
10-31 12:19:51.220   523   523 D wpa_supplicant: Add access point on channel 6
10-31 12:19:51.220   523   523 D wpa_supplicant: Add access point on channel 11
10-31 12:19:51.220   523   523 D wpa_supplicant: Add access point on channel 6
10-31 12:19:51.220   523   523 D wpa_supplicant: Add access point on channel 1
10-31 12:19:51.220   523   523 D wpa_supplicant: Add access point on channel 11
10-31 12:19:51.220   523   523 D wpa_supplicant: Add access point on channel 11
10-31 12:19:51.220   523   523 D wpa_supplicant: Add access point on channel 6
10-31 12:19:51.220   523   523 D wpa_supplicant: Add access point on channel 6
10-31 12:19:51.220   523   523 D wpa_supplicant: Add access point on channel 1
10-31 12:19:51.220   523   523 D wpa_supplicant: Add access point on channel 13
10-31 12:19:51.220   523   523 D wpa_supplicant: Add access point on channel 1
10-31 12:19:51.220   523   523 D wpa_supplicant: Add access point on channel 13
10-31 12:19:51.220   523   523 D wpa_supplicant: Add access point on channel 7
10-31 12:19:51.220   523   523 D wpa_supplicant: Add access point on channel 11
10-31 12:19:51.220   523   523 D wpa_supplicant: Add access point on channel 6
10-31 12:19:51.220   523   523 D wpa_supplicant: Add access point on channel 1
10-31 12:19:51.220   523   523 D wpa_supplicant: Add access point on channel 4
10-31 12:19:51.220   523   523 D wpa_supplicant: Add access point on channel 11
10-31 12:19:51.220   523   523 D wpa_supplicant: Best Operating channel is = 8
10-31 12:19:51.220   523   523 D wpa_supplicant: WPS: AP[0] 20:dc:e6:4e:01:a6 type=0 tries=0 last_attempt=-1 sec ago blacklist=0
10-31 12:19:51.220   523   523 D wpa_supplicant: WPS: AP[1] fc:75:16:99:29:8e type=0 tries=0 last_attempt=-1 sec ago blacklist=0
10-31 12:19:51.220   523   523 D wpa_supplicant: WPS: AP[2] e0:46:9a:6a:e5:a2 type=0 tries=0 last_attempt=-1 sec ago blacklist=0
10-31 12:19:51.220   523   523 D wpa_supplicant: WPS: AP[3] 40:16:9f:74:a2:7e type=0 tries=0 last_attempt=-1 sec ago blacklist=0
10-31 12:19:51.220   523   523 D wpa_supplicant: WPS: AP[4] b8:a3:86:55:8e:b8 type=0 tries=0 last_attempt=-1 sec ago blacklist=0
10-31 12:19:51.220   523   523 D wpa_supplicant: wlan0: No suitable network found
10-31 12:19:51.220   523   523 D wpa_supplicant: wlan0: Checking for other virtual interfaces sharing same radio (phy0) in event_scan_results
10-31 12:19:51.220   523   523 D wpa_supplicant: p2p0: Updating scan results from sibling
10-31 12:19:51.220   523   523 D wpa_supplicant: Not Updating scan results on interface p2p0 from sibling wlan0
10-31 12:19:51.220   416   524 I WifiHW  : EVENT: CTRL-EVENT-SCAN-RESULTS 
10-31 12:19:51.220   416   524 I WifiHW  : EVENT: WPS-AP-AVAILABLE 
10-31 12:19:51.220   416   512 I WifiHW  : CMD: AP_SCAN 1
10-31 12:19:51.220   523   523 D wpa_supplicant: RX ctrl_iface - hexdump(len=9): 41 50 5f 53 43 41 4e 20 31
10-31 12:19:51.220   523   523 D wpa_supplicant: wlan0: Control interface command 'AP_SCAN 1'
10-31 12:19:51.220   416   512 I WifiHW  : REPLY: OK
10-31 12:19:51.220   416   512 I WifiHW  : CMD: BSS RANGE=ALL MASK=0x1986
10-31 12:19:51.220   523   523 D wpa_supplicant: RX ctrl_iface - hexdump(len=25): 42 53 53 20 52 41 4e 47 45 3d 41 4c 4c 20 4d 41 53 4b 3d 30 78 31 39 38 36
10-31 12:19:51.220   523   523 D wpa_supplicant: wlan0: Control interface command 'BSS RANGE=ALL MASK=0x1986'
10-31 12:19:51.220   416   512 I WifiHW  : REPLY: bssid=20:dc:e6:4e:01:a6
10-31 12:19:51.220   416   512 I WifiHW  : REPLY: freq=2412
10-31 12:19:51.220   416   512 I WifiHW  : REPLY: level=-40
10-31 12:19:51.220   416   512 I WifiHW  : REPLY: tsf=0000000023012395
10-31 12:19:51.220   416   512 I WifiHW  : REPLY: flags=[WPA-PSK-CCMP][WPS][ESS]
10-31 12:19:51.220   416   512 I WifiHW  : REPLY: ssid=tp
10-31 12:19:51.220   416   512 I WifiHW  : REPLY: ====
10-31 12:19:51.220   416   512 I WifiHW  : REPLY: bssid=00:1a:e8:14:4f:da
10-31 12:19:51.220   416   512 I WifiHW  : REPLY: freq=2472
10-31 12:19:51.220   416   512 I WifiHW  : REPLY: level=-49
10-31 12:19:51.220   416   512 I WifiHW  : REPLY: tsf=0000000023012504
10-31 12:19:51.220   416   512 I WifiHW  : REPLY: flags=[WPA-PSK-TKIP+CCMP][WPA2-PSK-TKIP+CCMP][ESS]
10-31 12:19:51.220   416   512 I WifiHW  : REPLY: ssid=BORQS Test
10-31 12:19:51.220   416   512 I WifiHW  : REPLY: ====
10-31 12:19:51.220   416   512 I WifiHW  : REPLY: bssid=20:b3:99:1d:66:2b
10-31 12:19:51.220   416   512 I WifiHW  : REPLY: freq=2412
10-31 12:19:51.220   416   512 I WifiHW  : REPLY: level=-70
10-31 12:19:51.220   416   512 I WifiHW  : REPLY: tsf=0000000023012401
10-31 12:19:51.220   416   512 I WifiHW  : REPLY: flags=[WPA-PSK-TKIP+CCMP][WPA2-PSK-TKIP+CCMP][ESS]
10-31 12:19:51.220   416   512 I WifiHW  : REPLY: ssid=BORQS Wifi
10-31 12:19:51.220   416   512 I WifiHW  : REPLY: ====
10-31 12:19:51.220   416   512 I WifiHW  : REPLY: bssid=fc:75:16:99:29:8e
10-31 12:19:51.220   416   512 I WifiHW  : REPLY: freq=2462
10-31 12:19:51.220   416   512 I WifiHW  : REPLY: level=-67
10-31 12:19:51.220   416   512 I WifiHW  : REPLY: tsf=0000000023012480
10-31 12:19:51.220   416   512 I WifiHW  : REPLY: flags=[WPA-PSK-TKIP+CCMP][WPA2-PSK-TKIP+CCMP][WPS][ESS]
10-31 12:19:51.220   416   512 I WifiHW  : REPLY: ssid=himitsu
10-31 12:19:51.220   416   512 I WifiHW  : REPLY: ====
10-31 12:19:51.220   416   512 I WifiHW  : REPLY: bssid=5c:33:8e:61:99:1b
10-31 12:19:51.220   416   512 I WifiHW  : REPLY: freq=2437
10-31 12:19:51.220   416   512 I WifiHW  : REPLY: level=-63
10-31 12:19:51.220   416   512 I WifiHW  : REPLY: tsf=0000000023012430
10-31 12:19:51.220   416   512 I WifiHW  : REPLY: flags=[WPA2-PSK-CCMP][ESS]
10-31 12:19:51.220   416   512 I WifiHW  : REPLY: ssid=CTS
10-31 12:19:51.220   416   512 I WifiHW  : REPLY: ====
10-31 12:19:51.220   416   512 I WifiHW  : REPLY: bssid=e0:46:9a:6a:e5:a2
10-31 12:19:51.220   416   512 I WifiHW  : REPLY: freq=2462
10-31 12:19:51.220   416   512 I WifiHW  : REPLY: level=-68
10-31 12:19:51.220   416   512 I WifiHW  : REPLY: tsf=0000000023012473
10-31 12:19:51.220   416   512 I WifiHW  : REPLY: flags=[WPA-PSK-TKIP+CCMP][WPA2-PSK-TKIP+CCMP][WPS][ESS]
10-31 12:19:51.220   416   512 I WifiHW  : REPLY: ssid=NETGEAR
10-31 12:19:51.220   416   512 I WifiHW  : REPLY: ====
10-31 12:19:51.220   416   512 I WifiHW  : REPLY: bssid=0c:82:68:c6:ea:88
10-31 12:19:51.220   416   512 I WifiHW  : REPLY: freq=2437
10-31 12:19:51.220   416   512 I WifiHW  : REPLY: level=-72
10-31 12:19:51.220   416   512 I WifiHW  : REPLY: tsf=0000000023012448
10-31 12:19:51.220   416   512 I WifiHW  : REPLY: flags=[WPA-PSK-CCMP][WPA2-PSK-CCMP][ESS]
10-31 12:19:51.220   416   512 I WifiHW  : REPLY: ssid=Compass
10-31 12:19:51.220   416   512 I WifiHW  : REPLY: ====
10-31 12:19:51.220   416   512 I WifiHW  : REPLY: bssid=3c:e5:a6:2a:27:e0
10-31 12:19:51.220   416   512 I WifiHW  : REPLY: freq=2412
10-31 12:19:51.220   416   512 I WifiHW  : REPLY: level=-81
10-31 12:19:51.220   416   512 I WifiHW  : REPLY: tsf=0000000023012407
10-31 12:19:51.220   416   512 I WifiHW  : REPLY: flags=[WPA2-PSK-CCMP][ESS]
10-31 12:19:51.220   416   512 I WifiHW  : REPLY: ssid=RD-office
10-31 12:19:51.220   416   512 I WifiHW  : REPLY: ====
10-31 12:19:51.220   416   512 I WifiHW  : REPLY: bssid=38:59:f9:de:10:5f
10-31 12:19:51.220   416   512 I WifiHW  : REPLY: freq=2462
10-31 12:19:51.220   416   512 I WifiHW  : REPLY: level=-82
10-31 12:19:51.220   416   512 I WifiHW  : REPLY: tsf=0000000021343443
10-31 12:19:51.220   416   512 I WifiHW  : REPLY: flags=[WPA2-PSK-CCMP][ESS]
10-31 12:19:51.220   416   512 I WifiHW  : REPLY: ssid=powifi
10-31 12:19:51.220   416   512 I WifiHW  : REPLY: ====
10-31 12:19:51.220   416   512 I WifiHW  : REPLY: bssid=00:1f:45:f2:f0:8a
10-31 12:19:51.220   416   512 I WifiHW  : REPLY: freq=2462
10-31 12:19:51.220   416   512 I WifiHW  : REPLY: level=-74
10-31 12:19:51.220   416   512 I WifiHW  : REPLY: tsf=0000000023012467
10-31 12:19:51.220   416   512 I WifiHW  : REPLY: flags=[WPA-PSK-TKIP+CCMP][WPA2-PSK-TKIP+CCMP][ESS]
10-31 12:19:51.220   416   512 I WifiHW  : REPLY: ssid=BORQS Test
10-31 12:19:51.220   416   512 I WifiHW  : REPLY: ====
10-31 12:19:51.220   416   512 I WifiHW  : REPLY: bssid=40:16:9f:74:a2:7e
10-31 12:19:51.220   416   512 I WifiHW  : REPLY: freq=2437
10-31 12:19:51.220   416   512 I WifiHW  : REPLY: level=-82
10-31 12:19:51.220   416   512 I WifiHW  : REPLY: tsf=0000000023012442
10-31 12:19:51.220   416   512 I WifiHW  : REPLY: flags=[WPA-PSK-CCMP][WPA2-PSK-CCMP][WPS][ESS]
10-31 12:19:51.220   416   512 I WifiHW  : REPLY: ssid=
10-31 12:19:51.220   416   512 I WifiHW  : REPLY: ====
10-31 12:19:51.220   416   512 I WifiHW  : REPLY: bssid=c4:ca:d9:8b:be:60
10-31 12:19:51.220   416   512 I WifiHW  : REPLY: freq=2437
10-31 12:19:51.220   416   512 I WifiHW  : REPLY: level=-80
10-31 12:19:51.220   416   512 I WifiHW  : REPLY: tsf=0000000023012454
10-31 12:19:51.220   416   512 I WifiHW  : REPLY: flags=[WPA2-PSK-CCMP][ESS]
10-31 12:19:51.220   416   512 I WifiHW  : REPLY: ssid=RD-office
10-31 12:19:51.220   416   512 I WifiHW  : REPLY: ====
10-31 12:19:51.220   416   512 I WifiHW  : REPLY: bssid=00:1f:45:f2:f2:58
10-31 12:19:51.220   416   512 I WifiHW  : REPLY: freq=2412
10-31 12:19:51.220   416   512 I WifiHW  : REPLY: level=-93
10-31 12:19:51.220   416   512 I WifiHW  : REPLY: tsf=0000000021343373
10-31 12:19:51.220   416   512 I WifiHW  : REPLY: flags=[WPA-PSK-TKIP+CCMP][WPA2-PSK-TKIP+CCMP][ESS]
10-31 12:19:51.220   416   512 I WifiHW  : REPLY: ssid=BORQS VIP
10-31 12:19:51.220   416   512 I WifiHW  : REPLY: ====
10-31 12:19:51.220   416   512 I WifiHW  : REPLY: bssid=00:1a:e8:14:4f:d9
10-31 12:19:51.220   416   512 I WifiHW  : REPLY: freq=2472
10-31 12:19:51.220   416   512 I WifiHW  : REPLY: level=-48
10-31 12:19:51.220   416   512 I WifiHW  : REPLY: tsf=0000000023012498
10-31 12:19:51.220   416   512 I WifiHW  : REPLY: flags=[ESS]
10-31 12:19:51.220   416   512 I WifiHW  : REPLY: ssid=BORQS Guest
10-31 12:19:51.220   416   512 I WifiHW  : REPLY: ====
10-31 12:19:51.220   416   512 I WifiHW  : REPLY: bssid=20:b3:99:1d:66:29
10-31 12:19:51.220   416   512 I WifiHW  : REPLY: freq=2412
10-31 12:19:51.220   416   512 I WifiHW  : REPLY: level=-70
10-31 12:19:51.220   416   512 I WifiHW  : REPLY: tsf=0000000023012419
10-31 12:19:51.220   416   512 I WifiHW  : REPLY: flags=[ESS]
10-31 12:19:51.220   416   512 I WifiHW  : REPLY: ssid=BORQS Guest
10-31 12:19:51.220   416   512 I WifiHW  : REPLY: ====
10-31 12:19:51.220   416   512 I WifiHW  : REPLY: bssid=02:a6:00:01:15:01
10-31 12:19:51.220   416   512 I WifiHW  : REPLY: freq=2472
10-31 12:19:51.220   416   512 I WifiHW  : REPLY: level=-72
10-31 12:19:51.220   416   512 I WifiHW  : REPLY: tsf=0000000023012510
10-31 12:19:51.220   416   512 I WifiHW  : REPLY: flags=[ESS]
10-31 12:19:51.220   416   512 I WifiHW  : REPLY: ssid=PTV-1501
10-31 12:19:51.220   416   512 I WifiHW  : REPLY: ====
10-31 12:19:51.220   416   512 I WifiHW  : REPLY: bssid=b8:a3:86:55:8e:b8
10-31 12:19:51.220   416   512 I WifiHW  : REPLY: freq=2442
10-31 12:19:51.220   416   512 I WifiHW  : REPLY: level=-74
10-31 12:19:51.220   416   512 I WifiHW  : REPLY: tsf=0000000023012460
10-31 12:19:51.220   416   512 I WifiHW  : REPLY: flags=[WPS][ESS]
10-31 12:19:51.220   416   512 I WifiHW  : REPLY: ssid=MPU303
10-31 12:19:51.220   416   512 I WifiHW  : REPLY: ====
10-31 12:19:51.220   416   512 I WifiHW  : REPLY: bssid=00:1f:45:f2:f0:89
10-31 12:19:51.220   416   512 I WifiHW  : REPLY: freq=2462
10-31 12:19:51.220   416   512 I WifiHW  : REPLY: level=-74
10-31 12:19:51.220   416   512 I WifiHW  : REPLY: tsf=0000000023012486
10-31 12:19:51.220   416   512 I WifiHW  : REPLY: flags=[ESS]
10-31 12:19:51.220   416   512 I WifiHW  : REPLY: ssid=BORQS Guest
10-31 12:19:51.220   416   512 I WifiHW  : REPLY: ====
10-31 12:19:51.220   416   512 I WifiHW  : REPLY: bssid=c4:ca:d9:8b:b9:c0
10-31 12:19:51.220   416   512 I WifiHW  : REPLY: freq=2437
10-31 12:19:51.220   416   512 I WifiHW  : REPLY: level=-83
