10-31 12:19:54.120   416   428 I am_create_service: [0,556492416,com.baidu.appsearch/com.baidu.android.pushservice.PushService,1764]
10-31 12:19:54.120   416  1786 I am_destroy_service: [0,556516680,1730]
10-31 12:19:54.120   649   649 D GSM     : [GsmDCT] isDataPossible(hipri): possible=false isDataAllowed=false apnTypePossible=true apnContextisEnabled=false apnContextState()=IDLE
10-31 12:19:54.120   649   649 D GSM     : [GsmDCT] get active apn string for type:hipri
10-31 12:19:54.120   649   649 D GSM     : [GsmDCT] notifyOffApnOfAvailability type:ims
10-31 12:19:54.120   649   649 D GSM     : [GsmDCT] isDataAllowed: not allowed due to - gprs= 1
10-31 12:19:54.120   649   649 D GSM     : [GsmDCT] isDataPossible(ims): possible=false isDataAllowed=false apnTypePossible=true apnContextisEnabled=false apnContextState()=IDLE
10-31 12:19:54.120   649   649 D GSM     : [GsmDCT] get active apn string for type:ims
10-31 12:19:54.130   649   649 D GSM     : [GsmDCT] notifyOffApnsOfAvailability skipped apn due to isReady==false: {mApnType=default mState=IDLE mWaitingApns=null mWaitingApnsPermanentFailureCountDown=0 mApnSetting=null mDataConnectionAc=null mReason=radioTurnedOff mRetryCount=0 mDataEnabled=true mDependencyMet=true}
10-31 12:19:54.130   649   649 D GSM     : [GsmDCT] notifyOffApnOfAvailability type:bip_gprs2
10-31 12:19:54.130   649   649 D GSM     : [GsmDCT] isDataAllowed: not allowed due to - gprs= 1
10-31 12:19:54.130   649   649 D GSM     : [GsmDCT] isDataPossible(bip_gprs2): possible=false isDataAllowed=false apnTypePossible=true apnContextisEnabled=false apnContextState()=IDLE
10-31 12:19:54.130   649   649 D GSM     : [GsmDCT] get active apn string for type:bip_gprs2
10-31 12:19:54.140   649   649 D GSM     : [GsmDCT] notifyOffApnOfAvailability type:mms
10-31 12:19:54.140   416  1788 I am_destroy_service: [0,556492416,1764]
10-31 12:19:54.140   649   649 D GSM     : [GsmDCT] isDataAllowed: not allowed due to - gprs= 1
10-31 12:19:54.140   649   649 D GSM     : [GsmDCT] isDataPossible(mms): possible=false isDataAllowed=false apnTypePossible=true apnContextisEnabled=false apnContextState()=IDLE
10-31 12:19:54.140   649   649 D GSM     : [GsmDCT] get active apn string for type:mms
10-31 12:19:54.160   649   649 D GSM     : [GsmDCT] notifyOffApnOfAvailability type:cbs
10-31 12:19:54.160   649   649 D GSM     : [GsmDCT] isDataAllowed: not allowed due to - gprs= 1
10-31 12:19:54.160   649   649 D GSM     : [GsmDCT] isDataPossible(cbs): possible=false isDataAllowed=false apnTypePossible=true apnContextisEnabled=false apnContextState()=IDLE
10-31 12:19:54.160   649   649 D GSM     : [GsmDCT] get active apn string for type:cbs
10-31 12:19:54.170   649   649 D GSM     : [ApnContext:bip_gprs1] setRetryCount: 0
10-31 12:19:54.170   649   649 D GSM     : [ApnContext:fota] setRetryCount: 0
10-31 12:19:54.170   649   649 D GSM     : [ApnContext:supl] setRetryCount: 0
10-31 12:19:54.170   649   649 D GSM     : [ApnContext:hipri] setRetryCount: 0
10-31 12:19:54.170   649   649 D GSM     : [ApnContext:ims] setRetryCount: 0
10-31 12:19:54.170   649   649 D GSM     : [ApnContext:default] setRetryCount: 0
10-31 12:19:54.170   649   649 D GSM     : [ApnContext:bip_gprs2] setRetryCount: 0
10-31 12:19:54.170   649   649 D GSM     : [ApnContext:mms] setRetryCount: 0
10-31 12:19:54.170   649   649 D GSM     : [ApnContext:cbs] setRetryCount: 0
10-31 12:19:54.170   649   649 D GSM     : [ApnContext:default] set reason as simLoaded,current state IDLE
10-31 12:19:54.170   649   649 D GSM     : [GsmDCT] trySetupData for type:default due to simLoaded
10-31 12:19:54.170   649   649 D GSM     : [GsmDCT] trySetupData with mIsPsRestricted=false
10-31 12:19:54.170   649   649 D GSM     : [GsmDCT] isDataAllowed: not allowed due to - gprs= 1
10-31 12:19:54.170   649   649 D GSM     : [GsmDCT] notifyOffApnOfAvailability type:bip_gprs1
10-31 12:19:54.170   649   649 D GSM     : [GsmDCT] isDataAllowed: not allowed due to - gprs= 1
10-31 12:19:54.170   649   649 D GSM     : [GsmDCT] isDataPossible(bip_gprs1): possible=false isDataAllowed=false apnTypePossible=true apnContextisEnabled=false apnContextState()=IDLE
10-31 12:19:54.170   649   649 D GSM     : [GsmDCT] get active apn string for type:bip_gprs1
10-31 12:19:54.170   649   649 D GSM     : [GsmDCT] notifyOffApnOfAvailability type:fota
10-31 12:19:54.170   649   649 D GSM     : [GsmDCT] isDataAllowed: not allowed due to - gprs= 1
10-31 12:19:54.170   649   649 D GSM     : [GsmDCT] isDataPossible(fota): possible=false isDataAllowed=false apnTypePossible=true apnContextisEnabled=false apnContextState()=IDLE
10-31 12:19:54.170   649   649 D GSM     : [GsmDCT] get active apn string for type:fota
10-31 12:19:54.180   649   649 D GSM     : [GsmDCT] notifyOffApnOfAvailability type:supl
10-31 12:19:54.180   649   649 D GSM     : [GsmDCT] isDataAllowed: not allowed due to - gprs= 1
10-31 12:19:54.180   649   649 D GSM     : [GsmDCT] isDataPossible(supl): possible=false isDataAllowed=false apnTypePossible=true apnContextisEnabled=false apnContextState()=IDLE
10-31 12:19:54.180   649   649 D GSM     : [GsmDCT] get active apn string for type:supl
10-31 12:19:54.180   649   649 D GSM     : [GsmDCT] notifyOffApnOfAvailability type:hipri
10-31 12:19:54.180   649   649 D GSM     : [GsmDCT] isDataAllowed: not allowed due to - gprs= 1
10-31 12:19:54.180   649   649 D GSM     : [GsmDCT] isDataPossible(hipri): possible=false isDataAllowed=false apnTypePossible=true apnContextisEnabled=false apnContextState()=IDLE
10-31 12:19:54.180   649   649 D GSM     : [GsmDCT] get active apn string for type:hipri
10-31 12:19:54.190   416   913 I ActivityManager: Start proc com.ting.mp3.android:bdservice_v1 for broadcast com.ting.mp3.android/com.baidu.android.pushservice.PushServiceReceiver: pid=2170 uid=10081 gids={50081, 3003, 1015, 1028}
10-31 12:19:54.190   416   913 I am_proc_start: [0,2170,10081,com.ting.mp3.android:bdservice_v1,broadcast,com.ting.mp3.android/com.baidu.android.pushservice.PushServiceReceiver]
10-31 12:19:54.190  2170  2170 D dalvikvm: Try to disable coredump for pid 2170
10-31 12:19:54.200   649   649 D GSM     : [GsmDCT] notifyOffApnOfAvailability type:ims
10-31 12:19:54.200   649   649 D GSM     : [GsmDCT] isDataAllowed: not allowed due to - gprs= 1
10-31 12:19:54.200   649   649 D GSM     : [GsmDCT] isDataPossible(ims): possible=false isDataAllowed=false apnTypePossible=true apnContextisEnabled=false apnContextState()=IDLE
10-31 12:19:54.200   649   649 D GSM     : [GsmDCT] get active apn string for type:ims
10-31 12:19:54.200   649   649 D GSM     : [GsmDCT] notifyOffApnsOfAvailability skipped apn due to isReady==false: {mApnType=default mState=IDLE mWaitingApns=null mWaitingApnsPermanentFailureCountDown=0 mApnSetting=null mDataConnectionAc=null mReason=simLoaded mRetryCount=0 mDataEnabled=true mDependencyMet=true}
10-31 12:19:54.200   649   649 D GSM     : [GsmDCT] notifyOffApnOfAvailability type:bip_gprs2
10-31 12:19:54.200   649   649 D GSM     : [GsmDCT] isDataAllowed: not allowed due to - gprs= 1
10-31 12:19:54.200   649   649 D GSM     : [GsmDCT] isDataPossible(bip_gprs2): possible=false isDataAllowed=false apnTypePossible=true apnContextisEnabled=false apnContextState()=IDLE
10-31 12:19:54.200   649   649 D GSM     : [GsmDCT] get active apn string for type:bip_gprs2
10-31 12:19:54.200   649   649 D GSM     : [GsmDCT] notifyOffApnOfAvailability type:mms
10-31 12:19:54.200   649   649 D GSM     : [GsmDCT] isDataAllowed: not allowed due to - gprs= 1
10-31 12:19:54.200   649   649 D GSM     : [GsmDCT] isDataPossible(mms): possible=false isDataAllowed=false apnTypePossible=true apnContextisEnabled=false apnContextState()=IDLE
10-31 12:19:54.200   649   649 D GSM     : [GsmDCT] get active apn string for type:mms
10-31 12:19:54.200   649   649 D GSM     : [GsmDCT] notifyOffApnOfAvailability type:cbs
10-31 12:19:54.200   649   649 D GSM     : [GsmDCT] isDataAllowed: not allowed due to - gprs= 1
10-31 12:19:54.200   649   649 D GSM     : [GsmDCT] isDataPossible(cbs): possible=false isDataAllowed=false apnTypePossible=true apnContextisEnabled=false apnContextState()=IDLE
10-31 12:19:54.200   649   649 D GSM     : [GsmDCT] get active apn string for type:cbs
10-31 12:19:54.210  2170  2170 I dalvikvm: Turning on JNI app bug workarounds for target SDK version 11...
10-31 12:19:54.210   649   649 D RIL_IccCardProxy: Broadcasting intent ACTION_SIM_STATE_CHANGED LOADED reason null
10-31 12:19:54.220   416   923 I am_proc_bound: [0,2170,com.ting.mp3.android:bdservice_v1]
10-31 12:19:54.230   416   715 I notification_cancel: [com.android.phone,7,NULL,0,0,64]
10-31 12:19:54.230   416   938 I notification_cancel: [com.android.phone,7,NULL,0,0,64]
10-31 12:19:54.230   416  1788 I notification_cancel: [com.android.phone,7,NULL,0,0,64]
10-31 12:19:54.230   416   725 I notification_cancel: [com.android.phone,7,NULL,0,0,64]
10-31 12:19:54.230   416   718 I notification_cancel: [com.android.phone,7,NULL,0,0,64]
10-31 12:19:54.230   416   826 I notification_cancel: [com.android.phone,7,NULL,0,0,64]
10-31 12:19:54.230   416  1785 I notification_cancel: [com.android.phone,7,NULL,0,0,64]
10-31 12:19:54.230   416   428 I notification_cancel: [com.android.phone,7,NULL,0,0,64]
10-31 12:19:54.230   416   940 I notification_cancel: [com.android.phone,7,NULL,0,0,64]
10-31 12:19:54.230   416   715 I notification_cancel: [com.android.phone,7,NULL,0,0,64]
10-31 12:19:54.230   416   913 I notification_cancel: [com.android.phone,7,NULL,0,0,64]
10-31 12:19:54.230   649   649 D CAT     : StkAppService$2: got intent: Intent { act=android.intent.action.SIM_STATE_CHANGED flg=0x20000010 (has extras) }
10-31 12:19:54.240   416   923 I notification_cancel: [com.android.phone,7,NULL,0,0,64]
10-31 12:19:54.240   416   707 I notification_cancel: [com.android.phone,7,NULL,0,0,64]
10-31 12:19:54.240   416   938 I notification_cancel: [com.android.phone,7,NULL,0,0,64]
10-31 12:19:54.240   416  1788 I notification_cancel: [com.android.phone,7,NULL,0,0,64]
10-31 12:19:54.240   416   718 I notification_cancel: [com.android.phone,7,NULL,0,0,64]
10-31 12:19:54.260  2170  2170 V TingApplication: [tid:1], onCreate, packagename: com.ting.mp3.android, pid: 2170
10-31 12:19:54.260  2170  2170 V TingApplication: [tid:1], processName: com.ting.mp3.android:bdservice_v1
10-31 12:19:54.260  2170  2170 V TingApplication: [tid:1], ingnore!!!
10-31 12:19:54.270  2170  2170 I PushServiceReceiver: start PushSerevice for ACTION_BOOT_COMPLETED or CONNECTIVITY_ACTION
10-31 12:19:54.270   416   715 I am_create_service: [0,555922072,com.ting.mp3.android/com.baidu.android.pushservice.PushService,2170]
10-31 12:19:54.290   148   459 I RILR    : CChannel::ProcessModemData() - INFO: chnl=[2] size=[40] RX [<cr><lf>+CPMS: "SM",0,50,"SM",0,50,"SM",0,50<cr><lf>]
10-31 12:19:54.290   148   459 I RILR    : CChannel::ProcessModemData() - INFO: chnl=[2] size=[6] RX [<cr><lf>OK<cr><lf>]
10-31 12:19:54.290   148   458 I RILR    : CTE::PostCmdHandlerCompleteRequest() RilToken NULL - May be internal request, RequestID: 4294967295
10-31 12:19:54.310   416   940 I am_destroy_service: [0,555922072,2170]
10-31 12:19:54.310   416   423 D dalvikvm: Rejecting registerization due to +iget-quick v10, v4, (#20)
10-31 12:19:54.320   416   416 I am_create_service: [0,555130944,com.ting.mp3.android/com.baidu.android.moplus.MoPlusService,2170]
10-31 12:19:54.330   416   725 I am_create_service: [0,555081144,com.google.android.gms/.init.InitializeIntentService,948]
10-31 12:19:54.340   416  1788 I am_destroy_service: [0,555081144,948]
10-31 12:19:54.350   863   863 D GCM     : GcmService start Intent { act=com.google.android.gms.INITIALIZE flg=0x10 pkg=com.google.android.gms cmp=com.google.android.gms/.gcm.GcmService } com.google.android.gms.INITIALIZE
10-31 12:19:54.350   416   427 I am_destroy_service: [0,555130944,2170]
10-31 12:19:54.350   416   938 I am_create_service: [0,554938896,com.google.android.gms/com.google.android.location.reporting.service.ExternalChangeService,795]
10-31 12:19:54.360   416   707 I WAKELOCK_ACQUIRE: TIMESTAMP=39373677095, TAG=WakefulIntentService[GCoreUlr-ExternalChangeService], TYPE=PARTIAL_WAKE_LOCK             , COUNT=0, PID=795, UID=10012
10-31 12:19:54.370   416  1788 I am_create_service: [0,555080920,com.android.bluetooth/.pbap.BluetoothPbapService,1062]
10-31 12:19:54.370  2170  2170 I Process : Sending signal. PID: 2170 SIG: 9
10-31 12:19:54.390   416   416 I WAKELOCK_ACQUIRE: TIMESTAMP=39399235471, TAG=StartingDockService, TYPE=PARTIAL_WAKE_LOCK             , COUNT=0, PID=1910, UID=1000
10-31 12:19:54.390   416   938 I ActivityManager: Process com.ting.mp3.android:bdservice_v1 (pid 2170) has died.
10-31 12:19:54.390  1910  1910 W ApplicationContext: Calling a method in the system process without a qualified user: android.app.ContextImpl.startService:1352 android.content.ContextWrapper.startService:450 android.content.ContextWrapper.startService:450 
10-31 12:19:54.390   416   938 I am_proc_died: [0,2170,com.ting.mp3.android:bdservice_v1]
10-31 12:19:54.390   416   913 I am_create_service: [0,554584272,com.android.settings/.bluetooth.DockService,1910]
10-31 12:19:54.400  1910  1916 D dalvikvm: Rejecting registerization due to move v5, v4, (#0)
10-31 12:19:54.400  1910  1916 D dalvikvm: Rejecting registerization due to move v5, v4, (#0)
10-31 12:19:54.400   416   725 I WAKELOCK_RELEASE: TIMESTAMP=39418094870, TAG=StartingDockService, TYPE=PARTIAL_WAKE_LOCK             , COUNT=0, PID=1910, UID=1000
10-31 12:19:54.400   416  1785 I am_destroy_service: [0,554584272,1910]
10-31 12:19:54.400  1062  1062 D BluetoothAdapterService(550892272): getState(): mAdapterProperties: com.android.bluetooth.btservice.AdapterProperties@20d5fff8
10-31 12:19:54.400  1910  1910 D DockEventReceiver: finishStartingService: stopping service
10-31 12:19:54.410   416   938 I am_create_service: [0,554615032,com.android.bluetooth/.opp.BluetoothOppService,1062]
10-31 12:19:54.410  1910  1910 D BluetoothPbap: Proxy object connected
10-31 12:19:54.410  1910  1910 D PbapServerProfile: Bluetooth service connected
10-31 12:19:54.420  1062  1067 D dalvikvm: Rejecting registerization due to move v5, v4, (#0)
10-31 12:19:54.420  1062  1067 D dalvikvm: Rejecting registerization due to move v5, v4, (#0)
10-31 12:19:54.430  1910  1916 D dalvikvm: Rejecting registerization due to +iget-object-quick v4, v9, (#16)
10-31 12:19:54.440   416   725 D SyncManager: setIsSyncable: Account {name=hong.y.rao@gmail.com, type=com.google}, provider com.google.android.location.reporting, user 0 -> 1
10-31 12:19:54.440   416   725 D SyncManager: setIsSyncable: already set to 1, doing nothing
10-31 12:19:54.440   416   416 D SyncManager: setSyncAutomatically:  provider com.google.android.location.reporting, user 0 -> true
10-31 12:19:54.440   416   416 D SyncManager: setSyncAutomatically: already set to true, doing nothing
10-31 12:19:54.440  1062  1067 D dalvikvm: Rejecting registerization due to +iget-quick v3, v5, (#20)
10-31 12:19:54.440  1062  1067 D dalvikvm: Rejecting registerization due to +iget-object-quick v4, v9, (#16)
10-31 12:19:54.460   416   923 D BluetoothManagerService: checkIfCallerIsForegroundUser: valid=true callingUser=0 foregroundUser=0
10-31 12:19:54.460  1062  2192 W BluetoothAdapter: getBluetoothService() called with no BluetoothManagerCallback
10-31 12:19:54.460  1062  2192 E BluetoothServiceJni: SOCK FLAG = 1 ***********************
10-31 12:19:54.460   741  1451 I force_gc: Binder
10-31 12:19:54.460  1062  1113 D bt_vendor: op for 7
10-31 12:19:54.460  1062  1157 D BluetoothAdapterService(550892272): getState(): mAdapterProperties: com.android.bluetooth.btservice.AdapterProperties@20d5fff8
10-31 12:19:54.470   416   715 I notification_cancel_all: [com.android.bluetooth,0,0,64]
10-31 12:19:54.480   416   725 D BluetoothManagerService: checkIfCallerIsForegroundUser: valid=true callingUser=0 foregroundUser=0
10-31 12:19:54.490  1062  2196 W BluetoothAdapter: getBluetoothService() called with no BluetoothManagerCallback
10-31 12:19:54.490  1062  2196 E BluetoothServiceJni: SOCK FLAG = 0 ***********************
10-31 12:19:54.490  1062  1113 D bt_vendor: op for 7
10-31 12:19:54.490  1062  1113 D bt_upio : BT_WAKE is asserted already
10-31 12:19:54.490  1062  2196 I BtOppRfcommListener: Accept thread started.
10-31 12:19:54.490   741  1451 D dalvikvm: GC_EXPLICIT freed 795K, 29% free 3003K/4176K, paused 2ms+5ms, total 27ms
10-31 12:19:54.520   416   940 I notification_cancel: [com.android.bluetooth,-1000005,NULL,0,0,64]
10-31 12:19:54.520   416  1788 I am_create_service: [0,552432768,com.borqs.bugreporter/.framework.ProcessorService,1975]
10-31 12:19:54.520  1975  1975 D BugReporter: DBMsgReceiver|Interested DropBox msg.
10-31 12:19:54.530  1975  2197 D BugReporter: ProcessorService|Received.
10-31 12:19:54.530  1975  2197 D BugReporter: DBAnalyzer|analyse()
10-31 12:19:54.530  1975  2197 D BugReporter: DBAnalyzer|tag:system_app_strictmode
10-31 12:19:54.530   416   715 I am_destroy_service: [0,552432768,1975]
10-31 12:19:54.530   416   826 I notification_cancel: [com.android.bluetooth,-1000006,NULL,0,0,64]
10-31 12:19:54.530  1975  2197 D BugReporter: DBAnalyzer|time:1383193180579
10-31 12:19:54.540  1062  2195 I content_query_sample: [content://com.android.bluetooth.opp/btopp,,confirm == '0' AND (visibility IS NULL OR visibility == '0'),_id,3,,1]
10-31 12:19:54.540  1975  1975 D BugReporter: DBMsgReceiver|Interested DropBox msg.
10-31 12:19:54.540   523   523 D wpa_supplicant: EAPOL: Supplicant port status: Unauthorized
10-31 12:19:54.550   416  1787 I am_create_service: [0,551910480,com.borqs.bugreporter/.framework.ProcessorService,1975]
10-31 12:19:54.550  1975  1982 D dalvikvm: Rejecting registerization due to and-int/lit8 v4, v6, (#15)
10-31 12:19:54.560  1975  2198 D BugReporter: ProcessorService|Received.
10-31 12:19:54.560  1975  2198 D BugReporter: DBAnalyzer|analyse()
10-31 12:19:54.560  1975  2198 D BugReporter: DBAnalyzer|tag:system_app_strictmode
10-31 12:19:54.560  1975  2198 D BugReporter: DBAnalyzer|time:1383193180920
10-31 12:19:54.570   795  2187 I GCoreUlr: Ensuring that reporting is stopped because of reasons: {account#10#=[InactiveReason{mVersionCode=0, mIdentifier=3, mName='UnsupportedGeo'}]}
10-31 12:19:54.580   416  1785 I ActivityManager: Start proc com.google.android.gm for broadcast com.google.android.gm/.MailIntentReceiver: pid=2199 uid=10027 gids={50027, 3003, 1015, 1028}
10-31 12:19:54.580   416  1785 I am_proc_start: [0,2199,10027,com.google.android.gm,broadcast,com.google.android.gm/.MailIntentReceiver]
10-31 12:19:54.580   416   826 I am_destroy_service: [0,551910480,1975]
10-31 12:19:54.580  2199  2199 D dalvikvm: Try to disable coredump for pid 2199
10-31 12:19:54.590   795  2187 D GCoreFlp: Unknown pending intent to remove.
10-31 12:19:54.590   416   718 I WAKELOCK_RELEASE: TIMESTAMP=39602561947, TAG=WakefulIntentService[GCoreUlr-ExternalChangeService], TYPE=PARTIAL_WAKE_LOCK             , COUNT=0, PID=795, UID=10012
10-31 12:19:54.590   795  2187 I GCoreUlr: Unbound from all location providers
10-31 12:19:54.590   416   715 I WAKELOCK_ACQUIRE: TIMESTAMP=39607973357, TAG=WakefulIntentService[GCoreUlr-ExternalChangeService], TYPE=PARTIAL_WAKE_LOCK             , COUNT=0, PID=795, UID=10012
10-31 12:19:54.600   416  1786 I am_proc_bound: [0,2199,com.google.android.gm]
10-31 12:19:54.600   416   427 I force_gc: Binder
10-31 12:19:54.680   416   427 D dalvikvm: GC_EXPLICIT freed 677K, 27% free 12572K/17088K, paused 4ms+4ms, total 74ms
10-31 12:19:54.700  2199  2199 I ActivityThread: Pub com.google.android.gm2.accountcache: com.android.mail.providers.GmailAccountCacheProvider
10-31 12:19:54.700   416   715 D SyncManager: setIsSyncable: Account {name=hong.y.rao@gmail.com, type=com.google}, provider com.google.android.location.reporting, user 0 -> 1
10-31 12:19:54.700   416   715 D SyncManager: setIsSyncable: already set to 1, doing nothing
10-31 12:19:54.700   416   427 D SyncManager: setSyncAutomatically:  provider com.google.android.location.reporting, user 0 -> true
10-31 12:19:54.700   416   427 D SyncManager: setSyncAutomatically: already set to true, doing nothing
10-31 12:19:54.730  2199  2199 D ActivityThread: Loading provider com.android.gmail.ui: com.google.android.gm.provider.UiProvider
10-31 12:19:54.750  2199  2199 I ActivityThread: Pub gmail-ls: com.google.android.gm.provider.MailProvider
10-31 12:19:54.760   416  1787 I am_create_service: [0,557645048,com.google.android.gsf.login/com.google.android.gsf.loginservice.GoogleLoginService,1928]
10-31 12:19:54.770   416   923 I am_destroy_service: [0,557645048,1928]
10-31 12:19:54.770  2199  2199 I ActivityThread: Pub com.google.android.gm: com.google.android.gm.provider.PublicContentProvider
10-31 12:19:54.780  2199  2199 I ActivityThread: Pub com.google.android.gmail.SuggestionsProvider: com.google.android.gm.SuggestionsProvider
10-31 12:19:54.780  2199  2199 I ActivityThread: Pub com.google.android.gm2.conversation.provider: com.android.mail.browse.GmailConversationProvider
10-31 12:19:54.780  2199  2199 I ActivityThread: Pub com.android.gmail.ui: com.google.android.gm.provider.UiProvider
10-31 12:19:54.790   416  1788 I am_create_service: [0,557324776,com.google.android.gms/.icing.impl.IndexService,948]
10-31 12:19:54.810   416   923 I am_create_service: [0,555172384,com.google.android.gm/.GmailIntentService,2199]
10-31 12:19:54.810   416  1786 I WAKELOCK_ACQUIRE: TIMESTAMP=39828093327, TAG=StartingAlertService, TYPE=PARTIAL_WAKE_LOCK             , COUNT=0, PID=1595, UID=10008
10-31 12:19:54.810  1595  1595 D AlertReceiver: onReceive: a=android.intent.action.PROVIDER_CHANGED Intent { act=android.intent.action.PROVIDER_CHANGED dat=content://com.android.calendar flg=0x10 cmp=com.google.android.calendar/com.android.calendar.alerts.AlertReceiver }
10-31 12:19:54.820   416   428 I am_create_service: [0,555122872,com.google.android.calendar/com.android.calendar.alerts.AlertService,1595]
10-31 12:19:54.820  1595  2216 D AlertService: 0 Action = android.intent.action.PROVIDER_CHANGED
10-31 12:19:54.840   416   707 I am_destroy_service: [0,555172384,2199]
10-31 12:19:54.850   416  1786 I WAKELOCK_RELEASE: TIMESTAMP=39867754055, TAG=WakefulIntentService[GCoreUlr-ExternalChangeService], TYPE=PARTIAL_WAKE_LOCK             , COUNT=0, PID=795, UID=10012
10-31 12:19:54.850   795  2187 I GCoreUlr: Ensuring that reporting is stopped because of reasons: {account#10#=[InactiveReason{mVersionCode=0, mIdentifier=3, mName='UnsupportedGeo'}]}
10-31 12:19:54.850   795  2187 D GCoreFlp: Unknown pending intent to remove.
10-31 12:19:54.850   795  2187 I GCoreUlr: Unbound from all location providers
10-31 12:19:54.860   416   938 I am_destroy_service: [0,554938896,795]
10-31 12:19:54.860  2199  2206 D dalvikvm: Rejecting registerization due to mul-int/lit8 v4, v2, (#31)
10-31 12:19:54.880  2199  2206 D dalvikvm: Rejecting registerization due to mul-int/lit8 v4, v2, (#31)
10-31 12:19:54.890   416   416 I ActivityManager: Start proc com.android.cellbroadcastreceiver for broadcast com.android.cellbroadcastreceiver/.CellBroadcastReceiver: pid=2223 uid=10010 gids={50010, 1028}
10-31 12:19:54.890   416   416 I am_proc_start: [0,2223,10010,com.android.cellbroadcastreceiver,broadcast,com.android.cellbroadcastreceiver/.CellBroadcastReceiver]
10-31 12:19:54.890  2223  2223 D dalvikvm: Try to disable coredump for pid 2223
10-31 12:19:54.900   416   718 I WAKELOCK_ACQUIRE: TIMESTAMP=39915060922, TAG=Icing, TYPE=PARTIAL_WAKE_LOCK             , COUNT=0, PID=948, UID=10012
10-31 12:19:54.900   863   863 I binder_sample: [android.app.IActivityManager,110,27,com.google.process.gapps,5]
10-31 12:19:54.900  2199  2206 D dalvikvm: Rejecting registerization due to move v5, v4, (#0)
10-31 12:19:54.910   416   826 I WAKELOCK_ACQUIRE: TIMESTAMP=39921008331, TAG=Icing, TYPE=PARTIAL_WAKE_LOCK             , COUNT=0, PID=948, UID=10012
10-31 12:19:54.910   416  1788 I WAKELOCK_RELEASE: TIMESTAMP=39925648069, TAG=Icing, TYPE=PARTIAL_WAKE_LOCK             , COUNT=0, PID=948, UID=10012
10-31 12:19:54.910   416   427 I am_proc_bound: [0,2223,com.android.cellbroadcastreceiver]
10-31 12:19:54.920  2199  2206 D dalvikvm: Rejecting registerization due to mul-int/lit8 v5, v0, (#31)
10-31 12:19:54.940   416   718 I ActivityManager: No longer want com.google.android.partnersetup (pid 1368): empty #17
10-31 12:19:54.940   416   718 I am_kill : [0,1368,com.google.android.partnersetup,15,too many background]
10-31 12:19:54.940  2199  2206 D dalvikvm: Rejecting registerization due to mul-int/lit8 v5, v0, (#31)
10-31 12:19:54.950   416   938 I WAKELOCK_RELEASE: TIMESTAMP=39967231137, TAG=Icing, TYPE=PARTIAL_WAKE_LOCK             , COUNT=0, PID=948, UID=10012
10-31 12:19:54.950   416  1786 I am_proc_died: [0,1368,com.google.android.partnersetup]
10-31 12:19:54.950  2223  2223 I ActivityThread: Pub cellbroadcasts: com.android.cellbroadcastreceiver.CellBroadcastContentProvider
10-31 12:19:54.970   416   416 I am_create_service: [0,555043984,com.android.cellbroadcastreceiver/.CellBroadcastConfigService,2223]
10-31 12:19:54.990   416   923 I am_create_service: [0,555035256,com.google.android.gm/.GmailIntentService,2199]
10-31 12:19:55.000   649  1494 D GSM     : [SimSmsInterfaceManager] enableCellBroadcastRange
10-31 12:19:55.000   649  1494 D GSM     : [SimSmsInterfaceManager] Calling setGsmBroadcastConfig with 1 configurations
10-31 12:19:55.000   649  1494 D RILJ    : [0091]> RIL_REQUEST_GSM_SET_BROADCAST_CONFIG with 1 configs : 
10-31 12:19:55.000   416   940 I WAKELOCK_ACQUIRE: TIMESTAMP=40017078584, TAG=RILJ, TYPE=PARTIAL_WAKE_LOCK             , COUNT=0, PID=649, UID=1001
10-31 12:19:55.000   649  1494 D RILJ    : SmsBroadcastConfigInfo: Id [4352,6399] Code [0,255] ENABLED
10-31 12:19:55.010   416   725 I ActivityManager: Start proc com.google.android.music:main for broadcast com.google.android.music/.store.MediaStoreImportService$Receiver: pid=2243 uid=10042 gids={50042, 3003, 1015, 1028}
10-31 12:19:55.010   416   725 I am_proc_start: [0,2243,10042,com.google.android.music:main,broadcast,com.google.android.music/.store.MediaStoreImportService$Receiver]
10-31 12:19:55.010  2243  2243 D dalvikvm: Try to disable coredump for pid 2243
10-31 12:19:55.010   148   186 I RILR    : onRequest() - id=90 token: 0x40716b20
10-31 12:19:55.010   148   186 I RILR    : CTE::HandleRequest() - id=90 token: 0x40716b20
10-31 12:19:55.010   148   186 I RILR    : CTEBase::CoreGsmSetBroadcastSmsConfig() - nConfigInfos = 1.
10-31 12:19:55.020   148   186 I RILR    : CRequestInfoTable::GetRequestInfo() - RequestID 0x59: Timeout [10000]
10-31 12:19:55.020   148   458 I RILR    : After OnRequestComplete(): token=0x40716b20, eErrNo=0, pResponse=[0x00000000], len=[0]
10-31 12:19:55.020   649   825 D RILJ    : [0091]< RIL_REQUEST_GSM_SET_BROADCAST_CONFIG 
10-31 12:19:55.020   649  1494 D GSM     : [SimSmsInterfaceManager] Added cell broadcast subscription for MID range 4352 to 6399 from client com.android.cellbroadcastreceiver
10-31 12:19:55.020   649  1494 D GSM     : [SimSmsInterfaceManager] Calling setCellBroadcastActivation(true)
10-31 12:19:55.020   416  1788 I WAKELOCK_ACQUIRE: TIMESTAMP=40035178456, TAG=RILJ, TYPE=PARTIAL_WAKE_LOCK             , COUNT=0, PID=649, UID=1001
10-31 12:19:55.020   649  1494 D RILJ    : [0092]> RIL_REQUEST_GSM_BROADCAST_ACTIVATION
10-31 12:19:55.020   148   186 I RILR    : onRequest() - id=91 token: 0x407156b0
10-31 12:19:55.020   148   186 I RILR    : CTE::HandleRequest() - id=91 token: 0x407156b0
10-31 12:19:55.020   148   186 I RILR    : CTEBase::CoreGsmSmsBroadcastActivation() - m_vBroadcastSmsConfigInfo.size() = 1.
10-31 12:19:55.020   148   186 I RILR    : CTEBase::CoreGsmSmsBroadcastActivation() - nChannelToAccept = 1.
10-31 12:19:55.040   416   940 I am_proc_bound: [0,2243,com.google.android.music:main]
10-31 12:19:55.040   148   186 I RILR    : CRequestInfoTable::GetRequestInfo() - RequestID 0x5A: Timeout [10000]
10-31 12:19:55.040   148   458 I RILR    : CChannel::SendCommand() - chnl=[2] RILReqID=[90] retries=[1] Timeout=[10000] cmd1=[AT+CSCB=0,"4352-6399","0-255"<cr>] cmd2=[NULL]
10-31 12:19:55.040   148   458 I RILR    : CChannelBase::WriteToPort() - INFO: chnl=[2] TX [AT+CSCB=0,"4352-6399","0-255"<cr>]
10-31 12:19:55.050   148   459 I RILR    : CChannel::ProcessModemData() - INFO: chnl=[2] size=[6] RX [<cr><lf>OK<cr><lf>]
10-31 12:19:55.050   148   458 I RILR    : After OnRequestComplete(): token=0x407156b0, eErrNo=0, pResponse=[0x00000000], len=[0]
10-31 12:19:55.050   649   825 D RILJ    : [0092]< RIL_REQUEST_GSM_BROADCAST_ACTIVATION 
10-31 12:19:55.050   649  1493 D GSM     : [SimSmsInterfaceManager] disableCellBroadcastRange
10-31 12:19:55.050   416   923 I am_destroy_service: [0,555043984,2223]
10-31 12:19:55.050   649  1493 D GSM     : [SimSmsInterfaceManager] Failed to remove cell broadcast subscription for MID range 50 to 50 from client com.android.cellbroadcastreceiver
10-31 12:19:55.070  2199  2206 D dalvikvm: Rejecting registerization due to +iget-quick v10, v4, (#20)
10-31 12:19:55.080  2199  2206 D dalvikvm: Rejecting registerization due to +iget-quick v10, v4, (#20)
10-31 12:19:55.080  2199  2206 D dalvikvm: Rejecting registerization due to and-int/lit8 v4, v6, (#15)
10-31 12:19:55.100  2199  2206 D dalvikvm: Rejecting registerization due to +iget-quick v3, v5, (#20)
10-31 12:19:55.110  2243  2243 I ActivityThread: Pub com.google.android.music.ConfigContent: com.google.android.music.store.ConfigContentProvider
10-31 12:19:55.110  2199  2206 D dalvikvm: Rejecting registerization due to +iget-quick v10, v4, (#20)
10-31 12:19:55.120  2199  2206 D dalvikvm: Rejecting registerization due to array-length v1, v2, (#0)
10-31 12:19:55.120  2199  2206 D dalvikvm: Rejecting registerization due to array-length v1, v2, (#0)
10-31 12:19:55.130  2199  2206 D dalvikvm: Rejecting registerization due to move v5, v4, (#0)
10-31 12:19:55.170  2243  2243 I ActivityThread: Pub com.google.android.music.MusicContent: com.google.android.music.store.MusicContentProvider
10-31 12:19:55.180  2199  2220 I Gmail   : calculateUnknownSyncRationalesAndPurgeInBackground: queueing
10-31 12:19:55.190  2243  2243 I MusicStore: Database version: 70
10-31 12:19:55.200  2199  2220 I Gmail   : calculateUnknownSyncRationalesAndPurgeInBackground: queueing
10-31 12:19:55.210   416   715 I am_create_service: [0,554644624,com.google.android.music/.preferences.MusicPreferenceService$MusicPreferenceServiceBinder,2243]
10-31 12:19:55.220   416   940 I force_gc: Binder
10-31 12:19:55.230  2199  2220 I Gmail   : calculateUnknownSyncRationalesAndPurgeInBackground: running
10-31 12:19:55.240  2199  2220 I Gmail   : calculateUnknownSyncRationalesAndPurgeInBackground: running
10-31 12:19:55.260   416   913 I am_create_service: [0,554583152,com.google.android.music/.net.NetworkMonitor,2243]
10-31 12:19:55.270   416  1785 I am_create_service: [0,554571200,com.google.android.music/.playback.MusicPlaybackService,2243]
10-31 12:19:55.280   416  1788 I am_create_service: [0,554550008,com.google.android.music/.store.MediaStoreImportService,2243]
10-31 12:19:55.290   416   715 I am_create_service: [0,554527816,com.google.android.music/.store.StoreService$StoreServiceBinder,2243]
10-31 12:19:55.300   416   940 D dalvikvm: GC_EXPLICIT freed 332K, 27% free 12573K/17088K, paused 3ms+5ms, total 82ms
10-31 12:19:55.340  2243  2243 D BaseCastMediaRouteProvider: published 0 routes
10-31 12:19:55.340  2199  2203 D dalvikvm: GC_CONCURRENT freed 2513K, 41% free 4073K/6832K, paused 2ms+2ms, total 31ms
10-31 12:19:55.340  2199  2219 D dalvikvm: WAIT_FOR_CONCURRENT_GC blocked 21ms
10-31 12:19:55.370  2199  2206 D dalvikvm: Rejecting registerization due to ushr-int/lit8 v4, v7, (#19)
10-31 12:19:55.380  2243  2243 W RemoteControlCompat: Could not get real field: FLAG_KEY_MEDIA_POSITION_UPDATE
10-31 12:19:55.390   416   725 I ActivityManager: Start proc com.softwareupdate for broadcast com.softwareupdate/.LaunchReceiver: pid=2266 uid=10056 gids={50056, 3003, 1015, 2001, 1028}
10-31 12:19:55.390   416   725 I am_proc_start: [0,2266,10056,com.softwareupdate,broadcast,com.softwareupdate/.LaunchReceiver]
10-31 12:19:55.400  2266  2266 D dalvikvm: Try to disable coredump for pid 2266
10-31 12:19:55.410   416  1786 I am_create_service: [0,555922072,com.google.android.music/.download.cache.CacheService,2243]
10-31 12:19:55.410   416  1785 I am_proc_bound: [0,2266,com.softwareupdate]
10-31 12:19:55.430   416   715 I am_create_service: [0,555130944,com.google.android.music/.download.DownloadQueueService,2243]
10-31 12:19:55.450  2266  2266 I ActivityThread: Pub com.softwareupdate.downloadprovider: com.softwareupdate.downloadprovider.DownloadProvider
10-31 12:19:55.450  2266  2266 I SoftwareUpdate: [DownloadProvider]:onCreate 
10-31 12:19:55.450  2266  2266 I SoftwareUpdate: [DownloadProvider]:check Last Download
10-31 12:19:55.470   416   913 I WAKELOCK_ACQUIRE: TIMESTAMP=40482614168, TAG=AudioOut_3, TYPE=PARTIAL_WAKE_LOCK             , COUNT=0, PID=146, UID=1013
10-31 12:19:55.470   416   725 I WAKELOCK_ACQUIRE: TIMESTAMP=40483531401, TAG=AudioOut_2, TYPE=PARTIAL_WAKE_LOCK             , COUNT=0, PID=146, UID=1013
10-31 12:19:55.470  2266  2266 I SoftwareUpdate: [DownloadProvider]:no downloadinfo
10-31 12:19:55.480   416   938 I WAKELOCK_ACQUIRE: TIMESTAMP=40489308414, TAG=com.google.android.music.playback.LocalDevicePlayback.mAsyncWakeLock, TYPE=PARTIAL_WAKE_LOCK             , COUNT=0, PID=2243, UID=10042
10-31 12:19:55.480  2266  2266 I SoftwareUpdate: [SoftwareUpdateApplication]:start SoftwareUpdate Application
10-31 12:19:55.490  2266  2266 I SoftwareUpdate: [SoftwareUpdateApplication]:config:use_gprs_download:false
10-31 12:19:55.490  2243  2250 D dalvikvm: Rejecting registerization due to move v5, v4, (#0)
10-31 12:19:55.490  2266  2266 I SoftwareUpdate: [SoftwareUpdateApplication]:config:fly_server:http://release.borqs.com/projectinfoxml/
10-31 12:19:55.490  2266  2266 I SoftwareUpdate: [SoftwareUpdateApplication]:config:base_version=1387261640
10-31 12:19:55.490  2266  2266 I SoftwareUpdate: [SoftwareUpdateApplication]:config:platform=falcon
10-31 12:19:55.490  2266  2266 I SoftwareUpdate: [SoftwareUpdateApplication]:config:auto_update:true
10-31 12:19:55.490  2266  2266 I SoftwareUpdate: [LaunchReceiver]:launch reason:art.softwareupdate.action.alarm
10-31 12:19:55.490  2266  2266 I SoftwareUpdate: [Util]:setTimer action=art.softwareupdate.action.alarm
10-31 12:19:55.490  1062  1113 D bt_vendor: op for 7
10-31 12:19:55.500  2266  2266 W SoftwareUpdate: [LaunchReceiver]:there isn't connection, poll again after 8 hours
10-31 12:19:55.500  2266  2266 I SoftwareUpdate: [Util]:setTimer action=art.softwareupdate.action.alarm
10-31 12:19:55.500   416   428 I notification_cancel: [com.android.bluetooth,-1000005,NULL,0,0,64]
10-31 12:19:55.500  2266  2266 W SoftwareUpdate: [Util]:stop service!
10-31 12:19:55.500  2266  2266 W SoftwareUpdate: [Util]:kill SoftwareUpdate!
10-31 12:19:55.500  2266  2266 I Process : Sending signal. PID: 2266 SIG: 9
10-31 12:19:55.510   416  1788 I ActivityManager: Process com.softwareupdate (pid 2266) has died.
10-31 12:19:55.510   416  1788 I am_proc_died: [0,2266,com.softwareupdate]
10-31 12:19:55.510   416  1788 I am_broadcast_discard_app: [0,553025224,art.softwareupdate.action.alarm,0,ResolveInfo{20f6bbd8 com.softwareupdate.LaunchReceiver p=0 o=0 m=0x108000}]
10-31 12:19:55.510   416   913 I notification_cancel: [com.android.bluetooth,-1000006,NULL,0,0,64]
10-31 12:19:55.520  2243  2250 D dalvikvm: Rejecting registerization due to mul-int/lit8 v4, v2, (#31)
10-31 12:19:55.520  2243  2259 D SystemUtils: getSystemProperty: lpa.decode=null
10-31 12:19:55.530   416   725 D SyncManager: setSyncAutomatically:  provider com.google.android.music.MusicContent, user 0 -> false
10-31 12:19:55.530   416   725 D SyncManager: setSyncAutomatically: already set to false, doing nothing
10-31 12:19:55.530   416   525 I WAKELOCK_ACQUIRE: TIMESTAMP=40540540002, TAG=SyncLoopWakeLock, TYPE=PARTIAL_WAKE_LOCK             , COUNT=0, PID=416, UID=1000
10-31 12:19:55.530   416  1787 I WAKELOCK_RELEASE: TIMESTAMP=40541712681, TAG=com.google.android.music.playback.LocalDevicePlayback.mAsyncWakeLock, TYPE=PARTIAL_WAKE_LOCK             , COUNT=0, PID=2243, UID=10042
10-31 12:19:55.530   416   525 I WAKELOCK_RELEASE: TIMESTAMP=40544028200, TAG=SyncLoopWakeLock, TYPE=PARTIAL_WAKE_LOCK             , COUNT=0, PID=416, UID=1000
10-31 12:19:55.530  2243  2250 D dalvikvm: Rejecting registerization due to mul-int/lit8 v4, v2, (#31)
10-31 12:19:55.530   416  1788 D SyncManager: setIsSyncable: Account {name=hong.y.rao@gmail.com, type=com.google}, provider com.google.android.music.MusicContent, user 0 -> 0
10-31 12:19:55.530   416  1788 D SyncManager: setIsSyncable: already set to 0, doing nothing
10-31 12:19:55.530  2243  2250 D dalvikvm: Rejecting registerization due to move v5, v4, (#0)
10-31 12:19:55.530  2243  2243 I NetworkMonitor: Network changed: type(1) name(WIFI) isConnected : false noData: true bitrate:96
10-31 12:19:55.540  2243  2243 D CacheService: onCreate
10-31 12:19:55.540   523   523 D wpa_supplicant: EAPOL: Supplicant port status: Unauthorized
10-31 12:19:55.550  2243  2243 D CacheService: onBind
10-31 12:19:55.560  2243  2292 D DownloadQueue: clearCurrentTask
10-31 12:19:55.560  2243  2292 D DownloadQueue: getNextTask(): wait
10-31 12:19:55.560  2243  2243 D CacheService: intent=Intent { act=com.google.android.music.download.cache.CacheService.CLEAR_ORPHANED cmp=com.google.android.music/.download.cache.CacheService }
10-31 12:19:55.560  2243  2243 I UIStateManager: Connected to playback service
10-31 12:19:55.560  2243  2250 D dalvikvm: Rejecting registerization due to and-int/lit8 v4, v6, (#15)
10-31 12:19:55.570   416   441 V AlarmManager: triggered: act=art.softwareupdate.action.alarm flg=0x14
10-31 12:19:55.570   416   441 V AlarmManager: Pkg: com.softwareupdate
10-31 12:19:55.570  2243  2243 I LocalDevicePlayback: Streaming client created.
10-31 12:19:55.580   416   707 I am_create_service: [0,554300824,com.google.android.gms/.init.InitializeIntentService,948]
10-31 12:19:55.590   416   427 I am_destroy_service: [0,554300824,948]
10-31 12:19:55.590   863   863 D GCM     : GcmService start Intent { act=com.google.android.gms.INITIALIZE flg=0x10 pkg=com.google.android.gms cmp=com.google.android.gms/.gcm.GcmService } com.google.android.gms.INITIALIZE
10-31 12:19:55.600   416   940 I am_create_service: [0,554300192,com.borqs.bugreporter/.framework.ProcessorService,1975]
10-31 12:19:55.600  1975  1975 D BugReporter: DBMsgReceiver|Interested DropBox msg.
10-31 12:19:55.600  2243  2289 D MusicStore: Disabled WAL
10-31 12:19:55.610  1975  2294 D BugReporter: ProcessorService|Received.
10-31 12:19:55.610  1975  2294 D BugReporter: DBAnalyzer|analyse()
10-31 12:19:55.610  1975  2294 D BugReporter: DBAnalyzer|tag:system_app_strictmode
10-31 12:19:55.610  1975  2294 D BugReporter: DBAnalyzer|time:1383193185562
10-31 12:19:55.610   416  1786 I WAKELOCK_ACQUIRE: TIMESTAMP=40626514335, TAG=ScheduleNextAlarmWakeLock, TYPE=PARTIAL_WAKE_LOCK             , COUNT=0, PID=1629, UID=10009
10-31 12:19:55.610   416   416 I am_destroy_service: [0,554300192,1975]
10-31 12:19:55.620   416   913 I am_create_service: [0,554258784,com.android.providers.calendar/.CalendarProviderIntentService,1629]
10-31 12:19:55.620  2243  2289 D MusicStore: Database opened
10-31 12:19:55.640  2243  2289 I CacheManagerImpl: Cached file or directory "/storage/emulated/0/Android/data/com.google.android.music/files/music" does not exist.
10-31 12:19:55.640  2243  2289 I CacheManagerImpl: Cached file or directory "/data/data/com.google.android.music/files/music" does not exist.
10-31 12:19:55.650   416   826 I WAKELOCK_ACQUIRE: TIMESTAMP=40664351001, TAG=StartingAlertService, TYPE=PARTIAL_WAKE_LOCK             , COUNT=0, PID=1595, UID=10008
10-31 12:19:55.650  1595  1595 D AlertReceiver: onReceive: a=android.intent.action.PROVIDER_CHANGED Intent { act=android.intent.action.PROVIDER_CHANGED dat=content://com.android.calendar flg=0x10 cmp=com.google.android.calendar/com.android.calendar.alerts.AlertReceiver }
10-31 12:19:55.670   416  1785 I WAKELOCK_RELEASE: TIMESTAMP=40683315237, TAG=ScheduleNextAlarmWakeLock, TYPE=PARTIAL_WAKE_LOCK             , COUNT=0, PID=1629, UID=10009
10-31 12:19:55.670   416   427 I am_destroy_service: [0,554258784,1629]
10-31 12:19:55.680  1730  1730 D dalvikvm: Trying to load lib /data/app-lib/com.baidu.appsearch-1/libshare_v2.so 0x41aade40
10-31 12:19:55.680  1730  1730 D dalvikvm: Added shared lib /data/app-lib/com.baidu.appsearch-1/libshare_v2.so 0x41aade40
10-31 12:19:55.720   416  1786 I ActivityManager: Start proc com.ting.mp3.android:bdservice_v1 for broadcast com.ting.mp3.android/com.baidu.android.moplus.MoPlusReceiver: pid=2300 uid=10081 gids={50081, 3003, 1015, 1028}
10-31 12:19:55.720   416  1786 I am_proc_start: [0,2300,10081,com.ting.mp3.android:bdservice_v1,broadcast,com.ting.mp3.android/com.baidu.android.moplus.MoPlusReceiver]
10-31 12:19:55.720  2300  2300 D dalvikvm: Try to disable coredump for pid 2300
10-31 12:19:55.740  2300  2300 I dalvikvm: Turning on JNI app bug workarounds for target SDK version 11...
10-31 12:19:55.740  2199  2206 D dalvikvm: Rejecting registerization due to div-int/lit8 v0, v3, (#2)
10-31 12:19:55.740   416   938 I am_proc_bound: [0,2300,com.ting.mp3.android:bdservice_v1]
10-31 12:19:55.740  2199  2206 D dalvikvm: Rejecting registerization due to div-int/lit8 v0, v3, (#2)
10-31 12:19:55.770  2199  2256 I content_query_sample: [content://com.android.gmail.ui/accounts,_id/name/type/providerVersion/accountUri/folderListUri/fullFolderListUri/searchUri/accountFromAddresses/expungeMessageUri/undoUri/accountSettingsIntentUri/syncStatus/helpIntentUri/sendFeedbackIntentUri/reauthenticationUri/composeUri/mimeType/recentFolderListUri/color/defaultRecentFolderListUri/manualSyncUri/viewProxyUri/accountCookieUri/signature/auto_advance/message_text_size/snap_headers/reply_behavior/conversation_list_icon/confirm_delete/confirm_archive/confirm_send/default_inbox/default_inbox_name/force_reply_from_default/max_attachment_size/swipe/priority_inbox_arrows_enabled/setup_intent_uri/conversation_view_mode/veiled_address_pattern/updateSettingsUri/enableMessageTransforms/capabilities,,,638,,100]
10-31 12:19:55.780  2300  2300 V TingApplication: [tid:1], onCreate, packagename: com.ting.mp3.android, pid: 2300
10-31 12:19:55.790  2300  2300 V TingApplication: [tid:1], processName: com.ting.mp3.android:bdservice_v1
10-31 12:19:55.790   416   923 I am_create_service: [0,554110048,com.ting.mp3.android/com.baidu.android.moplus.MoPlusService,2300]
10-31 12:19:55.790  2300  2300 V TingApplication: [tid:1], ingnore!!!
10-31 12:19:55.800   416   416 I force_gc: Binder
10-31 12:19:55.800  1837  1837 D PushMessageReceiver: [tid:1], >>> Receive intent: 
10-31 12:19:55.800  1837  1837 D PushMessageReceiver: Intent { act=com.baidu.music.push.bind flg=0x10 cmp=com.ting.mp3.android/com.baidu.music.common.push.PushMessageReceiver }
10-31 12:19:55.800  2199  2206 D dalvikvm: Rejecting registerization due to +iget-quick v3, v5, (#20)
10-31 12:19:55.800  1837  1844 D dalvikvm: Rejecting registerization due to move v5, v4, (#0)
10-31 12:19:55.810  1837  1844 D dalvikvm: Rejecting registerization due to move v5, v4, (#0)
10-31 12:19:55.810  1837  1837 D PushMessageReceiver: [tid:1], lastbindState: 1
10-31 12:19:55.810  1837  1837 D PushMessageReceiver: [tid:1], lastbindTime: 1387870979465
10-31 12:19:55.810  1837  1837 D PushMessageReceiver: [tid:1], currentTime: 1383193195822
10-31 12:19:55.810  1837  1837 D PushMessageReceiver: [tid:1], timeDiff: 4677783643
10-31 12:19:55.810  1837  1837 V yangzc  : [tid:1], bindSrv anon!!!
10-31 12:19:55.820  1837  1844 D dalvikvm: Rejecting registerization due to mul-int/lit8 v5, v0, (#31)
10-31 12:19:55.820  1837  1844 D dalvikvm: Rejecting registerization due to mul-int/lit8 v5, v0, (#31)
10-31 12:19:55.830  1837  1844 D dalvikvm: Rejecting registerization due to mul-int/lit8 v4, v2, (#31)
10-31 12:19:55.830   416   427 I am_destroy_service: [0,554110048,2300]
10-31 12:19:55.830  1837  1844 D dalvikvm: Rejecting registerization due to mul-int/lit8 v4, v2, (#31)
10-31 12:19:55.840   416   707 I WAKELOCK_ACQUIRE: TIMESTAMP=40855213865, TAG=handleMediaEvent, TYPE=PARTIAL_WAKE_LOCK             , COUNT=0, PID=1062, UID=1002
10-31 12:19:55.840   416   526 I WAKELOCK_RELEASE: TIMESTAMP=40855969183, TAG=handleMediaEvent, TYPE=PARTIAL_WAKE_LOCK             , COUNT=0, PID=1062, UID=1002
10-31 12:19:55.840   416   923 I WAKELOCK_ACQUIRE: TIMESTAMP=40857301207, TAG=BluetoothA2dpService, TYPE=PARTIAL_WAKE_LOCK             , COUNT=0, PID=1062, UID=1002
10-31 12:19:55.840  1062  1114 W bt-btif : bta_dm_rm_cback:0, status:1
10-31 12:19:55.840  1062  1114 W bt-btif : bta_dm_act no entry for connected service cbs
10-31 12:19:55.840  1062  1096 W bt-btif : BTA_AV_OPEN_EVT::FAILED status: 3
10-31 12:19:55.840  1062  1096 I BluetoothA2dpServiceJni: bta2dp_connection_state_callback
10-31 12:19:55.840  1062  1106 D A2dpStateMachine: Pending process message: 101
10-31 12:19:55.840  1062  1106 D A2dpStateMachine: Enter Disconnected: 101
10-31 12:19:55.850   416   427 I WAKELOCK_RELEASE: TIMESTAMP=40860882833, TAG=BluetoothA2dpService, TYPE=PARTIAL_WAKE_LOCK             , COUNT=0, PID=1062, UID=1002
10-31 12:19:55.850  1062  1062 D A2dpStateMachine: Connection state E0:AE:5E:EE:84:02: 1->0
10-31 12:19:55.850  1062  1062 D BluetoothAdapterService(550892272): getState(): mAdapterProperties: com.android.bluetooth.btservice.AdapterProperties@20d5fff8
10-31 12:19:55.850  1910  1910 I LocalBluetoothProfileManager: Failed to connect A2DP device
10-31 12:19:55.850  1062  1062 D BluetoothAdapterProperties: CONNECTION_STATE_CHANGE: E0:AE:5E:EE:84:02: 1 -> 0
10-31 12:19:55.860   416   512 I WifiHW  : CMD: DRIVER BTCOEXSCAN-STOP
10-31 12:19:55.860   523   523 D wpa_supplicant: RX ctrl_iface - hexdump(len=22): 44 52 49 56 45 52 20 42 54 43 4f 45 58 53 43 41 4e 2d 53 54 4f 50
10-31 12:19:55.860   523   523 D wpa_supplicant: wlan0: Control interface command 'DRIVER BTCOEXSCAN-STOP'
10-31 12:19:55.860   523   523 D wpa_supplicant: wpa_driver_nl80211_driver_cmd  len = 0, 0
10-31 12:19:55.860   416   512 I WifiHW  : REPLY: OK
10-31 12:19:55.860  1062  1078 D BluetoothAdapterService(550892272): getState(): mAdapterProperties: com.android.bluetooth.btservice.AdapterProperties@20d5fff8
10-31 12:19:55.860  2300  2300 I Process : Sending signal. PID: 2300 SIG: 9
10-31 12:19:55.860  1910  1910 D CachedBluetoothDevice: onProfileStateChanged: profile A2DP newProfileState 0
10-31 12:19:55.860  1062  1079 D BluetoothAdapterService(550892272): Get Bonded Devices being called
10-31 12:19:55.860  1062  1157 D BluetoothAdapterService(550892272): getState(): mAdapterProperties: com.android.bluetooth.btservice.AdapterProperties@20d5fff8
10-31 12:19:55.870   649  1164 D CAT     : StkAppService: DISPLAY_TEXT
10-31 12:19:55.870   649   661 D dalvikvm: Rejecting registerization due to +iget-quick v4, v1, (#16)
10-31 12:19:55.880   416   940 I ActivityManager: START u0 {flg=0x50848000 cmp=com.android.stk/.StkDialogActivity (has extras)} from pid 649
10-31 12:19:55.880   416   427 I ActivityManager: Process com.ting.mp3.android:bdservice_v1 (pid 2300) has died.
10-31 12:19:55.880   416   940 I am_create_task: [0,3]
10-31 12:19:55.880   416   940 I am_create_activity: [0,554599752,3,com.android.stk/.StkDialogActivity,NULL,NULL,NULL,1350860800]
10-31 12:19:55.880   416   940 I am_restart_activity: [0,554599752,3,com.android.stk/.StkDialogActivity]
10-31 12:19:55.880   416   940 I am_pause_activity: [0,554599752,com.android.stk/.StkDialogActivity]
10-31 12:19:55.880   416   442 I am_destroy_service: [0,557653560,1452]
10-31 12:19:55.880   416   427 I am_proc_died: [0,2300,com.ting.mp3.android:bdservice_v1]
10-31 12:19:55.890   863   863 D GCM     : GcmService start Intent { act=com.google.android.talk.MCS_CONNECTION_SERVICE_STARTED flg=0x10 cmp=com.google.android.gms/.gcm.GcmService } com.google.android.talk.MCS_CONNECTION_SERVICE_STARTED
10-31 12:19:55.910   416   416 D dalvikvm: GC_EXPLICIT freed 407K, 27% free 12601K/17088K, paused 5ms+8ms, total 107ms
10-31 12:19:55.930   416   718 I ActivityManager: Start proc com.android.gallery3d for broadcast com.android.gallery3d/.app.PackagesMonitor: pid=2320 uid=10025 gids={50025, 1006, 3003, 1015, 1028}
10-31 12:19:55.930   416   718 I am_proc_start: [0,2320,10025,com.android.gallery3d,broadcast,com.android.gallery3d/.app.PackagesMonitor]
10-31 12:19:55.930   649   661 D dalvikvm: Rejecting registerization due to div-int/lit8 v0, v3, (#2)
10-31 12:19:55.940   649   661 D dalvikvm: Rejecting registerization due to div-int/lit8 v0, v3, (#2)
10-31 12:19:55.940  2320  2320 D dalvikvm: Try to disable coredump for pid 2320
10-31 12:19:55.950   416   938 I am_proc_bound: [0,2320,com.android.gallery3d]
10-31 12:19:55.960   649   649 I am_on_resume_called: [0,com.android.stk.StkDialogActivity]
10-31 12:19:55.970   649   649 I am_on_paused_called: [0,com.android.stk.StkDialogActivity]
10-31 12:19:56.000   649   661 I dalvikvm: Total arena pages for JIT: 11
10-31 12:19:56.000   649   661 I dalvikvm: Total arena pages for JIT: 12
10-31 12:19:56.000   649   661 I dalvikvm: Total arena pages for JIT: 13
10-31 12:19:56.010   649   661 I dalvikvm: Total arena pages for JIT: 14
10-31 12:19:56.010   649   661 I dalvikvm: Total arena pages for JIT: 15
10-31 12:19:56.010  2320  2320 I ActivityThread: Pub com.android.gallery3d.filtershow.provider.SharedImageProvider: com.android.gallery3d.filtershow.provider.SharedImageProvider
10-31 12:19:56.010   416   442 V KeyguardStatusView: refresh statusview showing:true
10-31 12:19:56.010   416   725 D KeyguardViewMediator: setHidden false
