10-31 12:20:03.780   416   938 I notification_cancel: [com.android.phone,7,NULL,0,0,64]
10-31 12:20:03.780   416   913 I notification_cancel: [com.android.phone,7,NULL,0,0,64]
10-31 12:20:03.780   416   940 I notification_cancel: [com.android.phone,7,NULL,0,0,64]
10-31 12:20:03.780   416  1788 I notification_cancel: [com.android.phone,7,NULL,0,0,64]
10-31 12:20:03.780   416  1787 I notification_cancel: [com.android.phone,7,NULL,0,0,64]
10-31 12:20:03.780   416   427 I notification_cancel: [com.android.phone,7,NULL,0,0,64]
10-31 12:20:03.780   148   186 I RILR    : CRequestInfoTable::GetRequestInfo() - RequestID 0x4A: Timeout [300000]
10-31 12:20:03.880   149   149 D         : GpsHalPowerControlRuntimePm() disabled in gps config XML)
10-31 12:20:03.880   149   149 D gpsd    : CALL_SENTRY(main()): GlEngine::OnStart took 137 ms (from 48752 to 48889) (logOverhead=3,1,59), start: 12:20:03.752
10-31 12:20:03.980   149   149 D gpsd    : CALL_SENTRY(main()): marshal_gps_start took 273 ms (from 48716 to 48989) (logOverhead=47,1,640), start: 12:20:03.716
10-31 12:20:03.980   416   827 D ConnectivityService: startUsingNetworkFeature reconnecting to 0: enableSUPL
10-31 12:20:03.980   416   827 I WAKELOCK_ACQUIRE: TIMESTAMP=48994923557, TAG=RILJ, TYPE=PARTIAL_WAKE_LOCK             , COUNT=0, PID=649, UID=1001
10-31 12:20:03.980   416   827 I WAKELOCK_ACQUIRE: TIMESTAMP=48996903582, TAG=GpsLocationProvider, TYPE=PARTIAL_WAKE_LOCK             , COUNT=0, PID=416, UID=1000
10-31 12:20:03.980   416   635 I WAKELOCK_RELEASE: TIMESTAMP=48997801546, TAG=GpsLocationProvider, TYPE=PARTIAL_WAKE_LOCK             , COUNT=0, PID=416, UID=1000
10-31 12:20:03.980   149   149 D gpsd    : CALL_SENTRY(main()): ProcessEvent took 274 ms (from 48716 to 48990) (logOverhead=48,1,641), start: 12:20:03.716
10-31 12:20:03.980   416   827 I libgps  : proxy_agps_ril_request_refloc_cb: refLocationSaved(0), time1(48994), time2(0)
10-31 12:20:03.980   416   827 I libgps  : proxy_agps_ril_request_setid_cb: flags(1)
10-31 12:20:03.980   649   680 D GSM     : [GsmDCT] enableApnType: supl mState(IDLE)
10-31 12:20:03.980   649   680 D GSM     : [GsmDCT] setEnabled(2, true) with old state = false and enabledCount = 1
10-31 12:20:03.980   649   680 D GSM     : [GsmDCT] enableApnType: new apn request for type supl return APN_REQUEST_STARTED
10-31 12:20:03.980   649   649 D GSM     : [GsmDCT] handleMessage msg={ what=270349 when=0 target=Handler (com.android.internal.telephony.gsm.GsmDataConnectionTracker) {20d76d10} name=0x4200d arg1=2 arg2=1 }
10-31 12:20:03.980   649   649 D GSM     : [GsmDCT] onEnableApn: apnContext={mApnType=supl mState=IDLE mWaitingApns=null mWaitingApnsPermanentFailureCountDown=0 mApnSetting=null mDataConnectionAc=null mReason=radioTurnedOff mRetryCount=0 mDataEnabled=false mDependencyMet=true} call applyNewState
10-31 12:20:03.980   649   649 D GSM     : [GsmDCT] applyNewState(supl, true(false), true(true))
10-31 12:20:03.980   649   649 D GSM     : [ApnContext:supl] set reason as dataEnabled,current state IDLE
10-31 12:20:03.980   649   649 D GSM     : [ApnContext:supl] set enabled as true, current state is false
10-31 12:20:03.980   649   649 D GSM     : [ApnContext:supl] set mDependencyMet as true current state is true
10-31 12:20:03.980   649   649 D GSM     : [GsmDCT] trySetupData for type:supl due to dataEnabled
10-31 12:20:03.980   649   649 D GSM     : [GsmDCT] trySetupData with mIsPsRestricted=false
10-31 12:20:03.980   649   649 D GSM     : [GsmDCT] isEmergency: result=false
10-31 12:20:03.980   649   649 D GSM     : [GsmDCT] buildWaitingApns: Preferred APN:46001:46001:[ApnSettingV2] China Unicom 3G, 30, 46001, 3gnet, null, null, null, null, 80, -1, default | supl, IP, IP, true, 0
10-31 12:20:03.980   649   649 D GSM     : [GsmDCT] buildWaitingApns: X added preferred apnList=[[ApnSettingV2] China Unicom 3G, 30, 46001, 3gnet, null, null, null, null, 80, -1, default | supl, IP, IP, true, 0]
10-31 12:20:03.980   649   673 D RILJ    : [0097]> REQUEST_SET_LOCATION_UPDATES: true
10-31 12:20:03.980   649   649 D GSM     : [GsmDCT] trySetupData: Create from mAllApns : [[ApnSettingV2] China Unicom 3G, 30, 46001, 3gnet, null, null, null, null, 80, -1, default | supl, IP, IP, true, 0][[ApnSettingV2] China Unicom MMS, 31, 46001, 3gwap, null, http://mmsc.myuni.com.cn, 10.0.0.172, 80, null, -1, mms, IP, IP, true, 0]
10-31 12:20:03.980   649   649 D GSM     : [GsmDCT] Setup watingApns : [[ApnSettingV2] China Unicom 3G, 30, 46001, 3gnet, null, null, null, null, 80, -1, default | supl, IP, IP, true, 0]
10-31 12:20:03.980   649   649 D GSM     : [GsmDCT] setupData: apnContext={mApnType=supl mState=IDLE mWaitingApns=[[ApnSettingV2] China Unicom 3G, 30, 46001, 3gnet, null, null, null, null, 80, -1, default | supl, IP, IP, true, 0] mWaitingApnsPermanentFailureCountDown=1 mApnSetting=null mDataConnectionAc=null mReason=dataEnabled mRetryCount=0 mDataEnabled=true mDependencyMet=true}
10-31 12:20:03.980   649   649 D GSM     : [GsmDCT] checkForConnectionForApnContext: apnContext={mApnType=supl mState=IDLE mWaitingApns=[[ApnSettingV2] China Unicom 3G, 30, 46001, 3gnet, null, null, null, null, 80, -1, default | supl, IP, IP, true, 0] mWaitingApnsPermanentFailureCountDown=1 mApnSetting=null mDataConnectionAc=null mReason=dataEnabled mRetryCount=0 mDataEnabled=true mDependencyMet=true} NO conn
10-31 12:20:03.980   649   649 D GSM     : [GsmDCT] findReadyDataConnection: apn string <[ApnSettingV2] China Unicom 3G, 30, 46001, 3gnet, null, null, null, null, 80, -1, default | supl, IP, IP, true, 0> dcacs.size=1
10-31 12:20:03.980   148   186 I RILR    : onRequest() - id=76 token: 0x407b16c0
10-31 12:20:03.980   148   186 I RILR    : CTE::HandleRequest() - id=76 token: 0x407b16c0
10-31 12:20:03.980   649   649 D GSM     : [GsmDCT] findReadyDataConnection: dc apn string <[ApnSettingV2] China Unicom 3G, 30, 46001, 3gnet, null, null, null, null, 80, -1, default | supl, IP, IP, true, 0>
10-31 12:20:03.980   649   649 D GSM     : [GsmDCT] findReadyDataConnection: found ready GsmDataConnection= dcac=GsmDC-1 dc={GsmDC-1: State=DcActivatingState apnSetting=[ApnSettingV2] China Unicom 3G, 30, 46001, 3gnet, null, null, null, null, 80, -1, default | supl, IP, IP, true, 0 apnList= [{mApnType=default mState=INITING mWaitingApns=[[ApnSettingV2] China Unicom 3G, 30, 46001, 3gnet, null, null, null, null, 80, -1, default | supl, IP, IP, true, 0] mWaitingApnsPermanentFailureCountDown=1 mApnSetting=[ApnSettingV2] China Unicom 3G, 30, 46001, 3gnet, null, null, null, null, 80, -1, default | supl, IP, IP, true, 0 mDataConnectionAc=GsmDC-1 mReason=dataAttached mRetryCount=0 mDataEnabled=true mDependencyMet=true}] RefCount=1 cid=-1 create=-1 lastFail=-1 lastFailCause=NONE}
10-31 12:20:03.990   649   649 D GSM     : [GsmDCT] setupData: init dc and apnContext refCount=1
10-31 12:20:03.990   649   649 D GSM     : [ApnContext:supl] setDataConnectionAc: old dcac=null new dcac=GsmDC-1
10-31 12:20:03.990   649   649 D GSM     : [ApnContext:supl] setDataConnection: old dc=null new dc={GsmDC-1: State=DcActivatingState apnSetting=[ApnSettingV2] China Unicom 3G, 30, 46001, 3gnet, null, null, null, null, 80, -1, default | supl, IP, IP, true, 0 apnList= [{mApnType=default mState=INITING mWaitingApns=[[ApnSettingV2] China Unicom 3G, 30, 46001, 3gnet, null, null, null, null, 80, -1, default | supl, IP, IP, true, 0] mWaitingApnsPermanentFailureCountDown=1 mApnSetting=[ApnSettingV2] China Unicom 3G, 30, 46001, 3gnet, null, null, null, null, 80, -1, default | supl, IP, IP, true, 0 mDataConnectionAc=GsmDC-1 mReason=dataAttached mRetryCount=0 mDataEnabled=true mDependencyMet=true}, {mApnType=supl mState=IDLE mWaitingApns=[[ApnSettingV2] China Unicom 3G, 30, 46001, 3gnet, null, null, null, null, 80, -1, default | supl, IP, IP, true, 0] mWaitingApnsPermanentFailureCountDown=1 mApnSetting=null mDataConnectionAc=GsmDC-1 mReason=dataEnabled mRetryCount=0 mDataEnabled=true mDependencyMet=true}] RefCount=1 cid=-1 create=-1 lastFail=-1 lastFailCause=NONE} this={mApnType=supl mState=IDLE mWaitingApns=[[ApnSettingV2] China Unicom 3G, 30, 46001, 3gnet, null, null, null, null, 80, -1, default | supl, IP, IP, true, 0] mWaitingApnsPermanentFailureCountDown=1 mApnSetting=null mDataConnectionAc=GsmDC-1 mReason=dataEnabled mRetryCount=0 mDataEnabled=true mDependencyMet=true}
10-31 12:20:03.990   649   649 D GSM     : [ApnContext:supl] setState: INITING, previous state:IDLE
10-31 12:20:03.990   649   649 D GSM     : [GsmDCT] isDataPossible(supl): possible=true isDataAllowed=true apnTypePossible=true apnContextisEnabled=true apnContextState()=INITING
10-31 12:20:03.990   649   649 D GSM     : [GsmDCT] get active apn string for type:supl
10-31 12:20:03.990   148   186 I RILR    : CRequestInfoTable::GetRequestInfo() - RequestID 0x4B: Timeout [10000]
10-31 12:20:03.990   148   462 I RILR    : CChannel::SendCommand() - chnl=[4] RILReqID=[75] retries=[1] Timeout=[10000] cmd1=[AT+CREG=2<cr>] cmd2=[NULL]
10-31 12:20:03.990   148   462 I RILR    : CChannelBase::WriteToPort() - INFO: chnl=[4] TX [AT+CREG=2<cr>]
10-31 12:20:04.000   416   514 I connectivity_state_changed: [3,3,2]
10-31 12:20:04.000   557   566 I dalvikvm: Could not compile trace for Ljava/util/Arrays;fill, offset 5
10-31 12:20:04.000   557   566 I dalvikvm: ++++++++++++++++++++++++++++++++++++++++++++
10-31 12:20:04.000   557   566 I dalvikvm: JIT_INFO: Issues in trace  Ljava/util/Arrays;fill, offset 5
10-31 12:20:04.000   557   566 E dalvikvm: The following issues were seen:
10-31 12:20:04.000   557   566 I dalvikvm: 	Issue: The trace provoked a spill
10-31 12:20:04.000   557   566 I dalvikvm: Trying less registerization from 1 to 0
10-31 12:20:04.000   557   566 I dalvikvm: Retrying trace Ljava/util/Arrays;fill, offset 5
10-31 12:20:04.000   557   566 I dalvikvm: ++++++++++++++++++++++++++++++++++++++++++++
10-31 12:20:04.000   649  2516 D GSM     : [GsmDC-1] DcActivatingState deferring msg.what=EVENT_CONNECT refCount = 1
10-31 12:20:04.000   649   649 D GSM     : [GsmDCT] setupData: initing!
10-31 12:20:04.000   649   649 D GSM     : [GsmDCT] notifyOffApnOfAvailability type:bip_gprs1
10-31 12:20:04.000   649   649 D GSM     : [GsmDCT] isDataPossible(bip_gprs1): possible=true isDataAllowed=true apnTypePossible=true apnContextisEnabled=false apnContextState()=IDLE
10-31 12:20:04.000   649   649 D GSM     : [GsmDCT] get active apn string for type:bip_gprs1
10-31 12:20:04.000   148   463 I RILR    : CChannel::ProcessModemData() - INFO: chnl=[4] size=[6] RX [<cr><lf>OK<cr><lf>]
10-31 12:20:04.000   148   462 I RILR    : After OnRequestComplete(): token=0x407b16c0, eErrNo=0, pResponse=[0x00000000], len=[0]
10-31 12:20:04.000   649   825 D RILJ    : [0097]< REQUEST_SET_LOCATION_UPDATES 
10-31 12:20:04.000   649   649 D GSM     : [GsmDCT] notifyOffApnOfAvailability type:fota
10-31 12:20:04.000   649   649 D GSM     : [GsmDCT] isDataPossible(fota): possible=true isDataAllowed=true apnTypePossible=true apnContextisEnabled=false apnContextState()=IDLE
10-31 12:20:04.000   649   649 D GSM     : [GsmDCT] get active apn string for type:fota
10-31 12:20:04.010   649   649 D GSM     : [GsmDCT] notifyOffApnsOfAvailability skipped apn due to isReady==false: {mApnType=supl mState=INITING mWaitingApns=[[ApnSettingV2] China Unicom 3G, 30, 46001, 3gnet, null, null, null, null, 80, -1, default | supl, IP, IP, true, 0] mWaitingApnsPermanentFailureCountDown=1 mApnSetting=[ApnSettingV2] China Unicom 3G, 30, 46001, 3gnet, null, null, null, null, 80, -1, default | supl, IP, IP, true, 0 mDataConnectionAc=GsmDC-1 mReason=dataEnabled mRetryCount=0 mDataEnabled=true mDependencyMet=true}
10-31 12:20:04.010   649   649 D GSM     : [GsmDCT] notifyOffApnOfAvailability type:hipri
10-31 12:20:04.010   649   649 D GSM     : [GsmDCT] isDataPossible(hipri): possible=true isDataAllowed=true apnTypePossible=true apnContextisEnabled=false apnContextState()=IDLE
10-31 12:20:04.010   649   649 D GSM     : [GsmDCT] get active apn string for type:hipri
10-31 12:20:04.010   649   649 D GSM     : [GsmDCT] notifyOffApnOfAvailability type:ims
10-31 12:20:04.010   649   649 D GSM     : [GsmDCT] isDataPossible(ims): possible=true isDataAllowed=true apnTypePossible=true apnContextisEnabled=false apnContextState()=IDLE
10-31 12:20:04.010   649   649 D GSM     : [GsmDCT] get active apn string for type:ims
10-31 12:20:04.020   649   649 D GSM     : [GsmDCT] notifyOffApnsOfAvailability skipped apn due to isReady==false: {mApnType=default mState=INITING mWaitingApns=[[ApnSettingV2] China Unicom 3G, 30, 46001, 3gnet, null, null, null, null, 80, -1, default | supl, IP, IP, true, 0] mWaitingApnsPermanentFailureCountDown=1 mApnSetting=[ApnSettingV2] China Unicom 3G, 30, 46001, 3gnet, null, null, null, null, 80, -1, default | supl, IP, IP, true, 0 mDataConnectionAc=GsmDC-1 mReason=dataAttached mRetryCount=0 mDataEnabled=true mDependencyMet=true}
10-31 12:20:04.020   649   649 D GSM     : [GsmDCT] notifyOffApnOfAvailability type:bip_gprs2
10-31 12:20:04.020   649   649 D GSM     : [GsmDCT] isDataPossible(bip_gprs2): possible=true isDataAllowed=true apnTypePossible=true apnContextisEnabled=false apnContextState()=IDLE
10-31 12:20:04.020   649   649 D GSM     : [GsmDCT] get active apn string for type:bip_gprs2
10-31 12:20:04.020   649   649 D GSM     : [GsmDCT] notifyOffApnOfAvailability type:mms
10-31 12:20:04.020   649   649 D GSM     : [GsmDCT] isDataPossible(mms): possible=true isDataAllowed=true apnTypePossible=true apnContextisEnabled=false apnContextState()=IDLE
10-31 12:20:04.020   649   649 D GSM     : [GsmDCT] get active apn string for type:mms
10-31 12:20:04.030   649   649 D GSM     : [GsmDCT] notifyOffApnOfAvailability type:cbs
10-31 12:20:04.030   649   649 D GSM     : [GsmDCT] isDataPossible(cbs): possible=true isDataAllowed=true apnTypePossible=true apnContextisEnabled=false apnContextState()=IDLE
10-31 12:20:04.030   649   649 D GSM     : [GsmDCT] get active apn string for type:cbs
10-31 12:20:04.030   416   938 I WAKELOCK_ACQUIRE: TIMESTAMP=49045864671, TAG=RILJ, TYPE=PARTIAL_WAKE_LOCK             , COUNT=0, PID=649, UID=1001
10-31 12:20:04.030   649   649 D RILJ    : [0098]> VOICE_REGISTRATION_STATE
10-31 12:20:04.030   148   186 I RILR    : onRequest() - id=20 token: 0x407155f0
10-31 12:20:04.030   148   186 I RILR    : CTE::HandleRequest() - id=20 token: 0x407155f0
10-31 12:20:04.030   148   186 I RILR    : CRequestInfoTable::GetRequestInfo() - RequestID 0x13: Timeout [10000]
10-31 12:20:04.040   416   913 I notification_cancel: [com.android.phone,7,NULL,0,0,64]
10-31 12:20:04.040   416   940 I notification_cancel: [com.android.phone,7,NULL,0,0,64]
10-31 12:20:04.040   416  1788 I notification_cancel: [com.android.phone,7,NULL,0,0,64]
10-31 12:20:04.040   416  1787 I notification_cancel: [com.android.phone,7,NULL,0,0,64]
10-31 12:20:04.040   416   427 I notification_cancel: [com.android.phone,7,NULL,0,0,64]
10-31 12:20:04.040   416   718 I notification_cancel: [com.android.phone,7,NULL,0,0,64]
10-31 12:20:04.040   416   923 I notification_cancel: [com.android.phone,7,NULL,0,0,64]
10-31 12:20:04.040   416   826 I notification_cancel: [com.android.phone,7,NULL,0,0,64]
10-31 12:20:04.190   557   566 I dalvikvm: Could not compile trace for Ljava/util/Arrays;fill, offset 7
10-31 12:20:04.190   557   566 I dalvikvm: ++++++++++++++++++++++++++++++++++++++++++++
10-31 12:20:04.190   557   566 I dalvikvm: JIT_INFO: Issues in trace  Ljava/util/Arrays;fill, offset 7
10-31 12:20:04.190   557   566 E dalvikvm: The following issues were seen:
10-31 12:20:04.190   557   566 I dalvikvm: 	Issue: The trace provoked a spill
10-31 12:20:04.190   557   566 I dalvikvm: Trying less registerization from 1 to 0
10-31 12:20:04.190   557   566 I dalvikvm: Retrying trace Ljava/util/Arrays;fill, offset 7
10-31 12:20:04.190   557   566 I dalvikvm: ++++++++++++++++++++++++++++++++++++++++++++
10-31 12:20:04.500   148   463 I RILR    : CChannel::ProcessModemData() - INFO: chnl=[4] size=[32] RX [<cr><lf>+CREG: 1,"A045","FFFFFFFF",2<cr><lf>]
10-31 12:20:04.500   148   463 I RILR    : CSilo_Network::ParseRegistrationStatus() - CREG paramcount=4  fUnsolicited=1
10-31 12:20:04.500   148   463 I RILR    : [RIL STATE] REG STATUS = REGISTERED, HOME NETWORK
10-31 12:20:04.500   148   463 I RILR    : CChannel::ProcessResponse : chnl=[4] unsolicited notification resultcode=[1002]
10-31 12:20:04.500   148   463 I RILR    : RIL_onUnsolicitedResponse() - RIL_UNSOL_RESPONSE_VOICE_NETWORK_STATE_CHANGED
10-31 12:20:04.500   148   463 I RILR    : RIL_onUnsolicitedResponse() - pData is NULL! id=1002
10-31 12:20:04.500   148   463 I RILR    : Calling gs_pRilEnv->OnUnsolicitedResponse()... id=1002
10-31 12:20:04.500   649   825 D RILJ    : [UNSL]< UNSOL_RESPONSE_VOICE_NETWORK_STATE_CHANGED
10-31 12:20:04.500   416   707 I WAKELOCK_ACQUIRE: TIMESTAMP=49509877137, TAG=RILJ, TYPE=PARTIAL_WAKE_LOCK             , COUNT=0, PID=649, UID=1001
10-31 12:20:04.500   416   715 I WAKELOCK_ACQUIRE: TIMESTAMP=49510799643, TAG=RILJ, TYPE=PARTIAL_WAKE_LOCK             , COUNT=0, PID=649, UID=1001
10-31 12:20:04.500   416   938 I WAKELOCK_ACQUIRE: TIMESTAMP=49512375943, TAG=RILJ, TYPE=PARTIAL_WAKE_LOCK             , COUNT=0, PID=649, UID=1001
10-31 12:20:04.500   416   423 D dalvikvm: Rejecting registerization due to ushr-int/lit8 v4, v8, (#2)
10-31 12:20:04.500   649   649 D RILJ    : [0099]> DATA_REGISTRATION_STATE
10-31 12:20:04.500   649   649 D RILJ    : [0100]> VOICE_REGISTRATION_STATE
10-31 12:20:04.500   148   186 I RILR    : onRequest() - id=21 token: 0x407b16e0
10-31 12:20:04.500   148   186 I RILR    : CTE::HandleRequest() - id=21 token: 0x407b16e0
10-31 12:20:04.500   148   186 I RILR    : CRequestInfoTable::GetRequestInfo() - RequestID 0x14: Timeout [10000]
10-31 12:20:04.500   649   649 D RILJ    : [0101]> QUERY_NETWORK_SELECTION_MODE
10-31 12:20:04.500   148   186 I RILR    : onRequest() - id=20 token: 0x40251390
10-31 12:20:04.500   148   186 I RILR    : CTE::HandleRequest() - id=20 token: 0x40251390
10-31 12:20:04.500   148   186 I RILR    : CRequestInfoTable::GetRequestInfo() - RequestID 0x13: Timeout [10000]
10-31 12:20:04.500   148   186 I RILR    : onRequest() - id=45 token: 0x40251f90
10-31 12:20:04.500   148   186 I RILR    : CTE::HandleRequest() - id=45 token: 0x40251f90
10-31 12:20:04.500   148   186 I RILR    : CRequestInfoTable::GetRequestInfo() - RequestID 0x2C: Timeout [100000]
10-31 12:20:04.570   416   489 I WAKELOCK_ACQUIRE: TIMESTAMP=49580002991, TAG=AlarmManager, TYPE=PARTIAL_WAKE_LOCK             , COUNT=0, PID=416, UID=1000
10-31 12:20:04.570   416   441 I WAKELOCK_RELEASE: TIMESTAMP=49583550150, TAG=AlarmManager, TYPE=PARTIAL_WAKE_LOCK             , COUNT=0, PID=416, UID=1000
10-31 12:20:04.570   416   441 V AlarmManager: triggered: act=com.android.coll flg=0x14
10-31 12:20:04.570   416   441 V AlarmManager: Pkg: com.imangi.templerun2
10-31 12:20:04.570   523   523 D wpa_supplicant: EAPOL: Supplicant port status: Unauthorized
10-31 12:20:04.840   416   498 I WAKELOCK_ACQUIRE: TIMESTAMP=49847729905, TAG=keyguardWakeAndHandOff, TYPE=PARTIAL_WAKE_LOCK             , COUNT=0, PID=416, UID=1000
10-31 12:20:04.840   416   442 I PowerManagerService: Waking up from sleep...
10-31 12:20:04.840   416   442 I WAKELOCK_RELEASE: TIMESTAMP=49849410253, TAG=keyguardWakeAndHandOff, TYPE=PARTIAL_WAKE_LOCK             , COUNT=0, PID=416, UID=1000
10-31 12:20:04.840   416   441 I power_screen_broadcast_send: 1
10-31 12:20:04.840   416   441 I power_screen_state: [1,0,0,0]
10-31 12:20:04.840   416   441 I screen_toggled: 1
10-31 12:20:04.840   416   498 D KeyguardViewMediator: onWakeKeyWhenKeyguardShowing(26)
10-31 12:20:04.840   416   442 D KeyguardViewManager: wakeWhenReady(26)
10-31 12:20:04.840   416   442 D KeyguardHostView: onWakeKey
10-31 12:20:04.840   416   442 D KeyguardHostView: poking wake lock immediately
10-31 12:20:04.840   416   441 I WindowManager: Screen turning on...
10-31 12:20:04.840   416   498 I WindowManager: interceptPowerKeyDown: key down event: handled: set timeout to 4000 ms
10-31 12:20:04.840   416   441 D KeyguardViewMediator: onScreenTurnedOn, seq = 3
10-31 12:20:04.840   416   441 D KeyguardViewMediator: notifyScreenOnLocked
10-31 12:20:04.840   416   442 D KeyguardViewMediator: handleNotifyScreenOn
10-31 12:20:04.840   416   442 D KeyguardViewManager: onScreenTurnedOn()
10-31 12:20:04.840   416   442 D KeyguardHostView: screen on, instance 212ea150
10-31 12:20:04.840     0     0 I KERNEL  : [   49.949369] [mid_powerbtn] power button pressed
10-31 12:20:04.860   416   442 V KeyguardHostView: showPrimarySecurityScreen(turningOff=false)
10-31 12:20:04.860  1595  2216 D AlertService: Beginning updateAlertNotification
10-31 12:20:04.870  1595  1602 D dalvikvm: Rejecting registerization due to ushr-int/lit8 v0, v2, (#19)
10-31 12:20:04.870   416   442 D KeyguardHostView: showSecurityScreen(Pattern)
10-31 12:20:04.880   416   428 I notification_cancel: [com.google.android.calendar,0,NULL,0,0,64]
10-31 12:20:04.880   416   707 I notification_cancel: [com.google.android.calendar,1,NULL,0,0,64]
10-31 12:20:04.880   416   715 I notification_cancel: [com.google.android.calendar,2,NULL,0,0,64]
10-31 12:20:04.880   416   938 I notification_cancel: [com.google.android.calendar,3,NULL,0,0,64]
10-31 12:20:04.880  1595  2216 D AlertService: No fired or scheduled alerts
10-31 12:20:04.880   416   621 I KERNEL  : [   49.993684] request_suspend_state: wakeup (3->0) at 49892959567 (2013-10-31 04:20:04.891404151 UTC)
10-31 12:20:04.890   416   913 I notification_cancel: [com.google.android.calendar,4,NULL,0,0,64]
10-31 12:20:04.890   416   940 I notification_cancel: [com.google.android.calendar,5,NULL,0,0,64]
10-31 12:20:04.890   416  1788 I notification_cancel: [com.google.android.calendar,6,NULL,0,0,64]
10-31 12:20:04.890   416  1787 I notification_cancel: [com.google.android.calendar,7,NULL,0,0,64]
10-31 12:20:04.890   416   427 I notification_cancel: [com.google.android.calendar,8,NULL,0,0,64]
10-31 12:20:04.890   416   718 I notification_cancel: [com.google.android.calendar,9,NULL,0,0,64]
10-31 12:20:04.890   416   923 I notification_cancel: [com.google.android.calendar,10,NULL,0,0,64]
10-31 12:20:04.890   416   826 I notification_cancel: [com.google.android.calendar,11,NULL,0,0,64]
10-31 12:20:04.890   416  1786 I notification_cancel: [com.google.android.calendar,12,NULL,0,0,64]
10-31 12:20:04.890   416  1785 I notification_cancel: [com.google.android.calendar,13,NULL,0,0,64]
10-31 12:20:04.890   416   725 I notification_cancel: [com.google.android.calendar,14,NULL,0,0,64]
10-31 12:20:04.890   416   416 I notification_cancel: [com.google.android.calendar,15,NULL,0,0,64]
10-31 12:20:04.890   416   428 I notification_cancel: [com.google.android.calendar,16,NULL,0,0,64]
10-31 12:20:04.890   416   512 I WifiHW  : CMD: SET pno 0
10-31 12:20:04.890   523   523 D wpa_supplicant: RX ctrl_iface - hexdump(len=9): 53 45 54 20 70 6e 6f 20 30
10-31 12:20:04.890   523   523 D wpa_supplicant: wlan0: Control interface command 'SET pno 0'
10-31 12:20:04.890   523   523 D wpa_supplicant: CTRL_IFACE SET 'pno'='0'
10-31 12:20:04.900   416   428 D KeyguardViewMediator: setHidden false
10-31 12:20:04.910   523   523 D wpa_supplicant: wlan0: Setting scan request: 0 sec 0 usec
10-31 12:20:04.910   523   523 D wpa_supplicant: wlan0: Starting AP scan for wildcard SSID
10-31 12:20:04.910   523   523 D wpa_supplicant: WPS: Building WPS IE for Probe Request
10-31 12:20:04.910   523   523 D wpa_supplicant: WPS:  * Version (hardcoded 0x10)
10-31 12:20:04.910   523   523 D wpa_supplicant: WPS:  * Request Type
10-31 12:20:04.910   523   523 D wpa_supplicant: WPS:  * Config Methods (4388)
10-31 12:20:04.910   523   523 D wpa_supplicant: WPS:  * UUID-E
10-31 12:20:04.910   523   523 D wpa_supplicant: WPS:  * Primary Device Type
10-31 12:20:04.910   523   523 D wpa_supplicant: WPS:  * RF Bands (1)
10-31 12:20:04.910   523   523 D wpa_supplicant: WPS:  * Association State
10-31 12:20:04.910   523   523 D wpa_supplicant: WPS:  * Configuration Error (0)
10-31 12:20:04.910   523   523 D wpa_supplicant: WPS:  * Device Password ID (0)
10-31 12:20:04.910   523   523 D wpa_supplicant: WPS:  * Manufacturer
10-31 12:20:04.910   523   523 D wpa_supplicant: WPS:  * Model Name
10-31 12:20:04.910   523   523 D wpa_supplicant: WPS:  * Model Number
10-31 12:20:04.910   523   523 D wpa_supplicant: WPS:  * Device Name
10-31 12:20:04.910   523   523 D wpa_supplicant: WPS:  * Version2 (0x20)
10-31 12:20:04.910   523   523 D wpa_supplicant: P2P: * P2P IE header
10-31 12:20:04.910   523   523 D wpa_supplicant: P2P: * Capability dev=24 group=00
10-31 12:20:04.910   523   523 D wpa_supplicant: P2P: * Listen Channel: Regulatory Class 81 Channel 1
10-31 12:20:04.910   416   512 I WifiHW  : REPLY: OK
10-31 12:20:04.910   416   512 I WifiHW  : CMD: DRIVER SETSUSPENDMODE 0
10-31 12:20:04.930   416   427 I notification_cancel: [com.google.android.calendar,17,NULL,0,0,64]
10-31 12:20:04.940   146   527 D AudioHardwareALSA: setParameters
10-31 12:20:04.940   146   527 D RouteManager: doSetParameters: key value pair screen_state=on, {+++ RECONSIDER ROUTING +++} due to External parameter change
10-31 12:20:04.940   146   527 D RouteManager: reconsiderRouting
10-31 12:20:04.940   146   527 D EVENT_THREAD: void CEventThread::trig(uint16_t): in
10-31 12:20:04.940   146   527 D EVENT_THREAD: void CEventThread::trig(uint16_t): out
10-31 12:20:04.940   146   403 D RouteManager: doReconsiderRouting:       Platform State:
10-31 12:20:04.940   146   403 D RouteManager: doReconsiderRouting:          -Modem Alive = 1 
10-31 12:20:04.940   146   403 D RouteManager: doReconsiderRouting:          -Modem Call Active = 0 
10-31 12:20:04.940   146   403 D RouteManager: doReconsiderRouting:          -Is Shared I2S glitch free=1 
10-31 12:20:04.940   146   403 D RouteManager: doReconsiderRouting:          -Android Telephony Mode = Normal 
10-31 12:20:04.940   416   715 I notification_cancel: [com.google.android.calendar,18,NULL,0,0,64]
10-31 12:20:04.940   146   403 D RouteManager: doReconsiderRouting:          -RTE MGR HW Mode = Normal 
10-31 12:20:04.940   146   403 D RouteManager: doReconsiderRouting:          -BT Enabled = 1 
10-31 12:20:04.940   146   403 D RouteManager: doReconsiderRouting:          -Platform output device = IHF 
10-31 12:20:04.940   146   403 D RouteManager: doReconsiderRouting:          -Platform input device = <none> 
10-31 12:20:04.940   146   403 D RouteManager: doReconsiderRouting:          -Platform input source = Default 
10-31 12:20:04.940   146   403 D RouteManager: doReconsiderRouting:          -Platform Band type = NB 
10-31 12:20:04.940   146   403 D RouteManager: doReconsiderRouting:          -Platform Has Direct Stream = no 
10-31 12:20:04.940   146   403 D RouteManager: doReconsiderRouting:          -Platform TTY direction = <none> 
10-31 12:20:04.940   146   403 D RouteManager: doReconsiderRouting:          -Platform HAC Mode = Off 
10-31 12:20:04.940   146   403 D RouteManager: doReconsiderRouting:          -Platform Screen State = On [has changed]
10-31 12:20:04.940   146   403 D RouteManager: doReconsiderRouting:      Route state:
10-31 12:20:04.940   146   403 D RouteManager: doReconsiderRouting:          -Previously Enabled Route in Input = <none>
10-31 12:20:04.940   146   403 D RouteManager: doReconsiderRouting:          -Previously Enabled Route in Output = <none>
10-31 12:20:04.940   146   403 D RouteManager: doReconsiderRouting:          -Selected Route in Input = <none>
10-31 12:20:04.940   146   403 D RouteManager: doReconsiderRouting:          -Selected Route in Output = VirtualASP
10-31 12:20:04.940   146   403 D RouteManager: doReconsiderRouting:          -Route that need reconfiguration in Input = <none>
10-31 12:20:04.940   146   403 D RouteManager: doReconsiderRouting:          -Route that need reconfiguration in Output = <none>
10-31 12:20:04.940   146   403 D RouteManager: executeMuteStage: --------------- Routing Stage = Mute ---------------
10-31 12:20:04.940   146   403 D RouteManager: Selection criterion changed event: Criterion name: RoutageState, current state: Flow
10-31 12:20:04.940   146   403 D RouteManager: Configuration application request {
10-31 12:20:04.940   146   403 D RouteManager:     Applying configurations {
10-31 12:20:04.940   146   403 D RouteManager:     } Applying configurations
10-31 12:20:04.940   146   403 D RouteManager: } Configuration application request
10-31 12:20:04.940   146   403 D RouteManager: executeDisableStage: --------------- Routing Stage = Disable ---------------
10-31 12:20:04.940   146   403 D RouteManager: Selection criterion changed event: Criterion name: RoutageState, current state: Path
10-31 12:20:04.940   146   403 D RouteManager: Configuration application request {
10-31 12:20:04.940   146   403 D RouteManager:     Applying configurations {
10-31 12:20:04.940   146   403 D RouteManager:     } Applying configurations
10-31 12:20:04.940   146   403 D RouteManager: } Configuration application request
10-31 12:20:04.940   146   403 D RouteManager: executeConfigureStage: --------------- Routing Stage = Configure ---------------
10-31 12:20:04.940   146   403 D RouteManager: Selection criterion changed event: Criterion name: RoutageState, current state: Configure
10-31 12:20:04.940   146   403 D RouteManager: Selection criterion changed event: Criterion name: OpenedPlaybackRoutes, current state: VirtualASP
10-31 12:20:04.940   146   403 D RouteManager: Selection criterion changed event: Criterion name: ScreenState, current state: On
10-31 12:20:04.940   146   403 D RouteManager: Configuration application request {
10-31 12:20:04.940   146   403 D RouteManager:     Applying configurations {
10-31 12:20:04.940   146   403 D RouteManager:         Applying configuration "Enable" from domain "VirtualASP"
10-31 12:20:04.950   416   428 I notification_cancel: [com.google.android.calendar,19,NULL,0,0,64]
10-31 12:20:04.950   416   913 I notification_cancel: [com.google.android.calendar,20,NULL,0,0,64]
10-31 12:20:04.950   146   403 D RouteManager:     } Applying configurations
10-31 12:20:04.950   146   403 D RouteManager: } Configuration application request
10-31 12:20:04.950   146   403 D RouteManager: executeEnableStage: --------------- Routing Stage = Enable ---------------
10-31 12:20:04.950   146   403 D RouteManager: Selection criterion changed event: Criterion name: RoutageState, current state: Path|Configure
10-31 12:20:04.950   146   403 D RouteManager: Configuration application request {
10-31 12:20:04.950   146   403 D RouteManager:     Applying configurations {
10-31 12:20:04.950   146   403 D RouteManager:     } Applying configurations
10-31 12:20:04.950   146   403 D RouteManager: } Configuration application request
10-31 12:20:04.950   146   403 D RouteManager: enableRoutes: Routes to be enabled(routed) in Output = VirtualASP
10-31 12:20:04.950   146   403 D RouteManager: executeUnmuteStage: --------------- Routing Stage = Unmute ---------------
10-31 12:20:04.950   146   403 D RouteManager: Selection criterion changed event: Criterion name: RoutageState, current state: Flow|Path|Configure
10-31 12:20:04.950   146   403 D RouteManager: Configuration application request {
10-31 12:20:04.950   146   403 D RouteManager:     Applying configurations {
10-31 12:20:04.950   146   403 D RouteManager:         Applying configuration "Unmute" from domain "Routing.Mute.HWCodec.Playback.IHF"
10-31 12:20:04.950  1595  2216 D AlertService: Scheduling next alarm with AlarmScheduler. sEventReminderReceived: null
10-31 12:20:04.950   146   403 D RouteManager:     } Applying configurations
10-31 12:20:04.950   146   403 D RouteManager: } Configuration application request
10-31 12:20:04.950   146   403 D EVENT_THREAD: void CEventThread::run() Do poll with timeout: -1
10-31 12:20:04.950   146   527 D RouteManager: reconsiderRouting: DONE
10-31 12:20:04.950    38    38 I KERNEL  : [   50.061689] set_clk0 request ON for Mode 0x20
10-31 12:20:04.950    38    38 I KERNEL  : [   50.061861] set_clk0: enabling clk, mode 0x20
10-31 12:20:04.950    38    38 I KERNEL  : [   50.061974] configuring OSC_CLK_AUDIO now
10-31 12:20:04.960   416   442 I WindowManager: Lock screen displayed!
10-31 12:20:04.960   416   442 V KeyguardStatusView: refresh statusview showing:true
10-31 12:20:04.960   416  1787 I WAKELOCK_ACQUIRE: TIMESTAMP=49976163722, TAG=RILJ, TYPE=PARTIAL_WAKE_LOCK             , COUNT=0, PID=649, UID=1001
10-31 12:20:04.960   649   649 D RILJ    : [0102]> SCREEN_STATE: true
10-31 12:20:04.960   148   186 I RILR    : onRequest() - id=61 token: 0x407153c0
10-31 12:20:04.960   148   186 I RILR    : CTE::HandleRequest() - id=61 token: 0x407153c0
10-31 12:20:04.960   148   186 I RILR    : CRequestInfoTable::GetRequestInfo() - RequestID 0x3C: Timeout [10000]
10-31 12:20:04.960   148   186 I RILR    : After OnRequestComplete(): token=0x407153c0, eErrNo=0, pResponse=[0x00000000], len=[0]
10-31 12:20:04.960   148   462 I RILR    : CChannel::SendCommand() - chnl=[4] RILReqID=[60] retries=[1] Timeout=[10000] cmd1=[AT+CREG=2;+CGREG=0;+XREG=2;+XCSQ=1<cr>] cmd2=[AT+XFDOR=3<cr>]
10-31 12:20:04.960   148   462 I RILR    : CChannelBase::WriteToPort() - INFO: chnl=[4] TX [AT+CREG=2;+CGREG=0;+XREG=2;+XCSQ=1<cr>]
10-31 12:20:04.960   649   825 D RILJ    : [0102]< SCREEN_STATE 
10-31 12:20:04.970   523   523 D wpa_supplicant: Scan requested (ret=0) - scan timeout 30 seconds
10-31 12:20:04.970   523   523 D wpa_supplicant: nl80211: Event message available
10-31 12:20:04.970   523   523 D wpa_supplicant: nl80211: Scan trigger
10-31 12:20:04.970   523   523 D wpa_supplicant: RX ctrl_iface - hexdump(len=23): 44 52 49 56 45 52 20 53 45 54 53 55 53 50 45 4e 44 4d 4f 44 45 20 30
10-31 12:20:04.970   523   523 D wpa_supplicant: wlan0: Control interface command 'DRIVER SETSUSPENDMODE 0'
10-31 12:20:04.970   148   463 I RILR    : CChannel::ProcessModemData() - INFO: chnl=[4] size=[6] RX [<cr><lf>OK<cr><lf>]
10-31 12:20:04.970   148   462 I RILR    : CChannelBase::WriteToPort() - INFO: chnl=[4] TX [AT+XFDOR=3<cr>]
10-31 12:20:04.970   148   463 I RILR    : CChannel::ProcessModemData() - INFO: chnl=[4] size=[6] RX [<cr><lf>OK<cr><lf>]
10-31 12:20:04.970   148   462 I RILR    : CRequestInfoTable::GetRequestInfo() - Request ID NONE given; assigning default values.
10-31 12:20:04.970   148   462 I RILR    : CRequestInfoTable::GetRequestInfo() - RequestID 0xFFFFFFFF: Timeout [10000]
10-31 12:20:04.970   148   462 I RILR    : RIL_onUnsolicitedResponse() - RIL_UNSOL_RESPONSE_VOICE_NETWORK_STATE_CHANGED
10-31 12:20:04.970   148   462 I RILR    : RIL_onUnsolicitedResponse() - pData is NULL! id=1002
10-31 12:20:04.970   148   462 I RILR    : Calling gs_pRilEnv->OnUnsolicitedResponse()... id=1002
10-31 12:20:04.970   148   462 I RILR    : CTE::PostCmdHandlerCompleteRequest() RilToken NULL - May be internal request, RequestID: 60
10-31 12:20:04.970   649   825 D RILJ    : [UNSL]< UNSOL_RESPONSE_VOICE_NETWORK_STATE_CHANGED
10-31 12:20:04.970   523   523 I KERNEL  : [   50.081865] dhd_set_suspend: Remove extra suspend setting
10-31 12:20:04.980   416  1786 I WAKELOCK_ACQUIRE: TIMESTAMP=49990012604, TAG=RILJ, TYPE=PARTIAL_WAKE_LOCK             , COUNT=0, PID=649, UID=1001
10-31 12:20:04.980   416   427 I WAKELOCK_ACQUIRE: TIMESTAMP=49992607345, TAG=RILJ, TYPE=PARTIAL_WAKE_LOCK             , COUNT=0, PID=649, UID=1001
10-31 12:20:04.980   416   826 I WAKELOCK_ACQUIRE: TIMESTAMP=49995088745, TAG=RILJ, TYPE=PARTIAL_WAKE_LOCK             , COUNT=0, PID=649, UID=1001
10-31 12:20:04.980   523   523 D wpa_supplicant: wpa_driver_nl80211_driver_cmd  len = 0, 0
10-31 12:20:04.980   416   512 I WifiHW  : REPLY: OK
10-31 12:20:04.980   649   649 D RILJ    : [0103]> DATA_REGISTRATION_STATE
10-31 12:20:04.980   649   649 D RILJ    : [0104]> VOICE_REGISTRATION_STATE
10-31 12:20:04.980   148   186 I RILR    : onRequest() - id=21 token: 0x407153c0
10-31 12:20:04.980   148   186 I RILR    : CTE::HandleRequest() - id=21 token: 0x407153c0
10-31 12:20:04.980   148   186 I RILR    : CRequestInfoTable::GetRequestInfo() - RequestID 0x14: Timeout [10000]
10-31 12:20:04.980   649   649 D RILJ    : [0105]> QUERY_NETWORK_SELECTION_MODE
10-31 12:20:04.980   148   186 I RILR    : onRequest() - id=20 token: 0x40251d60
10-31 12:20:04.980   148   186 I RILR    : CTE::HandleRequest() - id=20 token: 0x40251d60
10-31 12:20:04.980   148   186 I RILR    : CRequestInfoTable::GetRequestInfo() - RequestID 0x13: Timeout [10000]
10-31 12:20:04.980   148   186 I RILR    : onRequest() - id=45 token: 0x407169e0
10-31 12:20:04.980   148   186 I RILR    : CTE::HandleRequest() - id=45 token: 0x407169e0
10-31 12:20:04.980   148   186 I RILR    : CRequestInfoTable::GetRequestInfo() - RequestID 0x2C: Timeout [100000]
10-31 12:20:04.990   649   649 D GSM     : [GsmDCT] onReceive: action=android.intent.action.SCREEN_ON
10-31 12:20:04.990   649   649 D GSM     : [GsmDCT] stopNetStatPoll
10-31 12:20:04.990  1595  2216 D AlarmScheduler: No events found starting within 1 week.
10-31 12:20:04.990   649   649 D GSM     : [GsmDCT] overall state is CONNECTING
10-31 12:20:05.000   416  1788 I WAKELOCK_RELEASE: TIMESTAMP=50017524923, TAG=StartingAlertService, TYPE=PARTIAL_WAKE_LOCK             , COUNT=0, PID=1595, UID=10008
10-31 12:20:05.000   416   913 I am_destroy_service: [0,555122872,1595]
10-31 12:20:05.020   416   718 I WAKELOCK_ACQUIRE: TIMESTAMP=50031416826, TAG=GeofencerStateMachine, TYPE=PARTIAL_WAKE_LOCK             , COUNT=0, PID=795, UID=10012
10-31 12:20:05.020   416  1787 I WAKELOCK_RELEASE: TIMESTAMP=50032960734, TAG=GeofencerStateMachine, TYPE=PARTIAL_WAKE_LOCK             , COUNT=0, PID=795, UID=10012
10-31 12:20:05.040   416   441 I power_screen_broadcast_done: [1,207,1]
10-31 12:20:05.040   108   108 I KERNEL  : [   50.153740] apds990x 5-0039: again = 2
10-31 12:20:05.050   416   498 I WindowManager: interceptPowerKeyUp: key up event: remove pending callbacks for very long press
10-31 12:20:05.050   242   246 I KERNEL  : [   50.168543] [mid_powerbtn] power button released
10-31 12:20:05.070   149   149 D gpsd    : CALL_SENTRY(main()): GlEngine::ChipData took 106 ms (from 49972 to 50078) (logOverhead=74,5,844), start: 12:20:05.972
10-31 12:20:05.070   149   149 D gpsd    : CALL_SENTRY(main()): ProcessEvent took 106 ms (from 49972 to 50078) (logOverhead=74,5,847), start: 12:20:05.972
10-31 12:20:05.080   795   802 D dalvikvm: Rejecting registerization due to +iget-object-quick v4, v6, (#12)
10-31 12:20:05.090   795   802 D dalvikvm: Rejecting registerization due to +iget-object-quick v4, v6, (#12)
10-31 12:20:05.100     5     5 I KERNEL  : [   50.210646] [drm] Screen event:0
10-31 12:20:05.110   416   621 D PowerManagerService-JNI: Excessive delay in autosuspend_disable() while turning screen on: 234ms
10-31 12:20:05.110   416   431 D SurfaceFlinger: Screen acquired, type=0 flinger=0x5e989f80
10-31 12:20:05.110   416   431 D hwcomposer: Entering _drmModeConnector* IntelHWComposerDrm::getConnector(int), 0
10-31 12:20:05.110   416   431 D hwcomposer: Leaving _drmModeConnector* IntelHWComposerDrm::getConnector(int), 0
10-31 12:20:05.110     5     5 I KERNEL  : [   50.227348] ft5x06 touch screen : Resume
10-31 12:20:05.140     5     5 I KERNEL  : [   50.250705] lsm303d : late_resume
10-31 12:20:05.140     5     5 I KERNEL  : [   50.250828] lsm303d : Resume
10-31 12:20:05.220   416   621 D Surface : Excessive delay in unblankDisplay() while turning screen on: 103ms
10-31 12:20:05.220   416   442 V KeyguardStatusView: refresh statusview showing:true
10-31 12:20:05.220   416   443 D KeyguardViewMediator: setHidden false
10-31 12:20:05.230   416   431 D hwcomposer: isRGBOverlayLayer: got an RGB overlay layer
10-31 12:20:05.440   416   442 V KeyguardStatusView: refresh statusview showing:true
10-31 12:20:05.440   416   441 D KeyguardViewMediator: setHidden false
10-31 12:20:05.560   523   523 D wpa_supplicant: EAPOL: Supplicant port status: Unauthorized
10-31 12:20:05.570   416   489 I WAKELOCK_ACQUIRE: TIMESTAMP=50579841315, TAG=AlarmManager, TYPE=PARTIAL_WAKE_LOCK             , COUNT=0, PID=416, UID=1000
10-31 12:20:05.570   416   441 I WAKELOCK_RELEASE: TIMESTAMP=50582385042, TAG=AlarmManager, TYPE=PARTIAL_WAKE_LOCK             , COUNT=0, PID=416, UID=1000
10-31 12:20:05.570   416   441 V AlarmManager: triggered: act=com.android.coll flg=0x14
10-31 12:20:05.570   416   441 V AlarmManager: Pkg: com.imangi.templerun2
10-31 12:20:05.730   148   463 I RILR    : CChannel::ProcessModemData() - INFO: chnl=[4] size=[44] RX [<cr><lf>+XREG: 1,8,BAND_UMTS_I,"A045","FFFFFFFF"<cr><lf>]
10-31 12:20:05.730   148   463 I RILR    : CSilo_Network::ParseRegistrationStatus() - XREG paramcount=5  fUnsolicited=1
10-31 12:20:05.730   148   463 I RILR    : [RIL STATE] GPRS REG STATUS = REGISTERED, HOME NETWORK  RAT = RADIO_TECH_HSPAP
10-31 12:20:05.730   148   463 I RILR    : CChannel::ProcessResponse : chnl=[4] unsolicited notification resultcode=[1002]
10-31 12:20:05.730   148   463 I RILR    : RIL_onUnsolicitedResponse() - RIL_UNSOL_RESPONSE_VOICE_NETWORK_STATE_CHANGED
10-31 12:20:05.730   148   463 I RILR    : RIL_onUnsolicitedResponse() - pData is NULL! id=1002
10-31 12:20:05.730   148   463 I RILR    : Calling gs_pRilEnv->OnUnsolicitedResponse()... id=1002
10-31 12:20:05.730   649   825 D RILJ    : [UNSL]< UNSOL_RESPONSE_VOICE_NETWORK_STATE_CHANGED
10-31 12:20:05.730   416   707 I WAKELOCK_ACQUIRE: TIMESTAMP=50742673665, TAG=RILJ, TYPE=PARTIAL_WAKE_LOCK             , COUNT=0, PID=649, UID=1001
10-31 12:20:05.730   416   715 I WAKELOCK_ACQUIRE: TIMESTAMP=50743770479, TAG=RILJ, TYPE=PARTIAL_WAKE_LOCK             , COUNT=0, PID=649, UID=1001
10-31 12:20:05.730   416   913 I WAKELOCK_ACQUIRE: TIMESTAMP=50744743782, TAG=RILJ, TYPE=PARTIAL_WAKE_LOCK             , COUNT=0, PID=649, UID=1001
10-31 12:20:05.730   649   649 D RILJ    : [0106]> DATA_REGISTRATION_STATE
10-31 12:20:05.730   649   649 D RILJ    : [0107]> VOICE_REGISTRATION_STATE
10-31 12:20:05.730   148   186 I RILR    : onRequest() - id=21 token: 0x40716ab0
10-31 12:20:05.730   148   186 I RILR    : CTE::HandleRequest() - id=21 token: 0x40716ab0
10-31 12:20:05.730   148   186 I RILR    : CRequestInfoTable::GetRequestInfo() - RequestID 0x14: Timeout [10000]
10-31 12:20:05.730   649   649 D RILJ    : [0108]> QUERY_NETWORK_SELECTION_MODE
10-31 12:20:05.730   148   186 I RILR    : onRequest() - id=20 token: 0x402510d0
10-31 12:20:05.730   148   186 I RILR    : CTE::HandleRequest() - id=20 token: 0x402510d0
10-31 12:20:05.730   148   186 I RILR    : CRequestInfoTable::GetRequestInfo() - RequestID 0x13: Timeout [10000]
10-31 12:20:05.730   148   186 I RILR    : onRequest() - id=45 token: 0x40251170
10-31 12:20:05.730   148   186 I RILR    : CTE::HandleRequest() - id=45 token: 0x40251170
10-31 12:20:05.730   148   186 I RILR    : CRequestInfoTable::GetRequestInfo() - RequestID 0x2C: Timeout [100000]
10-31 12:20:05.980   416   827 D ConnectivityService: stopUsingNetworkFeature: teardown net 0: enableSUPL
10-31 12:20:05.980   649  1494 D GSM     : [GsmDCT] disableApnType:supl
10-31 12:20:05.980   649  1494 D GSM     : [GsmDCT] setEnabled(2, false) with old state = false and enabledCount = 1
10-31 12:20:05.990   649  1494 D GSM     : [GsmDCT] diableApnType: return APN_REQUEST_STARTED
10-31 12:20:05.990   649   649 D GSM     : [GsmDCT] handleMessage msg={ what=270349 when=-2ms target=Handler (com.android.internal.telephony.gsm.GsmDataConnectionTracker) {20d76d10} name=0x4200d arg1=2 }
10-31 12:20:05.990   649   649 D GSM     : [GsmDCT] onEnableApn: apnContext={mApnType=supl mState=INITING mWaitingApns=[[ApnSettingV2] China Unicom 3G, 30, 46001, 3gnet, null, null, null, null, 80, -1, default | supl, IP, IP, true, 0] mWaitingApnsPermanentFailureCountDown=1 mApnSetting=[ApnSettingV2] China Unicom 3G, 30, 46001, 3gnet, null, null, null, null, 80, -1, default | supl, IP, IP, true, 0 mDataConnectionAc=GsmDC-1 mReason=dataEnabled mRetryCount=0 mDataEnabled=true mDependencyMet=true} call applyNewState
10-31 12:20:05.990   649   649 D GSM     : [GsmDCT] applyNewState(supl, false(true), true(true))
10-31 12:20:05.990   649   649 D GSM     : [ApnContext:supl] set reason as dataDisabled,current state INITING
10-31 12:20:05.990   649   649 D GSM     : [ApnContext:supl] set enabled as false, current state is true
10-31 12:20:05.990   649   649 D GSM     : [ApnContext:supl] set mDependencyMet as true current state is true
10-31 12:20:05.990   649   649 D GSM     : [GsmDCT] cleanUpConnection: E tearDown=true reason=dataDisabled apnContext={mApnType=supl mState=INITING mWaitingApns=[[ApnSettingV2] China Unicom 3G, 30, 46001, 3gnet, null, null, null, null, 80, -1, default | supl, IP, IP, true, 0] mWaitingApnsPermanentFailureCountDown=1 mApnSetting=[ApnSettingV2] China Unicom 3G, 30, 46001, 3gnet, null, null, null, null, 80, -1, default | supl, IP, IP, true, 0 mDataConnectionAc=GsmDC-1 mReason=dataDisabled mRetryCount=0 mDataEnabled=false mDependencyMet=true}
10-31 12:20:05.990   649   649 D GSM     : [GsmDCT] cleanUpConnection: tearing down
10-31 12:20:05.990   649   649 D GSM     : [ApnContext:supl] setState: DISCONNECTING, previous state:INITING
10-31 12:20:05.990   649  2516 D GSM     : [GsmDC-1] DcDefaultState deferring msg.what=EVENT_DISCONNECT1
10-31 12:20:05.990   649   649 D GSM     : [GsmDCT] cleanUpConnection: X tearDown=true reason=dataDisabled apnContext={mApnType=supl mState=DISCONNECTING mWaitingApns=[[ApnSettingV2] China Unicom 3G, 30, 46001, 3gnet, null, null, null, null, 80, -1, default | supl, IP, IP, true, 0] mWaitingApnsPermanentFailureCountDown=1 mApnSetting=[ApnSettingV2] China Unicom 3G, 30, 46001, 3gnet, null, null, null, null, 80, -1, default | supl, IP, IP, true, 0 mDataConnectionAc=GsmDC-1 mReason=dataDisabled mRetryCount=0 mDataEnabled=false mDependencyMet=true} dc={GsmDC-1: State=DcActivatingState apnSetting=[ApnSettingV2] China Unicom 3G, 30, 46001, 3gnet, null, null, null, null, 80, -1, default | supl, IP, IP, true, 0 apnList= [{mApnType=default mState=INITING mWaitingApns=[[ApnSettingV2] China Unicom 3G, 30, 46001, 3gnet, null, null, null, null, 80, -1, default | supl, IP, IP, true, 0] mWaitingApnsPermanentFailureCountDown=1 mApnSetting=[ApnSettingV2] China Unicom 3G, 30, 46001, 3gnet, null, null, null, null, 80, -1, default | supl, IP, IP, true, 0 mDataConnectionAc=GsmDC-1 mReason=dataAttached mRetryCount=0 mDataEnabled=true mDependencyMet=true}, {mApnType=supl mState=DISCONNECTING mWaitingApns=[[ApnSettingV2] China Unicom 3G, 30, 46001, 3gnet, null, null, null, null, 80, -1, default | supl, IP, IP, true, 0] mWaitingApnsPermanentFailureCountDown=1 mApnSetting=[ApnSettingV2] China Unicom 3G, 30, 46001, 3gnet, null, null, null, null, 80, -1, default | supl, IP, IP, true, 0 mDataConnectionAc=GsmDC-1 mReason=dataDisabled mRetryCount=0 mDataEnabled=false mDependencyMet=true}] RefCount=1 cid=-1 create=-1 lastFail=-1 lastFailCause=NONE}
10-31 12:20:06.050   523   523 D wpa_supplicant: nl80211: Event message available
10-31 12:20:06.050   523   523 D wpa_supplicant: nl80211: New scan results available
10-31 12:20:06.050   523   523 D wpa_supplicant: wlan0: Event SCAN_RESULTS (3) received
10-31 12:20:06.050   523   523 D wpa_supplicant: nl80211: Received scan results (18 BSSes)
10-31 12:20:06.050   523   523 D wpa_supplicant: nl80211: Survey data missing
10-31 12:20:06.050   523   523 D wpa_supplicant: wlan0: BSS: Start scan result update 5
10-31 12:20:06.050   523   523 D wpa_supplicant: wlan0: BSS: Add new id 22 BSSID 20:dc:e6:5e:86:e0 SSID 'dayactive'
10-31 12:20:06.050   523   523 D wpa_supplicant: CTRL_IFACE monitor send - hexdump(len=39): 2f 64 61 74 61 2f 6d 69 73 63 2f 77 69 66 69 2f 73 6f 63 6b 65 74 73 2f 77 70 61 5f 63 74 72 6c ...
10-31 12:20:06.050   416   524 I WifiHW  : EVENT: CTRL-EVENT-BSS-ADDED 22 20:dc:e6:5e:86:e0
10-31 12:20:06.050   523   523 D wpa_supplicant: wlan0: BSS: Add new id 23 BSSID 00:27:19:61:f5:32 SSID 'mm-near'
10-31 12:20:06.050   523   523 D wpa_supplicant: CTRL_IFACE monitor send - hexdump(len=39): 2f 64 61 74 61 2f 6d 69 73 63 2f 77 69 66 69 2f 73 6f 63 6b 65 74 73 2f 77 70 61 5f 63 74 72 6c ...
10-31 12:20:06.050   416   524 I WifiHW  : EVENT: CTRL-EVENT-BSS-ADDED 23 00:27:19:61:f5:32
10-31 12:20:06.050   523   523 D wpa_supplicant: BSS: last_scan_res_used=18/32 last_scan_full=0
10-31 12:20:06.050   523   523 D wpa_supplicant: wlan0: New scan results available
10-31 12:20:06.050   523   523 D wpa_supplicant: CTRL_IFACE monitor send - hexdump(len=39): 2f 64 61 74 61 2f 6d 69 73 63 2f 77 69 66 69 2f 73 6f 63 6b 65 74 73 2f 77 70 61 5f 63 74 72 6c ...
10-31 12:20:06.050   416   524 I WifiHW  : EVENT: CTRL-EVENT-SCAN-RESULTS 
10-31 12:20:06.050   523   523 D wpa_supplicant: CTRL_IFACE monitor send - hexdump(len=39): 2f 64 61 74 61 2f 6d 69 73 63 2f 77 69 66 69 2f 73 6f 63 6b 65 74 73 2f 77 70 61 5f 63 74 72 6c ...
10-31 12:20:06.050   523   523 D wpa_supplicant: Authorize channel 1
10-31 12:20:06.050   523   523 D wpa_supplicant: Authorize channel 2
10-31 12:20:06.050   416   524 I WifiHW  : EVENT: WPS-AP-AVAILABLE 
10-31 12:20:06.050   523   523 D wpa_supplicant: Authorize channel 3
10-31 12:20:06.050   523   523 D wpa_supplicant: Authorize channel 4
10-31 12:20:06.050   523   523 D wpa_supplicant: Authorize channel 5
10-31 12:20:06.050   523   523 D wpa_supplicant: Authorize channel 6
10-31 12:20:06.050   523   523 D wpa_supplicant: Authorize channel 7
10-31 12:20:06.050   523   523 D wpa_supplicant: Authorize channel 8
10-31 12:20:06.050   523   523 D wpa_supplicant: Authorize channel 9
10-31 12:20:06.050   523   523 D wpa_supplicant: Authorize channel 10
10-31 12:20:06.050   523   523 D wpa_supplicant: Authorize channel 11
10-31 12:20:06.050   523   523 D wpa_supplicant: Authorize channel 12
10-31 12:20:06.050   523   523 D wpa_supplicant: Authorize channel 13
10-31 12:20:06.050   523   523 D wpa_supplicant: Authorize channel 1
