01-06 06:29:12.230     1     1 I KERNEL  : [    0.305996] pci 0000:00:02.1: reg 14: [mem 0x000f4fc0-0x000f4fcf]
01-06 06:29:12.230     1     1 I KERNEL  : [    0.306138] pci 0000:00:02.1: PME# supported from D0 D3hot
01-06 06:29:12.230     1     1 I KERNEL  : [    0.306212] pci 0000:00:02.2: [8086:08ec] type 00 class 0x0b4000
01-06 06:29:12.230     1     1 I KERNEL  : [    0.306276] pci 0000:00:02.2: reg 10: [mem 0xff11d000-0xff11dfff]
01-06 06:29:12.230     1     1 I KERNEL  : [    0.306425] pci 0000:00:02.2: PME# supported from D0 D3hot
01-06 06:29:12.230     1     1 I KERNEL  : [    0.306499] pci 0000:00:02.3: [8086:e006] type 00 class 0x0c0320
01-06 06:29:12.230     1     1 I KERNEL  : [    0.306568] pci 0000:00:02.3: reg 10: [mem 0xffa60000-0xffa7ffff]
01-06 06:29:12.230     1     1 I KERNEL  : [    0.306618] pci 0000:00:02.3: reg 14: [mem 0xfffe0000-0xfffe3fff]
01-06 06:29:12.230     1     1 I KERNEL  : [    0.306758] pci 0000:00:02.3: supports D1
01-06 06:29:12.230     1     1 I KERNEL  : [    0.306780] pci 0000:00:02.3: PME# supported from D0 D3hot
01-06 06:29:12.230     1     1 I KERNEL  : [    0.306847] pci 0000:00:02.4: [8086:08ee] type 00 class 0x078000
01-06 06:29:12.230     1     1 I KERNEL  : [    0.306911] pci 0000:00:02.4: reg 10: [mem 0xff136000-0xff1363ff]
01-06 06:29:12.230     1     1 I KERNEL  : [    0.307066] pci 0000:00:02.4: PME# supported from D0 D3hot
01-06 06:29:12.230     1     1 I KERNEL  : [    0.307140] pci 0000:00:02.5: [8086:08ef] type 00 class 0x088000
01-06 06:29:12.230     1     1 I KERNEL  : [    0.307204] pci 0000:00:02.5: reg 10: [mem 0xff13e000-0xff13e7ff]
01-06 06:29:12.230     1     1 I KERNEL  : [    0.307358] pci 0000:00:02.5: PME# supported from D0 D3hot
01-06 06:29:12.230     1     1 I KERNEL  : [    0.307432] pci 0000:00:02.6: [8086:08f0] type 00 class 0x088000
01-06 06:29:12.230     1     1 I KERNEL  : [    0.307495] pci 0000:00:02.6: reg 10: [mem 0xffaf0000-0xffaf7fff]
01-06 06:29:12.230     1     1 I KERNEL  : [    0.307650] pci 0000:00:02.6: PME# supported from D0 D3hot
01-06 06:29:12.230     1     1 I KERNEL  : [    0.307724] pci 0000:00:02.7: [8086:08f1] type 00 class 0x088000
01-06 06:29:12.230     1     1 I KERNEL  : [    0.307788] pci 0000:00:02.7: reg 10: [mem 0xffa20000-0xffa203ff]
01-06 06:29:12.230     1     1 I KERNEL  : [    0.307942] pci 0000:00:02.7: PME# supported from D0 D3hot
01-06 06:29:12.230     1     1 I KERNEL  : [    0.308017] pci 0000:00:03.0: [8086:08d0] type 00 class 0x048000
01-06 06:29:12.230     1     1 I KERNEL  : [    0.308080] pci 0000:00:03.0: reg 10: [mem 0xdf800000-0xdfbfffff]
01-06 06:29:12.230     1     1 I KERNEL  : [    0.308272] pci 0000:00:03.1: [8086:08f3] type 00 class 0x078000
01-06 06:29:12.230     1     1 I KERNEL  : [    0.308338] pci 0000:00:03.1: reg 10: [mem 0xff128c00-0xff128fff]
01-06 06:29:12.230     1     1 I KERNEL  : [    0.308493] pci 0000:00:03.1: unsupported PM cap regs version (4)
01-06 06:29:12.230     1     1 I KERNEL  : [    0.308563] pci 0000:00:03.2: [8086:08f4] type 00 class 0x078000
01-06 06:29:12.230     1     1 I KERNEL  : [    0.308627] pci 0000:00:03.2: reg 10: [mem 0xff13b000-0xff13b3ff]
01-06 06:29:12.230     1     1 I KERNEL  : [    0.308780] pci 0000:00:03.2: PME# supported from D0 D3hot
01-06 06:29:12.230     1     1 I KERNEL  : [    0.308855] pci 0000:00:03.3: [8086:08f5] type 00 class 0x078000
01-06 06:29:12.230     1     1 I KERNEL  : [    0.308919] pci 0000:00:03.3: reg 10: [mem 0xff13c000-0xff13c3ff]
01-06 06:29:12.230     1     1 I KERNEL  : [    0.309073] pci 0000:00:03.3: PME# supported from D0 D3hot
01-06 06:29:12.230     1     1 I KERNEL  : [    0.309147] pci 0000:00:03.4: [8086:08f6] type 00 class 0x078000
01-06 06:29:12.230     1     1 I KERNEL  : [    0.309211] pci 0000:00:03.4: reg 10: [mem 0xff13d000-0xff13d3ff]
01-06 06:29:12.230     1     1 I KERNEL  : [    0.309365] pci 0000:00:03.4: PME# supported from D0 D3hot
01-06 06:29:12.230     1     1 I KERNEL  : [    0.309440] pci 0000:00:03.5: [8086:08f7] type 00 class 0x088000
01-06 06:29:12.230     1     1 I KERNEL  : [    0.309503] pci 0000:00:03.5: reg 10: [mem 0xff13f000-0xff13f7ff]
01-06 06:29:12.230     1     1 I KERNEL  : [    0.309553] pci 0000:00:03.5: reg 14: [mem 0x000f4fd0-0x000f4fdf]
01-06 06:29:12.230     1     1 I KERNEL  : [    0.309694] pci 0000:00:03.5: PME# supported from D0 D3hot
01-06 06:29:12.230     1     1 I KERNEL  : [    0.309771] pci 0000:00:03.7: [8086:08f8] type 00 class 0xff0000
01-06 06:29:12.230     1     1 I KERNEL  : [    0.309948] pci 0000:00:03.7: PME# supported from D0 D3hot
01-06 06:29:12.230     1     1 I KERNEL  : [    0.310032] pci 0000:00:04.0: [8086:08f9] type 00 class 0x080501
01-06 06:29:12.230     1     1 I KERNEL  : [    0.310098] pci 0000:00:04.0: reg 10: [mem 0xffa58000-0xffa580ff]
01-06 06:29:12.230     1     1 I KERNEL  : [    0.310254] pci 0000:00:04.0: PME# supported from D0 D3hot
01-06 06:29:12.230     1     1 I KERNEL  : [    0.310328] pci 0000:00:04.1: [8086:08fa] type 00 class 0x080501
01-06 06:29:12.230     1     1 I KERNEL  : [    0.310393] pci 0000:00:04.1: reg 10: [mem 0xffa48000-0xffa480ff]
01-06 06:29:12.230     1     1 I KERNEL  : [    0.310548] pci 0000:00:04.1: PME# supported from D0 D3hot
01-06 06:29:12.230     1     1 I KERNEL  : [    0.310639] pci 0000:00:05.0: [8086:08fc] type 00 class 0x070002
01-06 06:29:12.230     1     1 I KERNEL  : [    0.310704] pci 0000:00:05.0: reg 10: [mem 0xffa28080-0xffa280ff]
01-06 06:29:12.230     1     1 I KERNEL  : [    0.310857] pci 0000:00:05.0: supports D1
01-06 06:29:12.230     1     1 I KERNEL  : [    0.310880] pci 0000:00:05.0: PME# supported from D0 D3hot
01-06 06:29:12.230     1     1 I KERNEL  : [    0.310947] pci 0000:00:05.1: [8086:08fd] type 00 class 0x070002
01-06 06:29:12.230     1     1 I KERNEL  : [    0.311011] pci 0000:00:05.1: reg 10: [mem 0xffa28100-0xffa2817f]
01-06 06:29:12.240     1     1 I KERNEL  : [    0.311191] pci 0000:00:05.1: supports D1
01-06 06:29:12.240     1     1 I KERNEL  : [    0.311216] pci 0000:00:05.1: PME# supported from D0 D3hot
01-06 06:29:12.240     1     1 I KERNEL  : [    0.311284] pci 0000:00:05.2: [8086:08fe] type 00 class 0x070002
01-06 06:29:12.240     1     1 I KERNEL  : [    0.311349] pci 0000:00:05.2: reg 10: [mem 0xffa28180-0xffa281ff]
01-06 06:29:12.240     1     1 I KERNEL  : [    0.311503] pci 0000:00:05.2: supports D1
01-06 06:29:12.240     1     1 I KERNEL  : [    0.311525] pci 0000:00:05.2: PME# supported from D0 D3hot
01-06 06:29:12.240     1     1 I KERNEL  : [    0.311593] pci 0000:00:05.3: [8086:08ff] type 00 class 0x070002
01-06 06:29:12.240     1     1 I KERNEL  : [    0.311656] pci 0000:00:05.3: reg 10: [mem 0xffa28400-0xffa287ff]
01-06 06:29:12.240     1     1 I KERNEL  : [    0.311810] pci 0000:00:05.3: PME# supported from D0 D3hot
01-06 06:29:12.240     1     1 I KERNEL  : [    0.311897] pci 0000:00:06.0: [8086:0900] type 00 class 0x118000
01-06 06:29:12.240     1     1 I KERNEL  : [    0.311960] pci 0000:00:06.0: reg 10: [mem 0xffa2e000-0xffa2e3ff]
01-06 06:29:12.240     1     1 I KERNEL  : [    0.312009] pci 0000:00:06.0: reg 14: [mem 0xfa000000-0xfdffffff]
01-06 06:29:12.240     1     1 I KERNEL  : [    0.312149] pci 0000:00:06.0: PME# supported from D0 D3hot
01-06 06:29:12.240     1     1 I KERNEL  : [    0.312223] pci 0000:00:06.1: [8086:0901] type 00 class 0x038000
01-06 06:29:12.240     1     1 I KERNEL  : [    0.312401] pci 0000:00:06.1: PME# supported from D0 D3hot
01-06 06:29:12.240     1     1 I KERNEL  : [    0.312479] pci 0000:00:06.3: [8086:0902] type 00 class 0x078000
01-06 06:29:12.240     1     1 I KERNEL  : [    0.312555] pci 0000:00:06.3: reg 10: [mem 0xffa29000-0xffa297ff]
01-06 06:29:12.240     1     1 I KERNEL  : [    0.312711] pci 0000:00:06.3: PME# supported from D0 D3hot
01-06 06:29:12.240     1     1 I KERNEL  : [    0.312785] pci 0000:00:06.4: [8086:0903] type 00 class 0x078000
01-06 06:29:12.240     1     1 I KERNEL  : [    0.312849] pci 0000:00:06.4: reg 10: [mem 0xffa2a000-0xffa2a7ff]
01-06 06:29:12.240     1     1 I KERNEL  : [    0.313003] pci 0000:00:06.4: PME# supported from D0 D3hot
01-06 06:29:12.240     1     1 I KERNEL  : [    0.313079] pci 0000:00:06.5: [8086:08f2] type 00 class 0x0c0320
01-06 06:29:12.240     1     1 I KERNEL  : [    0.313144] pci 0000:00:06.5: reg 10: [mem 0xffa80000-0xffafffff]
01-06 06:29:12.240     1     1 I KERNEL  : [    0.313297] pci 0000:00:06.5: supports D1
01-06 06:29:12.240     1     1 I KERNEL  : [    0.313319] pci 0000:00:06.5: PME# supported from D0 D3hot
01-06 06:29:12.240     1     1 I KERNEL  : [    0.313386] pci 0000:00:06.6: [8086:0905] type 00 class 0x088000
01-06 06:29:12.240     1     1 I KERNEL  : [    0.313449] pci 0000:00:06.6: reg 10: [mem 0xffae9000-0xffae907f]
01-06 06:29:12.240     1     1 I KERNEL  : [    0.313603] pci 0000:00:06.6: PME# supported from D0 D3hot
01-06 06:29:12.240     1     1 I KERNEL  : [    0.315387] vgaarb: device added: PCI:0000:00:02.0,decodes=io+mem,owns=io+mem,locks=none
01-06 06:29:12.240     1     1 I KERNEL  : [    0.319011] PCI: pci_cache_line_size set to 64 bytes
01-06 06:29:12.240     1     1 I KERNEL  : [    0.319454] reserve RAM buffer: 0000000000098000 - 000000000009ffff 
01-06 06:29:12.240     1     1 I KERNEL  : 
01-06 06:29:12.240     1     1 I KERNEL  : [    0.319493] reserve RAM buffer: 0000000036ff0000 - 0000000037ffffff 
01-06 06:29:12.240     1     1 I KERNEL  : 
01-06 06:29:12.240     1     1 I KERNEL  : [    0.319531] reserve RAM buffer: 000000003eeff400 - 000000003fffffff 
01-06 06:29:12.250     1     1 I KERNEL  : 
01-06 06:29:12.250     1     1 I KERNEL  : [    0.321590] get_pwm_platform_data, CLV board detected
01-06 06:29:12.250     1     1 I KERNEL  : [    0.321791] intel_scu_flis platform device created
01-06 06:29:12.250     1     1 I KERNEL  : [    0.321851] PMU DRIVER BEFORE PROBE
01-06 06:29:12.250     1     1 I KERNEL  : [    0.321981] intel_pmu_driver 0000:00:02.2: PMU DRIVER Probe called
01-06 06:29:12.250     1     1 I KERNEL  : [    0.323235] intel_pmu_driver 0000:00:02.2: after pmu initialization
01-06 06:29:12.290     1     1 I KERNEL  : [    0.367151] gpiochip_add: registered GPIOs 0 to 95 on device: 0000:00:02.1
01-06 06:29:12.290     1     1 I KERNEL  : [    0.368581] gpiochip_add: registered GPIOs 96 to 191 on device: 0000:00:03.5
01-06 06:29:12.300     1     1 I KERNEL  : [    0.371265] Intel MID DMA 0000:00:02.5: setting latency timer to 64
01-06 06:29:12.320     1     1 I KERNEL  : [    0.392552] Intel MID DMA 0000:00:02.6: setting latency timer to 64
01-06 06:29:12.330     1     1 I KERNEL  : [    0.408839] intel_msic_gpio rpmsg2: Probed msic_gpio rpmsg device
01-06 06:29:12.330     1     1 I KERNEL  : [    0.409030] gpiochip_add: registered GPIOs 192 to 200 on device: msic_gpio
01-06 06:29:12.330     1     1 I KERNEL  : [    0.409283] pci 0000:00:02.0: BAR 2: assigned [mem 0x40000000-0x4fffffff]
01-06 06:29:12.330     1     1 I KERNEL  : [    0.409343] pci_bus 0000:00: resource 4 [io  0x0000-0xffff]
01-06 06:29:12.330     1     1 I KERNEL  : [    0.409368] pci_bus 0000:00: resource 5 [mem 0x00000000-0xffffffff]
01-06 06:29:12.330     1     1 I KERNEL  : [    0.409582] NET: Registered protocol family 2
01-06 06:29:12.330     1     1 I KERNEL  : [    0.409859] IP route cache hash table entries: 32768 (order: 5, 131072 bytes)
01-06 06:29:12.330     1     1 I KERNEL  : [    0.410484] TCP established hash table entries: 131072 (order: 8, 1048576 bytes)
01-06 06:29:12.340     1     1 I KERNEL  : [    0.412513] TCP bind hash table entries: 65536 (order: 7, 524288 bytes)
01-06 06:29:12.340     1     1 I KERNEL  : [    0.413439] TCP: Hash tables configured (established 131072 bind 65536)
01-06 06:29:12.340     1     1 I KERNEL  : [    0.413457] TCP: reno registered
01-06 06:29:12.340     1     1 I KERNEL  : [    0.413522] UDP hash table entries: 512 (order: 2, 16384 bytes)
01-06 06:29:12.340     1     1 I KERNEL  : [    0.413580] UDP-Lite hash table entries: 512 (order: 2, 16384 bytes)
01-06 06:29:12.340     1     1 I KERNEL  : [    0.413949] NET: Registered protocol family 1
01-06 06:29:12.340     1     1 I KERNEL  : [    0.414143] pci 0000:00:02.0: Boot video device
01-06 06:29:12.380     1     1 I KERNEL  : [    0.451105] PCI: CLS 0 bytes, default 64
01-06 06:29:12.380     1     1 I KERNEL  : [    0.451308] vbcm43xx: 1800 mV 
01-06 06:29:12.380     1     1 I KERNEL  : [    0.451486] intel_scu_pmic rpmsg8: Probed pmic rpmsg device
01-06 06:29:12.380     1     1 I KERNEL  : [    0.451511] intel_scu_pmic rpmsg8: Allocating rpmsg_instance
01-06 06:29:12.380     1     1 I KERNEL  : [    0.451633] intel_scu_mip rpmsg9: Probed mip rpmsg device
01-06 06:29:12.380     1     1 I KERNEL  : [    0.451657] intel_scu_mip rpmsg9: Allocating rpmsg_instance
01-06 06:29:12.380     1     1 I KERNEL  : [    0.452019] Trying to unpack rootfs image as initramfs...
01-06 06:29:12.760     1     1 I KERNEL  : [    0.833796] Freeing initrd memory: 4204k freed
01-06 06:29:12.760     1     1 I KERNEL  : [    0.838640] intel_mid_gpadc rpmsg1: Probed msic_gpadc rpmsg device
01-06 06:29:12.760     1     1 I KERNEL  : [    0.839082] NS announcement: 72 70 6d 73 67 5f 6d 69 64 5f 70 77 6d 00 00 00  rpmsg_mid_pwm...
01-06 06:29:12.760     1     1 I KERNEL  : [    0.839117] NS announcement: 00 00 00 00 00 00 00 00 00 00 00 00 00 00 00 00  ................
01-06 06:29:12.760     1     1 I KERNEL  : [    0.839134] NS announcement: 22 00 00 00 00 00 00 00                          ".......
01-06 06:29:12.760     1     1 I KERNEL  : [    0.839153] virtio_rpmsg_bus virtio0: creating channel rpmsg_mid_pwm addr 0x22
01-06 06:29:12.760     1     1 I KERNEL  : [    0.839313] NS announcement: 72 70 6d 73 67 5f 66 6c 69 73 00 00 00 00 00 00  rpmsg_flis......
01-06 06:29:12.760     1     1 I KERNEL  : [    0.839340] NS announcement: 00 00 00 00 00 00 00 00 00 00 00 00 00 00 00 00  ................
01-06 06:29:12.760     1     1 I KERNEL  : [    0.839356] NS announcement: f5 00 00 00 00 00 00 00                          ........
01-06 06:29:12.760     1     1 I KERNEL  : [    0.839373] virtio_rpmsg_bus virtio0: creating channel rpmsg_flis addr 0xf5
01-06 06:29:12.760     1     1 I KERNEL  : [    0.840108] intel_scu_watchdog rpmsg12: Probed watchdog rpmsg device
01-06 06:29:12.760     1     1 I KERNEL  : [    0.840138] intel_scu_watchdog rpmsg12: Allocating rpmsg_instance
01-06 06:29:12.760     1     1 I KERNEL  : [    0.840485] intel_scu_ipcutil rpmsg11: Probed ipcutil rpmsg device
01-06 06:29:12.760     1     1 I KERNEL  : [    0.840512] intel_scu_ipcutil rpmsg11: Allocating rpmsg_instance
01-06 06:29:12.760     1     1 I KERNEL  : [    0.840639] (oshob) additional offset = 0x0
01-06 06:29:12.760     1     1 I KERNEL  : [    0.840716] Using EXTENDED OSHOB structure size = 176 bytes
01-06 06:29:12.770     1     1 I KERNEL  : [    0.840811] OSNIB size = 32 bytes OEMNIB size = 64 bytes
01-06 06:29:12.770     1     1 I KERNEL  : [    0.840834] (extend oshob) SCU buffer size is 4 bytes
01-06 06:29:12.770     1     1 I KERNEL  : [    0.840909] [BOOT] RESETIRQ1=0x00 RESETIRQ2=0x00 (interrupt tree)
01-06 06:29:12.770     1     1 I KERNEL  : [    0.840996] [BOOT] SCU_TR=0x00020013 (oshob)
01-06 06:29:12.770     1     1 I KERNEL  : [    0.841017] [BOOT] IA_TR=0xffffffff (oshob)
01-06 06:29:12.770     1     1 I KERNEL  : [    0.841383] [BOOT] RR=0x0c WD=0x00 ALARM=0x00 (osnib)
01-06 06:29:12.770     1     1 I KERNEL  : [    0.841405] [BOOT] WAKESRC=0x01 RESETIRQ1=0x01 RESETIRQ2=0x00 (osnib)
01-06 06:29:12.770     1     1 I KERNEL  : [    0.841476] OEMNIB interface registered to debugfs
01-06 06:29:12.770     1     1 I KERNEL  : [    0.841672] intel_scu_flis rpmsg19: Probed flis rpmsg device
01-06 06:29:12.770     1     1 I KERNEL  : [    0.841697] intel_scu_flis rpmsg19: Allocating rpmsg_instance
01-06 06:29:12.770     1     1 I KERNEL  : [    0.841791] intel_scu_flis intel_scu_flis: scu flis probed
01-06 06:29:12.770    34    34 I KERNEL  : [    0.845117] cryptomgr_test used greatest stack depth: 7680 bytes left
01-06 06:29:12.770     1     1 I KERNEL  : [    0.845538] vprog1: 1200 <--> 2800 mV at 1200 mV fast normal standby
01-06 06:29:12.770     1     1 I KERNEL  : [    0.845954] vprog2: 1200 <--> 2800 mV at 2800 mV fast normal standby
01-06 06:29:12.770     1     1 I KERNEL  : [    0.846277] vemmc1: 2850 mV fast normal standby
01-06 06:29:12.770     1     1 I KERNEL  : [    0.846576] vemmc2: 2850 mV fast normal standby
01-06 06:29:12.770     1     1 I KERNEL  : [    0.847239] persistent_ram: found existing buffer, size 1864100, start 1511358
01-06 06:29:12.780    35    35 I KERNEL  : [    0.852242] cryptomgr_test used greatest stack depth: 7616 bytes left
01-06 06:29:13.770     8     8 I KERNEL  : [    1.839948] Switching to clocksource tsc
01-06 06:29:17.820     1     1 I KERNEL  : [    5.889863] console [ram-1] enabled
01-06 06:29:17.820     1     1 I KERNEL  : [    5.890386] Initialise module verification
01-06 06:29:17.830     1     1 I KERNEL  : [    5.897109] highmem bounce pool size: 64 pages
01-06 06:29:17.830     1     1 I KERNEL  : [    5.897283] HugeTLB registered 2 MB page size, pre-allocated 0 pages
01-06 06:29:17.840     1     1 I KERNEL  : [    5.910420] fuse init (API version 7.18)
01-06 06:29:17.840     1     1 I KERNEL  : [    5.911950] Btrfs loaded
01-06 06:29:17.840     1     1 I KERNEL  : [    5.912143] msgmni has been set to 1618
01-06 06:29:17.840    42    42 I KERNEL  : [    5.913023] cryptomgr_test used greatest stack depth: 7504 bytes left
01-06 06:29:17.840    43    43 I KERNEL  : [    5.913288] cryptomgr_test used greatest stack depth: 7468 bytes left
01-06 06:29:17.840     1     1 I KERNEL  : [    5.915051] Asymmetric key parser 'x509' registered
01-06 06:29:17.840     1     1 I KERNEL  : [    5.915465] Block layer SCSI generic (bsg) driver version 0.4 loaded (major 252)
01-06 06:29:17.840     1     1 I KERNEL  : [    5.915855] io scheduler noop registered
01-06 06:29:17.840     1     1 I KERNEL  : [    5.916030] io scheduler cfq registered (default)
01-06 06:29:17.850     1     1 I KERNEL  : [    5.917196] intel_idle: MWAIT substates: 0x3020220
01-06 06:29:17.850     1     1 I KERNEL  : [    5.917454] intel_idle: v0.4 model 0x35
01-06 06:29:17.850     1     1 I KERNEL  : [    5.917594] intel_idle: lapic_timer_reliable_states 0xffffffff
01-06 06:29:17.850     1     1 I KERNEL  : [    5.917847] intel_idle: cpuidle: target_residency[1]= 4
01-06 06:29:17.850     1     1 I KERNEL  : [    5.917990] intel_idle: cpuidle: target_residency[2]= 80
01-06 06:29:17.850     1     1 I KERNEL  : [    5.918241] intel_idle: cpuidle: target_residency[4]= 400
01-06 06:29:17.850     1     1 I KERNEL  : [    5.918383] intel_idle: cpuidle: target_residency[6]= 560
01-06 06:29:17.850     1     1 I KERNEL  : [    5.918629] intel_idle: cpuidle: target_residency[7]= 2541
01-06 06:29:17.850     1     1 I KERNEL  : [    5.918769] intel_idle: cpuidle: target_residency[8]= 4255
01-06 06:29:17.850     1     1 I KERNEL  : [    5.919020] intel_idle: cpuidle: target_residency[9]= 39853
01-06 06:29:17.850     1     1 I KERNEL  : [    5.919425] hsu core clock 50 M
01-06 06:29:17.850     1     1 I KERNEL  : [    5.919831] HSU serial 0000:00:05.0: PCI ID: 8086:08fc FUNC: 0 driver: 0 addr:ffa28080 len:0
01-06 06:29:17.850     1     1 I KERNEL  : [    5.921660] HSU serial 0000:00:05.1: PCI ID: 8086:08fd FUNC: 1 driver: 0 addr:ffa28100 len:0
01-06 06:29:17.850     1     1 I KERNEL  : [    5.922171] HSU serial 0000:00:05.2: PCI ID: 8086:08fe FUNC: 2 driver: 0 addr:ffa28180 len:0
01-06 06:29:17.850     1     1 I KERNEL  : [    5.922816] HSU serial 0000:00:05.3: PCI ID: 8086:08ff FUNC: 3 driver: 1 addr:ffa28400 len:0
01-06 06:29:17.850     1     1 I KERNEL  : [    5.923149] 0000:00:05.0: ttyMFD0 at MMIO 0xffa28080 (irq = 60) is a hsu_port0
01-06 06:29:17.850     1     1 I KERNEL  : [    5.923632] 0000:00:05.1: ttyMFD1 at MMIO 0xffa28100 (irq = 61) is a hsu_port1
01-06 06:29:17.850     1     1 I KERNEL  : [    5.924102] 0000:00:05.2: ttyMFD2 at MMIO 0xffa28180 (irq = 62) is a hsu_port2
01-06 06:29:17.870     1     1 I KERNEL  : [    5.938528] console [ttyMFD2] enabled
01-06 06:29:17.870     1     1 I KERNEL  : [    5.938803] 0000:00:05.1: ttyMFD3 at MMIO 0xffa28100 (irq = 61) is a hsu_port3
01-06 06:29:17.870     1     1 I KERNEL  : [    5.939455] Non-volatile memory driver v1.3
01-06 06:29:17.870     1     1 I KERNEL  : [    5.940732] [drm] Initialized drm 1.1.0 20060810
01-06 06:29:17.880     1     1 I KERNEL  : [    5.949412] brd: module loaded
01-06 06:29:17.880     1     1 I KERNEL  : [    5.953145] loop: module loaded
01-06 06:29:17.890     1     1 I KERNEL  : [    5.957492] Android kernel panic handler initialized on partition mmcblk0p2!
01-06 06:29:17.890     1     1 I KERNEL  : [    5.957779] intel_fabric_logging rpmsg16: Probed fw_logging rpmsg device
01-06 06:29:17.890     1     1 I KERNEL  : [    5.957992] intel_fabric_logging rpmsg16: Allocating rpmsg_instance
01-06 06:29:17.890     1     1 I KERNEL  : [    5.958254] No stored SCU errors found in SRAM
01-06 06:29:17.890     1     1 I KERNEL  : 
01-06 06:29:17.890     1     1 I KERNEL  : [    5.959953] DW: found PCI SPI controller(ID: 8086:08e1)
01-06 06:29:17.890     1     1 I KERNEL  : [    5.961149] dw_spi_pci 0000:00:00.2: master is unqueued, this is deprecated
01-06 06:29:17.890     1     1 I KERNEL  : [    5.961497] DW: found PCI SPI controller(ID: 8086:08ee)
01-06 06:29:17.890     1     1 I KERNEL  : [    5.962572] dw_spi_pci 0000:00:02.4: master is unqueued, this is deprecated
01-06 06:29:17.890     1     1 I KERNEL  : [    5.962979] hsi-ctrl: Controller driver regiseterd
01-06 06:29:17.890     1     1 I KERNEL  : [    5.963858] hsi-ctrl: IP V1 (0x14), HW PCI id (0x902)
01-06 06:29:17.900     1     1 I KERNEL  : [    5.967154] hsi-ffl hsi-ffl: ffl_driver_probe entered
01-06 06:29:17.900    57    57 I KERNEL  : [    5.967550] hsi-ffl: done creating pool of frames.
01-06 06:29:17.900    57    57 I KERNEL  : [    5.967561] hsi-ffl: done creating pool of frames.
01-06 06:29:17.900    57    57 I KERNEL  : 
01-06 06:29:17.900    57    57 I KERNEL  : [    5.967585] hsi-ffl hsi-ffl: ffl_driver_probe completed
01-06 06:29:17.900    57    57 I KERNEL  : [    5.967632] hsi-ffl: driver initialised
01-06 06:29:17.900    57    57 I KERNEL  : [    5.967750] tun: Universal TUN/TAP device driver, 1.6
01-06 06:29:17.900    57    57 I KERNEL  : [    5.967761] tun: (C) 1999-2004 Max Krasnyansky <maxk@qualcomm.com>
01-06 06:29:17.900    57    57 I KERNEL  : [    5.968260] e100: Intel(R) PRO/100 Network Driver, 3.5.24-k2-NAPI
01-06 06:29:17.900    57    57 I KERNEL  : [    5.968272] e100: Copyright(c) 1999-2006 Intel Corporation
01-06 06:29:17.900    57    57 I KERNEL  : [    5.968426] e1000: Intel(R) PRO/1000 Network Driver - version 7.3.21-k8-NAPI
01-06 06:29:17.900    57    57 I KERNEL  : [    5.968438] e1000: Copyright (c) 1999-2006 Intel Corporation.
01-06 06:29:17.900    57    57 I KERNEL  : [    5.968599] e1000e: Intel(R) PRO/1000 Network Driver - 1.9.5-k
01-06 06:29:17.900    57    57 I KERNEL  : [    5.968610] e1000e: Copyright(c) 1999 - 2012 Intel Corporation.
01-06 06:29:17.900    57    57 I KERNEL  : [    5.969111] PPP generic driver version 2.4.2
01-06 06:29:17.900    57    57 I KERNEL  : [    5.969285] PPP BSD Compression module registered
01-06 06:29:17.900    57    57 I KERNEL  : [    5.969296] PPP Deflate Compression module registered
01-06 06:29:17.900    61    61 I KERNEL  : [    5.971196] modprobe used greatest stack depth: 6936 bytes left
01-06 06:29:17.900     1     1 I KERNEL  : [    5.973504] PPP MPPE Compression module registered
01-06 06:29:17.900     1     1 I KERNEL  : [    5.973649] NET: Registered protocol family 24
01-06 06:29:17.900     1     1 I KERNEL  : [    5.973866] usbcore: registered new interface driver asix
01-06 06:29:17.900     1     1 I KERNEL  : [    5.974035] usbcore: registered new interface driver cdc_ether
01-06 06:29:17.900     1     1 I KERNEL  : [    5.974188] usbcore: registered new interface driver net1080
01-06 06:29:17.900     1     1 I KERNEL  : [    5.974428] usbcore: registered new interface driver cdc_subset
01-06 06:29:17.900     1     1 I KERNEL  : [    5.974666] usbcore: registered new interface driver zaurus
01-06 06:29:17.900     1     1 I KERNEL  : [    5.974839] usbcore: registered new interface driver cdc_ncm
01-06 06:29:17.900     1     1 I KERNEL  : [    5.975163] penwell_otg 0000:00:02.3: Intel OTG2.0 controller is detected.
01-06 06:29:17.900     1     1 I KERNEL  : [    5.975278] penwell_otg 0000:00:02.3: Driver version: 0.8
01-06 06:29:17.910     1     1 I KERNEL  : [    5.976835] penwell_otg 0000:00:02.3: charging_compliance = 0
01-06 06:29:18.020     5     5 I KERNEL  : [    6.086960] penwell_otg 0000:00:02.3: DCD started
01-06 06:29:18.020     5     5 I KERNEL  : [    6.087175] usbcore: registered new interface driver pnwotg_test
01-06 06:29:18.020     5     5 I KERNEL  : [    6.087187] ehci_hcd: USB 2.0 'Enhanced' Host Controller (EHCI) Driver
01-06 06:29:18.020     1     1 I KERNEL  : [    6.088247] ehci_hcd 0000:00:06.5: setting latency timer to 64
01-06 06:29:18.020     1     1 I KERNEL  : [    6.088401] ehci_hcd 0000:00:06.5: EHCI Host Controller
01-06 06:29:18.020     1     1 I KERNEL  : [    6.088639] ehci_hcd 0000:00:06.5: new USB bus registered, assigned bus number 1
01-06 06:29:18.020     1     1 I KERNEL  : [    6.089334] ehci_hcd 0000:00:06.5: USB SPH is disabled
01-06 06:29:18.020     1     1 I KERNEL  : [    6.089540] ehci_hcd 0000:00:06.5: can't setup
01-06 06:29:18.020     1     1 I KERNEL  : [    6.094023] ehci_hcd 0000:00:06.5: USB bus 1 deregistered
01-06 06:29:18.020     1     1 I KERNEL  : [    6.094537] ehci_hcd 0000:00:06.5: init 0000:00:06.5 fail, -19
01-06 06:29:18.030     1     1 I KERNEL  : [    6.100578] usbcore: registered new interface driver cdc_acm
01-06 06:29:18.030     1     1 I KERNEL  : [    6.100775] cdc_acm: USB Abstract Control Model driver for USB modems and ISDN adapters
01-06 06:29:18.030     1     1 I KERNEL  : [    6.100885] Initializing USB Mass Storage driver...
01-06 06:29:18.030     1     1 I KERNEL  : [    6.101135] usbcore: registered new interface driver usb-storage
01-06 06:29:18.030     1     1 I KERNEL  : [    6.101247] USB Mass Storage support registered.
01-06 06:29:18.030     1     1 I KERNEL  : [    6.101482] penwell_otg 0000:00:02.3: Intel USB2.0 Device Controller driver
01-06 06:29:18.030     1     1 I KERNEL  : [    6.101597] penwell_otg 0000:00:02.3: irq 32, pci mem f56c0000
01-06 06:29:18.030     1     1 I KERNEL  : [    6.101790] penwell_otg 0000:00:02.3: Driver version: June 3, 2010
01-06 06:29:18.030     1     1 I KERNEL  : [    6.101900] penwell_otg 0000:00:02.3: Support (max) 16 endpoints
01-06 06:29:18.030     1     1 I KERNEL  : [    6.102095] penwell_otg 0000:00:02.3: Device interface version: 0x0001
01-06 06:29:18.030     1     1 I KERNEL  : [    6.102205] penwell_otg 0000:00:02.3: Controller mode: Device
01-06 06:29:18.030     1     1 I KERNEL  : [    6.102399] penwell_otg 0000:00:02.3: Support USB LPM: Yes
01-06 06:29:18.030     1     1 I KERNEL  : [    6.102767] mousedev: PS/2 mouse device common for all mice
01-06 06:29:18.030     1     1 I KERNEL  : [    6.103620] rtc_mrst rpmsg15: Probed vrtc_mrst rpmsg device
01-06 06:29:18.030     1     1 I KERNEL  : [    6.103748] rtc_mrst rpmsg15: Allocating rpmsg_instance
01-06 06:29:18.030     1     1 I KERNEL  : [    6.104262] using rtc device, rtc_mrst, for alarms
01-06 06:29:18.030     1     1 I KERNEL  : 
01-06 06:29:18.030     1     1 I KERNEL  : [    6.104423] rtc_mrst rtc_mrst: rtc core: registered rtc_mrst as rtc0
01-06 06:29:18.030     1     1 I KERNEL  : [    6.104916] rtc_mrst rtc_mrst: vRTC driver initialised
01-06 06:29:18.030     1     1 I KERNEL  : [    6.105103] i2c /dev entries driver
01-06 06:29:18.030     1     1 I KERNEL  : [    6.105713] i2c-gpio i2c-gpio.10: using pins 132 (SDA) and 131 (SCL)
01-06 06:29:18.030     1     1 I KERNEL  : [    6.105940] Inside smb347_init
01-06 06:29:18.040     1     1 I KERNEL  : [    6.108122] coretemp coretemp.0: Unable to read TjMax from CPU 0
01-06 06:29:18.040     1     1 I KERNEL  : [    6.108537] coretemp coretemp.0: Unable to read TjMax from CPU 2
01-06 06:29:18.040     1     1 I KERNEL  : [    6.108926] intel_mid_pwm rpmsg18: Probed mid_pwm rpmsg device
01-06 06:29:18.040     1     1 I KERNEL  : [    6.109244] lsm303d driver: init
01-06 06:29:18.040     1     1 I KERNEL  : [    6.109648] device-mapper: uevent: version 1.0.3
01-06 06:29:18.040     1     1 I KERNEL  : [    6.110258] device-mapper: ioctl: 4.22.0-ioctl (2011-10-19) initialised: dm-devel@redhat.com
01-06 06:29:18.040    57    57 I KERNEL  : [    6.110986] max170xx_battery 2-0036: chip type max17047/50 detected
01-06 06:29:18.040     1     1 I KERNEL  : [    6.111363] cpuidle: using governor ladder
01-06 06:29:18.040    57    57 I KERNEL  : [    6.112177] max170xx_battery 2-0036: current sensing enabled
01-06 06:29:18.040     1     1 I KERNEL  : [    6.112633] cpuidle: using governor menu
01-06 06:29:18.040     1     1 I KERNEL  : [    6.112811] sdhci: Secure Digital Host Controller Interface driver
01-06 06:29:18.040     1     1 I KERNEL  : [    6.113013] sdhci: Copyright(c) Pierre Ossman
01-06 06:29:18.040     1     1 I KERNEL  : [    6.113234] leds_intel_kpd rpmsg17: Probed kpd_led rpmsg device
01-06 06:29:18.040     1     1 I KERNEL  : [    6.113581] Registered led device: intel_keypad_led
01-06 06:29:18.040     1     1 I KERNEL  : [    6.114613] usbcore: registered new interface driver usbhid
01-06 06:29:18.040     1     1 I KERNEL  : [    6.114825] usbhid: USB HID core driver
01-06 06:29:18.040     1     1 I KERNEL  : [    6.115583] ashmem: initialized
01-06 06:29:18.040     1     1 I KERNEL  : [    6.115861] logger: created 256K log 'log_main'
01-06 06:29:18.040     1     1 I KERNEL  : [    6.116083] logger_pti: log_main, mc : 74 0
01-06 06:29:18.040     1     1 I KERNEL  : [    6.116285] logger: created 256K log 'log_events'
01-06 06:29:18.040     1     1 I KERNEL  : [    6.116422] logger_pti: log_events, mc : 74 1
01-06 06:29:18.050     1     1 I KERNEL  : [    6.116765] logger: created 256K log 'log_radio'
01-06 06:29:18.050     1     1 I KERNEL  : [    6.116932] logger_pti: log_radio, mc : 74 2
01-06 06:29:18.050     1     1 I KERNEL  : [    6.117256] logger: created 256K log 'log_kernel'
01-06 06:29:18.050     1     1 I KERNEL  : [    6.117382] logger_pti: log_kernel, mc : 74 3
01-06 06:29:18.050     1     1 I KERNEL  : [    6.117586] logger: created 256K log 'log_system'
01-06 06:29:18.050     1     1 I KERNEL  : [    6.117808] logger_pti: log_system, mc : 74 4
01-06 06:29:18.080     5     5 I KERNEL  : [    6.154535] penwell_otg 0000:00:02.3: Data contact detected!
01-06 06:29:18.080     5     5 I KERNEL  : [    6.154791] penwell_otg 0000:00:02.3: DCD complete
01-06 06:29:18.090    57    57 I KERNEL  : [    6.157523] smb347 2-006a: To set USB enabled.
01-06 06:29:18.090    57    57 I KERNEL  : [    6.160541] smb347 2-006a: Set charge mode as USB100.
01-06 06:29:18.090    57    57 I KERNEL  : [    6.161629] smb347 2-006a: registered to OTG notifications
01-06 06:29:18.090     8     8 I KERNEL  : [    6.165818] smb347 2-006a: Charging Status: STAT_C:0x5
01-06 06:29:18.090     8     8 I KERNEL  : [    6.166023] smb347 2-006a: fg chip found:max17047_battery
01-06 06:29:18.100    57    57 I KERNEL  : [    6.174025] smb347 2-006a: Schedule the charge event worker.
01-06 06:29:18.100    74    74 I KERNEL  : [    6.174482] smb347 2-006a: smb347_event_worker
01-06 06:29:18.100    33    33 I KERNEL  : [    6.175086] sdhci-pci 0000:00:01.0: SDHCI controller found [8086:08e5] (rev d)
01-06 06:29:18.110    33    33 I KERNEL  : [    6.176692] sdhci-pci 0000:00:01.0: setting latency timer to 64
01-06 06:29:18.110    74    74 I KERNEL  : [    6.177936] smb347 2-006a: USB suspend/disconnect evt. To disable charging
01-06 06:29:18.110    74    74 I KERNEL  : [    6.178952] smb347 2-006a: Set charge mode as USB100.
01-06 06:29:18.110    74    74 I KERNEL  : [    6.180869] smb347 2-006a: To set USB suspend.
01-06 06:29:18.140     8     8 I KERNEL  : [    6.209267] max170xx_battery 2-0036: soc perc: soc: 81, offset: 1
01-06 06:29:18.140     8     8 I KERNEL  : [    6.212045] smb347 2-006a: Charging Status: STAT_C:0x0
01-06 06:29:18.180     4     4 I KERNEL  : [    6.247774] smb347 2-006a: 
01-06 06:29:18.180     4     4 I KERNEL  : [    6.247780] smb347_status_monitor: temp=28 vbatt=4023 ocv=4011 chrg_now=1734500 chrg_full=2127500
01-06 06:29:18.180     4     4 I KERNEL  : [    6.247788] batt_level=82, current_now=29(mA)
01-06 06:29:18.180     4     4 I KERNEL  : [    6.247793] BPTHERM= 29[0,45]
01-06 06:29:18.190    73    73 I KERNEL  : [    6.263149] mmc0: new high speed DDR MMC card at address 0001
01-06 06:29:18.190    73    73 I KERNEL  : [    6.263944] mmcblk0: mmc0:0001 SEM04G 3.67 GiB 
01-06 06:29:18.190    73    73 I KERNEL  : [    6.264391] mmcblk0boot0: mmc0:0001 SEM04G partition 1 2.00 MiB
01-06 06:29:18.190    73    73 I KERNEL  : [    6.264925] mmcblk0boot1: mmc0:0001 SEM04G partition 2 2.00 MiB
01-06 06:29:18.190    73    73 I KERNEL  : [    6.265367] mmcblk0rpmb: mmc0:0001 SEM04G partition 3 4.00 KiB
01-06 06:29:18.190    73    73 I KERNEL  : [    6.265908] mmcblk0gp0: mmc0:0001 SEM04G partition 4 8.00 MiB
01-06 06:29:18.200     5     5 I KERNEL  : [    6.266495] penwell_otg 0000:00:02.3: SDP detected
01-06 06:29:18.200     5     5 I KERNEL  : [    6.266772] penwell_otg 0000:00:02.3: SDP detected
01-06 06:29:18.200     5     5 I KERNEL  : [    6.267071] penwell_otg 0000:00:02.3: Found private SRAM at fffe0000 size:4000
01-06 06:29:18.200     5     5 I KERNEL  : [    6.267179] smb347 2-006a: [chrg] evt:0 type:4 cur:100
01-06 06:29:18.200    73    73 I KERNEL  : [    6.267485]  mmcblk0:
01-06 06:29:18.200    73    73 I KERNEL  : [    6.270307]  mmcblk0gp0: unknown partition table
01-06 06:29:18.200    73    73 I KERNEL  : [    6.272306] Dev mmcblk0rpmb: unable to read RDB block 0
01-06 06:29:18.200    73    73 I KERNEL  : [    6.272724]  mmcblk0rpmb: unable to read partition table
01-06 06:29:18.200    73    73 I KERNEL  : [    6.274909]  mmcblk0boot1: unknown partition table
01-06 06:29:18.210    73    73 I KERNEL  : [    6.277034]  mmcblk0boot0: unknown partition table
01-06 06:29:18.210    33    33 I KERNEL  : [    6.277544] mmc0: SDHCI controller on PCI [0000:00:01.0] using ADMA
01-06 06:29:18.210    33    33 I KERNEL  : [    6.277722] match_panic_par:emmc found
01-06 06:29:18.210    33    33 I KERNEL  : [    6.277950] unable to get partition
01-06 06:29:18.210    33    33 I KERNEL  : [    6.282166] sdhci-pci 0000:00:04.0: SDHCI controller found [8086:08f9] (rev d)
01-06 06:29:18.210    33    33 I KERNEL  : [    6.283224] sdhci-pci 0000:00:04.0: setting latency timer to 64
01-06 06:29:18.210    33    33 I KERNEL  : [    6.284628] mmc1: SDHCI controller on PCI [0000:00:04.0] using ADMA
01-06 06:29:18.210    33    33 I KERNEL  : [    6.285845] sdhci-pci 0000:00:04.1: SDHCI controller found [8086:08fa] (rev d)
01-06 06:29:18.220    33    33 I KERNEL  : [    6.286666] sdhci-pci 0000:00:04.1: setting latency timer to 64
01-06 06:29:18.220    33    33 I KERNEL  : [    6.288212] mmc2: SDHCI controller on PCI [0000:00:04.1] using ADMA
01-06 06:29:18.220     8     8 I KERNEL  : [    6.289400] max170xx_battery 2-0036: soc perc: soc: 81, offset: 1
01-06 06:29:18.220     8     8 I KERNEL  : [    6.291748] smb347 2-006a: Charging Status: STAT_C:0x0
01-06 06:29:18.220    59    59 I KERNEL  : [    6.292487] sep_sec_driver 0000:00:01.5: Chaabi status from SCU 11112222
01-06 06:29:18.230     1     1 I KERNEL  : [    6.301308] [drm] psb - 5.6.0.1202
01-06 06:29:18.230     1     1 I KERNEL  : [    6.301746] [TTM] Zone  kernel: Available graphics memory: 414336 kiB
01-06 06:29:18.230     1     1 I KERNEL  : [    6.301957] [TTM] Zone highmem: Available graphics memory: 494694 kiB
01-06 06:29:18.230     1     1 I KERNEL  : [    6.302066] [TTM] Initializing pool allocator
01-06 06:29:18.230     1     1 I KERNEL  : [    6.303119] [otm_hdmi]: Enter android_hdmi_driver_setup
01-06 06:29:18.230     1     1 I KERNEL  : 
01-06 06:29:18.230     1     1 I KERNEL  : [    6.303771] [otm_hdmi]: android_hdmi_driver_setup: Done with driver setup
01-06 06:29:18.230     1     1 I KERNEL  : [    6.304108] [otm_hdmi]: Exit android_hdmi_driver_setup
01-06 06:29:18.230     1     1 I KERNEL  : [    6.304438] [drm] intel_mid_get_vbt_data: panel name: GWM BB Prx, mipi_mode = 1
01-06 06:29:18.230     1     1 I KERNEL  : [    6.304707] [drm] IMR4 start=0x36ff0000, size=9490432B (2317 pages)
01-06 06:29:18.230     1     1 I KERNEL  : [    6.305114] GMMADR(region 0) start: 0x40000000 (256M).
01-06 06:29:18.230     1     1 I KERNEL  : [    6.305274] GTTADR(region 3) start: 0xdfec0000 (can map 256M RAM), and actual RAM base 0x3ffc0000.
01-06 06:29:18.230     1     1 I KERNEL  : [    6.305503] Stole memory information 
01-06 06:29:18.230     1     1 I KERNEL  : [    6.305619]       base in RAM: 0x3f000000 
01-06 06:29:18.230     1     1 I KERNEL  : [    6.305729]       size: 16124K, calculated by (GTT RAM base) - (Stolen base), seems wrong
01-06 06:29:18.230     1     1 I KERNEL  : [    6.305924]       the correct size should be: 16M(dvmt mode=4) 
01-06 06:29:18.230     1     1 I KERNEL  : [    6.306119] RAR Stole memory: RAM base = 0x36ff0000, size = 9 M 
01-06 06:29:18.250     1     1 I KERNEL  : [    6.320321] Set up 4031 stolen pages starting at 0x0003f000, GTT offset 0K
01-06 06:29:18.250     1     1 I KERNEL  : [    6.323896] Set up 0 CI stolen pages starting at 0x00000000, GTT offset 131072K
01-06 06:29:18.260     1     1 I KERNEL  : [    6.332439] [drm] PSB GTT mem manager ready, tt_start 4031, tt_size 28737 pages
01-06 06:29:18.260     1     1 I KERNEL  : [    6.332853] [drm] SGX core id = 0x00000000
01-06 06:29:18.260     1     1 I KERNEL  : [    6.333063] [drm] SGX core rev major = 0x00, minor = 0x00
01-06 06:29:18.260     1     1 I KERNEL  : [    6.333174] [drm] SGX core rev maintenance = 0x00, designer = 0x00
01-06 06:29:18.260     1     1 I KERNEL  : [    6.333376] init tiling heap, size is 0x00010000 pages
01-06 06:29:18.260     1     1 I KERNEL  : [    6.333512] MSVDX: core id	3038fff
01-06 06:29:18.260     1     1 I KERNEL  : [    6.333627] MSVDX: core rev	40103
01-06 06:29:18.270     8     8 I KERNEL  : [    6.338851] max170xx_battery 2-0036: soc perc: soc: 81, offset: 1
01-06 06:29:18.270     8     8 I KERNEL  : [    6.341389] smb347 2-006a: Charging Status: STAT_C:0x0
01-06 06:29:18.270     1     1 I KERNEL  : [    6.341879] pvrsrvkm 0000:00:02.0: irq 93 for MSI/MSI-X
01-06 06:29:18.270     1     1 I KERNEL  : [    6.342078] [drm] Supports vblank timestamp caching Rev 1 (10.10.2010).
01-06 06:29:18.270     1     1 I KERNEL  : [    6.342312] [drm] No driver support for vblank timestamp query.
01-06 06:29:18.270     1     1 I KERNEL  : [    6.342519] [otm_hdmi]: psb_drv: set irq affnity to CPU0
01-06 06:29:18.270     1     1 I KERNEL  : [    6.343682] [drm] mdfld_dsi_error_detector_init: started
01-06 06:29:18.270     1     1 I KERNEL  : [    6.343975] [drm] mdfld_dsi_dsr_init: Video mode panel, disabling DSR
01-06 06:29:18.270     1     1 I KERNEL  : [    6.344220] [otm_hdmi]: Enter android_hdmi_driver_init
01-06 06:29:18.270     1     1 I KERNEL  : 
01-06 06:29:18.270     1     1 I KERNEL  : [    6.344705] [otm_hdmi]: android_hdmi_driver_init: Done with driver init
01-06 06:29:18.270     1     1 I KERNEL  : [    6.345015] [otm_hdmi]: Exit android_hdmi_driver_init
01-06 06:29:18.270     1     1 I KERNEL  : [    6.345133] [drm] Initialized pvrsrvkm 8.1.0 2009-03-10 for 0000:00:02.0 on minor 0
01-06 06:29:18.280    57    57 I KERNEL  : [    6.349736] lsm303d 5-001e: probe start.
01-06 06:29:18.280    57    57 I KERNEL  : [    6.350115] lsm303d: hw init start
01-06 06:29:18.280    57    57 I KERNEL  : [    6.350558] lsm303d: hw init done
01-06 06:29:18.280    57    57 I KERNEL  : [    6.354174] input: lsm303d_acc as /devices/pci0000:00/0000:00:03.4/i2c-5/5-001e/input/input0
01-06 06:29:18.280    57    57 I KERNEL  : [    6.354565] input: lsm303d_mag as /devices/pci0000:00/0000:00:03.4/i2c-5/5-001e/input/input1
01-06 06:29:18.280    57    57 I KERNEL  : [    6.355203] lsm303d 5-001e: lsm303d: probed
01-06 06:29:18.290     1     1 I KERNEL  : [    6.356931] [drm] gwm_lcd_init:GWM QHD module
01-06 06:29:18.290     1     1 I KERNEL  : [    6.357152] [drm] gwm_lcd_probe:GWM QHD LCD DETECT
01-06 06:29:18.290     1     1 I KERNEL  : [    6.357460] allocated 540x960 fb
01-06 06:29:18.290     1     1 I KERNEL  : [    6.357833] fbcon: psbfb (fb0) is primary device
01-06 06:29:18.290     1     1 I KERNEL  : [    6.358070] mdfld_crtc_dsi_mode_set: dspsurf = 0x0, dsplinoff = 0x0
01-06 06:29:18.290     1     1 I KERNEL  : [    6.358089] [drm] skip panle power setting for first boot! panel is already powered on
01-06 06:29:18.290     1     1 I KERNEL  : [    6.358782] Console: switching to colour frame buffer device 67x60
01-06 06:29:18.290     1     1 I KERNEL  : [    6.359555] [drm] new update of use cases
01-06 06:29:18.290     1     1 I KERNEL  : [    6.360120] fb0: psbfb frame buffer device
01-06 06:29:18.290     1     1 I KERNEL  : [    6.360323] drm: registered panic notifier
01-06 06:29:18.290     1     1 I KERNEL  : [    6.360562] [drm] dsi status [28:LP Generic Write FIFO Full]
01-06 06:29:18.290     1     1 I KERNEL  : [    6.360765] [drm] ospm_post_init dc_islands: 180 to be powered OFF
01-06 06:29:18.290     1     1 I KERNEL  : [    6.361072] kdispmgr: display manager start.
01-06 06:29:18.290     1     1 I KERNEL  : [    6.361234] kdispmgr: netlink socket created successfully.
01-06 06:29:18.300     1     1 I KERNEL  : [    6.367134] [drm] gwm_lcd_init:GWM HD module
01-06 06:29:18.300     1     1 I KERNEL  : [    6.367367] intel_scu_fw_update rpmsg10: Probed fw_update rpmsg device
01-06 06:29:18.300     1     1 I KERNEL  : [    6.367569] intel_scu_fw_update rpmsg10: Allocating rpmsg_instance
01-06 06:29:18.300     1     1 I KERNEL  : [    6.367811] intel_mid_osip rpmsg14: Probed OSIP rpmsg device
01-06 06:29:18.300     1     1 I KERNEL  : [    6.368108] intel_mid_umip rpmsg13: Probed UMIP rpmsg device
01-06 06:29:18.300    57    57 I KERNEL  : [    6.368472] mdm_ctrl: Getting device infos
01-06 06:29:18.300    57    57 I KERNEL  : 
01-06 06:29:18.300    57    57 I KERNEL  : [    6.368696] mdm ctrl: platform data setup
01-06 06:29:18.300    57    57 I KERNEL  : [    6.368903] mdm ctrl: Getting CTP datas
01-06 06:29:18.300    57    57 I KERNEL  : [    6.369010] mdm ctrl: platform data setup done
01-06 06:29:18.300    57    57 I KERNEL  : [    6.369205] mdm ctrl: GPIO list : rst_out:84, pwr_on:113, rst_bbn:178, cdump:37
01-06 06:29:18.300    57    57 I KERNEL  : [    6.369317] mdm_ctrl: Taking 6360 modem sequences
01-06 06:29:18.300     1     1 I KERNEL  : 
01-06 06:29:18.300     1     1 I KERNEL  : [    6.370925] Intel ALSA SSP Driver
01-06 06:29:18.300     1     1 I KERNEL  : [    6.370931]  Version 1.0.2
01-06 06:29:18.300     1     1 I KERNEL  : [    6.371044] I2S SSP Driver 0000:00:01.4: Detected PCI SSP (ID: 8086:08e8)
01-06 06:29:18.300     1     1 I KERNEL  : [    6.371145] mdm_ctrl: GPIO (rst_bbn: 178, pwr_on: 113, rst_out: 84, fcdp_rb: 37)
01-06 06:29:18.300     1     1 I KERNEL  : [    6.371156] mdm_ctrl: IRQ  (rst_out: 340, fcdp_rb: 293)
01-06 06:29:18.300     1     1 I KERNEL  : [    6.371164] mdm_ctrl: Power OFF requested
01-06 06:29:18.300     1     1 I KERNEL  : 
01-06 06:29:18.300     1     1 I KERNEL  : [    6.371843] I2S SSP Driver 0000:00:01.4: Probe/find capability (VNDR 9 pos=0x88)
01-06 06:29:18.300     1     1 I KERNEL  : [    6.371900] I2S SSP Driver 0000:00:01.4: Vendor capability adid = 0x4246
01-06 06:29:18.300     1     1 I KERNEL  : [    6.371918] I2S SSP Driver 0000:00:01.4: Detected PCI SSP (ID: 8086:08e8) ssp_fs_gpio_mapping =9 ssp_fs_mode =1
01-06 06:29:18.300     1     1 I KERNEL  : [    6.371938] I2S SSP Driver 0000:00:01.4: Detected PCI SSP (ID: 8086:08e8) usage =1
01-06 06:29:18.300     1     1 I KERNEL  : [    6.372288] ALLOCATE FOR ASOC
01-06 06:29:18.300    59    59 I KERNEL  : [    6.372954] I2S SSP Driver 0000:00:02.7: Detected PCI SSP (ID: 8086:08f1)
01-06 06:29:18.300    59    59 I KERNEL  : [    6.373774] I2S SSP Driver 0000:00:02.7: Probe/find capability (VNDR 9 pos=0x88)
01-06 06:29:18.300    59    59 I KERNEL  : [    6.373986] I2S SSP Driver 0000:00:02.7: Vendor capability adid = 0x414a
01-06 06:29:18.300    59    59 I KERNEL  : [    6.374039] Intel ALSA IFX Driver
01-06 06:29:18.300    59    59 I KERNEL  : [    6.374044]  Version 1.0.2
01-06 06:29:18.300    59    59 I KERNEL  : [    6.374392] I2S SSP Driver 0000:00:02.7: Detected PCI SSP (ID: 8086:08f1) ssp_fs_gpio_mapping =5 ssp_fs_mode =1
01-06 06:29:18.300    59    59 I KERNEL  : [    6.374593] I2S SSP Driver 0000:00:02.7: Detected PCI SSP (ID: 8086:08f1) usage =2
01-06 06:29:18.300    59    59 I KERNEL  : [    6.374971] ALLOCATE FOR ASOC
01-06 06:29:18.300    59    59 I KERNEL  : [    6.375237] I2S: platform mid-ssp-dai allocated
01-06 06:29:18.310     1     1 I KERNEL  : [    6.377336] cs42l73 1-004a: Cirrus Logic CS42L73, Revision: B0
01-06 06:29:18.310     1     1 I KERNEL  : [    6.377721] mid_ssp: ssp_soc_dai_init: SSP DAI: FCT ssp_soc_dai_init called
01-06 06:29:18.310     1     1 I KERNEL  : [    6.377787] snd_intel_sst: INFO: ******** SST DRIVER loading.. Ver: 3.0.8
01-06 06:29:18.310     1     1 I KERNEL  : [    6.378136] mid_ssp: ssp_dai_probe: SSP DAI: FCT ssp_dai_probe enters
01-06 06:29:18.310     1     1 I KERNEL  : [    6.378291] mid_ssp: ssp_dai_probe: ssp_info address c7812ec8
01-06 06:29:18.310    59    59 I KERNEL  : 
01-06 06:29:18.310    59    59 I KERNEL  : [    6.378663] snd_intel_sst: Got drv data max stream 5
01-06 06:29:18.310    59    59 I KERNEL  : [    6.378712] mid_ssp: ssp_dai_probe: SSP DAI: FCT ssp_dai_probe leaves 0
01-06 06:29:18.310    59    59 I KERNEL  : [    6.378755] oprofile: using NMI interrupt.
01-06 06:29:18.310    59    59 I KERNEL  : [    6.378896] Netfilter messages via NETLINK v0.30.
01-06 06:29:18.310    59    59 I KERNEL  : [    6.378949] nf_conntrack version 0.5.0 (15459 buckets, 61836 max)
01-06 06:29:18.310     1     1 I KERNEL  : [    6.379573] NF_TPROXY: Transparent proxy support initialized, version 4.1.0
01-06 06:29:18.310     1     1 I KERNEL  : [    6.379788] NF_TPROXY: Copyright (c) 2006-2007 BalaBit IT Ltd.
01-06 06:29:18.310     1     1 I KERNEL  : [    6.380495] ip_tables: (C) 2000-2006 Netfilter Core Team
01-06 06:29:18.310     1     1 I KERNEL  : [    6.380896] TCP: cubic registered
01-06 06:29:18.310     1     1 I KERNEL  : [    6.381035] Initializing XFRM netlink socket
01-06 06:29:18.310     1     1 I KERNEL  : [    6.381916] NET: Registered protocol family 10
01-06 06:29:18.310    59    59 I KERNEL  : [    6.382405] snd_intel_sst: intel_sst_probe successfully done!
01-06 06:29:18.310     1     1 I KERNEL  : [    6.383065] ip6_tables: (C) 2000-2006 Netfilter Core Team
01-06 06:29:18.310     1     1 I KERNEL  : [    6.383493] IPv6 over IPv4 tunneling driver
01-06 06:29:18.310     1     1 I KERNEL  : [    6.384224] NET: Registered protocol family 17
01-06 06:29:18.310     1     1 I KERNEL  : [    6.384445] NET: Registered protocol family 15
01-06 06:29:18.310     1     1 I KERNEL  : [    6.384560] L2TP core driver, V2.0
01-06 06:29:18.310     1     1 I KERNEL  : [    6.384686] PPPoL2TP kernel driver, V2.0
01-06 06:29:18.310     1     1 I KERNEL  : [    6.384879] Registering the dns_resolver key type
01-06 06:29:18.320     1     1 I KERNEL  : [    6.386425] Using IPI No-Shortcut mode
01-06 06:29:18.320     1     1 I KERNEL  : [    6.386556] info[ 0]: name = power_btn, gpio = -1
01-06 06:29:18.320     1     1 I KERNEL  : [    6.386787] info[ 1]: name = prog_btn1, gpio = -1
01-06 06:29:18.320     1     1 I KERNEL  : [    6.386941] info[ 2]: name = prog_btn2, gpio = -1
01-06 06:29:18.320     1     1 I KERNEL  : [    6.387159] info[ 3]: name = lid_switch, gpio = -1
01-06 06:29:18.320     1     1 I KERNEL  : [    6.387273] info[ 4]: name = vol_up, gpio = 30
01-06 06:29:18.320     1     1 I KERNEL  : [    6.387486] info[ 5]: name = vol_down, gpio = 31
01-06 06:29:18.320     1     1 I KERNEL  : [    6.387618] info[ 6]: name = camera_full, gpio = -1
01-06 06:29:18.320     1     1 I KERNEL  : [    6.387732] info[ 7]: name = camera_half, gpio = -1
01-06 06:29:18.320     1     1 I KERNEL  : [    6.387930] info[ 8]: name = MagSw1, gpio = -1
01-06 06:29:18.320     1     1 I KERNEL  : [    6.388056] info[ 9]: name = MagSw2, gpio = -1
01-06 06:29:18.320     1     1 I KERNEL  : [    6.388271] info[10]: name = cam_capture, gpio = -1
01-06 06:29:18.320     1     1 I KERNEL  : [    6.388386] info[11]: name = cam_focus, gpio = -1
01-06 06:29:18.320     1     1 I KERNEL  : [    6.388499] info[12]: name = fp_menu_key, gpio = -1
01-06 06:29:18.320     1     1 I KERNEL  : [    6.388664] max170xx_battery 2-0036: soc perc: soc: 81, offset: 1
01-06 06:29:18.320     1     1 I KERNEL  : [    6.388816] info[13]: name = fp_home_key, gpio = -1
01-06 06:29:18.320     1     1 I KERNEL  : [    6.389016] info[14]: name = fp_search_key, gpio = -1
01-06 06:29:18.320     1     1 I KERNEL  : [    6.389129] info[15]: name = fp_back_key, gpio = -1
01-06 06:29:18.320     1     1 I KERNEL  : [    6.389339] info[16]: name = volume_up, gpio = -1
01-06 06:29:18.320     1     1 I KERNEL  : [    6.389454] info[17]: name = volume_down, gpio = -1
01-06 06:29:18.320     1     1 I KERNEL  : [    6.389654] info[18]: name = mute_enable, gpio = -1
01-06 06:29:18.320     1     1 I KERNEL  : [    6.389767] info[19]: name = camera0_sb1, gpio = -1
01-06 06:29:18.320     1     1 I KERNEL  : [    6.389894] info[20]: name = camera0_sb2, gpio = -1
