01-06 06:29:18.320     1     1 I KERNEL  : [    6.390554] Loading module verification certificates
01-06 06:29:18.320     1     1 I KERNEL  : [    6.390746] X.509: Cert Issuer: Magrathea: Glacier signing key
01-06 06:29:18.320     1     1 I KERNEL  : [    6.390941] X.509: Cert Subject: Magrathea: Glacier signing key
01-06 06:29:18.320     1     1 I KERNEL  : [    6.391063] X.509: Cert Key Algo: RSA
01-06 06:29:18.320     1     1 I KERNEL  : [    6.391259] X.509: Cert Valid From: 2014-01-05 17:15:08
01-06 06:29:18.320     1     1 I KERNEL  : [    6.391370] X.509: Cert Valid To: 2113-12-12 17:15:08
01-06 06:29:18.320     1     1 I KERNEL  : [    6.391571] X.509: Cert Signature: RSA + sha256
01-06 06:29:18.320     1     1 I KERNEL  : [    6.391685] X.509: Now: 2014-01-06 06:29:18
01-06 06:29:18.320     1     1 I KERNEL  : [    6.391794] X.509: ==>x509_check_signature()
01-06 06:29:18.340     1     1 I KERNEL  : [    6.415280] X.509: Cert Verification: 0
01-06 06:29:18.340     1     1 I KERNEL  : [    6.415412] X.509: <==x509_check_signature() = 0
01-06 06:29:18.340     1     1 I KERNEL  : [    6.415578] MODSIGN: Loaded cert 'Magrathea: Glacier signing key: 248d8dbd947fe501fbf85854a50f5889a33100bf'
01-06 06:29:18.340     1     1 I KERNEL  : [    6.415851] registered taskstats version 1
01-06 06:29:18.350     1     1 I KERNEL  : [    6.417400] vemmc1: incomplete constraints, leaving on
01-06 06:29:18.350     1     1 I KERNEL  : [    6.417667] vprog2: incomplete constraints, leaving on
01-06 06:29:18.350     1     1 I KERNEL  : [    6.418010] vbcm43xx: incomplete constraints, leaving on
01-06 06:29:18.350     1     1 I KERNEL  : [    6.418833] console [netcon0] enabled
01-06 06:29:18.350     1     1 I KERNEL  : [    6.418956] netconsole: network logging started
01-06 06:29:18.350     1     1 I KERNEL  : [    6.419402] file system registered
01-06 06:29:18.350    57    57 I KERNEL  : [    6.420443] apds990x 5-0039: max ADC value = 18432
01-06 06:29:18.350     1     1 I KERNEL  : [    6.421503]  gadget: Mass Storage Function, version: 2009/09/11
01-06 06:29:18.350     1     1 I KERNEL  : [    6.421765]  gadget: Number of LUNs=1
01-06 06:29:18.350     1     1 I KERNEL  : [    6.421912]  lun0: LUN: removable file: (no medium)
01-06 06:29:18.350     1     1 I KERNEL  : [    6.422458]  gadget: android_usb ready
01-06 06:29:18.350     1     1 I KERNEL  : [    6.422488] apds990x 5-0039: Set flis to "pull up, 20K" for PIN 0xa9.
01-06 06:29:18.350     1     1 I KERNEL  : [    6.422834] penwell_otg 0000:00:02.3: register driver: android_usb
01-06 06:29:18.350     1     1 I KERNEL  : [    6.424415] input: gpio-keys as /devices/platform/gpio-keys/input/input2
01-06 06:29:18.350     1     1 I KERNEL  : [    6.424853] <<-GTP-INFO->> GTP driver install.
01-06 06:29:18.350     1     1 I KERNEL  : [    6.424904] ==falcon ft5x06_ts_probe=
01-06 06:29:18.350     1     1 I KERNEL  : [    6.425352] APIC ID: 0
01-06 06:29:18.350     1     1 I KERNEL  : [    6.425555] APIC ID: 1
01-06 06:29:18.350     1     1 I KERNEL  : [    6.425661] APIC ID: 2
01-06 06:29:18.350     1     1 I KERNEL  : [    6.425766] APIC ID: 3
01-06 06:29:18.350     1     1 I KERNEL  : [    6.425931] Num p-states 3
01-06 06:29:18.350     1     1 I KERNEL  : [    6.426139] State [0]: core_frequency[1200] transition_latency[100] control[0x951]
01-06 06:29:18.360     1     1 I KERNEL  : [    6.426319] State [1]: core_frequency[933] transition_latency[100] control[0x747]
01-06 06:29:18.360     1     1 I KERNEL  : [    6.426532] State [2]: core_frequency[800] transition_latency[100] control[0x645]
01-06 06:29:18.360     1     1 I KERNEL  : [    6.426931] Num p-states 3
01-06 06:29:18.360     1     1 I KERNEL  : [    6.427058] State [0]: core_frequency[1200] transition_latency[100] control[0x951]
01-06 06:29:18.360     1     1 I KERNEL  : [    6.427198] State [1]: core_frequency[933] transition_latency[100] control[0x747]
01-06 06:29:18.360     1     1 I KERNEL  : [    6.427402] State [2]: core_frequency[800] transition_latency[100] control[0x645]
01-06 06:29:18.360     1     1 I KERNEL  : [    6.427733] Num p-states 3
01-06 06:29:18.360     1     1 I KERNEL  : [    6.427855] State [0]: core_frequency[1200] transition_latency[100] control[0x951]
01-06 06:29:18.360     1     1 I KERNEL  : [    6.428061] State [1]: core_frequency[933] transition_latency[100] control[0x747]
01-06 06:29:18.360     1     1 I KERNEL  : [    6.428186] State [2]: core_frequency[800] transition_latency[100] control[0x645]
01-06 06:29:18.360     1     1 I KERNEL  : [    6.428491] Num p-states 3
01-06 06:29:18.360     1     1 I KERNEL  : [    6.428612] State [0]: core_frequency[1200] transition_latency[100] control[0x951]
01-06 06:29:18.360     1     1 I KERNEL  : [    6.428814] State [1]: core_frequency[933] transition_latency[100] control[0x747]
01-06 06:29:18.360     1     1 I KERNEL  : [    6.429016] State [2]: core_frequency[800] transition_latency[100] control[0x645]
01-06 06:29:18.360     1     1 I KERNEL  : [    6.429421] had: ******** HAD DRIVER loading.. Ver: 0.01.003
01-06 06:29:18.360     1     1 I KERNEL  : [    6.429553] msic_thermal rpmsg0: Probed mid_therm rpmsg device
01-06 06:29:18.400    33    33 I KERNEL  : [    6.468746] msic_power_btn rpmsg3: Probed mid_pb rpmsg device
01-06 06:29:18.400     1     1 I KERNEL  : [    6.469607] [drm] mid_hdmi_audio_register: Scheduling HDMI audio work queue
01-06 06:29:18.400    36    36 I KERNEL  : [    6.469763] [drm] hdmi_do_audio_wq: Checking for HDMI connection at boot
01-06 06:29:18.400    33    33 I KERNEL  : [    6.470056] msic_power_btn mid_powerbtn: Probed mid powerbutton devivce
01-06 06:29:18.400    33    33 I KERNEL  : [    6.470527] input: mid_powerbtn as /devices/platform/mid_powerbtn/input/input3
01-06 06:29:18.400     1     1 I KERNEL  : [    6.470959] ALSA device list:
01-06 06:29:18.400     1     1 I KERNEL  : [    6.471153]   #0: Loopback 1
01-06 06:29:18.400     1     1 I KERNEL  : [    6.471418]   #1: 
01-06 06:29:18.400     1     1 I KERNEL  : [    6.471574] snd_soc_ctp_machine rpmsg4: Probed snd_clv rpmsg device
01-06 06:29:18.400     1     1 I KERNEL  : [    6.471610] snd_soc_ctp_machine: In snd_ctp_driver_init
01-06 06:29:18.400     1     1 I KERNEL  : [    6.471917]   #2: 
01-06 06:29:18.400     1     1 I KERNEL  : [    6.472030]   #3: 
01-06 06:29:18.490    57    57 I KERNEL  : [    6.556255] screen_max_x:540  screen_max_y:960 
01-06 06:29:18.490    57    57 I KERNEL  : [    6.556521] ft5x06: set_vkey_map success
01-06 06:29:18.490    57    57 I KERNEL  : [    6.556851] input: ft5x06_ts as /devices/virtual/input/input4
01-06 06:29:18.490    57    57 I KERNEL  : [    6.557092] client->dev.driver->name ft5x06_ts  ,318
01-06 06:29:18.490    57    57 I KERNEL  : [    6.557117] mmc1: new high speed SD card at address 0260
01-06 06:29:18.490    73    73 I KERNEL  : [    6.557629] mmc1: calculated max. discard sectors 0 for timeout 2684 ms
01-06 06:29:18.490    73    73 I KERNEL  : [    6.558050] mmcblk1: mmc1:0260 SD    1.88 GiB 
01-06 06:29:18.490    57    57 I KERNEL  : [    6.558937] Firmware id 0xd ..
01-06 06:29:18.490    73    73 I KERNEL  : [    6.560448]  mmcblk1: p1
01-06 06:29:18.530    57    57 I KERNEL  : [    6.596615] Point Rate:88 val 100 ..
01-06 06:29:18.530    57    57 I KERNEL  : [    6.597015] Thgroup:80 val 100 ..
01-06 06:29:18.530    57    57 I KERNEL  : [    6.597359] fts_ctpm_get_i_file_ver: ui_sz is 0x6267
01-06 06:29:18.530    57    57 I KERNEL  : [    6.597611] ft5x0x:ft5x0x_create_sysfs() - sysfs_create_group() succeeded.
01-06 06:29:18.530    57    57 I KERNEL  : [    6.597752] ft5x06_ts 0-0038: Create proc entry success!
01-06 06:29:18.610    59    59 I KERNEL  : [    6.679068] mid_ssp: ssp_probe: SSP DAI: FCT ssp_probe enters for CPU_DAI 1
01-06 06:29:18.610    59    59 I KERNEL  : [    6.679307] mid_ssp: ssp_probe: SSP DAI: FCT ssp_probe ssp_config c7853a80
01-06 06:29:18.610    59    59 I KERNEL  : [    6.679554] mid_ssp: ssp_probe: SSP DAI: FCT ssp_probe enters for CPU_DAI 0
01-06 06:29:18.610    59    59 I KERNEL  : [    6.679773] mid_ssp: ssp_probe: SSP DAI: FCT ssp_probe ssp_config c7853b00
01-06 06:29:18.610    57    57 I KERNEL  : [    6.680963] set_clk0 request ON for Mode 0x20
01-06 06:29:18.610    57    57 I KERNEL  : [    6.681202] set_clk0: enabling clk, mode 0x20
01-06 06:29:18.610    57    57 I KERNEL  : [    6.681313] configuring OSC_CLK_AUDIO now
01-06 06:29:18.820     5     5 I KERNEL  : [    6.887089] set_clk0 request OFF for Mode 0x20
01-06 06:29:18.820     5     5 I KERNEL  : [    6.887232] set_clk0: disabling clk, mode 0x0
01-06 06:29:18.820     5     5 I KERNEL  : [    6.887341] configuring OSC_CLK_AUDIO now
01-06 06:29:18.820    59    59 I KERNEL  : [    6.889068] snd_soc_ctp_machine: Disable 288 interrupt line
01-06 06:29:18.820    59    59 I KERNEL  : [    6.895029] asoc: cs42l73-asp <-> Headset-cpu-dai mapping ok
01-06 06:29:18.830    59    59 I KERNEL  : [    6.896057] asoc: cs42l73-vsp <-> Voice-cpu-dai mapping ok
01-06 06:29:18.830    59    59 I KERNEL  : [    6.896607] compress asoc: cs42l73-asp <-> Compress-cpu-dai mapping ok
01-06 06:29:18.830    59    59 I KERNEL  : [    6.897323] asoc: snd-soc-dummy-dai <-> ssp-bt-cpu-dai mapping ok
01-06 06:29:18.830    59    59 I KERNEL  : [    6.897934] asoc: cs42l73-vsp <-> ssp-bt-cpu-dai mapping ok
01-06 06:29:18.830    59    59 I KERNEL  : [    6.898592] asoc: snd-soc-dummy-dai <-> ssp-modem-cpu-dai mapping ok
01-06 06:29:18.830    59    59 I KERNEL  : [    6.899204] asoc: cs42l73-asp <-> Virtual-cpu-dai mapping ok
01-06 06:29:18.830    59    59 I KERNEL  : [    6.899860] asoc: snd-soc-dummy-dai <-> Probe-cpu-dai mapping ok
01-06 06:29:18.830    59    59 I KERNEL  : [    6.902128] input: cloverview_audio Intel MID Audio Jack as /devices/platform/ctp_rhb_cs42l73/sound/card4/input5
01-06 06:29:18.830     1     1 I KERNEL  : [    6.903326] Freeing unused kernel memory: 552k freed
01-06 06:29:18.830     1     1 I KERNEL  : [    6.904312] Write protecting the kernel text: 7460k
01-06 06:29:18.830     1     1 I KERNEL  : [    6.904639] Write protecting the kernel read-only data: 3232k
01-06 06:29:18.830     1     1 I KERNEL  : [    6.904834] NX-protecting the kernel data: 4828k
01-06 06:29:18.840     1     1 I KERNEL  : [    6.908426] init: fail to open /proc/boardid!
01-06 06:29:26.000   113   113 I KERNEL  : [   14.063621] fs_mgr: Cannot mount filesystem on /dev/block/mmcblk0p7 at /logs
01-06 06:29:26.000   113   113 I KERNEL  : [   14.064108] init: fs_mgr_mount_all returned an error
01-06 06:29:26.010     1     1 I KERNEL  : [   14.077004] init: Unable to open persistent property directory /data/property errno: 2
--------- beginning of /dev/log/main
01-06 06:29:26.020   115   115 E ia_watchdog: Watchdog daemon starting
01-06 06:29:26.020   115   115 E ia_watchdog: Watchdog Timer set to timer=40 margin=15 extra_margin=20
01-06 06:29:26.020     1     1 I KERNEL  : [   14.087951] intel_scu_ipc_write_osnib_wd: write WATCHDOG 0
01-06 06:29:26.020   115   115 I KERNEL  : [   14.088515] intel_scu_watchdog: intel_scu_watchdog: intel_scu_ioctl: Stopping the watchdog
01-06 06:29:26.020   115   115 I KERNEL  : [   14.088750] intel_scu_watchdog: intel_scu_watchdog: intel_scu_stop
01-06 06:29:26.030   115   115 E ia_watchdog: waiting for a timer interrupt
01-06 06:29:26.030   115   115 I KERNEL  : [   14.095335] intel_scu_watchdog: intel_scu_watchdog: intel_scu_ioctl: SetTimeout ioctl
01-06 06:29:26.030   115   115 I KERNEL  : [   14.095579] intel_scu_watchdog: intel_scu_watchdog: intel_scu_ioctl: SetPreTimeout ioctl
01-06 06:29:26.030   115   115 I KERNEL  : [   14.095715] intel_scu_watchdog: intel_scu_watchdog: intel_scu_ioctl: SetTimerTimeout ioctl
01-06 06:29:26.030   115   115 I KERNEL  : [   14.095934] intel_scu_watchdog: intel_scu_watchdog: intel_scu_ioctl: Starting the watchdog
01-06 06:29:26.030   115   115 I KERNEL  : [   14.096146] intel_scu_watchdog: intel_scu_watchdog: Configuration: 19200kHz, timeout=75s, pre_timeout=15s, timer=40s
01-06 06:29:26.040     1     1 I KERNEL  : [   14.104874] init: Unable to write persistent property to temp file /data/property/.temp errno: 2
01-06 06:29:26.050     1     1 I KERNEL  : [   14.114150] init: Unable to write persistent property to temp file /data/property/.temp errno: 2
01-06 06:29:26.060   116   116 I droidboot:  -- Droidboot 2.0 for clovertrail --
01-06 06:29:26.060   116   116 I droidboot: Got parameter droidboot.scratch = 100
01-06 06:29:26.060   116   116 I droidboot: Modem will be powered up... 
01-06 06:29:26.060   116   116 I KERNEL  : [   14.125674] mdm_ctrl: ioctl request 0x8701 received 
01-06 06:29:26.060   116   116 I KERNEL  : [   14.125851] mdm_ctrl: Cold boot requested
01-06 06:29:26.060   116   116 I KERNEL  : 
01-06 06:29:26.060   116   116 I KERNEL  : [   14.126294] mdm_ctrl: ioctl request 0x8706 received 
01-06 06:29:26.060   116   116 I KERNEL  : [   14.126516] mdm_ctrl: WAIT_FOR_STATE 0x10 ! 
01-06 06:29:26.090     0     0 I KERNEL  : [   14.154077] mdm_ctrl: RESET_OUT 0x100000
01-06 06:29:26.100   116   116 I droidboot: Modem powered up.
01-06 06:29:26.100     0     0 I KERNEL  : [   14.160152] mdm_ctrl: IPC READY !
01-06 06:29:26.140   116   116 I droidboot: Verifying battery level >= 10% before continuing
01-06 06:29:26.140   116   116 I KERNEL  : [   14.202752] charger: 
01-06 06:29:26.140   116   116 I KERNEL  : [   14.202909] charger: *************** LAST KMSG ***************
01-06 06:29:26.140   116   116 I KERNEL  : [   14.203035] charger: 
01-06 06:29:26.140   116   116 I KERNEL  : [   14.208051] charger: last_kmsg not found. Cold reset?
01-06 06:29:26.140   116   116 I KERNEL  : [   14.208205] charger: 
01-06 06:29:26.140   116   116 I KERNEL  : [   14.208328] charger: ************* END LAST KMSG *************
01-06 06:29:26.140   116   116 I KERNEL  : [   14.208500] charger: 
01-06 06:29:26.140   116   116 I KERNEL  : [   14.208629] charger: --------------- STARTING CHARGER MODE TEMPORARILY ---------------
01-06 06:29:26.140   116   116 I KERNEL  : [   14.208871] charger: Unable to open thermal config file, setting default threshold(73000)
01-06 06:29:26.150   116   121 I KERNEL  : [   14.217468] scu_ipc_ioctl: clear alarm flag
01-06 06:29:26.150   116   121 I KERNEL  : [   14.218042] charger: no RTC wake-alarm set
01-06 06:29:26.150   116   121 I KERNEL  : [   14.218151] charger: no RTC wake-alarm pending
01-06 06:29:26.440   116   116 I KERNEL  : [   14.500091] charger: doing coldboot 'add' in '/sys/class/power_supply'
01-06 06:29:26.440   116   116 I KERNEL  : [   14.500472] charger: looking at '.'
01-06 06:29:26.440   116   116 I KERNEL  : [   14.500642] charger: skipping '.' type 4 (depth=1 follow=1)
01-06 06:29:26.440   116   116 I KERNEL  : [   14.500846] charger: looking at '..'
01-06 06:29:26.440   116   116 I KERNEL  : [   14.500963] charger: skipping '..' type 4 (depth=1 follow=1)
01-06 06:29:26.440   116   116 I KERNEL  : [   14.501165] charger: looking at 'max17047_battery'
01-06 06:29:26.440   116   116 I KERNEL  : [   14.501280] charger: can descend into 'max17047_battery'
01-06 06:29:26.440   116   116 I KERNEL  : [   14.501492] charger: opened 'max17047_battery'
01-06 06:29:26.450   116   116 I KERNEL  : [   14.510601] charger: event { 'add', '/devices/pci0000:00/0000:00:00.5/i2c-2/2-0036/power_supply/max17047_battery', 'power_supply', 'max17047_battery', '', '' }
01-06 06:29:26.450   116   116 I KERNEL  : [   14.511078] charger: Failed to process event { 'add', '/devices/pci0000:00/0000:00:00.5/i2c-2/2-0036/power_supply/max17047_battery', 'power_supply', 'max17047_battery', '', '' }
01-06 06:29:26.460   116   116 I KERNEL  : [   14.527497] charger: looking at 'smb347-mains'
01-06 06:29:26.460   116   116 I KERNEL  : [   14.527722] charger: can descend into 'smb347-mains'
01-06 06:29:26.460   116   116 I KERNEL  : [   14.528076] charger: opened 'smb347-mains'
01-06 06:29:26.460   116   116 I KERNEL  : [   14.528575] charger: event { 'add', '/devices/pci0000:00/0000:00:00.5/i2c-2/2-006a/power_supply/smb347-mains', 'power_supply', 'smb347-mains', '', '0' }
01-06 06:29:26.460   116   116 I KERNEL  : [   14.529036] charger: Failed to process event { 'add', '/devices/pci0000:00/0000:00:00.5/i2c-2/2-006a/power_supply/smb347-mains', 'power_supply', 'smb347-mains', '', '0' }
01-06 06:29:26.480   116   116 I KERNEL  : [   14.544571] charger: looking at 'smb347-usb'
01-06 06:29:26.480   116   116 I KERNEL  : [   14.544744] charger: can descend into 'smb347-usb'
01-06 06:29:26.480   116   116 I KERNEL  : [   14.544889] charger: opened 'smb347-usb'
01-06 06:29:26.480   116   116 I KERNEL  : [   14.545083] charger: event { 'add', '/devices/pci0000:00/0000:00:00.5/i2c-2/2-006a/power_supply/smb347-usb', 'power_supply', 'smb347-usb', '', '1' }
01-06 06:29:26.480   116   116 I KERNEL  : [   14.545436] charger: Failed to process event { 'add', '/devices/pci0000:00/0000:00:00.5/i2c-2/2-006a/power_supply/smb347-usb', 'power_supply', 'smb347-usb', '', '1' }
01-06 06:29:26.530   116   116 I power   : *** set_screen_state 1
01-06 06:29:26.530   116   116 I KERNEL  : [   14.590426] charger: [14530] event_loop()
01-06 06:29:26.530   116   116 I KERNEL  : [   14.590749] request_suspend_state: wakeup (0->0) at 14531198972 (2014-01-06 06:29:26.531197395 UTC)
01-06 06:29:26.530   116   116 I KERNEL  : [   14.590935] charger: [14530] device unplugged: shutting down in 30000 (@ 44530)
01-06 06:29:26.530   116   116 I KERNEL  : [   14.591119] charger: Told to wait until battery is at 10%, but no battery detected at all. Exiting.
01-06 06:29:26.960   116   116 I power   : *** set_screen_state 1
01-06 06:29:26.960   116   116 I droidboot: Battery level is acceptable
01-06 06:29:26.960   116   116 I KERNEL  : [   15.019544] request_suspend_state: wakeup (0->0) at 14960331302 (2014-01-06 06:29:26.960329499 UTC)
01-06 06:29:27.280   116   116 I X86Assembler: generated scanline__00000077:03545405_00000000_00000000 [328 ipp ins size] (430 ins size) at [0x40f821f0:0x40f8239e] in 11084390 ns
01-06 06:29:27.340   116   116 I X86Assembler: generated scanline__00000077:03545405_00000A01_00000000 [345 ipp ins size] (489 ins size) at [0x40f823b0:0x40f82599] in 6971464 ns
01-06 06:29:27.410   116   116 I droidboot: recovery filesystem table
01-06 06:29:27.410   116   116 I droidboot: =========================
01-06 06:29:27.410   116   116 I droidboot:   0 /tmp ramdisk (null) (null) 0
01-06 06:29:27.410   116   116 I droidboot:   1 /reserved hidden /dev/block/mmcblk0p1 (null) 0
01-06 06:29:27.410   116   116 I droidboot:   2 /panic raw /dev/block/mmcblk0p2 (null) 0
01-06 06:29:27.410   116   116 I droidboot:   3 /factory ext4 /dev/block/mmcblk0p3 (null) 0
01-06 06:29:27.410   116   116 I droidboot:   4 /spare ext4 /dev/block/mmcblk0p4 (null) 0
01-06 06:29:27.410   116   116 I droidboot:   5 /config ext4 /dev/block/mmcblk0p5 (null) 0
01-06 06:29:27.410   116   116 I droidboot:   6 /cache ext4 /dev/block/mmcblk0p6 (null) 0
01-06 06:29:27.410   116   116 I droidboot:   7 /logs ext4 /dev/block/mmcblk0p7 (null) 0
01-06 06:29:27.410   116   116 I droidboot:   8 /system ext4 /dev/block/mmcblk0p8 (null) 0
01-06 06:29:27.410   116   116 I droidboot:   9 /data ext4 /dev/block/mmcblk0p9 (null) -16384
01-06 06:29:27.410   116   116 I droidboot:   10 /mnt/sdcard vfat /dev/block/mmcblk1p1 (null) 0
01-06 06:29:27.410   116   116 I droidboot: 
01-06 06:29:27.410   116   124 I droidboot: Listening for the fastboot protocol over USB.
01-06 06:29:27.470   116   116 I X86Assembler: generated scanline__00000077:03545405_00000A02_00000000 [345 ipp ins size] (498 ins size) at [0x40f825a0:0x40f82792] in 6969460 ns
01-06 06:29:27.530   116   116 I X86Assembler: generated scanline__00000077:03545405_00000A08_00000000 [343 ipp ins size] (493 ins size) at [0x40f827a0:0x40f8298d] in 6960085 ns
01-06 06:29:27.930   116   124 I KERNEL  : [   15.992724] adb_open
01-06 06:29:28.030    55    55 I KERNEL  : [   16.094950] SCU TRACE INFO: bq2419x_hiz_clear: I2C failure 
01-06 06:29:28.030    55    55 I KERNEL  : [   16.095090] SCU TRACE INFO: bq2419x_charging_currrent_set: I2C failure 
01-06 06:29:28.030    55    55 I KERNEL  : [   16.095289] SCU TRACE INFO: bq2419x_charging_currrent_set: I2C failure 
01-06 06:29:28.030    55    55 I KERNEL  : [   16.095399] SCU TRACE INFO: eMMC DLL Locked in; Wait count us,DLL Loc 0x00000001 0x00000000
01-06 06:29:28.030    55    55 I KERNEL  : [   16.095596] SCU TRACE INFO: Warning: Cap/Coincell is lowTT: 0x000B9E9D 
01-06 06:29:28.190   116   124 D fastboot: fastboot: processing commands
01-06 06:29:32.000   123   123 I KERNEL  : [   20.062299] fs_mgr: Cannot mount filesystem on /dev/block/mmcblk0p7 at /logs
01-06 06:29:32.000   123   123 I KERNEL  : [   20.062700] init: fs_mgr_mount_all returned an error
01-06 06:29:32.020     1     1 I KERNEL  : [   20.075952] init: using deprecated syntax for specifying property 'sys.usb.config', use ${name} instead
01-06 06:29:32.030     1     1 I KERNEL  : [   20.085741] adb_bind_config
01-06 06:29:32.030     1     1 I KERNEL  : [   20.085955] fastboot mode
01-06 06:29:32.030     1     1 I KERNEL  : [   20.086125] penwell_otg 0000:00:02.3: enable streaming mode
01-06 06:29:32.030    59    59 I KERNEL  : [   20.089525] smb347 2-006a: [chrg] evt:1 type:4 cur:500
01-06 06:29:32.030    36    36 I KERNEL  : [   20.089803] smb347 2-006a: smb347_event_worker
01-06 06:29:32.030    36    36 I KERNEL  : [   20.092484] smb347 2-006a: To set USB enabled.
01-06 06:29:32.030    36    36 I KERNEL  : [   20.093215] smb347 2-006a: SDP charger connected.
01-06 06:29:32.030    36    36 I KERNEL  : [   20.093878] smb347 2-006a: Set charge mode as USB500.
01-06 06:29:32.140    68    68 I KERNEL  : [   20.197706] android_work: did not send uevent (0 0   (null))
01-06 06:29:32.170    36    36 I KERNEL  : [   20.226707] smb347 2-006a: Charging Status: STAT_C:0x5
01-06 06:29:32.180    10    10 I KERNEL  : [   20.238693] android_work: sent uevent USB_STATE=CONNECTED
01-06 06:29:32.180   114   114 I KERNEL  : [   20.242475] android_work: sent uevent USB_STATE=DISCONNECTED
01-06 06:29:32.210    36    36 I KERNEL  : [   20.268377] max170xx_battery 2-0036: soc perc: soc: 81, offset: 1
01-06 06:29:32.260    68    68 I KERNEL  : [   20.320958] android_work: sent uevent USB_STATE=CONNECTED
01-06 06:29:32.270     0     0 I KERNEL  : [   20.334440] android_usb gadget: high-speed config #1: android
01-06 06:29:32.280    10    10 I KERNEL  : [   20.334915] android_work: sent uevent USB_STATE=CONFIGURED
01-06 06:29:34.470   116   124 D fastboot: fastboot got command: oem start_partitioning
01-06 06:29:34.730   119   119 I KERNEL  : [   22.789960] logcat used greatest stack depth: 6212 bytes left
01-06 06:29:37.180   116   124 D fastboot: fastboot got command: getvar:partition-type:/tmp/partition.tbl
01-06 06:29:37.370   116   124 D fastboot: fastboot: cmd_getvar partition-type:/tmp/partition.tbl
01-06 06:29:37.590   116   124 D fastboot: fastboot got command: download:00000487
01-06 06:29:37.850   116   124 D fastboot: fastboot: cmd_download 1159 bytes
01-06 06:29:37.980   116   124 D fastboot: fastboot got command: flash:/tmp/partition.tbl
01-06 06:29:38.560    55    55 I KERNEL  : [   26.611680] SCU TRACE INFO: TT: 0x0012073D 
01-06 06:29:40.540   116   124 D fastboot: fastboot got command: oem partition /tmp/partition.tbl
01-06 06:29:40.970   116   124 I KERNEL  : [   29.020139]  mmcblk0:
01-06 06:29:41.110   116   124 I KERNEL  : [   29.161849]  mmcblk0: p1 p2 p3 p4 p5 p6 p7 p8 p9
01-06 06:29:43.440   116   124 D fastboot: fastboot got command: erase:factory
01-06 06:29:43.700   116   124 I droidboot: BLK(4727)DISCARD on /dev/block/mmcblk0p3 (size: 0)
01-06 06:29:46.460   116   124 D fastboot: fastboot got command: erase:system
01-06 06:29:46.730   116   124 I droidboot: BLK(4727)DISCARD on /dev/block/mmcblk0p8 (size: 0)
01-06 06:29:49.080    55    55 I KERNEL  : [   37.128353] SCU TRACE INFO: TT: 0x00186FDD 
01-06 06:29:51.540   116   124 D fastboot: fastboot got command: erase:cache
01-06 06:29:51.800   116   124 I droidboot: BLK(4727)DISCARD on /dev/block/mmcblk0p6 (size: 0)
01-06 06:29:56.330   116   124 D fastboot: fastboot got command: erase:config
01-06 06:29:56.600   116   124 I droidboot: BLK(4727)DISCARD on /dev/block/mmcblk0p5 (size: 0)
01-06 06:29:59.340   116   124 D fastboot: fastboot got command: erase:logs
01-06 06:29:59.600   116   124 I droidboot: BLK(4727)DISCARD on /dev/block/mmcblk0p7 (size: 0)
01-06 06:29:59.610    55    55 I KERNEL  : [   47.644722] SCU TRACE INFO: TT: 0x001ED87E 
01-06 06:30:03.150   116   124 D fastboot: fastboot got command: erase:spare
01-06 06:30:03.420   116   124 I droidboot: BLK(4727)DISCARD on /dev/block/mmcblk0p4 (size: 0)
01-06 06:30:06.160   116   124 D fastboot: fastboot got command: erase:data
01-06 06:30:06.410   116   124 I droidboot: BLK(4727)DISCARD on /dev/block/mmcblk0p9 (size: -16384)
01-06 06:30:10.130    55    55 I KERNEL  : [   58.161496] SCU TRACE INFO: TT: 0x0025411D 
01-06 06:30:14.030   116   124 D fastboot: fastboot got command: oem stop_partitioning
01-06 06:30:14.300   128   128 I KERNEL  : [   62.330118] EXT4-fs (mmcblk0p7): mounted filesystem with ordered data mode. Opts: barrier=1,journal_async_commit,data=ordered
01-06 06:30:16.880   116   124 D fastboot: fastboot got command: getvar:partition-type:radio
01-06 06:30:17.020   116   124 D fastboot: fastboot: cmd_getvar partition-type:radio
01-06 06:30:17.160   116   124 D fastboot: fastboot got command: download:008494d8
01-06 06:30:17.430   116   124 D fastboot: fastboot: cmd_download 8688856 bytes
01-06 06:30:18.100   116   124 D fastboot: fastboot got command: flash:radio
01-06 06:30:18.380   116   124 D cmfwdl  : Modem model=1, platform=0
01-06 06:30:18.380   116   124 D cmfwdl  : Open Modem Control Driver...
01-06 06:30:18.380   116   124 D cmfwdl  : Modem Control Driver opened...
01-06 06:30:18.380   116   124 D cmfwdl  : Modem state=16; power off=0
01-06 06:30:18.380   116   124 D cmfwdl  : Modem Control Driver power on...
01-06 06:30:18.380   116   124 I KERNEL  : [   66.406079] mdm_ctrl: ioctl request 0x8705 received 
01-06 06:30:18.380   116   124 I KERNEL  : [   66.406257] mdm_ctrl: ioctl request 0x8701 received 
01-06 06:30:18.380   116   124 I KERNEL  : [   66.406420] mdm_ctrl: Powering on while already on
01-06 06:30:18.380   116   124 I KERNEL  : 
01-06 06:30:18.380   116   124 I KERNEL  : [   66.406526] mdm_ctrl: ioctl request 0x8706 received 
01-06 06:30:18.380   116   124 I KERNEL  : [   66.406760] mdm_ctrl: WAIT_FOR_STATE 0x10 ! 
01-06 06:30:18.390   116   124 D cmfwdl  : Modem successfully got in IPC Ready state in 0s 0ms
01-06 06:30:18.390   116   124 D cmfwdl  : Cold resetting the modem...
01-06 06:30:18.390   116   124 I KERNEL  : [   66.415208] mdm_ctrl: ioctl request 0x8703 received 
01-06 06:30:18.390   116   124 I KERNEL  : [   66.415360] mdm_ctrl: Cold reset requested
01-06 06:30:18.390     0     0 I KERNEL  : 
01-06 06:30:18.390     0     0 I KERNEL  : [   66.415879] mdm_ctrl: RESET_OUT 0x0
01-06 06:30:18.420   116   124 I droidboot: modem: Version: 4.109
01-06 06:30:18.420   116   124 D cmfwdl  : Warm resetting the modem...
01-06 06:30:18.420   116   124 I KERNEL  : [   66.444570] mdm_ctrl: ioctl request 0x8707 received 
01-06 06:30:18.420   116   124 I KERNEL  : [   66.444755] mdm_ctrl: Flashing warm reset requested
01-06 06:30:18.450     0     0 I KERNEL  : 
01-06 06:30:18.450     0     0 I KERNEL  : [   66.472265] mdm_ctrl: RESET_OUT 0x100000
01-06 06:30:18.450     0     0 I KERNEL  : [   66.476452] mdm_ctrl: IPC READY !
01-06 06:30:18.460   116   124 D droidboot: modem: Booting...
01-06 06:30:18.590   116   118 I droidboot: modem: Device Synchronized
01-06 06:30:18.610   116   118 I droidboot: modem: <msg> Injecting RPSI
01-06 06:30:18.810    74    74 I KERNEL  : [   66.829014] smb347 2-006a: 
01-06 06:30:18.810    74    74 I KERNEL  : [   66.829019] smb347_status_monitor: temp=30 vbatt=4037 ocv=4011 chrg_now=1735000 chrg_full=2127500
01-06 06:30:18.810    74    74 I KERNEL  : [   66.829025] batt_level=82, current_now=111(mA)
01-06 06:30:18.810    74    74 I KERNEL  : [   66.829028] BPTHERM= 31[0,45]
01-06 06:30:18.810    74    74 I KERNEL  : [   66.830277] smb347 2-006a: Charging Status: STAT_C:0x5
01-06 06:30:18.850    74    74 I KERNEL  : [   66.869584] max170xx_battery 2-0036: soc perc: soc: 81, offset: 1
01-06 06:30:20.660    55    55 I KERNEL  : [   68.678107] SCU TRACE INFO: TT: 0x002BA9BD 
01-06 06:30:22.930   116   118 I droidboot: modem: <msg>   - RPSI command mode.
01-06 06:30:22.930   116   118 I droidboot: modem: <msg>     - Set baudrate to 3000000
01-06 06:30:22.950   116   118 I droidboot: modem: <msg>     - Load/Execute EBL
01-06 06:30:22.950   116   118 I droidboot: modem: <msg> Injecting EBL
01-06 06:30:28.410   116   118 I droidboot: modem: <msg> Boot-loader is active
01-06 06:30:28.410   116   118 I droidboot: modem: <msg> EBL version: OCEAN_1342.300_M1S1 1342..300
01-06 06:30:28.410   116   118 I droidboot: modem: <msg> Boot mode is: BB
01-06 06:30:28.410   116   118 I droidboot: modem: <msg> Using: Normal CRC, Writing all blocks , Skip data CRC 
01-06 06:30:28.410   116   118 I droidboot: modem: <msg> Package length is 2048 - protocol: 1.16
01-06 06:30:28.420   116   118 I droidboot: modem: <msg> Baud rate set to 3000000
01-06 06:30:28.440   116   118 I droidboot: modem: <msg> Get flash id.
01-06 06:30:28.440   116   118 I droidboot: modem: <msg> Flash ID is: 00B100AD
01-06 06:30:28.650   116   118 I droidboot: modem: <msg> Boot process finished
01-06 06:30:28.650   116   124 I KERNEL  : [   76.659817] hsi-fflffl_tty_close
01-06 06:30:28.650   116   124 I KERNEL  : [   76.659956] hsi-ffl: done creating pool of frames.
01-06 06:30:28.650   116   124 I KERNEL  : 
01-06 06:30:28.650   116   124 I KERNEL  : [   76.660217] hsi-fflffl_tty_port_shutdown
01-06 06:30:28.650   116   124 I KERNEL  : [   76.660482] hsi-ffl: port shutdown (flushing the HSI controller)
01-06 06:30:28.650   116   124 I KERNEL  : 
01-06 06:30:28.650   116   124 I KERNEL  : [   76.660657] hsi-ffl: port shutdown (releasing the HSI controller)
01-06 06:30:28.700   116   124 I droidboot: modem: Loading Component BOOT CORE PSI:psi.fls
01-06 06:30:28.700   116   118 I droidboot: modem: <msg> Sending sec-pack.
01-06 06:30:28.990   116   118 I droidboot: modem: <msg>   Load region 0
01-06 06:30:28.990   116   118 I droidboot: modem: <msg>   - Erasing. (Pre-erase, Used-length)
01-06 06:30:29.040   116   118 I droidboot:     <Progress> 100%
01-06 06:30:29.040   116   118 I droidboot: modem: <msg>   - Sending data. (Normal mode)
01-06 06:30:29.040   116   118 I droidboot:     <Progress> 0%
01-06 06:30:29.040   116   118 I droidboot:     <Progress> 0%
01-06 06:30:29.040   116   118 I droidboot:     <Progress> 10%
01-06 06:30:29.040   116   118 I droidboot:     <Progress> 20%
01-06 06:30:29.040   116   118 I droidboot:     <Progress> 29%
01-06 06:30:29.040   116   118 I droidboot:     <Progress> 39%
01-06 06:30:29.040   116   118 I droidboot:     <Progress> 48%
01-06 06:30:29.050   116   118 I droidboot:     <Progress> 58%
01-06 06:30:29.050   116   118 I droidboot:     <Progress> 67%
01-06 06:30:29.050   116   118 I droidboot:     <Progress> 77%
01-06 06:30:29.050   116   118 I droidboot:     <Progress> 87%
01-06 06:30:29.050   116   118 I droidboot:     <Progress> 96%
01-06 06:30:29.060   116   118 I droidboot:     <Progress> 100%
01-06 06:30:29.060   116   118 I droidboot:     <Progress> 100%
01-06 06:30:29.060   116   118 I droidboot: modem: <msg> Sending end-pack.
01-06 06:30:29.100   116   118 I droidboot: modem: <msg> Checksum OK (0x2E9B)
01-06 06:30:29.100   116   118 I droidboot: modem: <msg> Verify OK
01-06 06:30:29.100   116   118 I droidboot: modem: <msg> Process time was 406 msec.
01-06 06:30:29.100   116   124 I droidboot: modem: Loading Component BOOT CORE SLB:slb.fls
01-06 06:30:29.100   116   118 I droidboot: modem: <msg> Sending sec-pack.
01-06 06:30:29.400   116   118 I droidboot: modem: <msg>   Load region 0
01-06 06:30:29.400   116   118 I droidboot: modem: <msg>   - Erasing. (Pre-erase, Used-length)
01-06 06:30:29.400   116   118 I droidboot:     <Progress> 0%
01-06 06:30:29.870   116   118 I droidboot:     <Progress> 100%
01-06 06:30:29.880   116   118 I droidboot: modem: <msg>   - Sending data. (Normal mode)
01-06 06:30:29.880   116   118 I droidboot:     <Progress> 0%
01-06 06:30:29.880   116   118 I droidboot:     <Progress> 0%
01-06 06:30:29.880   116   118 I droidboot:     <Progress> 2%
01-06 06:30:29.880   116   118 I droidboot:     <Progress> 3%
01-06 06:30:29.880   116   118 I droidboot:     <Progress> 5%
01-06 06:30:29.880   116   118 I droidboot:     <Progress> 6%
01-06 06:30:29.880   116   118 I droidboot:     <Progress> 8%
01-06 06:30:29.890   116   118 I droidboot:     <Progress> 9%
01-06 06:30:29.890   116   118 I droidboot:     <Progress> 11%
01-06 06:30:29.890   116   118 I droidboot:     <Progress> 12%
01-06 06:30:29.890   116   118 I droidboot:     <Progress> 13%
01-06 06:30:29.890   116   118 I droidboot:     <Progress> 15%
01-06 06:30:29.900   116   118 I droidboot:     <Progress> 16%
01-06 06:30:29.900   116   118 I droidboot:     <Progress> 18%
01-06 06:30:29.900   116   118 I droidboot:     <Progress> 19%
01-06 06:30:29.900   116   118 I droidboot:     <Progress> 21%
01-06 06:30:29.900   116   118 I droidboot:     <Progress> 22%
01-06 06:30:29.910   116   118 I droidboot:     <Progress> 23%
01-06 06:30:29.910   116   118 I droidboot:     <Progress> 25%
01-06 06:30:29.910   116   118 I droidboot:     <Progress> 26%
01-06 06:30:29.910   116   118 I droidboot:     <Progress> 28%
01-06 06:30:29.910   116   118 I droidboot:     <Progress> 29%
01-06 06:30:29.920   116   118 I droidboot:     <Progress> 31%
01-06 06:30:29.920   116   118 I droidboot:     <Progress> 32%
01-06 06:30:29.920   116   118 I droidboot:     <Progress> 34%
01-06 06:30:29.920   116   118 I droidboot:     <Progress> 35%
01-06 06:30:29.920   116   118 I droidboot:     <Progress> 36%
01-06 06:30:29.930   116   118 I droidboot:     <Progress> 38%
01-06 06:30:29.930   116   118 I droidboot:     <Progress> 39%
01-06 06:30:29.930   116   118 I droidboot:     <Progress> 41%
01-06 06:30:29.930   116   118 I droidboot:     <Progress> 42%
01-06 06:30:29.930   116   118 I droidboot:     <Progress> 44%
01-06 06:30:29.940   116   118 I droidboot:     <Progress> 45%
01-06 06:30:29.940   116   118 I droidboot:     <Progress> 46%
01-06 06:30:29.940   116   118 I droidboot:     <Progress> 48%
01-06 06:30:29.940   116   118 I droidboot:     <Progress> 49%
01-06 06:30:29.940   116   118 I droidboot:     <Progress> 51%
01-06 06:30:29.950   116   118 I droidboot:     <Progress> 52%
01-06 06:30:29.950   116   118 I droidboot:     <Progress> 54%
01-06 06:30:29.950   116   118 I droidboot:     <Progress> 55%
01-06 06:30:29.950   116   118 I droidboot:     <Progress> 56%
01-06 06:30:29.950   116   118 I droidboot:     <Progress> 58%
01-06 06:30:29.960   116   118 I droidboot:     <Progress> 59%
01-06 06:30:29.960   116   118 I droidboot:     <Progress> 61%
01-06 06:30:29.960   116   118 I droidboot:     <Progress> 62%
01-06 06:30:29.960   116   118 I droidboot:     <Progress> 64%
01-06 06:30:29.960   116   118 I droidboot:     <Progress> 65%
01-06 06:30:29.970   116   118 I droidboot:     <Progress> 67%
01-06 06:30:29.970   116   118 I droidboot:     <Progress> 68%
01-06 06:30:29.970   116   118 I droidboot:     <Progress> 69%
01-06 06:30:29.970   116   118 I droidboot:     <Progress> 71%
01-06 06:30:29.970   116   118 I droidboot:     <Progress> 72%
01-06 06:30:29.980   116   118 I droidboot:     <Progress> 74%
01-06 06:30:29.980   116   118 I droidboot:     <Progress> 75%
01-06 06:30:29.980   116   118 I droidboot:     <Progress> 77%
01-06 06:30:29.980   116   118 I droidboot:     <Progress> 78%
01-06 06:30:29.980   116   118 I droidboot:     <Progress> 79%
01-06 06:30:29.990   116   118 I droidboot:     <Progress> 81%
01-06 06:30:29.990   116   118 I droidboot:     <Progress> 82%
01-06 06:30:29.990   116   118 I droidboot:     <Progress> 84%
01-06 06:30:29.990   116   118 I droidboot:     <Progress> 85%
01-06 06:30:29.990   116   118 I droidboot:     <Progress> 87%
01-06 06:30:30.000   116   118 I droidboot:     <Progress> 88%
01-06 06:30:30.000   116   118 I droidboot:     <Progress> 89%
01-06 06:30:30.160   116   118 I droidboot:     <Progress> 91%
01-06 06:30:30.160   116   118 I droidboot:     <Progress> 92%
01-06 06:30:30.160   116   118 I droidboot:     <Progress> 94%
01-06 06:30:30.160   116   118 I droidboot:     <Progress> 95%
01-06 06:30:30.170   116   118 I droidboot:     <Progress> 97%
01-06 06:30:30.170   116   118 I droidboot:     <Progress> 98%
01-06 06:30:30.170   116   118 I droidboot:     <Progress> 100%
01-06 06:30:30.170   116   118 I droidboot:     <Progress> 100%
01-06 06:30:30.170   116   118 I droidboot: modem: <msg> Sending end-pack.
01-06 06:30:30.330   116   118 I droidboot: modem: <msg> Checksum OK (0x6C31)
01-06 06:30:30.330   116   118 I droidboot: modem: <msg> Verify OK
01-06 06:30:30.330   116   118 I droidboot: modem: <msg> Process time was 1230 msec.
01-06 06:30:30.330   116   124 I droidboot: modem: Loading Component CODE:AENEAS_FW.fls
01-06 06:30:30.330   116   118 I droidboot: modem: <msg> Sending sec-pack.
01-06 06:30:30.390   116   118 I droidboot: modem: <msg>   Load region 0
01-06 06:30:30.390   116   118 I droidboot: modem: <msg>   - Erasing. (Pre-erase, Used-length)
01-06 06:30:30.390   116   118 I droidboot:     <Progress> 0%
01-06 06:30:30.410   116   118 I droidboot:     <Progress> 100%
01-06 06:30:30.410   116   118 I droidboot: modem: <msg>   - Sending data. (Normal mode)
01-06 06:30:30.410   116   118 I droidboot:     <Progress> 0%
01-06 06:30:30.410   116   118 I droidboot:     <Progress> 0%
01-06 06:30:30.410   116   118 I droidboot:     <Progress> 1%
01-06 06:30:30.410   116   118 I droidboot:     <Progress> 2%
01-06 06:30:30.420   116   118 I droidboot:     <Progress> 3%
01-06 06:30:30.420   116   118 I droidboot:     <Progress> 4%
01-06 06:30:30.430   116   118 I droidboot:     <Progress> 5%
01-06 06:30:30.430   116   118 I droidboot:     <Progress> 6%
01-06 06:30:30.430   116   118 I droidboot:     <Progress> 7%
01-06 06:30:30.440   116   118 I droidboot:     <Progress> 8%
01-06 06:30:30.440   116   118 I droidboot:     <Progress> 9%
01-06 06:30:30.440   116   118 I droidboot:     <Progress> 10%
01-06 06:30:30.450   116   118 I droidboot:     <Progress> 11%
01-06 06:30:30.450   116   118 I droidboot:     <Progress> 12%
01-06 06:30:30.450   116   118 I droidboot:     <Progress> 13%
01-06 06:30:30.460   116   118 I droidboot:     <Progress> 14%
01-06 06:30:30.460   116   118 I droidboot:     <Progress> 15%
01-06 06:30:30.460   116   118 I droidboot:     <Progress> 16%
01-06 06:30:30.470   116   118 I droidboot:     <Progress> 17%
01-06 06:30:30.470   116   118 I droidboot:     <Progress> 18%
01-06 06:30:30.480   116   118 I droidboot:     <Progress> 19%
01-06 06:30:30.480   116   118 I droidboot:     <Progress> 20%
01-06 06:30:30.480   116   118 I droidboot:     <Progress> 21%
01-06 06:30:30.490   116   118 I droidboot:     <Progress> 22%
01-06 06:30:30.490   116   118 I droidboot:     <Progress> 23%
01-06 06:30:30.490   116   118 I droidboot:     <Progress> 24%
01-06 06:30:30.500   116   118 I droidboot:     <Progress> 25%
01-06 06:30:30.500   116   118 I droidboot:     <Progress> 26%
01-06 06:30:30.500   116   118 I droidboot:     <Progress> 27%
01-06 06:30:30.510   116   118 I droidboot:     <Progress> 28%
01-06 06:30:30.510   116   118 I droidboot:     <Progress> 29%
01-06 06:30:30.520   116   118 I droidboot:     <Progress> 30%
01-06 06:30:30.520   116   118 I droidboot:     <Progress> 31%
01-06 06:30:30.520   116   118 I droidboot:     <Progress> 32%
01-06 06:30:30.530   116   118 I droidboot:     <Progress> 33%
01-06 06:30:30.530   116   118 I droidboot:     <Progress> 34%
01-06 06:30:30.530   116   118 I droidboot:     <Progress> 35%
01-06 06:30:30.540   116   118 I droidboot:     <Progress> 36%
01-06 06:30:30.660   116   118 I droidboot:     <Progress> 37%
01-06 06:30:30.660   116   118 I droidboot:     <Progress> 38%
01-06 06:30:30.660   116   118 I droidboot:     <Progress> 39%
01-06 06:30:30.670   116   118 I droidboot:     <Progress> 40%
01-06 06:30:30.670   116   118 I droidboot:     <Progress> 41%
01-06 06:30:30.670   116   118 I droidboot:     <Progress> 42%
01-06 06:30:30.680   116   118 I droidboot:     <Progress> 43%
01-06 06:30:30.680   116   118 I droidboot:     <Progress> 44%
01-06 06:30:30.680   116   118 I droidboot:     <Progress> 45%
01-06 06:30:30.690   116   118 I droidboot:     <Progress> 46%
01-06 06:30:30.690   116   118 I droidboot:     <Progress> 47%
01-06 06:30:30.700   116   118 I droidboot:     <Progress> 48%
01-06 06:30:30.700   116   118 I droidboot:     <Progress> 49%
01-06 06:30:30.700   116   118 I droidboot:     <Progress> 50%
01-06 06:30:30.710   116   118 I droidboot:     <Progress> 51%
01-06 06:30:30.710   116   118 I droidboot:     <Progress> 52%
01-06 06:30:30.710   116   118 I droidboot:     <Progress> 53%
01-06 06:30:30.720   116   118 I droidboot:     <Progress> 54%
01-06 06:30:30.720   116   118 I droidboot:     <Progress> 55%
01-06 06:30:30.720   116   118 I droidboot:     <Progress> 56%
01-06 06:30:30.730   116   118 I droidboot:     <Progress> 57%
01-06 06:30:30.730   116   118 I droidboot:     <Progress> 58%
01-06 06:30:30.740   116   118 I droidboot:     <Progress> 59%
01-06 06:30:30.740   116   118 I droidboot:     <Progress> 60%
01-06 06:30:30.740   116   118 I droidboot:     <Progress> 61%
01-06 06:30:30.750   116   118 I droidboot:     <Progress> 62%
01-06 06:30:30.750   116   118 I droidboot:     <Progress> 63%
01-06 06:30:30.750   116   118 I droidboot:     <Progress> 64%
01-06 06:30:30.760   116   118 I droidboot:     <Progress> 65%
01-06 06:30:30.760   116   118 I droidboot:     <Progress> 66%
01-06 06:30:30.760   116   118 I droidboot:     <Progress> 67%
01-06 06:30:30.770   116   118 I droidboot:     <Progress> 68%
01-06 06:30:30.770   116   118 I droidboot:     <Progress> 69%
01-06 06:30:30.770   116   118 I droidboot:     <Progress> 70%
01-06 06:30:30.780   116   118 I droidboot:     <Progress> 71%
01-06 06:30:30.900   116   118 I droidboot:     <Progress> 72%
01-06 06:30:30.900   116   118 I droidboot:     <Progress> 73%
01-06 06:30:30.910   116   118 I droidboot:     <Progress> 74%
01-06 06:30:30.910   116   118 I droidboot:     <Progress> 75%
01-06 06:30:30.910   116   118 I droidboot:     <Progress> 76%
01-06 06:30:30.920   116   118 I droidboot:     <Progress> 77%
01-06 06:30:30.920   116   118 I droidboot:     <Progress> 78%
01-06 06:30:30.920   116   118 I droidboot:     <Progress> 79%
01-06 06:30:30.930   116   118 I droidboot:     <Progress> 80%
01-06 06:30:30.930   116   118 I droidboot:     <Progress> 81%
01-06 06:30:30.930   116   118 I droidboot:     <Progress> 82%
01-06 06:30:30.940   116   118 I droidboot:     <Progress> 83%
01-06 06:30:30.940   116   118 I droidboot:     <Progress> 84%
01-06 06:30:30.940   116   118 I droidboot:     <Progress> 85%
01-06 06:30:30.950   116   118 I droidboot:     <Progress> 86%
01-06 06:30:30.950   116   118 I droidboot:     <Progress> 87%
01-06 06:30:30.960   116   118 I droidboot:     <Progress> 88%
01-06 06:30:30.960   116   118 I droidboot:     <Progress> 89%
01-06 06:30:30.960   116   118 I droidboot:     <Progress> 90%
01-06 06:30:30.970   116   118 I droidboot:     <Progress> 91%
01-06 06:30:30.970   116   118 I droidboot:     <Progress> 92%
01-06 06:30:30.970   116   118 I droidboot:     <Progress> 93%
01-06 06:30:30.980   116   118 I droidboot:     <Progress> 94%
01-06 06:30:30.980   116   118 I droidboot:     <Progress> 95%
01-06 06:30:30.980   116   118 I droidboot:     <Progress> 96%
01-06 06:30:30.990   116   118 I droidboot:     <Progress> 97%
01-06 06:30:30.990   116   118 I droidboot:     <Progress> 98%
01-06 06:30:30.990   116   118 I droidboot:     <Progress> 99%
01-06 06:30:31.000   116   118 I droidboot:     <Progress> 100%
01-06 06:30:31.000   116   118 I droidboot:     <Progress> 100%
01-06 06:30:31.000   116   118 I droidboot: modem: <msg> Sending end-pack.
01-06 06:30:31.160   116   118 I droidboot: modem: <msg> Checksum OK (0x70C3)
01-06 06:30:31.160   116   118 I droidboot: modem: <msg> Verify OK
01-06 06:30:31.160   116   118 I droidboot: modem: <msg> Process time was 822 msec.
01-06 06:30:31.160   116   124 I droidboot: modem: Loading Component CODE:GI.fls
01-06 06:30:31.160   116   118 I droidboot: modem: <msg> Sending sec-pack.
01-06 06:30:31.180    55    55 I KERNEL  : 
01-06 06:30:31.180    55    55 I KERNEL  : [   79.194564] SCU TRACE INFO: TT: 0x0032125D 
01-06 06:30:31.230   116   118 I droidboot: modem: <msg>   Load region 0
01-06 06:30:31.230   116   118 I droidboot: modem: <msg>   - Erasing. (Pre-erase, Used-length)
01-06 06:30:31.230   116   118 I droidboot:     <Progress> 0%
01-06 06:30:31.270   116   118 I droidboot:     <Progress> 100%
01-06 06:30:31.270   116   118 I droidboot: modem: <msg>   - Sending data. (Normal mode)
01-06 06:30:31.270   116   118 I droidboot:     <Progress> 0%
01-06 06:30:31.270   116   118 I droidboot:     <Progress> 0%
01-06 06:30:31.270   116   118 I droidboot:     <Progress> 1%
01-06 06:30:31.350   116   118 I droidboot:     <Progress> 2%
01-06 06:30:31.540   116   118 I droidboot:     <Progress> 3%
01-06 06:30:31.620   116   118 I droidboot:     <Progress> 4%
01-06 06:30:31.810   116   118 I droidboot:     <Progress> 5%
01-06 06:30:32.000   116   118 I droidboot:     <Progress> 6%
01-06 06:30:32.080   116   118 I droidboot:     <Progress> 7%
01-06 06:30:32.270   116   118 I droidboot:     <Progress> 8%
01-06 06:30:32.340   116   118 I droidboot:     <Progress> 9%
01-06 06:30:32.540   116   118 I droidboot:     <Progress> 10%
01-06 06:30:32.730   116   118 I droidboot:     <Progress> 11%
01-06 06:30:32.810   116   118 I droidboot:     <Progress> 12%
01-06 06:30:33.000   116   118 I droidboot:     <Progress> 13%
01-06 06:30:33.080   116   118 I droidboot:     <Progress> 14%
01-06 06:30:33.280   116   118 I droidboot:     <Progress> 15%
01-06 06:30:33.470   116   118 I droidboot:     <Progress> 16%
01-06 06:30:33.550   116   118 I droidboot:     <Progress> 17%
01-06 06:30:33.740   116   118 I droidboot:     <Progress> 18%
01-06 06:30:33.820   116   118 I droidboot:     <Progress> 19%
01-06 06:30:34.010   116   118 I droidboot:     <Progress> 20%
01-06 06:30:34.200   116   118 I droidboot:     <Progress> 21%
01-06 06:30:34.290   116   118 I droidboot:     <Progress> 22%
01-06 06:30:34.480   116   118 I droidboot:     <Progress> 23%
01-06 06:30:34.560   116   118 I droidboot:     <Progress> 24%
01-06 06:30:34.750   116   118 I droidboot:     <Progress> 25%
01-06 06:30:34.960   116   118 I droidboot:     <Progress> 26%
01-06 06:30:35.030   116   118 I droidboot:     <Progress> 27%
01-06 06:30:35.220   116   118 I droidboot:     <Progress> 28%
01-06 06:30:35.300   116   118 I droidboot:     <Progress> 29%
01-06 06:30:35.490   116   118 I droidboot:     <Progress> 30%
01-06 06:30:35.690   116   118 I droidboot:     <Progress> 31%
01-06 06:30:35.760   116   118 I droidboot:     <Progress> 32%
01-06 06:30:35.950   116   118 I droidboot:     <Progress> 33%
01-06 06:30:36.030   116   118 I droidboot:     <Progress> 34%
01-06 06:30:36.220   116   118 I droidboot:     <Progress> 35%
01-06 06:30:36.420   116   118 I droidboot:     <Progress> 36%
01-06 06:30:36.490   116   118 I droidboot:     <Progress> 37%
01-06 06:30:36.690   116   118 I droidboot:     <Progress> 38%
01-06 06:30:36.760   116   118 I droidboot:     <Progress> 39%
01-06 06:30:36.960   116   118 I droidboot:     <Progress> 40%
01-06 06:30:37.150   116   118 I droidboot:     <Progress> 41%
01-06 06:30:37.230   116   118 I droidboot:     <Progress> 42%
01-06 06:30:37.420   116   118 I droidboot:     <Progress> 43%
01-06 06:30:37.500   116   118 I droidboot:     <Progress> 44%
01-06 06:30:37.690   116   118 I droidboot:     <Progress> 45%
01-06 06:30:37.890   116   118 I droidboot:     <Progress> 46%
01-06 06:30:37.970   116   118 I droidboot:     <Progress> 47%
01-06 06:30:38.160   116   118 I droidboot:     <Progress> 48%
01-06 06:30:38.240   116   118 I droidboot:     <Progress> 49%
01-06 06:30:38.430   116   118 I droidboot:     <Progress> 50%
01-06 06:30:38.620   116   118 I droidboot:     <Progress> 51%
01-06 06:30:38.700   116   118 I droidboot:     <Progress> 52%
01-06 06:30:38.890   116   118 I droidboot:     <Progress> 53%
01-06 06:30:38.970   116   118 I droidboot:     <Progress> 54%
01-06 06:30:39.160   116   118 I droidboot:     <Progress> 55%
01-06 06:30:39.350   116   118 I droidboot:     <Progress> 56%
01-06 06:30:39.430   116   118 I droidboot:     <Progress> 57%
01-06 06:30:39.620   116   118 I droidboot:     <Progress> 58%
01-06 06:30:39.700   116   118 I droidboot:     <Progress> 59%
01-06 06:30:39.890   116   118 I droidboot:     <Progress> 60%
01-06 06:30:40.090   116   118 I droidboot:     <Progress> 61%
01-06 06:30:40.160   116   118 I droidboot:     <Progress> 62%
01-06 06:30:40.360   116   118 I droidboot:     <Progress> 63%
01-06 06:30:40.430   116   118 I droidboot:     <Progress> 64%
01-06 06:30:40.630   116   118 I droidboot:     <Progress> 65%
01-06 06:30:40.820   116   118 I droidboot:     <Progress> 66%
01-06 06:30:40.890   116   118 I droidboot:     <Progress> 67%
01-06 06:30:41.090   116   118 I droidboot:     <Progress> 68%
01-06 06:30:41.160   116   118 I droidboot:     <Progress> 69%
01-06 06:30:41.360   116   118 I droidboot:     <Progress> 70%
01-06 06:30:41.550   116   118 I droidboot:     <Progress> 71%
01-06 06:30:41.630   116   118 I droidboot:     <Progress> 72%
