01-06 06:30:41.710    55    55 I KERNEL  : [   89.711154] SCU TRACE INFO: TT: 0x00387AFD 
01-06 06:30:41.820   116   118 I droidboot:     <Progress> 73%
01-06 06:30:41.900   116   118 I droidboot:     <Progress> 74%
01-06 06:30:42.090   116   118 I droidboot:     <Progress> 75%
01-06 06:30:42.280   116   118 I droidboot:     <Progress> 76%
01-06 06:30:42.360   116   118 I droidboot:     <Progress> 77%
01-06 06:30:42.550   116   118 I droidboot:     <Progress> 78%
01-06 06:30:42.630   116   118 I droidboot:     <Progress> 79%
01-06 06:30:42.820   116   118 I droidboot:     <Progress> 80%
01-06 06:30:43.010   116   118 I droidboot:     <Progress> 81%
01-06 06:30:43.100   116   118 I droidboot:     <Progress> 82%
01-06 06:30:43.290   116   118 I droidboot:     <Progress> 83%
01-06 06:30:43.370   116   118 I droidboot:     <Progress> 84%
01-06 06:30:43.560   116   118 I droidboot:     <Progress> 85%
01-06 06:30:43.760   116   118 I droidboot:     <Progress> 86%
01-06 06:30:43.840   116   118 I droidboot:     <Progress> 87%
01-06 06:30:44.030   116   118 I droidboot:     <Progress> 88%
01-06 06:30:44.120   116   118 I droidboot:     <Progress> 89%
01-06 06:30:44.320   116   118 I droidboot:     <Progress> 90%
01-06 06:30:44.510   116   118 I droidboot:     <Progress> 91%
01-06 06:30:44.580   116   118 I droidboot:     <Progress> 92%
01-06 06:30:44.790   116   118 I droidboot:     <Progress> 93%
01-06 06:30:44.870   116   118 I droidboot:     <Progress> 94%
01-06 06:30:45.060   116   118 I droidboot:     <Progress> 95%
01-06 06:30:45.260   116   118 I droidboot:     <Progress> 96%
01-06 06:30:45.330   116   118 I droidboot:     <Progress> 97%
01-06 06:30:45.530   116   118 I droidboot:     <Progress> 98%
01-06 06:30:45.600   116   118 I droidboot:     <Progress> 99%
01-06 06:30:45.790   116   118 I droidboot:     <Progress> 100%
01-06 06:30:45.990   116   118 I droidboot:     <Progress> 100%
01-06 06:30:45.990   116   118 I droidboot: modem: <msg> Sending end-pack.
01-06 06:30:46.790   116   118 I droidboot: modem: <msg> Checksum OK (0x54A4)
01-06 06:30:46.790   116   118 I droidboot: modem: <msg> Verify OK
01-06 06:30:46.790   116   118 I droidboot: modem: <msg> Process time was 15.6 sec.
01-06 06:30:46.790   116   118 I droidboot: modem: <msg> Total time was 28.2 sec.
01-06 06:30:46.790   116   124 I KERNEL  : [   94.789443] hsi-fflffl_tty_close
01-06 06:30:46.790    68    68 I KERNEL  : [   94.792787] mdm_ctrl: Unexpected RESET_OUT 0x0
01-06 06:30:46.800   116   124 I KERNEL  : [   94.798418] hsi-fflffl_tty_close
01-06 06:30:46.800   116   124 I KERNEL  : [   94.801840] hsi-fflffl_tty_port_shutdown
01-06 06:30:46.810   116   124 I KERNEL  : [   94.801871] mdm_ctrl: mdm_ctrl_handle_hangup (reasons: 0x1)
01-06 06:30:46.810   116   124 I KERNEL  : [   94.806111] hsi-ffl: port shutdown (flushing the HSI controller)
01-06 06:30:46.810   116   124 I KERNEL  : 
01-06 06:30:46.810   116   124 I KERNEL  : [   94.806156] mdm_ctrl: RESET_OUT 0x100000
01-06 06:30:46.810   116   124 I KERNEL  : [   94.806166] mdm_ctrl: IPC READY !
01-06 06:30:46.820   116   124 I KERNEL  : [   94.815139] hsi-ffl: port shutdown (releasing the HSI controller)
01-06 06:30:46.880   116   124 D cmfwdl  : Cold resetting the modem...
01-06 06:30:46.880   116   124 I KERNEL  : 
01-06 06:30:46.880   116   124 I KERNEL  : [   94.874864] mdm_ctrl: ioctl request 0x8703 received 
01-06 06:30:46.880   116   124 I KERNEL  : [   94.875189] mdm_ctrl: Cold reset requested
01-06 06:30:46.880     0     0 I KERNEL  : 
01-06 06:30:46.880     0     0 I KERNEL  : [   94.875654] mdm_ctrl: RESET_OUT 0x0
01-06 06:30:46.900   116   124 I KERNEL  : [   94.901665] mdm_ctrl: ioctl request 0x8706 received 
01-06 06:30:46.900   116   124 I KERNEL  : [   94.901928] mdm_ctrl: WAIT_FOR_STATE 0x10 ! 
01-06 06:30:46.930     0     0 I KERNEL  : [   94.929695] mdm_ctrl: RESET_OUT 0x100000
01-06 06:30:46.930     0     0 I KERNEL  : [   94.933863] mdm_ctrl: IPC READY !
01-06 06:30:46.940   116   124 D cmfwdl  : Modem successfully got in IPC Ready state in 0s 30ms
01-06 06:30:47.080   116   124 E droidboot: linus Wait 2s for modem up before close momdem!
01-06 06:30:47.220   115   115 E ia_watchdog: Timer interrupt
01-06 06:30:47.220     0     0 I KERNEL  : [   95.219874] intel_scu_watchdog: intel_scu_watchdog: Expected SW WDT warning irq received
01-06 06:30:47.220     0     0 I KERNEL  : [   95.220062] intel_scu_watchdog: intel_scu_watchdog: interrupt tasklet body start
01-06 06:30:47.220   115   115 I KERNEL  : [   95.220237] intel_scu_watchdog: intel_scu_watchdog: watchdog_keepalive
01-06 06:30:47.230   115   115 E ia_watchdog: waiting for a timer interrupt
01-06 06:30:48.540   116   122 I power   : *** set_screen_state 0
01-06 06:30:48.540   116   122 I KERNEL  : [   96.535157] request_suspend_state: sleep (0->3) at 96542843265 (2014-01-06 06:30:48.542840733 UTC)
01-06 06:30:48.540    73    73 I KERNEL  : [   96.536217] lsm303d : early_suspend
01-06 06:30:48.540    73    73 I KERNEL  : [   96.536354] lsm303d : Suspend
01-06 06:30:48.540    73    73 I KERNEL  : [   96.536465] ft5x06 touch screen : Suspend
01-06 06:30:48.680    73    73 I KERNEL  : [   96.672412] [drm] dsi status [20:DPI FIFO Under run]
01-06 06:30:48.870    73    73 I KERNEL  : [   96.862771] [drm] __dpi_enter_ulps_locked: entered ULPS state
01-06 06:30:49.220   116   124 E droidboot: linus Finish Wait 3s for modem up before close momdem!
01-06 06:30:49.220   116   124 I KERNEL  : [   97.216987] mdm_ctrl: ioctl request 0x8700 received 
01-06 06:30:49.220   116   124 I KERNEL  : [   97.217184] mdm_ctrl: Power OFF requested
01-06 06:30:49.220     0     0 I KERNEL  : 
01-06 06:30:49.220     0     0 I KERNEL  : [   97.217616] mdm_ctrl: RESET_OUT 0x0 while OFF
01-06 06:30:49.250   116   124 I droidboot: Modem will be powered down... 
01-06 06:30:49.250   116   124 I droidboot: Modem powered down.
01-06 06:30:49.250   116   124 I KERNEL  : [   97.242695] mdm_ctrl: ioctl request 0x8706 received 
01-06 06:30:49.250   116   124 I KERNEL  : [   97.242821] mdm_ctrl: WAIT_FOR_STATE 0x1 ! 
01-06 06:30:52.230    55    55 I KERNEL  : [  100.227944] SCU TRACE INFO: TT: 0x003EE39D 
01-06 06:30:54.570   116   124 D fastboot: fastboot got command: getvar:partition-type:/tmp/modem_tlv.tlv
01-06 06:30:54.570   116   124 I power   : *** set_screen_state 1
01-06 06:30:54.570   116   124 I KERNEL  : [  102.565739] request_suspend_state: wakeup (3->0) at 102578389821 (2014-01-06 06:30:54.578387913 UTC)
01-06 06:30:54.640    73    73 I KERNEL  : [  102.642250] ce90's byte0 is :13
01-06 06:30:54.640    73    73 I KERNEL  : [  102.642255]  
01-06 06:30:54.640    73    73 I KERNEL  : 
01-06 06:30:54.640    73    73 I KERNEL  : [  102.642413] [drm:gwm_vid_drv_ic_init] *ERROR* panel init data write failed
01-06 06:30:54.640    73    73 I KERNEL  : [  102.642670] [drm:__dpi_panel_power_on] *ERROR* init_ic_count:10 Failed to init dsi controller, set it again!
01-06 06:30:54.670    73    73 I KERNEL  : [  102.675561] cca0's byte3 is :1
01-06 06:30:54.670    73    73 I KERNEL  : [  102.675567]  
01-06 06:30:54.670    73    73 I KERNEL  : 
01-06 06:30:54.670    73    73 I KERNEL  : [  102.675791] [drm:gwm_vid_drv_ic_init] *ERROR* panel init data write failed
01-06 06:30:54.690    73    73 I KERNEL  : [  102.683307] [drm:__dpi_panel_power_on] *ERROR* init_ic_count:9 Failed to init dsi controller, set it again!
01-06 06:30:54.730   116   124 D fastboot: fastboot: cmd_getvar partition-type:/tmp/modem_tlv.tlv
01-06 06:30:54.860   116   124 D fastboot: fastboot got command: download:000000f8
01-06 06:30:54.880    73    73 I KERNEL  : [  102.867267] ft5x06 touch screen : Resume
01-06 06:30:54.900    73    73 I KERNEL  : [  102.887218] lsm303d : late_resume
01-06 06:30:54.900    73    73 I KERNEL  : [  102.887314] lsm303d : Resume
01-06 06:30:55.130   116   124 D fastboot: fastboot: cmd_download 248 bytes
01-06 06:30:55.260   116   124 D fastboot: fastboot got command: flash:/tmp/modem_tlv.tlv
01-06 06:30:57.860   116   124 D fastboot: fastboot got command: oem nvm apply /tmp/modem_tlv.tlv
01-06 06:30:58.120   116   124 I droidboot: in apply
01-06 06:30:58.120   116   124 I droidboot: Modem will be powered up... 
01-06 06:30:58.120   116   124 I KERNEL  : [  106.107631] mdm_ctrl: ioctl request 0x8701 received 
01-06 06:30:58.120   116   124 I KERNEL  : [  106.107835] mdm_ctrl: Cold boot requested
01-06 06:30:58.120   116   124 I KERNEL  : 
01-06 06:30:58.120   116   124 I KERNEL  : [  106.108440] mdm_ctrl: ioctl request 0x8706 received 
01-06 06:30:58.120   116   124 I KERNEL  : [  106.108749] mdm_ctrl: WAIT_FOR_STATE 0x10 ! 
01-06 06:30:58.150     0     0 I KERNEL  : [  106.136311] mdm_ctrl: RESET_OUT 0x100000
01-06 06:30:58.150   116   124 I droidboot: Modem powered up.
01-06 06:30:58.150     0     0 I KERNEL  : [  106.140357] mdm_ctrl: IPC READY !
01-06 06:30:58.280   116   124 E droidboot: Wait 5s for modem up before sending at command to momdem!
01-06 06:31:02.760    55    55 I KERNEL  : [  110.744552] SCU TRACE INFO: TT: 0x00454C3E 
01-06 06:31:03.280   116   124 D cmfwdl  : Modem model=0, platform=0
01-06 06:31:03.280   116   124 D droidboot: Sending NVM config to the modem...
01-06 06:31:03.590   116   124 I KERNEL  : [  111.572347] hsi-fflffl_tty_close
01-06 06:31:03.590   116   124 I KERNEL  : [  111.575719] hsi-fflffl_tty_port_shutdown
01-06 06:31:03.590   116   124 I KERNEL  : [  111.579837] hsi-ffl: port shutdown (flushing the HSI controller)
01-06 06:31:03.600   116   124 I KERNEL  : 
01-06 06:31:03.600   116   124 I KERNEL  : [  111.580775] hsi-ffl: port shutdown (releasing the HSI controller)
01-06 06:31:03.650   116   124 D droidboot: NVM Config OK
01-06 06:31:03.650   116   124 D cmfwdl  : Cold resetting the modem...
01-06 06:31:03.650   116   124 I KERNEL  : 
01-06 06:31:03.650   116   124 I KERNEL  : [  111.631376] mdm_ctrl: ioctl request 0x8703 received 
01-06 06:31:03.650   116   124 I KERNEL  : [  111.631666] mdm_ctrl: Cold reset requested
01-06 06:31:03.650     0     0 I KERNEL  : 
01-06 06:31:03.650     0     0 I KERNEL  : [  111.632151] mdm_ctrl: RESET_OUT 0x0
01-06 06:31:03.670   116   124 I KERNEL  : [  111.657945] mdm_ctrl: ioctl request 0x8706 received 
01-06 06:31:03.670   116   124 I KERNEL  : [  111.658144] mdm_ctrl: WAIT_FOR_STATE 0x10 ! 
01-06 06:31:03.700     0     0 I KERNEL  : [  111.686002] mdm_ctrl: RESET_OUT 0x100000
01-06 06:31:03.700     0     0 I KERNEL  : [  111.690082] mdm_ctrl: IPC READY !
01-06 06:31:03.710   116   124 D cmfwdl  : Modem successfully got in IPC Ready state in 0s 30ms
01-06 06:31:03.900   116   124 E droidboot: Wait 5s for modem down after sending at command to momdem!
01-06 06:31:05.900   116   124 I KERNEL  : [  113.879152] mdm_ctrl: ioctl request 0x8700 received 
01-06 06:31:05.900   116   124 I KERNEL  : [  113.879433] mdm_ctrl: Power OFF requested
01-06 06:31:05.900     0     0 I KERNEL  : 
01-06 06:31:05.900     0     0 I KERNEL  : [  113.879925] mdm_ctrl: RESET_OUT 0x0 while OFF
01-06 06:31:05.920   116   124 I droidboot: Modem will be powered down... 
01-06 06:31:05.920   116   124 I droidboot: Modem powered down.
01-06 06:31:05.920   116   124 I KERNEL  : [  113.901001] mdm_ctrl: ioctl request 0x8706 received 
01-06 06:31:05.920   116   124 I KERNEL  : [  113.901285] mdm_ctrl: WAIT_FOR_STATE 0x1 ! 
01-06 06:31:11.250   116   124 D fastboot: fastboot got command: getvar:partition-type:system
01-06 06:31:11.440   116   124 D fastboot: fastboot: cmd_getvar partition-type:system
01-06 06:31:13.280    55    55 I KERNEL  : [  121.261193] SCU TRACE INFO: TT: 0x004BB4DD 
01-06 06:31:16.930   116   124 D fastboot: fastboot got command: download:15754535
01-06 06:31:17.200   116   124 D fastboot: fastboot: cmd_download 360006965 bytes
01-06 06:31:17.210   116   124 I KERNEL  : [  125.179609] EXT4-fs (mmcblk0p6): mounted filesystem with ordered data mode. Opts: 
01-06 06:31:19.240     8     8 I KERNEL  : [  127.208558] smb347 2-006a: 
01-06 06:31:19.240     8     8 I KERNEL  : [  127.208564] smb347_status_monitor: temp=31 vbatt=4051 ocv=4013 chrg_now=1738000 chrg_full=2127500
01-06 06:31:19.240     8     8 I KERNEL  : [  127.208572] batt_level=82, current_now=175(mA)
01-06 06:31:19.240     8     8 I KERNEL  : [  127.208577] BPTHERM= 32[0,45]
01-06 06:31:19.240     8     8 I KERNEL  : [  127.209913] smb347 2-006a: Charging Status: STAT_C:0x5
01-06 06:31:19.280     8     8 I KERNEL  : [  127.249489] max170xx_battery 2-0036: soc perc: soc: 81, offset: 1
01-06 06:31:23.810    55    55 I KERNEL  : [  131.777596] SCU TRACE INFO: TT: 0x00521D7D 
01-06 06:31:34.330    55    55 I KERNEL  : [  142.294201] SCU TRACE INFO: TT: 0x0058861E 
01-06 06:31:44.810   116   124 D fastboot: fastboot got command: flash:system
01-06 06:31:44.860    55    55 I KERNEL  : [  152.810838] SCU TRACE INFO: TT: 0x005EEEBD 
01-06 06:31:55.390    55    55 I KERNEL  : [  163.327566] SCU TRACE INFO: TT: 0x0065575D 
01-06 06:32:05.910    55    55 I KERNEL  : [  173.844171] SCU TRACE INFO: TT: 0x006BBFFD 
01-06 06:32:06.410   115   115 E ia_watchdog: Timer interrupt
01-06 06:32:06.410   115   115 E ia_watchdog: waiting for a timer interrupt
01-06 06:32:06.410     0     0 I KERNEL  : [  174.344837] intel_scu_watchdog: intel_scu_watchdog: Expected SW WDT warning irq received
01-06 06:32:06.410     0     0 I KERNEL  : [  174.344966] intel_scu_watchdog: intel_scu_watchdog: interrupt tasklet body start
01-06 06:32:06.410   115   115 I KERNEL  : [  174.345203] intel_scu_watchdog: intel_scu_watchdog: watchdog_keepalive
01-06 06:32:15.250   116   122 I power   : *** set_screen_state 0
01-06 06:32:15.250   116   122 I KERNEL  : [  183.173288] request_suspend_state: sleep (0->3) at 183252083567 (2014-01-06 06:32:15.252081606 UTC)
01-06 06:32:15.250    73    73 I KERNEL  : [  183.174365] lsm303d : early_suspend
01-06 06:32:15.250    73    73 I KERNEL  : [  183.174515] lsm303d : Suspend
01-06 06:32:15.250    73    73 I KERNEL  : [  183.174625] ft5x06 touch screen : Suspend
01-06 06:32:15.380    73    73 I KERNEL  : [  183.301301] [drm] dsi status [20:DPI FIFO Under run]
01-06 06:32:15.570    73    73 I KERNEL  : [  183.491508] [drm] __dpi_enter_ulps_locked: entered ULPS state
01-06 06:32:16.440    55    55 I KERNEL  : [  184.360837] SCU TRACE INFO: TT: 0x0072289D 
01-06 06:32:19.390     8     8 I KERNEL  : [  187.309278] smb347 2-006a: 
01-06 06:32:19.390     8     8 I KERNEL  : [  187.309282] smb347_status_monitor: temp=33 vbatt=4074 ocv=4014 chrg_now=1740500 chrg_full=2127500
01-06 06:32:19.390     8     8 I KERNEL  : [  187.309288] batt_level=82, current_now=278(mA)
01-06 06:32:19.390     8     8 I KERNEL  : [  187.309291] BPTHERM= 33[0,45]
01-06 06:32:19.390     8     8 I KERNEL  : [  187.310348] smb347 2-006a: Charging Status: STAT_C:0x5
01-06 06:32:19.430     8     8 I KERNEL  : [  187.350290] max170xx_battery 2-0036: soc perc: soc: 81, offset: 1
01-06 06:32:26.960    55    55 I KERNEL  : [  194.877300] SCU TRACE INFO: TT: 0x0078913D 
01-06 06:32:37.490    55    55 I KERNEL  : [  205.394040] SCU TRACE INFO: TT: 0x007EF9DD 
01-06 06:32:48.010    55    55 I KERNEL  : [  215.910506] SCU TRACE INFO: TT: 0x0085627D 
01-06 06:32:58.540    55    55 I KERNEL  : [  226.427231] SCU TRACE INFO: TT: 0x008BCB1D 
01-06 06:33:06.150   116   124 D fastboot: fastboot got command: getvar:partition-type:fastboot
01-06 06:33:06.150   116   124 I power   : *** set_screen_state 1
01-06 06:33:06.150   116   124 I KERNEL  : [  234.038108] request_suspend_state: wakeup (3->0) at 234158654223 (2014-01-06 06:33:06.158651872 UTC)
01-06 06:33:06.310   116   124 D fastboot: fastboot: cmd_getvar partition-type:fastboot
01-06 06:33:06.390    33    33 I KERNEL  : [  234.269460] ft5x06 touch screen : Resume
01-06 06:33:06.410    33    33 I KERNEL  : [  234.289388] lsm303d : late_resume
01-06 06:33:06.410    33    33 I KERNEL  : [  234.289487] lsm303d : Resume
01-06 06:33:06.730   116   124 D fastboot: fastboot got command: download:00999c00
01-06 06:33:06.990   116   124 D fastboot: fastboot: cmd_download 10066944 bytes
01-06 06:33:07.750   116   124 D fastboot: fastboot got command: flash:fastboot
01-06 06:33:09.060    55    55 I KERNEL  : [  236.943740] SCU TRACE INFO: TT: 0x009233BD 
01-06 06:33:11.210   116   124 D fastboot: fastboot got command: getvar:partition-type:recovery
01-06 06:33:11.350   116   124 D fastboot: fastboot: cmd_getvar partition-type:recovery
01-06 06:33:11.730   116   124 D fastboot: fastboot got command: download:0096fc00
01-06 06:33:12.090   116   124 D fastboot: fastboot: cmd_download 9894912 bytes
01-06 06:33:12.890   116   124 D fastboot: fastboot got command: flash:recovery
01-06 06:33:16.350   116   124 D fastboot: fastboot got command: getvar:partition-type:boot
01-06 06:33:16.490   116   124 D fastboot: fastboot: cmd_getvar partition-type:boot
01-06 06:33:16.850   116   124 D fastboot: fastboot got command: download:007b9e00
01-06 06:33:17.220   116   124 D fastboot: fastboot: cmd_download 8101376 bytes
01-06 06:33:17.850   116   124 D fastboot: fastboot got command: flash:boot
01-06 06:33:19.590    55    55 I KERNEL  : [  247.460454] SCU TRACE INFO: TT: 0x00989C5D 
01-06 06:33:20.840    74    74 I KERNEL  : [  248.709660] smb347 2-006a: 
01-06 06:33:20.840    74    74 I KERNEL  : [  248.709666] smb347_status_monitor: temp=33 vbatt=4071 ocv=4016 chrg_now=1745000 chrg_full=2127500
01-06 06:33:20.840    74    74 I KERNEL  : [  248.709674] batt_level=82, current_now=264(mA)
01-06 06:33:20.840    74    74 I KERNEL  : [  248.709679] BPTHERM= 33[0,45]
01-06 06:33:20.840    74    74 I KERNEL  : [  248.711064] smb347 2-006a: Charging Status: STAT_C:0x5
01-06 06:33:20.880    74    74 I KERNEL  : [  248.750851] max170xx_battery 2-0036: soc perc: soc: 82, offset: 1
01-06 06:33:21.110   116   124 D fastboot: fastboot got command: getvar:partition-type:splashscreen
01-06 06:33:21.240   116   124 D fastboot: fastboot: cmd_getvar partition-type:splashscreen
01-06 06:33:21.540   116   124 D fastboot: fastboot got command: download:0002e200
01-06 06:33:21.810   116   124 D fastboot: fastboot: cmd_download 188928 bytes
01-06 06:33:21.950   116   124 D fastboot: fastboot got command: flash:splashscreen
01-06 06:33:24.540   116   124 D fastboot: fastboot got command: continue
