01-06 23:49:50.260  1819  1819 V ViewRootImpl: Sending key event to IME: seq=41409 event=KeyEvent { action=ACTION_UP, keyCode=KEYCODE_DPAD_RIGHT, scanCode=0, metaState=0, flags=0x8, repeatCount=0, eventTime=1525270, downTime=1525270, deviceId=-1, source=0x101 }
01-06 23:49:50.260  1819  1819 V ViewRootImpl: IME finished event: seq=41409 handled=false event=android.view.ViewRootImpl$QueuedInputEvent@21058f40
01-06 23:49:50.470  1819  1819 V ViewRootImpl: Sending key event to IME: seq=41412 event=KeyEvent { action=ACTION_DOWN, keyCode=KEYCODE_DPAD_UP, scanCode=0, metaState=0, flags=0x8, repeatCount=0, eventTime=1525477, downTime=1525477, deviceId=-1, source=0x101 }
01-06 23:49:50.470  1819  1819 V ViewRootImpl: IME finished event: seq=41412 handled=false event=android.view.ViewRootImpl$QueuedInputEvent@21058f40
01-06 23:49:50.470  1819  1819 V ViewRootImpl: Sending key event to IME: seq=41413 event=KeyEvent { action=ACTION_UP, keyCode=KEYCODE_DPAD_UP, scanCode=0, metaState=0, flags=0x8, repeatCount=0, eventTime=1525479, downTime=1525479, deviceId=-1, source=0x101 }
01-06 23:49:50.470  1819  1819 V ViewRootImpl: IME finished event: seq=41413 handled=false event=android.view.ViewRootImpl$QueuedInputEvent@21058f40
01-06 23:49:50.570  1819  1819 V ViewRootImpl: Sending key event to IME: seq=41414 event=KeyEvent { action=ACTION_DOWN, keyCode=KEYCODE_DPAD_UP, scanCode=0, metaState=0, flags=0x8, repeatCount=0, eventTime=1525582, downTime=1525582, deviceId=-1, source=0x101 }
01-06 23:49:50.570  1819  1819 V ViewRootImpl: IME finished event: seq=41414 handled=false event=android.view.ViewRootImpl$QueuedInputEvent@21058f40
01-06 23:49:50.580  1819  1819 V ViewRootImpl: Sending key event to IME: seq=41415 event=KeyEvent { action=ACTION_UP, keyCode=KEYCODE_DPAD_UP, scanCode=0, metaState=0, flags=0x8, repeatCount=0, eventTime=1525584, downTime=1525584, deviceId=-1, source=0x101 }
01-06 23:49:50.580  1819  1819 V ViewRootImpl: IME finished event: seq=41415 handled=false event=android.view.ViewRootImpl$QueuedInputEvent@21058f40
01-06 23:49:50.680  1819  1819 V ViewRootImpl: Sending trackball event to IME: seq=41416 event=MotionEvent { action=ACTION_MOVE, id[0]=0, x[0]=2.0, y[0]=3.0, toolType[0]=TOOL_TYPE_UNKNOWN, buttonState=0, metaState=0, flags=0x0, edgeFlags=0x0, pointerCount=1, historySize=1, eventTime=1525691, downTime=-1, deviceId=0, source=0x10004 }
01-06 23:49:50.680  1819  1819 V ViewRootImpl: IME finished event: seq=41416 handled=false event=android.view.ViewRootImpl$QueuedInputEvent@21058f40
01-06 23:49:50.690  1819  1819 V ViewRootImpl: Sending key event to IME: seq=41417 event=KeyEvent { action=ACTION_DOWN, keyCode=KEYCODE_DPAD_DOWN, scanCode=0, metaState=0, flags=0x400, repeatCount=0, eventTime=1525699, downTime=1525699, deviceId=-1, source=0x101 }
01-06 23:49:50.690  1819  1819 V ViewRootImpl: IME finished event: seq=41417 handled=false event=android.view.ViewRootImpl$QueuedInputEvent@21094c98
01-06 23:49:50.690  1819  1819 V ViewRootImpl: Sending key event to IME: seq=41418 event=KeyEvent { action=ACTION_UP, keyCode=KEYCODE_DPAD_DOWN, scanCode=0, metaState=0, flags=0x400, repeatCount=0, eventTime=1525699, downTime=1525699, deviceId=-1, source=0x101 }
01-06 23:49:50.690  1819  1819 V ViewRootImpl: IME finished event: seq=41418 handled=false event=android.view.ViewRootImpl$QueuedInputEvent@20efcbd0
01-06 23:49:50.690  1819  1819 V ViewRootImpl: Sending key event to IME: seq=41419 event=KeyEvent { action=ACTION_DOWN, keyCode=KEYCODE_DPAD_DOWN, scanCode=0, metaState=0, flags=0x400, repeatCount=0, eventTime=1525699, downTime=1525699, deviceId=-1, source=0x101 }
01-06 23:49:50.690  1819  1819 V ViewRootImpl: IME finished event: seq=41419 handled=false event=android.view.ViewRootImpl$QueuedInputEvent@20f27f38
01-06 23:49:50.690  1819  1819 V ViewRootImpl: Sending key event to IME: seq=41420 event=KeyEvent { action=ACTION_UP, keyCode=KEYCODE_DPAD_DOWN, scanCode=0, metaState=0, flags=0x400, repeatCount=0, eventTime=1525699, downTime=1525699, deviceId=-1, source=0x101 }
01-06 23:49:50.690  1819  1819 V ViewRootImpl: IME finished event: seq=41420 handled=false event=android.view.ViewRootImpl$QueuedInputEvent@21010d28
01-06 23:49:50.700  1819  1819 V ViewRootImpl: Sending key event to IME: seq=41421 event=KeyEvent { action=ACTION_DOWN, keyCode=KEYCODE_DPAD_DOWN, scanCode=0, metaState=0, flags=0x400, repeatCount=0, eventTime=1525699, downTime=1525699, deviceId=-1, source=0x101 }
01-06 23:49:50.700  1819  1819 V ViewRootImpl: IME finished event: seq=41421 handled=false event=android.view.ViewRootImpl$QueuedInputEvent@20fb9f00
01-06 23:49:50.700  1819  1819 V ViewRootImpl: Sending key event to IME: seq=41422 event=KeyEvent { action=ACTION_UP, keyCode=KEYCODE_DPAD_DOWN, scanCode=0, metaState=0, flags=0x400, repeatCount=0, eventTime=1525699, downTime=1525699, deviceId=-1, source=0x101 }
01-06 23:49:50.700  1819  1819 V ViewRootImpl: IME finished event: seq=41422 handled=false event=android.view.ViewRootImpl$QueuedInputEvent@20ebc9d8
01-06 23:49:50.700  1819  1819 V ViewRootImpl: Sending trackball event to IME: seq=41423 event=MotionEvent { action=ACTION_MOVE, id[0]=0, x[0]=0.0, y[0]=-4.0, toolType[0]=TOOL_TYPE_UNKNOWN, buttonState=0, metaState=0, flags=0x0, edgeFlags=0x0, pointerCount=1, historySize=17, eventTime=1525706, downTime=-1, deviceId=0, source=0x10004 }
01-06 23:49:50.700  1819  1819 V ViewRootImpl: IME finished event: seq=41423 handled=false event=android.view.ViewRootImpl$QueuedInputEvent@20f27f38
01-06 23:49:50.700  1819  1819 V ViewRootImpl: Sending trackball event to IME: seq=41424 event=MotionEvent { action=ACTION_DOWN, id[0]=0, x[0]=0.0, y[0]=0.0, toolType[0]=TOOL_TYPE_UNKNOWN, buttonState=0, metaState=0, flags=0x0, edgeFlags=0x0, pointerCount=1, historySize=0, eventTime=1525707, downTime=1525698, deviceId=0, source=0x10004 }
01-06 23:49:50.700  1819  1819 V ViewRootImpl: IME finished event: seq=41424 handled=false event=android.view.ViewRootImpl$QueuedInputEvent@20efcbd0
01-06 23:49:50.700  1819  1819 V ViewRootImpl: Sending trackball event to IME: seq=41425 event=MotionEvent { action=ACTION_UP, id[0]=0, x[0]=0.0, y[0]=0.0, toolType[0]=TOOL_TYPE_UNKNOWN, buttonState=0, metaState=0, flags=0x0, edgeFlags=0x0, pointerCount=1, historySize=0, eventTime=1525708, downTime=1525698, deviceId=0, source=0x10004 }
01-06 23:49:50.700  1819  1819 V ViewRootImpl: IME finished event: seq=41425 handled=false event=android.view.ViewRootImpl$QueuedInputEvent@21094c98
01-06 23:49:50.710  1819  1819 V ViewRootImpl: Sending key event to IME: seq=41426 event=KeyEvent { action=ACTION_DOWN, keyCode=KEYCODE_DPAD_UP, scanCode=0, metaState=0, flags=0x400, repeatCount=0, eventTime=1525715, downTime=1525715, deviceId=-1, source=0x101 }
01-06 23:49:50.710  1819  1819 V ViewRootImpl: IME finished event: seq=41426 handled=false event=android.view.ViewRootImpl$QueuedInputEvent@20ebc9d8
01-06 23:49:50.710  1819  1819 V ViewRootImpl: Sending key event to IME: seq=41427 event=KeyEvent { action=ACTION_UP, keyCode=KEYCODE_DPAD_UP, scanCode=0, metaState=0, flags=0x400, repeatCount=0, eventTime=1525715, downTime=1525715, deviceId=-1, source=0x101 }
01-06 23:49:50.710  1819  1819 V ViewRootImpl: IME finished event: seq=41427 handled=false event=android.view.ViewRootImpl$QueuedInputEvent@20fb9f00
01-06 23:49:50.710  1819  1819 V ViewRootImpl: Sending key event to IME: seq=41428 event=KeyEvent { action=ACTION_DOWN, keyCode=KEYCODE_DPAD_UP, scanCode=0, metaState=0, flags=0x400, repeatCount=0, eventTime=1525715, downTime=1525715, deviceId=-1, source=0x101 }
01-06 23:49:50.710  1819  1819 V ViewRootImpl: IME finished event: seq=41428 handled=false event=android.view.ViewRootImpl$QueuedInputEvent@21010d28
01-06 23:49:50.710  1819  1819 V ViewRootImpl: Sending key event to IME: seq=41429 event=KeyEvent { action=ACTION_UP, keyCode=KEYCODE_DPAD_UP, scanCode=0, metaState=0, flags=0x400, repeatCount=0, eventTime=1525715, downTime=1525715, deviceId=-1, source=0x101 }
01-06 23:49:50.710  1819  1819 V ViewRootImpl: IME finished event: seq=41429 handled=false event=android.view.ViewRootImpl$QueuedInputEvent@21058f40
01-06 23:49:50.710  1819  1819 V ViewRootImpl: Sending key event to IME: seq=41430 event=KeyEvent { action=ACTION_DOWN, keyCode=KEYCODE_DPAD_UP, scanCode=0, metaState=0, flags=0x400, repeatCount=0, eventTime=1525715, downTime=1525715, deviceId=-1, source=0x101 }
01-06 23:49:50.710  1819  1819 V ViewRootImpl: IME finished event: seq=41430 handled=false event=android.view.ViewRootImpl$QueuedInputEvent@21010cf0
01-06 23:49:50.720  1819  1819 V ViewRootImpl: Sending key event to IME: seq=41431 event=KeyEvent { action=ACTION_UP, keyCode=KEYCODE_DPAD_UP, scanCode=0, metaState=0, flags=0x400, repeatCount=0, eventTime=1525715, downTime=1525715, deviceId=-1, source=0x101 }
01-06 23:49:50.720  1819  1819 V ViewRootImpl: IME finished event: seq=41431 handled=false event=android.view.ViewRootImpl$QueuedInputEvent@20f20f40
01-06 23:49:50.720  1819  1819 V ViewRootImpl: Sending key event to IME: seq=41432 event=KeyEvent { action=ACTION_DOWN, keyCode=KEYCODE_DPAD_UP, scanCode=0, metaState=0, flags=0x400, repeatCount=0, eventTime=1525715, downTime=1525715, deviceId=-1, source=0x101 }
01-06 23:49:50.720  1819  1819 V ViewRootImpl: IME finished event: seq=41432 handled=false event=android.view.ViewRootImpl$QueuedInputEvent@20efcb98
01-06 23:49:50.720  1819  1819 V ViewRootImpl: Sending key event to IME: seq=41433 event=KeyEvent { action=ACTION_UP, keyCode=KEYCODE_DPAD_UP, scanCode=0, metaState=0, flags=0x400, repeatCount=0, eventTime=1525715, downTime=1525715, deviceId=-1, source=0x101 }
01-06 23:49:50.720  1819  1819 V ViewRootImpl: IME finished event: seq=41433 handled=false event=android.view.ViewRootImpl$QueuedInputEvent@20ffb740
01-06 23:49:50.720  1819  1819 V ViewRootImpl: Sending key event to IME: seq=41434 event=KeyEvent { action=ACTION_DOWN, keyCode=KEYCODE_DPAD_CENTER, scanCode=0, metaState=0, flags=0x400, repeatCount=0, eventTime=1525717, downTime=1525717, deviceId=-1, source=0x101 }
01-06 23:49:50.720  1819  1819 V ViewRootImpl: IME finished event: seq=41434 handled=false event=android.view.ViewRootImpl$QueuedInputEvent@20f27f38
01-06 23:49:50.720  1819  1819 V ViewRootImpl: Sending key event to IME: seq=41435 event=KeyEvent { action=ACTION_UP, keyCode=KEYCODE_DPAD_CENTER, scanCode=0, metaState=0, flags=0x400, repeatCount=0, eventTime=1525719, downTime=1525719, deviceId=-1, source=0x101 }
01-06 23:49:50.730  1819  1819 V ViewRootImpl: IME finished event: seq=41435 handled=false event=android.view.ViewRootImpl$QueuedInputEvent@20efcbd0
01-06 23:49:50.730   147   147 D MPEG4Writer: Stopping Audio track
01-06 23:49:50.730   147   423 I AudioPolicyManagerBase: APM: getOutput
01-06 23:49:50.730   147  2276 I AudioPolicyManagerBase: APM: getOutput
01-06 23:49:50.730   147   527 I AudioPolicyManagerBase: APM: getOutput
01-06 23:49:50.730   147  6259 I MPEG4Writer: Received total/0-length (60/0) buffers and encoded 60 frames. - audio
01-06 23:49:50.730   147  6259 I MPEG4Writer: Audio track drift time: -10626 us
01-06 23:49:50.730   147   147 D MPEG4Writer: Stopping Audio track source
01-06 23:49:50.730   147   528 D AudioPolicyManagerALSA: startOutput() output 2, stream type 1, session 2823
01-06 23:49:50.830   147  6256 D RouteManager: stopStream: {+++ RECONSIDER ROUTING +++} due to input stream stop event
01-06 23:49:50.830   147   421 D AudioFlinger: reconfig due to o/p flag ?
01-06 23:49:50.830   147  6256 D RouteManager: reconsiderRouting
01-06 23:49:50.830   147  6256 D EVENT_THREAD: void CEventThread::trig(uint16_t): in
01-06 23:49:50.830   147   421 D AudioHardwareALSA: setStreamParameters: key value pair routing=2;stream_flags=2
01-06 23:49:50.830   147  6256 D EVENT_THREAD: void CEventThread::trig(uint16_t): out
01-06 23:49:50.830   147   399 D RouteManager: doReconsiderRouting:       Platform State:
01-06 23:49:50.830   147   399 D RouteManager: doReconsiderRouting:          -Modem Alive = 1 
01-06 23:49:50.830   147   399 D RouteManager: doReconsiderRouting:          -Modem Call Active = 0 
01-06 23:49:50.830   147   399 D RouteManager: doReconsiderRouting:          -Is Shared I2S glitch free=1 
01-06 23:49:50.830   147   399 D RouteManager: doReconsiderRouting:          -Android Telephony Mode = Normal 
01-06 23:49:50.830   147   399 D RouteManager: doReconsiderRouting:          -RTE MGR HW Mode = Normal 
01-06 23:49:50.830   147   399 D RouteManager: doReconsiderRouting:          -BT Enabled = 0 
01-06 23:49:50.830   147   399 D RouteManager: doReconsiderRouting:          -Platform output device = IHF 
01-06 23:49:50.830   147   399 D RouteManager: doReconsiderRouting:          -Platform input device = Main 
01-06 23:49:50.830   147   399 D RouteManager: doReconsiderRouting:          -Platform input source = Mic 
01-06 23:49:50.830   147   399 D RouteManager: doReconsiderRouting:          -Platform Band type = NB 
01-06 23:49:50.830   147   399 D RouteManager: doReconsiderRouting:          -Platform Has Direct Stream = no 
01-06 23:49:50.830   147   399 D RouteManager: doReconsiderRouting:          -Platform TTY direction = <none> 
01-06 23:49:50.830   147   399 D RouteManager: doReconsiderRouting:          -Platform HAC Mode = Off 
01-06 23:49:50.830   147   399 D RouteManager: doReconsiderRouting:          -Platform Screen State = On 
01-06 23:49:50.830   147   399 D RouteManager: doReconsiderRouting:      Route state:
01-06 23:49:50.830   147   399 D RouteManager: doReconsiderRouting:          -Previously Enabled Route in Input = Media|HwCodecMedia
01-06 23:49:50.830   147   399 D RouteManager: doReconsiderRouting:          -Previously Enabled Route in Output = Media|HwCodecMedia|VirtualASP
01-06 23:49:50.830   147   399 D RouteManager: doReconsiderRouting:          -Selected Route in Input = <none>
01-06 23:49:50.830   147   399 D RouteManager: doReconsiderRouting:          -Selected Route in Output = Media|HwCodecMedia|VirtualASP
01-06 23:49:50.830   147   399 D RouteManager: doReconsiderRouting:          -Route that need reconfiguration in Input = <none>
01-06 23:49:50.830   147   399 D RouteManager: doReconsiderRouting:          -Route that need reconfiguration in Output = <none>
01-06 23:49:50.830   147   399 D RouteManager: executeMuteStage: --------------- Routing Stage = Mute ---------------
01-06 23:49:50.830   147   399 D RouteManager: Selection criterion changed event: Criterion name: RoutageState, current state: Flow
01-06 23:49:50.830   147   399 D RouteManager: muteRoutes: Expected Routes to be muted in Input = Media|HwCodecMedia
01-06 23:49:50.830   147   399 D RouteManager: Selection criterion changed event: Criterion name: ClosingCaptureRoutes, current state: Media|HwCodecMedia
01-06 23:49:50.830   147   399 D RouteManager: Selection criterion changed event: Criterion name: OpenedCaptureRoutes, current state: <none>
01-06 23:49:50.830   147   399 D RouteManager: Configuration application request {
01-06 23:49:50.830   147   399 D RouteManager:     Applying configurations {
01-06 23:49:50.830   147   399 D RouteManager:     } Applying configurations
01-06 23:49:50.830   147   399 D RouteManager: } Configuration application request
01-06 23:49:50.830   147   399 D RouteManager: executeDisableStage: --------------- Routing Stage = Disable ---------------
01-06 23:49:50.830   147   399 D RouteManager: Selection criterion changed event: Criterion name: RoutageState, current state: Path
01-06 23:49:50.830   147   399 D RouteManager: disableRoutes: Routes to be disabled(unrouted) in Input = Media|HwCodecMedia
01-06 23:49:50.830   147   399 D RouteManager/StreamRoute: closePcmDevice called for card (cloverviewaudio,0)
01-06 23:49:50.830   147   399 D AudioStreamInALSA: checkAndRemoveAudioEffects list contains 0 effects
01-06 23:49:50.830   147   399 D ALSAStreamOps: detachRoute input stream
01-06 23:49:50.830   147   399 D RouteManager: Configuration application request {
01-06 23:49:50.830   147   399 D RouteManager:     Applying configurations {
01-06 23:49:50.830   147   399 D RouteManager:     } Applying configurations
01-06 23:49:50.830   147   399 D RouteManager: } Configuration application request
01-06 23:49:50.830   147   399 D RouteManager: executeConfigureStage: --------------- Routing Stage = Configure ---------------
01-06 23:49:50.830   147   399 D RouteManager: Selection criterion changed event: Criterion name: RoutageState, current state: Configure
01-06 23:49:50.830   147   399 D RouteManager: Selection criterion changed event: Criterion name: ClosingCaptureRoutes, current state: <none>
01-06 23:49:50.830   147   399 D RouteManager: Configuration application request {
01-06 23:49:50.830   147   399 D RouteManager:     Applying configurations {
01-06 23:49:50.830   147   399 D RouteManager:         Applying configuration "None" from domain "Routing.Configure.InputType"
01-06 23:49:50.830   147   399 D RouteManager:     } Applying configurations
01-06 23:49:50.830   147   399 D RouteManager: } Configuration application request
01-06 23:49:50.830   147   399 D RouteManager: executeEnableStage: --------------- Routing Stage = Enable ---------------
01-06 23:49:50.830   147   399 D RouteManager: Selection criterion changed event: Criterion name: RoutageState, current state: Path|Configure
01-06 23:49:50.830   147   399 D RouteManager: Configuration application request {
01-06 23:49:50.830   147   399 D RouteManager:     Applying configurations {
01-06 23:49:50.830   147   399 D RouteManager:     } Applying configurations
01-06 23:49:50.830   147   399 D RouteManager: } Configuration application request
01-06 23:49:50.830   147   399 D RouteManager: executeUnmuteStage: --------------- Routing Stage = Unmute ---------------
01-06 23:49:50.830   147   399 D RouteManager: Selection criterion changed event: Criterion name: RoutageState, current state: Flow|Path|Configure
01-06 23:49:50.830   147   399 D RouteManager: Configuration application request {
01-06 23:49:50.830   147   399 D RouteManager:     Applying configurations {
01-06 23:49:50.830   147   399 D RouteManager:     } Applying configurations
01-06 23:49:50.830   147   399 D RouteManager: } Configuration application request
01-06 23:49:50.830   147   399 D EVENT_THREAD: void CEventThread::run() Do poll with timeout: -1
01-06 23:49:50.830   147  6256 D RouteManager: reconsiderRouting: DONE
01-06 23:49:50.830   147   421 D RouteManager: setOutputFlags: output flags = 0x2 (Prev Flags=0x2)
01-06 23:49:50.830   147   421 D RouteManager: setDevices: set device = IHF to output stream
01-06 23:49:50.830   424   690 I WAKELOCK_RELEASE: TIMESTAMP=1525846435471, TAG=AudioIn_B06, TYPE=PARTIAL_WAKE_LOCK             , COUNT=0, PID=147, UID=1013
01-06 23:49:50.830   424   802 I WAKELOCK_ACQUIRE: TIMESTAMP=1525847597956, TAG=AudioIn_B06, TYPE=PARTIAL_WAKE_LOCK             , COUNT=0, PID=147, UID=1013
01-06 23:49:50.830   424   698 I WAKELOCK_RELEASE: TIMESTAMP=1525848835208, TAG=AudioIn_B06, TYPE=PARTIAL_WAKE_LOCK             , COUNT=0, PID=147, UID=1013
01-06 23:49:50.830   147   421 D RouteManager: setStreamParameters: identical Platform State, do not reconsider routing
01-06 23:49:50.830   147   147 D MPEG4Writer: Audio track stopped
01-06 23:49:50.830   147   147 D MPEG4Writer: Stopping writer thread
01-06 23:49:50.830   147  6258 D MPEG4Writer: 0 chunks are written in the last batch
01-06 23:49:50.830   147   147 D MPEG4Writer: Writer thread stopped
01-06 23:49:50.850   147   147 I MPEG4Writer: The mp4 file will not be streamable.
01-06 23:49:50.850   147   147 D MPEG4Writer: Stopping Audio track
01-06 23:49:50.850   424   696 I WAKELOCK_ACQUIRE: TIMESTAMP=1525863935118, TAG=AudioIn_B06, TYPE=PARTIAL_WAKE_LOCK             , COUNT=0, PID=147, UID=1013
01-06 23:49:50.850   424   435 I WAKELOCK_RELEASE: TIMESTAMP=1525864666556, TAG=AudioIn_B06, TYPE=PARTIAL_WAKE_LOCK             , COUNT=0, PID=147, UID=1013
01-06 23:49:50.850   424   656 I WAKELOCK_RELEASE: TIMESTAMP=1525865885509, TAG=SoundRecorder, TYPE=SCREEN_DIM_WAKE_LOCK          , COUNT=0, PID=1819, UID=10057
01-06 23:49:50.850   147   147 I cip_amrNBenc: USC Encoder plugin deleted
01-06 23:49:50.850  1819  1819 V ViewRootImpl: Sending key event to IME: seq=41436 event=KeyEvent { action=ACTION_DOWN, keyCode=KEYCODE_MENU, scanCode=0, metaState=0, flags=0x8, repeatCount=0, eventTime=1525809, downTime=1525809, deviceId=-1, source=0x101 }
01-06 23:49:50.860   147   421 D AudioResamplerIA: Create AudioResamplerIA Resampler: Input rate 44100, output rate 48000
01-06 23:49:50.860  1819  1819 W MediaRecorder: mediarecorder went away with unhandled events
01-06 23:49:50.870  1819  1819 V ViewRootImpl: IME finished event: seq=41436 handled=false event=android.view.ViewRootImpl$QueuedInputEvent@20f27f38
01-06 23:49:50.870  1819  1819 V ViewRootImpl: Sending key event to IME: seq=41437 event=KeyEvent { action=ACTION_UP, keyCode=KEYCODE_MENU, scanCode=0, metaState=0, flags=0x8, repeatCount=0, eventTime=1525810, downTime=1525810, deviceId=-1, source=0x101 }
01-06 23:49:50.870  1819  1819 I menu_opened: 0
01-06 23:49:50.870  1819  1819 V ViewRootImpl: IME finished event: seq=41437 handled=false event=android.view.ViewRootImpl$QueuedInputEvent@20f27f38
01-06 23:49:50.870   147   423 I AudioPolicyManagerBase: APM: getOutput
01-06 23:49:50.870   147   527 I AudioPolicyManagerBase: APM: getOutput
01-06 23:49:50.870   147  2276 I AudioPolicyManagerBase: APM: getOutput
01-06 23:49:50.880   147  2276 D AudioPolicyManagerALSA: startOutput() output 2, stream type 1, session 2824
01-06 23:49:50.910   424   439 D hwcomposer: isRGBOverlayLayer: got an RGB overlay layer
01-06 23:49:50.920   424   439 D hwcomposer: isRGBOverlayLayer: got an RGB overlay layer
01-06 23:49:50.920   147   421 D AudioResamplerIA: Create AudioResamplerIA Resampler: Input rate 44100, output rate 48000
01-06 23:49:50.940   424   439 D hwcomposer: isRGBOverlayLayer: got an RGB overlay layer
01-06 23:49:50.960   424   439 D hwcomposer: isRGBOverlayLayer: got an RGB overlay layer
01-06 23:49:50.970   424   439 D hwcomposer: isRGBOverlayLayer: got an RGB overlay layer
01-06 23:49:50.980   424   696 W InputMethodManagerService: Window already focused, ignoring focus gain of: com.android.internal.view.IInputMethodClient$Stub$Proxy@210d7838 attribute=android.view.inputmethod.EditorInfo@2100ac18, token = android.os.BinderProxy@20fb5298
01-06 23:49:50.990   424   439 D hwcomposer: isRGBOverlayLayer: got an RGB overlay layer
01-06 23:49:51.010   424   439 D hwcomposer: isRGBOverlayLayer: got an RGB overlay layer
01-06 23:49:51.030   424   439 D hwcomposer: isRGBOverlayLayer: got an RGB overlay layer
01-06 23:49:51.040   424   439 D hwcomposer: isRGBOverlayLayer: got an RGB overlay layer
01-06 23:49:51.060   424   439 D hwcomposer: isRGBOverlayLayer: got an RGB overlay layer
01-06 23:49:51.070  1819  1819 V ViewRootImpl: Sending key event to IME: seq=41440 event=KeyEvent { action=ACTION_DOWN, keyCode=KEYCODE_MENU, scanCode=0, metaState=0, flags=0x8, repeatCount=0, eventTime=1526087, downTime=1526087, deviceId=-1, source=0x101 }
01-06 23:49:51.080  1819  1819 V ViewRootImpl: IME finished event: seq=41440 handled=false event=android.view.ViewRootImpl$QueuedInputEvent@20f27f38
01-06 23:49:51.080  1819  1819 V ViewRootImpl: Sending key event to IME: seq=41441 event=KeyEvent { action=ACTION_UP, keyCode=KEYCODE_MENU, scanCode=0, metaState=0, flags=0x8, repeatCount=0, eventTime=1526089, downTime=1526089, deviceId=-1, source=0x101 }
01-06 23:49:51.080   424   439 D hwcomposer: isRGBOverlayLayer: got an RGB overlay layer
01-06 23:49:51.080  1819  1819 I menu_opened: 0
01-06 23:49:51.080  1819  1819 V ViewRootImpl: IME finished event: seq=41441 handled=false event=android.view.ViewRootImpl$QueuedInputEvent@20f27f38
01-06 23:49:51.080   147   527 I AudioPolicyManagerBase: APM: getOutput
01-06 23:49:51.090   147  2276 I AudioPolicyManagerBase: APM: getOutput
01-06 23:49:51.090   147   147 I AudioPolicyManagerBase: APM: getOutput
01-06 23:49:51.090   147   147 D AudioPolicyManagerALSA: startOutput() output 2, stream type 1, session 2825
01-06 23:49:51.090   424   514 I WifiHW  : CMD: SIGNAL_POLL
01-06 23:49:51.090   525   525 D wpa_supplicant: RX ctrl_iface - hexdump(len=11): 53 49 47 4e 41 4c 5f 50 4f 4c 4c
01-06 23:49:51.090   525   525 D wpa_supplicant: wlan0: Control interface command 'SIGNAL_POLL'
01-06 23:49:51.090   424   439 D hwcomposer: isRGBOverlayLayer: got an RGB overlay layer
01-06 23:49:51.100   424   488 I WAKELOCK_ACQUIRE: TIMESTAMP=1526113716829, TAG=AlarmManager, TYPE=PARTIAL_WAKE_LOCK             , COUNT=0, PID=424, UID=1000
01-06 23:49:51.100   424   449 I WAKELOCK_RELEASE: TIMESTAMP=1526118982455, TAG=AlarmManager, TYPE=PARTIAL_WAKE_LOCK             , COUNT=0, PID=424, UID=1000
01-06 23:49:51.100   424   449 V AlarmManager: triggered: act=android.intent.action.DOWNLOAD_WAKEUP flg=0x14
01-06 23:49:51.100   424   449 V AlarmManager: Pkg: com.android.providers.downloads
01-06 23:49:51.100  1819  1823 D dalvikvm: GC_CONCURRENT freed 3963K, 45% free 5242K/9512K, paused 2ms+1ms, total 25ms
01-06 23:49:51.110   525   525 D wpa_supplicant: nl80211: survey data missing!
01-06 23:49:51.110   424   514 I WifiHW  : REPLY: RSSI=-46
01-06 23:49:51.110   424   514 I WifiHW  : REPLY: LINKSPEED=65
01-06 23:49:51.110   424   514 I WifiHW  : REPLY: NOISE=9999
01-06 23:49:51.110   424   514 I WifiHW  : REPLY: FREQUENCY=0
01-06 23:49:51.110   424   439 D hwcomposer: isRGBOverlayLayer: got an RGB overlay layer
01-06 23:49:51.120   147   421 D AudioResamplerIA: Create AudioResamplerIA Resampler: Input rate 44100, output rate 48000
01-06 23:49:51.120   600  6263 I content_update_sample: [content://downloads/all_downloads/4,update,,7,,2]
01-06 23:49:51.130   424   439 D hwcomposer: isRGBOverlayLayer: got an RGB overlay layer
01-06 23:49:51.150   424   439 D hwcomposer: isRGBOverlayLayer: got an RGB overlay layer
01-06 23:49:51.160   424   439 D hwcomposer: isRGBOverlayLayer: got an RGB overlay layer
01-06 23:49:51.180   424   439 D hwcomposer: isRGBOverlayLayer: got an RGB overlay layer
01-06 23:49:51.200   424   439 D hwcomposer: isRGBOverlayLayer: got an RGB overlay layer
01-06 23:49:51.210   424   439 D hwcomposer: isRGBOverlayLayer: got an RGB overlay layer
01-06 23:49:51.230   424   439 D hwcomposer: isRGBOverlayLayer: got an RGB overlay layer
01-06 23:49:51.250   424   439 D hwcomposer: isRGBOverlayLayer: got an RGB overlay layer
01-06 23:49:51.270   424   439 D hwcomposer: isRGBOverlayLayer: got an RGB overlay layer
01-06 23:49:51.290   424   439 D hwcomposer: isRGBOverlayLayer: got an RGB overlay layer
01-06 23:49:51.300   424   439 D hwcomposer: isRGBOverlayLayer: got an RGB overlay layer
01-06 23:49:51.320   424   439 D hwcomposer: isRGBOverlayLayer: got an RGB overlay layer
01-06 23:49:51.330   424   439 D hwcomposer: isRGBOverlayLayer: got an RGB overlay layer
01-06 23:49:51.350   424   439 D hwcomposer: isRGBOverlayLayer: got an RGB overlay layer
01-06 23:49:51.380   424   439 D hwcomposer: isRGBOverlayLayer: got an RGB overlay layer
01-06 23:49:51.390   424   439 D hwcomposer: isRGBOverlayLayer: got an RGB overlay layer
01-06 23:49:51.400   424   690 W InputMethodManagerService: Window already focused, ignoring focus gain of: com.android.internal.view.IInputMethodClient$Stub$Proxy@20e16a60 attribute=null, token = android.os.BinderProxy@20fb5298
01-06 23:49:51.400   424   439 D hwcomposer: isRGBOverlayLayer: got an RGB overlay layer
01-06 23:49:51.440   424   439 D hwcomposer: isRGBOverlayLayer: got an RGB overlay layer
01-06 23:49:51.450   424   439 D hwcomposer: isRGBOverlayLayer: got an RGB overlay layer
01-06 23:49:51.470   424   439 D hwcomposer: isRGBOverlayLayer: got an RGB overlay layer
01-06 23:49:51.500   424   439 D hwcomposer: isRGBOverlayLayer: got an RGB overlay layer
01-06 23:49:51.500  1819  1819 V ViewRootImpl: Sending key event to IME: seq=41448 event=KeyEvent { action=ACTION_DOWN, keyCode=KEYCODE_DPAD_LEFT, scanCode=0, metaState=0, flags=0x8, repeatCount=0, eventTime=1526502, downTime=1526502, deviceId=-1, source=0x101 }
01-06 23:49:51.500  1819  1819 V ViewRootImpl: IME finished event: seq=41448 handled=false event=android.view.ViewRootImpl$QueuedInputEvent@20f27f38
01-06 23:49:51.500  1819  1819 V ViewRootImpl: Sending key event to IME: seq=41449 event=KeyEvent { action=ACTION_UP, keyCode=KEYCODE_DPAD_LEFT, scanCode=0, metaState=0, flags=0x8, repeatCount=0, eventTime=1526504, downTime=1526504, deviceId=-1, source=0x101 }
01-06 23:49:51.500  1819  1819 V ViewRootImpl: IME finished event: seq=41449 handled=false event=android.view.ViewRootImpl$QueuedInputEvent@20f27f38
01-06 23:49:51.510   424   439 D hwcomposer: isRGBOverlayLayer: got an RGB overlay layer
01-06 23:49:51.520   424   439 D hwcomposer: isRGBOverlayLayer: got an RGB overlay layer
01-06 23:49:51.540   424   439 D hwcomposer: isRGBOverlayLayer: got an RGB overlay layer
01-06 23:49:51.560   424   439 D hwcomposer: isRGBOverlayLayer: got an RGB overlay layer
01-06 23:49:51.570   424   439 D hwcomposer: isRGBOverlayLayer: got an RGB overlay layer
01-06 23:49:51.600   424   439 D hwcomposer: isRGBOverlayLayer: got an RGB overlay layer
01-06 23:49:51.610   424   439 D hwcomposer: isRGBOverlayLayer: got an RGB overlay layer
01-06 23:49:51.630   424   439 D hwcomposer: isRGBOverlayLayer: got an RGB overlay layer
01-06 23:49:51.640   424   439 D hwcomposer: isRGBOverlayLayer: got an RGB overlay layer
01-06 23:49:51.660   424   439 D hwcomposer: isRGBOverlayLayer: got an RGB overlay layer
01-06 23:49:51.710  1819  1819 V ViewRootImpl: Sending key event to IME: seq=41452 event=KeyEvent { action=ACTION_DOWN, keyCode=KEYCODE_NUMPAD_4, scanCode=0, metaState=0, flags=0x8, repeatCount=0, eventTime=1526713, downTime=1526713, deviceId=-1, source=0x101 }
01-06 23:49:51.710  1819  1819 V ViewRootImpl: IME finished event: seq=41452 handled=false event=android.view.ViewRootImpl$QueuedInputEvent@20f27f38
01-06 23:49:51.710  1819  1819 V ViewRootImpl: Sending key event to IME: seq=41453 event=KeyEvent { action=ACTION_DOWN, keyCode=KEYCODE_DPAD_LEFT, scanCode=0, metaState=0, flags=0x8, repeatCount=0, eventTime=1526713, downTime=1526713, deviceId=-1, source=0x101 }
01-06 23:49:51.710  1819  1819 V ViewRootImpl: IME finished event: seq=41453 handled=false event=android.view.ViewRootImpl$QueuedInputEvent@20f27f38
01-06 23:49:51.710  1819  1819 V ViewRootImpl: Sending key event to IME: seq=41454 event=KeyEvent { action=ACTION_UP, keyCode=KEYCODE_NUMPAD_4, scanCode=0, metaState=0, flags=0x8, repeatCount=0, eventTime=1526714, downTime=1526714, deviceId=-1, source=0x101 }
01-06 23:49:51.710  1819  1819 V ViewRootImpl: IME finished event: seq=41454 handled=false event=android.view.ViewRootImpl$QueuedInputEvent@20f27f38
01-06 23:49:51.710  1819  1819 V ViewRootImpl: Sending key event to IME: seq=41455 event=KeyEvent { action=ACTION_UP, keyCode=KEYCODE_DPAD_LEFT, scanCode=0, metaState=0, flags=0x8, repeatCount=0, eventTime=1526714, downTime=1526714, deviceId=-1, source=0x101 }
01-06 23:49:51.710  1819  1819 V ViewRootImpl: IME finished event: seq=41455 handled=false event=android.view.ViewRootImpl$QueuedInputEvent@20f27f38
01-06 23:49:51.810  1819  1819 V ViewRootImpl: Sending key event to IME: seq=41456 event=KeyEvent { action=ACTION_DOWN, keyCode=KEYCODE_DPAD_DOWN, scanCode=0, metaState=0, flags=0x8, repeatCount=0, eventTime=1526820, downTime=1526820, deviceId=-1, source=0x101 }
01-06 23:49:51.810  1819  1819 V ViewRootImpl: IME finished event: seq=41456 handled=false event=android.view.ViewRootImpl$QueuedInputEvent@20f27f38
01-06 23:49:51.810   147   147 I AudioPolicyManagerBase: APM: getOutput
01-06 23:49:51.810   147   528 I AudioPolicyManagerBase: APM: getOutput
01-06 23:49:51.810  1819  1819 V ViewRootImpl: Sending key event to IME: seq=41457 event=KeyEvent { action=ACTION_UP, keyCode=KEYCODE_DPAD_DOWN, scanCode=0, metaState=0, flags=0x8, repeatCount=0, eventTime=1526822, downTime=1526822, deviceId=-1, source=0x101 }
01-06 23:49:51.810   147  2275 I AudioPolicyManagerBase: APM: getOutput
01-06 23:49:51.810   147  2275 D AudioPolicyManagerALSA: startOutput() output 2, stream type 1, session 2826
01-06 23:49:51.810  1819  1819 V ViewRootImpl: IME finished event: seq=41457 handled=false event=android.view.ViewRootImpl$QueuedInputEvent@20f27f38
01-06 23:49:51.840   147   421 D AudioFlinger: reconfig due to o/p flag ?
01-06 23:49:51.840   147   421 D AudioHardwareALSA: setStreamParameters: key value pair routing=2;stream_flags=2
01-06 23:49:51.840   147   421 D RouteManager: setOutputFlags: output flags = 0x2 (Prev Flags=0x2)
01-06 23:49:51.840   147   421 D RouteManager: setDevices: set device = IHF to output stream
01-06 23:49:51.840   147   421 D RouteManager: setStreamParameters: identical Platform State, do not reconsider routing
01-06 23:49:51.860   147   421 D AudioResamplerIA: Create AudioResamplerIA Resampler: Input rate 44100, output rate 48000
01-06 23:49:52.060  1819  1819 V ViewRootImpl: Sending key event to IME: seq=41458 event=KeyEvent { action=ACTION_DOWN, keyCode=KEYCODE_DPAD_CENTER, scanCode=0, metaState=0, flags=0x8, repeatCount=0, eventTime=1527070, downTime=1527070, deviceId=-1, source=0x101 }
01-06 23:49:52.060  1819  1819 V ViewRootImpl: IME finished event: seq=41458 handled=false event=android.view.ViewRootImpl$QueuedInputEvent@20f27f38
01-06 23:49:52.060  1819  1819 V ViewRootImpl: Sending key event to IME: seq=41459 event=KeyEvent { action=ACTION_UP, keyCode=KEYCODE_DPAD_CENTER, scanCode=0, metaState=0, flags=0x8, repeatCount=0, eventTime=1527072, downTime=1527072, deviceId=-1, source=0x101 }
01-06 23:49:52.060  1819  1819 V ViewRootImpl: IME finished event: seq=41459 handled=false event=android.view.ViewRootImpl$QueuedInputEvent@20f27f38
01-06 23:49:52.060   147   528 I AudioPolicyManagerBase: APM: getOutput
01-06 23:49:52.060   147  2275 I AudioPolicyManagerBase: APM: getOutput
01-06 23:49:52.060   147   423 I AudioPolicyManagerBase: APM: getOutput
01-06 23:49:52.060  1065  1065 I LocalDevicePlayback: pause: transient=false, currentPos=0
01-06 23:49:52.070   424   753 I WAKELOCK_ACQUIRE: TIMESTAMP=1527079598176, TAG=com.google.android.music.playback.LocalDevicePlayback.mAsyncWakeLock, TYPE=PARTIAL_WAKE_LOCK             , COUNT=0, PID=1065, UID=10042
01-06 23:49:52.070   424   648 I WAKELOCK_RELEASE: TIMESTAMP=1527081166911, TAG=com.google.android.music.playback.LocalDevicePlayback.mAsyncWakeLock, TYPE=PARTIAL_WAKE_LOCK             , COUNT=0, PID=1065, UID=10042
01-06 23:49:52.070  1065  1080 I [74002] : [[1, DEFAULT],]
01-06 23:49:52.070   147   528 D AudioPolicyManagerALSA: startOutput() output 2, stream type 1, session 2827
01-06 23:49:52.070  1065  1080 D LocalDevicePlayback: Event logging MUSIC_PAUSE_PLAYBACK_REQUESTED: [1, DEFAULT]/
01-06 23:49:52.080   147   421 D AudioFlinger: reconfig due to o/p flag ?
01-06 23:49:52.080   147   421 D AudioHardwareALSA: setStreamParameters: key value pair routing=2;stream_flags=2
01-06 23:49:52.080   147   421 D RouteManager: setOutputFlags: output flags = 0x2 (Prev Flags=0x2)
01-06 23:49:52.080   147   421 D RouteManager: setDevices: set device = IHF to output stream
01-06 23:49:52.080   147   421 D RouteManager: setStreamParameters: identical Platform State, do not reconsider routing
01-06 23:49:52.080   147   527 D AudioHardwareALSA: openInputStream: IN
01-06 23:49:52.080   147   527 D ALSAStreamOps: set(requested channels: 0x10 (popcount returns 1))
01-06 23:49:52.080   147   527 D ALSAStreamOps: set: set channels to 0x10
01-06 23:49:52.080   147   527 D ALSAStreamOps: set(requested rate: 8000))
01-06 23:49:52.080   147   527 D ALSAStreamOps: set: set rate to 8000
01-06 23:49:52.080   147   527 D ALSAStreamOps: set(requested format: 1))
01-06 23:49:52.080   147   527 D ALSAStreamOps: set : set format to 1 (1)
01-06 23:49:52.080   147   527 D ALSAStreamOps: set() -- OUT
01-06 23:49:52.080   147   527 D AudioHardwareALSA: openInputStream: OUT status=0
01-06 23:49:52.080   147   527 D ALSAStreamOps: getBufferSize: latency = 80000 divider = 1
01-06 23:49:52.080   424   436 I WAKELOCK_ACQUIRE: TIMESTAMP=1527092671869, TAG=AudioIn_B0D, TYPE=PARTIAL_WAKE_LOCK             , COUNT=0, PID=147, UID=1013
01-06 23:49:52.080   424   424 I WAKELOCK_RELEASE: TIMESTAMP=1527093671756, TAG=AudioIn_B0D, TYPE=PARTIAL_WAKE_LOCK             , COUNT=0, PID=147, UID=1013
01-06 23:49:52.080   424   698 I WAKELOCK_ACQUIRE: TIMESTAMP=1527096413440, TAG=AudioIn_B0D, TYPE=PARTIAL_WAKE_LOCK             , COUNT=0, PID=147, UID=1013
01-06 23:49:52.080   147   527 D ALSAStreamOps: getBufferSize: 1280 (in bytes) for input stream
01-06 23:49:52.080   147   527 I cip_amrNBenc: USC Encoder plugin created, Media Codecs version: 1.0.2098
01-06 23:49:52.080   147   527 I MPEG4Writer: limits: 2147483647/0 bytes/us, bit rate: 12200 bps and the estimated moov size 3072 bytes
01-06 23:49:52.080   147  6266 D AudioStreamInALSA: setParameters in.
01-06 23:49:52.080   147  6266 D AudioHardwareALSA: setStreamParameters: key value pair input_source=1;routing=-2147483644
01-06 23:49:52.080   147  6266 D RouteManager: setDevices: set device = Main to input stream
01-06 23:49:52.080   147  6266 D RouteManager: setInputSource: inputSource = Mic
01-06 23:49:52.080   147  6266 D RouteManager: setStreamParameters: identical Platform State, do not reconsider routing
01-06 23:49:52.090   147  6266 D RouteManager: startStream: {+++ RECONSIDER ROUTING +++} due to input stream start event
01-06 23:49:52.090   147  6266 D RouteManager: reconsiderRouting
01-06 23:49:52.090   147  6266 D EVENT_THREAD: void CEventThread::trig(uint16_t): in
01-06 23:49:52.090   147  6266 D EVENT_THREAD: void CEventThread::trig(uint16_t): out
01-06 23:49:52.090   147   399 D RouteManager: doReconsiderRouting:       Platform State:
01-06 23:49:52.090   147   399 D RouteManager: doReconsiderRouting:          -Modem Alive = 1 
01-06 23:49:52.090   147   399 D RouteManager: doReconsiderRouting:          -Modem Call Active = 0 
01-06 23:49:52.090   147   399 D RouteManager: doReconsiderRouting:          -Is Shared I2S glitch free=1 
01-06 23:49:52.090   147   399 D RouteManager: doReconsiderRouting:          -Android Telephony Mode = Normal 
01-06 23:49:52.090   147   399 D RouteManager: doReconsiderRouting:          -RTE MGR HW Mode = Normal 
01-06 23:49:52.090   147   399 D RouteManager: doReconsiderRouting:          -BT Enabled = 0 
01-06 23:49:52.090   147   399 D RouteManager: doReconsiderRouting:          -Platform output device = IHF 
01-06 23:49:52.090   147   399 D RouteManager: doReconsiderRouting:          -Platform input device = Main 
01-06 23:49:52.090   147   399 D RouteManager: doReconsiderRouting:          -Platform input source = Mic 
01-06 23:49:52.090   147   399 D RouteManager: doReconsiderRouting:          -Platform Band type = NB 
01-06 23:49:52.090   147   399 D RouteManager: doReconsiderRouting:          -Platform Has Direct Stream = no 
01-06 23:49:52.090   147   399 D RouteManager: doReconsiderRouting:          -Platform TTY direction = <none> 
01-06 23:49:52.090   147   399 D RouteManager: doReconsiderRouting:          -Platform HAC Mode = Off 
01-06 23:49:52.090   147   399 D RouteManager: doReconsiderRouting:          -Platform Screen State = On 
01-06 23:49:52.090   147   399 D RouteManager: doReconsiderRouting:      Route state:
01-06 23:49:52.090   147   399 D RouteManager: doReconsiderRouting:          -Previously Enabled Route in Input = <none>
01-06 23:49:52.090   147   399 D RouteManager: doReconsiderRouting:          -Previously Enabled Route in Output = Media|HwCodecMedia|VirtualASP
01-06 23:49:52.090   147   399 D RouteManager: doReconsiderRouting:          -Selected Route in Input = Media|HwCodecMedia
01-06 23:49:52.090   147   399 D RouteManager: doReconsiderRouting:          -Selected Route in Output = Media|HwCodecMedia|VirtualASP
01-06 23:49:52.090   147   399 D RouteManager: doReconsiderRouting:          -Route that need reconfiguration in Input = <none>
01-06 23:49:52.090   147   399 D RouteManager: doReconsiderRouting:          -Route that need reconfiguration in Output = <none>
01-06 23:49:52.090   147   399 D RouteManager: executeMuteStage: --------------- Routing Stage = Mute ---------------
01-06 23:49:52.090   147   399 D RouteManager: Selection criterion changed event: Criterion name: RoutageState, current state: Flow
01-06 23:49:52.090   147   399 D RouteManager: Configuration application request {
01-06 23:49:52.090   147   399 D RouteManager:     Applying configurations {
01-06 23:49:52.090   147   399 D RouteManager:     } Applying configurations
01-06 23:49:52.090   147   399 D RouteManager: } Configuration application request
01-06 23:49:52.090   147   399 D RouteManager: executeDisableStage: --------------- Routing Stage = Disable ---------------
01-06 23:49:52.090   147   399 D RouteManager: Selection criterion changed event: Criterion name: RoutageState, current state: Path
01-06 23:49:52.090   147   399 D RouteManager: Configuration application request {
01-06 23:49:52.090   147   399 D RouteManager:     Applying configurations {
01-06 23:49:52.090   147   399 D RouteManager:     } Applying configurations
01-06 23:49:52.090   147   399 D RouteManager: } Configuration application request
01-06 23:49:52.090   147   399 D RouteManager: executeConfigureStage: --------------- Routing Stage = Configure ---------------
01-06 23:49:52.090   147   399 D RouteManager: Selection criterion changed event: Criterion name: RoutageState, current state: Configure
01-06 23:49:52.090   147   399 D RouteManager: Selection criterion changed event: Criterion name: OpenedCaptureRoutes, current state: Media|HwCodecMedia
01-06 23:49:52.090   147   399 D RouteManager: Configuration application request {
01-06 23:49:52.090   147   399 D RouteManager:     Applying configurations {
01-06 23:49:52.090   147   399 D RouteManager:         Applying configuration "Digital" from domain "Routing.Configure.InputType"
01-06 23:49:52.090   147   399 D RouteManager:     } Applying configurations
01-06 23:49:52.090   147   399 D RouteManager: } Configuration application request
01-06 23:49:52.090   147   399 D RouteManager: executeEnableStage: --------------- Routing Stage = Enable ---------------
01-06 23:49:52.090   147   399 D RouteManager: Selection criterion changed event: Criterion name: RoutageState, current state: Path|Configure
01-06 23:49:52.090   147   399 D RouteManager: Configuration application request {
01-06 23:49:52.090   147   399 D RouteManager:     Applying configurations {
01-06 23:49:52.090   147   399 D RouteManager:     } Applying configurations
01-06 23:49:52.090   147   399 D RouteManager: } Configuration application request
01-06 23:49:52.090   147   399 D RouteManager: enableRoutes: Routes to be enabled(routed) in Input = Media|HwCodecMedia
01-06 23:49:52.090   147   399 D RouteManager/StreamRoute: openPcmDevice called for card (cloverviewaudio,0)
01-06 23:49:52.090   147   399 D RouteManager/StreamRoute: openPcmDevice		 config=rate(48000), format(0), channels(2))
01-06 23:49:52.090   147   399 D RouteManager/StreamRoute: openPcmDevice		 period_size=1920, period_count=2
01-06 23:49:52.090   147   399 D RouteManager/StreamRoute: openPcmDevice		 startTh=1, stop Th=3840 silence Th=0
01-06 23:49:52.090   147   399 D ALSAStreamOps: attachRoute input stream
01-06 23:49:52.090   147   399 D AudioConversion: configure: SOURCE rate=48000 format=1 channels=2
01-06 23:49:52.090   147   399 D AudioConversion: configure: DST rate=8000 format=1 channels=1
01-06 23:49:52.090   147   399 D AudioConversion: doConfigureAndAddConverter: SOURCE rate=48000 format=1 channels=2
01-06 23:49:52.090   147   399 D AudioConversion: doConfigureAndAddConverter: DST rate=48000 format=1 channels=1
01-06 23:49:52.090   147   399 D AudioConversion: doConfigureAndAddConverter: SOURCE rate=48000 format=1 channels=1
01-06 23:49:52.090   147   399 D AudioConversion: doConfigureAndAddConverter: DST rate=8000 format=1 channels=1
01-06 23:49:52.090   147   399 D Resampler: doConfigure: SOURCE rate=48000 format=1 channels=1
01-06 23:49:52.090   147   399 D Resampler: doConfigure: DST rate=8000 format=1 channels=1
01-06 23:49:52.090   147   399 D AudioStreamInALSA: checkAndAddAudioEffects list contains 0 effects
01-06 23:49:52.090   147   399 D RouteManager: executeUnmuteStage: --------------- Routing Stage = Unmute ---------------
01-06 23:49:52.090   147   399 D RouteManager: Selection criterion changed event: Criterion name: RoutageState, current state: Flow|Path|Configure
01-06 23:49:52.090   147   399 D RouteManager: Configuration application request {
01-06 23:49:52.090   147   399 D RouteManager:     Applying configurations {
01-06 23:49:52.090   147   399 D RouteManager:     } Applying configurations
01-06 23:49:52.090   147   399 D RouteManager: } Configuration application request
01-06 23:49:52.090   147   399 D EVENT_THREAD: void CEventThread::run() Do poll with timeout: -1
01-06 23:49:52.090   147  6266 D RouteManager: reconsiderRouting: DONE
01-06 23:49:52.100   147   421 D AudioResamplerIA: Create AudioResamplerIA Resampler: Input rate 44100, output rate 48000
01-06 23:49:52.180   147  6269 I MPEG4Writer: setStartTimestampUs: 94510
01-06 23:49:52.180   424   802 I WAKELOCK_ACQUIRE: TIMESTAMP=1527190586474, TAG=SoundRecorder, TYPE=SCREEN_DIM_WAKE_LOCK          , COUNT=0, PID=1819, UID=10057
01-06 23:49:52.180   147  6269 I MPEG4Writer: Earliest track starting time: 94510
01-06 23:49:52.180  1819  1819 V ViewRootImpl: Sending key event to IME: seq=41460 event=KeyEvent { action=ACTION_DOWN, keyCode=KEYCODE_SWITCH_CHARSET, scanCode=0, metaState=0, flags=0x8, repeatCount=0, eventTime=1527175, downTime=1527175, deviceId=-1, source=0x101 }
01-06 23:49:52.190  1819  1819 V ViewRootImpl: IME finished event: seq=41460 handled=false event=android.view.ViewRootImpl$QueuedInputEvent@20f27f38
01-06 23:49:52.200  1819  1819 V ViewRootImpl: Sending key event to IME: seq=41461 event=KeyEvent { action=ACTION_UP, keyCode=KEYCODE_SWITCH_CHARSET, scanCode=0, metaState=0, flags=0x8, repeatCount=0, eventTime=1527195, downTime=1527195, deviceId=-1, source=0x101 }
01-06 23:49:52.200  1819  1819 V ViewRootImpl: IME finished event: seq=41461 handled=false event=android.view.ViewRootImpl$QueuedInputEvent@20f27f38
01-06 23:49:52.210    55    55 I KERNEL  : [ 1526.112604] SCU TRACE INFO: TT: 0x03A3B98B 
01-06 23:49:52.500  1819  1819 V ViewRootImpl: Sending trackball event to IME: seq=41464 event=MotionEvent { action=ACTION_MOVE, id[0]=0, x[0]=4.0, y[0]=2.0, toolType[0]=TOOL_TYPE_UNKNOWN, buttonState=0, metaState=0, flags=0x0, edgeFlags=0x0, pointerCount=1, historySize=9, eventTime=1527508, downTime=-1, deviceId=0, source=0x10004 }
01-06 23:49:52.500  1819  1819 V ViewRootImpl: IME finished event: seq=41464 handled=false event=android.view.ViewRootImpl$QueuedInputEvent@20f27f38
01-06 23:49:52.500  1819  1819 V ViewRootImpl: Sending key event to IME: seq=41465 event=KeyEvent { action=ACTION_DOWN, keyCode=KEYCODE_DPAD_RIGHT, scanCode=0, metaState=0, flags=0x400, repeatCount=0, eventTime=1527517, downTime=1527517, deviceId=-1, source=0x101 }
01-06 23:49:52.500  1819  1819 V ViewRootImpl: IME finished event: seq=41465 handled=false event=android.view.ViewRootImpl$QueuedInputEvent@20ffb740
01-06 23:49:52.510  1819  1819 V ViewRootImpl: Sending key event to IME: seq=41466 event=KeyEvent { action=ACTION_UP, keyCode=KEYCODE_DPAD_RIGHT, scanCode=0, metaState=0, flags=0x400, repeatCount=0, eventTime=1527517, downTime=1527517, deviceId=-1, source=0x101 }
01-06 23:49:52.510  1819  1819 V ViewRootImpl: IME finished event: seq=41466 handled=false event=android.view.ViewRootImpl$QueuedInputEvent@20efcb98
01-06 23:49:52.510  1819  1819 V ViewRootImpl: Sending key event to IME: seq=41467 event=KeyEvent { action=ACTION_DOWN, keyCode=KEYCODE_DPAD_RIGHT, scanCode=0, metaState=0, flags=0x400, repeatCount=0, eventTime=1527517, downTime=1527517, deviceId=-1, source=0x101 }
01-06 23:49:52.510  1819  1819 V ViewRootImpl: IME finished event: seq=41467 handled=false event=android.view.ViewRootImpl$QueuedInputEvent@20f20f40
01-06 23:49:52.510  1819  1819 V ViewRootImpl: Sending key event to IME: seq=41468 event=KeyEvent { action=ACTION_UP, keyCode=KEYCODE_DPAD_RIGHT, scanCode=0, metaState=0, flags=0x400, repeatCount=0, eventTime=1527517, downTime=1527517, deviceId=-1, source=0x101 }
01-06 23:49:52.510  1819  1819 V ViewRootImpl: IME finished event: seq=41468 handled=false event=android.view.ViewRootImpl$QueuedInputEvent@21010cf0
01-06 23:49:52.510  1819  1819 V ViewRootImpl: Sending key event to IME: seq=41469 event=KeyEvent { action=ACTION_DOWN, keyCode=KEYCODE_DPAD_RIGHT, scanCode=0, metaState=0, flags=0x400, repeatCount=0, eventTime=1527517, downTime=1527517, deviceId=-1, source=0x101 }
01-06 23:49:52.510  1819  1819 V ViewRootImpl: IME finished event: seq=41469 handled=false event=android.view.ViewRootImpl$QueuedInputEvent@21058f40
01-06 23:49:52.510  1819  1819 V ViewRootImpl: Sending key event to IME: seq=41470 event=KeyEvent { action=ACTION_UP, keyCode=KEYCODE_DPAD_RIGHT, scanCode=0, metaState=0, flags=0x400, repeatCount=0, eventTime=1527517, downTime=1527517, deviceId=-1, source=0x101 }
01-06 23:49:52.520  1819  1819 V ViewRootImpl: IME finished event: seq=41470 handled=false event=android.view.ViewRootImpl$QueuedInputEvent@21010d28
01-06 23:49:52.520  1819  1819 V ViewRootImpl: Sending key event to IME: seq=41471 event=KeyEvent { action=ACTION_DOWN, keyCode=KEYCODE_DPAD_RIGHT, scanCode=0, metaState=0, flags=0x400, repeatCount=0, eventTime=1527517, downTime=1527517, deviceId=-1, source=0x101 }
01-06 23:49:52.520  1819  1819 V ViewRootImpl: IME finished event: seq=41471 handled=false event=android.view.ViewRootImpl$QueuedInputEvent@20fb9f00
