01-06 23:49:52.520  1819  1819 V ViewRootImpl: Sending key event to IME: seq=41472 event=KeyEvent { action=ACTION_UP, keyCode=KEYCODE_DPAD_RIGHT, scanCode=0, metaState=0, flags=0x400, repeatCount=0, eventTime=1527517, downTime=1527517, deviceId=-1, source=0x101 }
01-06 23:49:52.520  1819  1819 V ViewRootImpl: IME finished event: seq=41472 handled=false event=android.view.ViewRootImpl$QueuedInputEvent@20ebc9d8
01-06 23:49:52.600  1819  1819 V ViewRootImpl: Sending key event to IME: seq=41473 event=KeyEvent { action=ACTION_DOWN, keyCode=KEYCODE_DPAD_CENTER, scanCode=0, metaState=0, flags=0x8, repeatCount=0, eventTime=1527612, downTime=1527612, deviceId=-1, source=0x101 }
01-06 23:49:52.600  1819  1819 V ViewRootImpl: IME finished event: seq=41473 handled=false event=android.view.ViewRootImpl$QueuedInputEvent@20ebc9d8
01-06 23:49:52.600  1819  1819 V ViewRootImpl: Sending key event to IME: seq=41474 event=KeyEvent { action=ACTION_UP, keyCode=KEYCODE_DPAD_CENTER, scanCode=0, metaState=0, flags=0x8, repeatCount=0, eventTime=1527614, downTime=1527614, deviceId=-1, source=0x101 }
01-06 23:49:52.610  1819  1819 V ViewRootImpl: IME finished event: seq=41474 handled=false event=android.view.ViewRootImpl$QueuedInputEvent@20ebc9d8
01-06 23:49:52.610   147  2276 D MPEG4Writer: Stopping Audio track
01-06 23:49:52.610   147   147 I AudioPolicyManagerBase: APM: getOutput
01-06 23:49:52.610   147   423 I AudioPolicyManagerBase: APM: getOutput
01-06 23:49:52.610   147  2275 I AudioPolicyManagerBase: APM: getOutput
01-06 23:49:52.610   147   528 D AudioPolicyManagerALSA: startOutput() output 2, stream type 1, session 2830
01-06 23:49:52.660   147  6269 I MPEG4Writer: Received total/0-length (21/0) buffers and encoded 21 frames. - audio
01-06 23:49:52.660   147  6269 I MPEG4Writer: Audio track drift time: -59261 us
01-06 23:49:52.660   147  2276 D MPEG4Writer: Stopping Audio track source
01-06 23:49:52.680   147   421 D AudioFlinger: reconfig due to o/p flag ?
01-06 23:49:52.680   147   421 D AudioHardwareALSA: setStreamParameters: key value pair routing=2;stream_flags=2
01-06 23:49:52.730   147   421 D RouteManager: setOutputFlags: output flags = 0x2 (Prev Flags=0x2)
01-06 23:49:52.730   147   421 D RouteManager: setDevices: set device = IHF to output stream
01-06 23:49:52.730   147   421 D RouteManager: setStreamParameters: identical Platform State, do not reconsider routing
01-06 23:49:52.730   147  6266 D RouteManager: stopStream: {+++ RECONSIDER ROUTING +++} due to input stream stop event
01-06 23:49:52.730   147  6266 D RouteManager: reconsiderRouting
01-06 23:49:52.730   147  6266 D EVENT_THREAD: void CEventThread::trig(uint16_t): in
01-06 23:49:52.730   147  6266 D EVENT_THREAD: void CEventThread::trig(uint16_t): out
01-06 23:49:52.740   147   399 D RouteManager: doReconsiderRouting:       Platform State:
01-06 23:49:52.740   147   399 D RouteManager: doReconsiderRouting:          -Modem Alive = 1 
01-06 23:49:52.740   147   399 D RouteManager: doReconsiderRouting:          -Modem Call Active = 0 
01-06 23:49:52.740   147   399 D RouteManager: doReconsiderRouting:          -Is Shared I2S glitch free=1 
01-06 23:49:52.740   147   399 D RouteManager: doReconsiderRouting:          -Android Telephony Mode = Normal 
01-06 23:49:52.740   147   399 D RouteManager: doReconsiderRouting:          -RTE MGR HW Mode = Normal 
01-06 23:49:52.740   147   399 D RouteManager: doReconsiderRouting:          -BT Enabled = 0 
01-06 23:49:52.740   147   399 D RouteManager: doReconsiderRouting:          -Platform output device = IHF 
01-06 23:49:52.740   147   399 D RouteManager: doReconsiderRouting:          -Platform input device = Main 
01-06 23:49:52.740   147   399 D RouteManager: doReconsiderRouting:          -Platform input source = Mic 
01-06 23:49:52.740   147   399 D RouteManager: doReconsiderRouting:          -Platform Band type = NB 
01-06 23:49:52.740   147   399 D RouteManager: doReconsiderRouting:          -Platform Has Direct Stream = no 
01-06 23:49:52.740   147   399 D RouteManager: doReconsiderRouting:          -Platform TTY direction = <none> 
01-06 23:49:52.740   147   399 D RouteManager: doReconsiderRouting:          -Platform HAC Mode = Off 
01-06 23:49:52.740   147   399 D RouteManager: doReconsiderRouting:          -Platform Screen State = On 
01-06 23:49:52.740   147   399 D RouteManager: doReconsiderRouting:      Route state:
01-06 23:49:52.740   147   399 D RouteManager: doReconsiderRouting:          -Previously Enabled Route in Input = Media|HwCodecMedia
01-06 23:49:52.740   147   399 D RouteManager: doReconsiderRouting:          -Previously Enabled Route in Output = Media|HwCodecMedia|VirtualASP
01-06 23:49:52.740   147   399 D RouteManager: doReconsiderRouting:          -Selected Route in Input = <none>
01-06 23:49:52.740   147   399 D RouteManager: doReconsiderRouting:          -Selected Route in Output = Media|HwCodecMedia|VirtualASP
01-06 23:49:52.740   147   399 D RouteManager: doReconsiderRouting:          -Route that need reconfiguration in Input = <none>
01-06 23:49:52.740   147   399 D RouteManager: doReconsiderRouting:          -Route that need reconfiguration in Output = <none>
01-06 23:49:52.740   147   399 D RouteManager: executeMuteStage: --------------- Routing Stage = Mute ---------------
01-06 23:49:52.740   147   399 D RouteManager: Selection criterion changed event: Criterion name: RoutageState, current state: Flow
01-06 23:49:52.740   147   399 D RouteManager: muteRoutes: Expected Routes to be muted in Input = Media|HwCodecMedia
01-06 23:49:52.740   147   399 D RouteManager: Selection criterion changed event: Criterion name: ClosingCaptureRoutes, current state: Media|HwCodecMedia
01-06 23:49:52.740   147   399 D RouteManager: Selection criterion changed event: Criterion name: OpenedCaptureRoutes, current state: <none>
01-06 23:49:52.740   147   399 D RouteManager: Configuration application request {
01-06 23:49:52.740   147   399 D RouteManager:     Applying configurations {
01-06 23:49:52.740   147   399 D RouteManager:     } Applying configurations
01-06 23:49:52.740   147   399 D RouteManager: } Configuration application request
01-06 23:49:52.740   147   399 D RouteManager: executeDisableStage: --------------- Routing Stage = Disable ---------------
01-06 23:49:52.740   147   399 D RouteManager: Selection criterion changed event: Criterion name: RoutageState, current state: Path
01-06 23:49:52.740   147   399 D RouteManager: disableRoutes: Routes to be disabled(unrouted) in Input = Media|HwCodecMedia
01-06 23:49:52.740   147   399 D RouteManager/StreamRoute: closePcmDevice called for card (cloverviewaudio,0)
01-06 23:49:52.740   147   399 D AudioStreamInALSA: checkAndRemoveAudioEffects list contains 0 effects
01-06 23:49:52.740   147   399 D ALSAStreamOps: detachRoute input stream
01-06 23:49:52.740   147   399 D RouteManager: Configuration application request {
01-06 23:49:52.740   147   399 D RouteManager:     Applying configurations {
01-06 23:49:52.740   147   399 D RouteManager:     } Applying configurations
01-06 23:49:52.740   147   399 D RouteManager: } Configuration application request
01-06 23:49:52.740   147   399 D RouteManager: executeConfigureStage: --------------- Routing Stage = Configure ---------------
01-06 23:49:52.740   147   399 D RouteManager: Selection criterion changed event: Criterion name: RoutageState, current state: Configure
01-06 23:49:52.740   147   399 D RouteManager: Selection criterion changed event: Criterion name: ClosingCaptureRoutes, current state: <none>
01-06 23:49:52.740   147   399 D RouteManager: Configuration application request {
01-06 23:49:52.740   147   399 D RouteManager:     Applying configurations {
01-06 23:49:52.740   147   399 D RouteManager:         Applying configuration "None" from domain "Routing.Configure.InputType"
01-06 23:49:52.740   147   399 D RouteManager:     } Applying configurations
01-06 23:49:52.740   147   399 D RouteManager: } Configuration application request
01-06 23:49:52.740   147   399 D RouteManager: executeEnableStage: --------------- Routing Stage = Enable ---------------
01-06 23:49:52.740   147   399 D RouteManager: Selection criterion changed event: Criterion name: RoutageState, current state: Path|Configure
01-06 23:49:52.740   147   399 D RouteManager: Configuration application request {
01-06 23:49:52.740   147   399 D RouteManager:     Applying configurations {
01-06 23:49:52.740   147   399 D RouteManager:     } Applying configurations
01-06 23:49:52.740   147   399 D RouteManager: } Configuration application request
01-06 23:49:52.740   147   399 D RouteManager: executeUnmuteStage: --------------- Routing Stage = Unmute ---------------
01-06 23:49:52.740   147   399 D RouteManager: Selection criterion changed event: Criterion name: RoutageState, current state: Flow|Path|Configure
01-06 23:49:52.740   147   399 D RouteManager: Configuration application request {
01-06 23:49:52.740   147   399 D RouteManager:     Applying configurations {
01-06 23:49:52.740   147   399 D RouteManager:     } Applying configurations
01-06 23:49:52.740   147   399 D RouteManager: } Configuration application request
01-06 23:49:52.740   147   399 D EVENT_THREAD: void CEventThread::run() Do poll with timeout: -1
01-06 23:49:52.740   147  6266 D RouteManager: reconsiderRouting: DONE
01-06 23:49:52.740   424   803 I WAKELOCK_RELEASE: TIMESTAMP=1527754354638, TAG=AudioIn_B0D, TYPE=PARTIAL_WAKE_LOCK             , COUNT=0, PID=147, UID=1013
01-06 23:49:52.740   424   656 I WAKELOCK_ACQUIRE: TIMESTAMP=1527755578661, TAG=AudioIn_B0D, TYPE=PARTIAL_WAKE_LOCK             , COUNT=0, PID=147, UID=1013
01-06 23:49:52.740   424   648 I WAKELOCK_RELEASE: TIMESTAMP=1527756593693, TAG=AudioIn_B0D, TYPE=PARTIAL_WAKE_LOCK             , COUNT=0, PID=147, UID=1013
01-06 23:49:52.740   147   421 D AudioResamplerIA: Create AudioResamplerIA Resampler: Input rate 44100, output rate 48000
01-06 23:49:52.740   147  2276 D MPEG4Writer: Audio track stopped
01-06 23:49:52.740   147  2276 D MPEG4Writer: Stopping writer thread
01-06 23:49:52.740   147  6268 D MPEG4Writer: 0 chunks are written in the last batch
01-06 23:49:52.740   147  2276 D MPEG4Writer: Writer thread stopped
01-06 23:49:52.750   147  2276 I MPEG4Writer: The mp4 file will not be streamable.
01-06 23:49:52.750   147  2276 D MPEG4Writer: Stopping Audio track
01-06 23:49:52.750   147  2276 I cip_amrNBenc: USC Encoder plugin deleted
01-06 23:49:52.760   424   808 I WAKELOCK_ACQUIRE: TIMESTAMP=1527769283771, TAG=AudioIn_B0D, TYPE=PARTIAL_WAKE_LOCK             , COUNT=0, PID=147, UID=1013
01-06 23:49:52.760   424   435 I WAKELOCK_RELEASE: TIMESTAMP=1527770109920, TAG=AudioIn_B0D, TYPE=PARTIAL_WAKE_LOCK             , COUNT=0, PID=147, UID=1013
01-06 23:49:52.800   424   690 I WAKELOCK_RELEASE: TIMESTAMP=1527811048367, TAG=SoundRecorder, TYPE=SCREEN_DIM_WAKE_LOCK          , COUNT=0, PID=1819, UID=10057
01-06 23:49:52.810  1819  1819 W MediaRecorder: mediarecorder went away with unhandled events
01-06 23:49:53.030  1819  1819 V ViewRootImpl: Sending trackball event to IME: seq=41483 event=MotionEvent { action=ACTION_MOVE, id[0]=0, x[0]=-2.0, y[0]=-3.0, toolType[0]=TOOL_TYPE_UNKNOWN, buttonState=0, metaState=0, flags=0x0, edgeFlags=0x0, pointerCount=1, historySize=6, eventTime=1528040, downTime=-1, deviceId=0, source=0x10004 }
01-06 23:49:53.030  1819  1819 V ViewRootImpl: IME finished event: seq=41483 handled=false event=android.view.ViewRootImpl$QueuedInputEvent@20ebc9d8
01-06 23:49:53.030  1819  1819 V ViewRootImpl: Sending key event to IME: seq=41484 event=KeyEvent { action=ACTION_DOWN, keyCode=KEYCODE_DPAD_UP, scanCode=0, metaState=0, flags=0x400, repeatCount=0, eventTime=1528047, downTime=1528047, deviceId=-1, source=0x101 }
01-06 23:49:53.030  1819  1819 V ViewRootImpl: IME finished event: seq=41484 handled=false event=android.view.ViewRootImpl$QueuedInputEvent@20fb9f00
01-06 23:49:53.040  1819  1819 V ViewRootImpl: Sending key event to IME: seq=41485 event=KeyEvent { action=ACTION_UP, keyCode=KEYCODE_DPAD_UP, scanCode=0, metaState=0, flags=0x400, repeatCount=0, eventTime=1528047, downTime=1528047, deviceId=-1, source=0x101 }
01-06 23:49:53.040  1819  1819 V ViewRootImpl: IME finished event: seq=41485 handled=false event=android.view.ViewRootImpl$QueuedInputEvent@21010d28
01-06 23:49:53.040  1819  1819 V ViewRootImpl: Sending key event to IME: seq=41486 event=KeyEvent { action=ACTION_DOWN, keyCode=KEYCODE_DPAD_UP, scanCode=0, metaState=0, flags=0x400, repeatCount=0, eventTime=1528047, downTime=1528047, deviceId=-1, source=0x101 }
01-06 23:49:53.040  1819  1819 V ViewRootImpl: IME finished event: seq=41486 handled=false event=android.view.ViewRootImpl$QueuedInputEvent@21058f40
01-06 23:49:53.040  1819  1819 V ViewRootImpl: Sending key event to IME: seq=41487 event=KeyEvent { action=ACTION_UP, keyCode=KEYCODE_DPAD_UP, scanCode=0, metaState=0, flags=0x400, repeatCount=0, eventTime=1528047, downTime=1528047, deviceId=-1, source=0x101 }
01-06 23:49:53.040  1819  1819 V ViewRootImpl: IME finished event: seq=41487 handled=false event=android.view.ViewRootImpl$QueuedInputEvent@21010cf0
01-06 23:49:53.040  1819  1819 V ViewRootImpl: Sending key event to IME: seq=41488 event=KeyEvent { action=ACTION_DOWN, keyCode=KEYCODE_DPAD_UP, scanCode=0, metaState=0, flags=0x400, repeatCount=0, eventTime=1528047, downTime=1528047, deviceId=-1, source=0x101 }
01-06 23:49:53.040  1819  1819 V ViewRootImpl: IME finished event: seq=41488 handled=false event=android.view.ViewRootImpl$QueuedInputEvent@20f20f40
01-06 23:49:53.040  1819  1819 V ViewRootImpl: Sending key event to IME: seq=41489 event=KeyEvent { action=ACTION_UP, keyCode=KEYCODE_DPAD_UP, scanCode=0, metaState=0, flags=0x400, repeatCount=0, eventTime=1528047, downTime=1528047, deviceId=-1, source=0x101 }
01-06 23:49:53.050  1819  1819 V ViewRootImpl: IME finished event: seq=41489 handled=false event=android.view.ViewRootImpl$QueuedInputEvent@20efcb98
01-06 23:49:53.050  1819  1819 V ViewRootImpl: Sending trackball event to IME: seq=41490 event=MotionEvent { action=ACTION_MOVE, id[0]=0, x[0]=3.0, y[0]=-1.0, toolType[0]=TOOL_TYPE_UNKNOWN, buttonState=0, metaState=0, flags=0x0, edgeFlags=0x0, pointerCount=1, historySize=2, eventTime=1528042, downTime=-1, deviceId=0, source=0x10004 }
01-06 23:49:53.050  1819  1819 V ViewRootImpl: IME finished event: seq=41490 handled=false event=android.view.ViewRootImpl$QueuedInputEvent@20efcb98
01-06 23:49:53.050  1819  1819 V ViewRootImpl: Sending key event to IME: seq=41491 event=KeyEvent { action=ACTION_DOWN, keyCode=KEYCODE_DPAD_RIGHT, scanCode=0, metaState=0, flags=0x400, repeatCount=0, eventTime=1528068, downTime=1528068, deviceId=-1, source=0x101 }
01-06 23:49:53.060  1819  1819 V ViewRootImpl: IME finished event: seq=41491 handled=false event=android.view.ViewRootImpl$QueuedInputEvent@20f20f40
01-06 23:49:53.060  1819  1819 V ViewRootImpl: Sending key event to IME: seq=41492 event=KeyEvent { action=ACTION_UP, keyCode=KEYCODE_DPAD_RIGHT, scanCode=0, metaState=0, flags=0x400, repeatCount=0, eventTime=1528068, downTime=1528068, deviceId=-1, source=0x101 }
01-06 23:49:53.060  1819  1819 V ViewRootImpl: IME finished event: seq=41492 handled=false event=android.view.ViewRootImpl$QueuedInputEvent@21010cf0
01-06 23:49:53.060  1819  1819 V ViewRootImpl: Sending key event to IME: seq=41493 event=KeyEvent { action=ACTION_DOWN, keyCode=KEYCODE_DPAD_RIGHT, scanCode=0, metaState=0, flags=0x400, repeatCount=0, eventTime=1528068, downTime=1528068, deviceId=-1, source=0x101 }
01-06 23:49:53.060  1819  1819 V ViewRootImpl: IME finished event: seq=41493 handled=false event=android.view.ViewRootImpl$QueuedInputEvent@21058f40
01-06 23:49:53.060  1819  1819 V ViewRootImpl: Sending key event to IME: seq=41494 event=KeyEvent { action=ACTION_UP, keyCode=KEYCODE_DPAD_RIGHT, scanCode=0, metaState=0, flags=0x400, repeatCount=0, eventTime=1528068, downTime=1528068, deviceId=-1, source=0x101 }
01-06 23:49:53.060  1819  1819 V ViewRootImpl: IME finished event: seq=41494 handled=false event=android.view.ViewRootImpl$QueuedInputEvent@21010d28
01-06 23:49:53.060  1819  1819 V ViewRootImpl: Sending key event to IME: seq=41495 event=KeyEvent { action=ACTION_DOWN, keyCode=KEYCODE_DPAD_RIGHT, scanCode=0, metaState=0, flags=0x400, repeatCount=0, eventTime=1528068, downTime=1528068, deviceId=-1, source=0x101 }
01-06 23:49:53.060  1819  1819 V ViewRootImpl: IME finished event: seq=41495 handled=false event=android.view.ViewRootImpl$QueuedInputEvent@20fb9f00
01-06 23:49:53.060  1819  1819 V ViewRootImpl: Sending key event to IME: seq=41496 event=KeyEvent { action=ACTION_UP, keyCode=KEYCODE_DPAD_RIGHT, scanCode=0, metaState=0, flags=0x400, repeatCount=0, eventTime=1528068, downTime=1528068, deviceId=-1, source=0x101 }
01-06 23:49:53.070  1819  1819 V ViewRootImpl: IME finished event: seq=41496 handled=false event=android.view.ViewRootImpl$QueuedInputEvent@20ebc9d8
01-06 23:49:53.070  1819  1819 V ViewRootImpl: Sending key event to IME: seq=41497 event=KeyEvent { action=ACTION_DOWN, keyCode=KEYCODE_DPAD_LEFT, scanCode=0, metaState=0, flags=0x8, repeatCount=0, eventTime=1528043, downTime=1528043, deviceId=-1, source=0x101 }
01-06 23:49:53.070  1819  1819 V ViewRootImpl: IME finished event: seq=41497 handled=false event=android.view.ViewRootImpl$QueuedInputEvent@20efcb98
01-06 23:49:53.070  1819  1819 V ViewRootImpl: Sending key event to IME: seq=41498 event=KeyEvent { action=ACTION_UP, keyCode=KEYCODE_DPAD_LEFT, scanCode=0, metaState=0, flags=0x8, repeatCount=0, eventTime=1528069, downTime=1528069, deviceId=-1, source=0x101 }
01-06 23:49:53.070  1819  1819 V ViewRootImpl: IME finished event: seq=41498 handled=false event=android.view.ViewRootImpl$QueuedInputEvent@20efcb98
01-06 23:49:53.290  1819  1819 V ViewRootImpl: Sending trackball event to IME: seq=41501 event=MotionEvent { action=ACTION_MOVE, id[0]=0, x[0]=2.0, y[0]=2.0, toolType[0]=TOOL_TYPE_UNKNOWN, buttonState=0, metaState=0, flags=0x0, edgeFlags=0x0, pointerCount=1, historySize=10, eventTime=1528297, downTime=-1, deviceId=0, source=0x10004 }
01-06 23:49:53.290  1819  1819 V ViewRootImpl: IME finished event: seq=41501 handled=false event=android.view.ViewRootImpl$QueuedInputEvent@20efcb98
01-06 23:49:53.290  1819  1819 V ViewRootImpl: Sending key event to IME: seq=41502 event=KeyEvent { action=ACTION_DOWN, keyCode=KEYCODE_DPAD_DOWN, scanCode=0, metaState=0, flags=0x400, repeatCount=0, eventTime=1528304, downTime=1528304, deviceId=-1, source=0x101 }
01-06 23:49:53.290  1819  1819 V ViewRootImpl: IME finished event: seq=41502 handled=false event=android.view.ViewRootImpl$QueuedInputEvent@20ebc9d8
01-06 23:49:53.290  1819  1819 V ViewRootImpl: Sending key event to IME: seq=41503 event=KeyEvent { action=ACTION_UP, keyCode=KEYCODE_DPAD_DOWN, scanCode=0, metaState=0, flags=0x400, repeatCount=0, eventTime=1528304, downTime=1528304, deviceId=-1, source=0x101 }
01-06 23:49:53.290  1819  1819 V ViewRootImpl: IME finished event: seq=41503 handled=false event=android.view.ViewRootImpl$QueuedInputEvent@20fb9f00
01-06 23:49:53.290  1819  1819 V ViewRootImpl: Sending key event to IME: seq=41504 event=KeyEvent { action=ACTION_DOWN, keyCode=KEYCODE_DPAD_DOWN, scanCode=0, metaState=0, flags=0x400, repeatCount=0, eventTime=1528305, downTime=1528305, deviceId=-1, source=0x101 }
01-06 23:49:53.300  1819  1819 V ViewRootImpl: IME finished event: seq=41504 handled=false event=android.view.ViewRootImpl$QueuedInputEvent@21010d28
01-06 23:49:53.300  1819  1819 V ViewRootImpl: Sending key event to IME: seq=41505 event=KeyEvent { action=ACTION_UP, keyCode=KEYCODE_DPAD_DOWN, scanCode=0, metaState=0, flags=0x400, repeatCount=0, eventTime=1528305, downTime=1528305, deviceId=-1, source=0x101 }
01-06 23:49:53.300  1819  1819 V ViewRootImpl: IME finished event: seq=41505 handled=false event=android.view.ViewRootImpl$QueuedInputEvent@21058f40
01-06 23:49:53.310  1819  1819 V ViewRootImpl: Sending trackball event to IME: seq=41506 event=MotionEvent { action=ACTION_MOVE, id[0]=0, x[0]=-2.0, y[0]=1.0, toolType[0]=TOOL_TYPE_UNKNOWN, buttonState=0, metaState=0, flags=0x0, edgeFlags=0x0, pointerCount=1, historySize=8, eventTime=1528303, downTime=-1, deviceId=0, source=0x10004 }
01-06 23:49:53.310  1819  1819 V ViewRootImpl: IME finished event: seq=41506 handled=false event=android.view.ViewRootImpl$QueuedInputEvent@21058f40
01-06 23:49:53.310  1819  1819 V ViewRootImpl: Sending key event to IME: seq=41507 event=KeyEvent { action=ACTION_DOWN, keyCode=KEYCODE_DPAD_LEFT, scanCode=0, metaState=0, flags=0x400, repeatCount=0, eventTime=1528324, downTime=1528324, deviceId=-1, source=0x101 }
01-06 23:49:53.310  1819  1819 V ViewRootImpl: IME finished event: seq=41507 handled=false event=android.view.ViewRootImpl$QueuedInputEvent@21010d28
01-06 23:49:53.310  1819  1819 V ViewRootImpl: Sending key event to IME: seq=41508 event=KeyEvent { action=ACTION_UP, keyCode=KEYCODE_DPAD_LEFT, scanCode=0, metaState=0, flags=0x400, repeatCount=0, eventTime=1528324, downTime=1528324, deviceId=-1, source=0x101 }
01-06 23:49:53.310  1819  1819 V ViewRootImpl: IME finished event: seq=41508 handled=false event=android.view.ViewRootImpl$QueuedInputEvent@20fb9f00
01-06 23:49:53.310  1819  1819 V ViewRootImpl: Sending key event to IME: seq=41509 event=KeyEvent { action=ACTION_DOWN, keyCode=KEYCODE_DPAD_LEFT, scanCode=0, metaState=0, flags=0x400, repeatCount=0, eventTime=1528324, downTime=1528324, deviceId=-1, source=0x101 }
01-06 23:49:53.320  1819  1819 V ViewRootImpl: IME finished event: seq=41509 handled=false event=android.view.ViewRootImpl$QueuedInputEvent@20ebc9d8
01-06 23:49:53.320  1819  1819 V ViewRootImpl: Sending key event to IME: seq=41510 event=KeyEvent { action=ACTION_UP, keyCode=KEYCODE_DPAD_LEFT, scanCode=0, metaState=0, flags=0x400, repeatCount=0, eventTime=1528324, downTime=1528324, deviceId=-1, source=0x101 }
01-06 23:49:53.320  1819  1819 V ViewRootImpl: IME finished event: seq=41510 handled=false event=android.view.ViewRootImpl$QueuedInputEvent@20efcb98
01-06 23:49:53.320  1819  1819 V ViewRootImpl: Sending key event to IME: seq=41511 event=KeyEvent { action=ACTION_DOWN, keyCode=KEYCODE_DPAD_UP, scanCode=0, metaState=0, flags=0x8, repeatCount=0, eventTime=1528303, downTime=1528303, deviceId=-1, source=0x101 }
01-06 23:49:53.320  1819  1819 V ViewRootImpl: IME finished event: seq=41511 handled=false event=android.view.ViewRootImpl$QueuedInputEvent@21058f40
01-06 23:49:53.320  1819  1819 V ViewRootImpl: Sending key event to IME: seq=41512 event=KeyEvent { action=ACTION_UP, keyCode=KEYCODE_DPAD_UP, scanCode=0, metaState=0, flags=0x8, repeatCount=0, eventTime=1528325, downTime=1528325, deviceId=-1, source=0x101 }
01-06 23:49:53.320  1819  1819 V ViewRootImpl: IME finished event: seq=41512 handled=false event=android.view.ViewRootImpl$QueuedInputEvent@21058f40
01-06 23:49:53.550  1819  1819 V ViewRootImpl: Sending trackball event to IME: seq=41517 event=MotionEvent { action=ACTION_MOVE, id[0]=0, x[0]=-3.0, y[0]=-4.0, toolType[0]=TOOL_TYPE_UNKNOWN, buttonState=0, metaState=0, flags=0x0, edgeFlags=0x0, pointerCount=1, historySize=9, eventTime=1528546, downTime=-1, deviceId=0, source=0x10004 }
01-06 23:49:53.550  1819  1819 V ViewRootImpl: IME finished event: seq=41517 handled=false event=android.view.ViewRootImpl$QueuedInputEvent@21058f40
01-06 23:49:53.550  1819  1819 V ViewRootImpl: Sending key event to IME: seq=41518 event=KeyEvent { action=ACTION_MULTIPLE, keyCode=KEYCODE_DPAD_UP, scanCode=0, metaState=0, flags=0x400, repeatCount=2, eventTime=1528562, downTime=1528562, deviceId=-1, source=0x101 }
01-06 23:49:53.550  1819  1819 V ViewRootImpl: IME finished event: seq=41518 handled=false event=android.view.ViewRootImpl$QueuedInputEvent@20efcb98
01-06 23:49:53.550  1819  1819 V ViewRootImpl: Sending key event to IME: seq=41519 event=KeyEvent { action=ACTION_DOWN, keyCode=KEYCODE_DPAD_UP, scanCode=0, metaState=0, flags=0x400, repeatCount=0, eventTime=1528562, downTime=1528562, deviceId=-1, source=0x101 }
01-06 23:49:53.550  1819  1819 V ViewRootImpl: IME finished event: seq=41519 handled=false event=android.view.ViewRootImpl$QueuedInputEvent@20ebc9d8
01-06 23:49:53.550  1819  1819 V ViewRootImpl: Sending key event to IME: seq=41520 event=KeyEvent { action=ACTION_UP, keyCode=KEYCODE_DPAD_UP, scanCode=0, metaState=0, flags=0x400, repeatCount=0, eventTime=1528562, downTime=1528562, deviceId=-1, source=0x101 }
01-06 23:49:53.550  1819  1819 V ViewRootImpl: IME finished event: seq=41520 handled=false event=android.view.ViewRootImpl$QueuedInputEvent@20fb9f00
01-06 23:49:53.550  1819  1819 V ViewRootImpl: Sending key event to IME: seq=41521 event=KeyEvent { action=ACTION_DOWN, keyCode=KEYCODE_DPAD_UP, scanCode=0, metaState=0, flags=0x400, repeatCount=0, eventTime=1528562, downTime=1528562, deviceId=-1, source=0x101 }
01-06 23:49:53.560  1819  1819 V ViewRootImpl: IME finished event: seq=41521 handled=false event=android.view.ViewRootImpl$QueuedInputEvent@21010d28
01-06 23:49:53.560  1819  1819 V ViewRootImpl: Sending key event to IME: seq=41522 event=KeyEvent { action=ACTION_UP, keyCode=KEYCODE_DPAD_UP, scanCode=0, metaState=0, flags=0x400, repeatCount=0, eventTime=1528562, downTime=1528562, deviceId=-1, source=0x101 }
01-06 23:49:53.560  1819  1819 V ViewRootImpl: IME finished event: seq=41522 handled=false event=android.view.ViewRootImpl$QueuedInputEvent@21010cf0
01-06 23:49:53.560  1819  1819 V ViewRootImpl: Sending key event to IME: seq=41523 event=KeyEvent { action=ACTION_DOWN, keyCode=KEYCODE_DPAD_UP, scanCode=0, metaState=0, flags=0x400, repeatCount=0, eventTime=1528562, downTime=1528562, deviceId=-1, source=0x101 }
01-06 23:49:53.560  1819  1819 V ViewRootImpl: IME finished event: seq=41523 handled=false event=android.view.ViewRootImpl$QueuedInputEvent@20f20f40
01-06 23:49:53.560  1819  1819 V ViewRootImpl: Sending key event to IME: seq=41524 event=KeyEvent { action=ACTION_UP, keyCode=KEYCODE_DPAD_UP, scanCode=0, metaState=0, flags=0x400, repeatCount=0, eventTime=1528562, downTime=1528562, deviceId=-1, source=0x101 }
01-06 23:49:53.560  1819  1819 V ViewRootImpl: IME finished event: seq=41524 handled=false event=android.view.ViewRootImpl$QueuedInputEvent@20ffb740
01-06 23:49:53.650  1819  1819 V ViewRootImpl: Sending trackball event to IME: seq=41525 event=MotionEvent { action=ACTION_MOVE, id[0]=0, x[0]=1.0, y[0]=3.0, toolType[0]=TOOL_TYPE_UNKNOWN, buttonState=0, metaState=0, flags=0x0, edgeFlags=0x0, pointerCount=1, historySize=9, eventTime=1528657, downTime=-1, deviceId=0, source=0x10004 }
01-06 23:49:53.650  1819  1819 V ViewRootImpl: IME finished event: seq=41525 handled=false event=android.view.ViewRootImpl$QueuedInputEvent@20ffb740
01-06 23:49:53.650  1819  1819 V ViewRootImpl: Sending key event to IME: seq=41526 event=KeyEvent { action=ACTION_DOWN, keyCode=KEYCODE_DPAD_DOWN, scanCode=0, metaState=0, flags=0x400, repeatCount=0, eventTime=1528665, downTime=1528665, deviceId=-1, source=0x101 }
01-06 23:49:53.650  1819  1819 V ViewRootImpl: IME finished event: seq=41526 handled=false event=android.view.ViewRootImpl$QueuedInputEvent@20f20f40
01-06 23:49:53.650  1819  1819 V ViewRootImpl: Sending key event to IME: seq=41527 event=KeyEvent { action=ACTION_UP, keyCode=KEYCODE_DPAD_DOWN, scanCode=0, metaState=0, flags=0x400, repeatCount=0, eventTime=1528665, downTime=1528665, deviceId=-1, source=0x101 }
01-06 23:49:53.650  1819  1819 V ViewRootImpl: IME finished event: seq=41527 handled=false event=android.view.ViewRootImpl$QueuedInputEvent@21010cf0
01-06 23:49:53.650  1819  1819 V ViewRootImpl: Sending key event to IME: seq=41528 event=KeyEvent { action=ACTION_DOWN, keyCode=KEYCODE_DPAD_DOWN, scanCode=0, metaState=0, flags=0x400, repeatCount=0, eventTime=1528665, downTime=1528665, deviceId=-1, source=0x101 }
01-06 23:49:53.660  1819  1819 V ViewRootImpl: IME finished event: seq=41528 handled=false event=android.view.ViewRootImpl$QueuedInputEvent@21010d28
01-06 23:49:53.660  1819  1819 V ViewRootImpl: Sending key event to IME: seq=41529 event=KeyEvent { action=ACTION_UP, keyCode=KEYCODE_DPAD_DOWN, scanCode=0, metaState=0, flags=0x400, repeatCount=0, eventTime=1528665, downTime=1528665, deviceId=-1, source=0x101 }
01-06 23:49:53.660  1819  1819 V ViewRootImpl: IME finished event: seq=41529 handled=false event=android.view.ViewRootImpl$QueuedInputEvent@20fb9f00
01-06 23:49:53.660  1819  1819 V ViewRootImpl: Sending key event to IME: seq=41530 event=KeyEvent { action=ACTION_DOWN, keyCode=KEYCODE_DPAD_DOWN, scanCode=0, metaState=0, flags=0x400, repeatCount=0, eventTime=1528665, downTime=1528665, deviceId=-1, source=0x101 }
01-06 23:49:53.660  1819  1819 V ViewRootImpl: IME finished event: seq=41530 handled=false event=android.view.ViewRootImpl$QueuedInputEvent@20ebc9d8
01-06 23:49:53.660  1819  1819 V ViewRootImpl: Sending key event to IME: seq=41531 event=KeyEvent { action=ACTION_UP, keyCode=KEYCODE_DPAD_DOWN, scanCode=0, metaState=0, flags=0x400, repeatCount=0, eventTime=1528665, downTime=1528665, deviceId=-1, source=0x101 }
01-06 23:49:53.660  1819  1819 V ViewRootImpl: IME finished event: seq=41531 handled=false event=android.view.ViewRootImpl$QueuedInputEvent@20efcb98
01-06 23:49:53.660  1819  1819 V ViewRootImpl: Sending key event to IME: seq=41532 event=KeyEvent { action=ACTION_DOWN, keyCode=KEYCODE_BUTTON_11, scanCode=0, metaState=0, flags=0x8, repeatCount=0, eventTime=1528657, downTime=1528657, deviceId=-1, source=0x101 }
01-06 23:49:53.660  1819  1819 V ViewRootImpl: IME finished event: seq=41532 handled=false event=android.view.ViewRootImpl$QueuedInputEvent@20ffb740
01-06 23:49:53.670  1819  1819 V ViewRootImpl: Sending key event to IME: seq=41533 event=KeyEvent { action=ACTION_DOWN, keyCode=KEYCODE_DPAD_CENTER, scanCode=0, metaState=0, flags=0x8, repeatCount=0, eventTime=1528657, downTime=1528657, deviceId=-1, source=0x101 }
01-06 23:49:53.670  1819  1819 V ViewRootImpl: IME finished event: seq=41533 handled=false event=android.view.ViewRootImpl$QueuedInputEvent@20ffb740
01-06 23:49:53.670  1819  1819 V ViewRootImpl: Sending key event to IME: seq=41534 event=KeyEvent { action=ACTION_UP, keyCode=KEYCODE_BUTTON_11, scanCode=0, metaState=0, flags=0x8, repeatCount=0, eventTime=1528666, downTime=1528666, deviceId=-1, source=0x101 }
01-06 23:49:53.670  1819  1819 V ViewRootImpl: IME finished event: seq=41534 handled=false event=android.view.ViewRootImpl$QueuedInputEvent@20ffb740
01-06 23:49:53.670  1819  1819 V ViewRootImpl: Sending key event to IME: seq=41535 event=KeyEvent { action=ACTION_UP, keyCode=KEYCODE_DPAD_CENTER, scanCode=0, metaState=0, flags=0x8, repeatCount=0, eventTime=1528666, downTime=1528666, deviceId=-1, source=0x101 }
01-06 23:49:53.670  1819  1819 V ViewRootImpl: IME finished event: seq=41535 handled=false event=android.view.ViewRootImpl$QueuedInputEvent@20ffb740
01-06 23:49:53.670   147   527 I AudioPolicyManagerBase: APM: getOutput
01-06 23:49:53.670   147   423 I AudioPolicyManagerBase: APM: getOutput
01-06 23:49:53.670   147  2276 I AudioPolicyManagerBase: APM: getOutput
01-06 23:49:53.670   147  2276 D AudioPolicyManagerALSA: startOutput() output 2, stream type 1, session 2831
01-06 23:49:53.670  1065  1065 I LocalDevicePlayback: pause: transient=false, currentPos=0
01-06 23:49:53.680   424   803 I WAKELOCK_ACQUIRE: TIMESTAMP=1528689671968, TAG=com.google.android.music.playback.LocalDevicePlayback.mAsyncWakeLock, TYPE=PARTIAL_WAKE_LOCK             , COUNT=0, PID=1065, UID=10042
01-06 23:49:53.680   424   656 I WAKELOCK_RELEASE: TIMESTAMP=1528691275904, TAG=com.google.android.music.playback.LocalDevicePlayback.mAsyncWakeLock, TYPE=PARTIAL_WAKE_LOCK             , COUNT=0, PID=1065, UID=10042
01-06 23:49:53.680  1065  1080 I [74002] : [[1, DEFAULT],]
01-06 23:49:53.680  1065  1080 D LocalDevicePlayback: Event logging MUSIC_PAUSE_PLAYBACK_REQUESTED: [1, DEFAULT]/
01-06 23:49:53.680   147   421 D AudioFlinger: reconfig due to o/p flag ?
01-06 23:49:53.680   147   421 D AudioHardwareALSA: setStreamParameters: key value pair routing=2;stream_flags=2
01-06 23:49:53.680   147   421 D RouteManager: setOutputFlags: output flags = 0x2 (Prev Flags=0x2)
01-06 23:49:53.680   147   421 D RouteManager: setDevices: set device = IHF to output stream
01-06 23:49:53.680   147   421 D RouteManager: setStreamParameters: identical Platform State, do not reconsider routing
01-06 23:49:53.680   147   527 D AudioHardwareALSA: openInputStream: IN
01-06 23:49:53.680   147   527 D ALSAStreamOps: set(requested channels: 0x10 (popcount returns 1))
01-06 23:49:53.680   147   527 D ALSAStreamOps: set: set channels to 0x10
01-06 23:49:53.680   147   527 D ALSAStreamOps: set(requested rate: 8000))
01-06 23:49:53.680   147   527 D ALSAStreamOps: set: set rate to 8000
01-06 23:49:53.680   147   527 D ALSAStreamOps: set(requested format: 1))
01-06 23:49:53.680   147   527 D ALSAStreamOps: set : set format to 1 (1)
01-06 23:49:53.680   147   527 D ALSAStreamOps: set() -- OUT
01-06 23:49:53.710   147   527 D AudioHardwareALSA: openInputStream: OUT status=0
01-06 23:49:53.710   147   527 D ALSAStreamOps: getBufferSize: latency = 80000 divider = 1
01-06 23:49:53.710   147   527 D ALSAStreamOps: getBufferSize: 1280 (in bytes) for input stream
01-06 23:49:53.710   424   753 I WAKELOCK_ACQUIRE: TIMESTAMP=1528723889229, TAG=AudioIn_B11, TYPE=PARTIAL_WAKE_LOCK             , COUNT=0, PID=147, UID=1013
01-06 23:49:53.710   424   698 I WAKELOCK_RELEASE: TIMESTAMP=1528724820141, TAG=AudioIn_B11, TYPE=PARTIAL_WAKE_LOCK             , COUNT=0, PID=147, UID=1013
01-06 23:49:53.710   424   802 I WAKELOCK_ACQUIRE: TIMESTAMP=1528727536622, TAG=AudioIn_B11, TYPE=PARTIAL_WAKE_LOCK             , COUNT=0, PID=147, UID=1013
01-06 23:49:53.710   147   421 D AudioResamplerIA: Create AudioResamplerIA Resampler: Input rate 44100, output rate 48000
01-06 23:49:53.710   147   527 I cip_amrNBenc: USC Encoder plugin created, Media Codecs version: 1.0.2098
01-06 23:49:53.710   147   527 I MPEG4Writer: limits: 2147483647/0 bytes/us, bit rate: 12200 bps and the estimated moov size 3072 bytes
01-06 23:49:53.710   147  6272 D AudioStreamInALSA: setParameters in.
01-06 23:49:53.710   147  6272 D AudioHardwareALSA: setStreamParameters: key value pair input_source=1;routing=-2147483644
01-06 23:49:53.760   147  6272 D RouteManager: setDevices: set device = Main to input stream
01-06 23:49:53.760   147  6272 D RouteManager: setInputSource: inputSource = Mic
01-06 23:49:53.760   147  6272 D RouteManager: setStreamParameters: identical Platform State, do not reconsider routing
01-06 23:49:53.760   147  6272 D RouteManager: startStream: {+++ RECONSIDER ROUTING +++} due to input stream start event
01-06 23:49:53.760   147  6272 D RouteManager: reconsiderRouting
01-06 23:49:53.760   147  6272 D EVENT_THREAD: void CEventThread::trig(uint16_t): in
01-06 23:49:53.760   147  6272 D EVENT_THREAD: void CEventThread::trig(uint16_t): out
01-06 23:49:53.760   147   399 D RouteManager: doReconsiderRouting:       Platform State:
01-06 23:49:53.760   147   399 D RouteManager: doReconsiderRouting:          -Modem Alive = 1 
01-06 23:49:53.760   147   399 D RouteManager: doReconsiderRouting:          -Modem Call Active = 0 
01-06 23:49:53.760   147   399 D RouteManager: doReconsiderRouting:          -Is Shared I2S glitch free=1 
01-06 23:49:53.760   147   399 D RouteManager: doReconsiderRouting:          -Android Telephony Mode = Normal 
01-06 23:49:53.760   147   399 D RouteManager: doReconsiderRouting:          -RTE MGR HW Mode = Normal 
01-06 23:49:53.760   147   399 D RouteManager: doReconsiderRouting:          -BT Enabled = 0 
01-06 23:49:53.760   147   399 D RouteManager: doReconsiderRouting:          -Platform output device = IHF 
01-06 23:49:53.760   147   399 D RouteManager: doReconsiderRouting:          -Platform input device = Main 
01-06 23:49:53.760   147   399 D RouteManager: doReconsiderRouting:          -Platform input source = Mic 
01-06 23:49:53.760   147   399 D RouteManager: doReconsiderRouting:          -Platform Band type = NB 
01-06 23:49:53.760   147   399 D RouteManager: doReconsiderRouting:          -Platform Has Direct Stream = no 
01-06 23:49:53.760   147   399 D RouteManager: doReconsiderRouting:          -Platform TTY direction = <none> 
01-06 23:49:53.760   147   399 D RouteManager: doReconsiderRouting:          -Platform HAC Mode = Off 
01-06 23:49:53.760   147   399 D RouteManager: doReconsiderRouting:          -Platform Screen State = On 
01-06 23:49:53.760   147   399 D RouteManager: doReconsiderRouting:      Route state:
01-06 23:49:53.760   147   399 D RouteManager: doReconsiderRouting:          -Previously Enabled Route in Input = <none>
01-06 23:49:53.760   147   399 D RouteManager: doReconsiderRouting:          -Previously Enabled Route in Output = Media|HwCodecMedia|VirtualASP
01-06 23:49:53.760   147   399 D RouteManager: doReconsiderRouting:          -Selected Route in Input = Media|HwCodecMedia
01-06 23:49:53.760   147   399 D RouteManager: doReconsiderRouting:          -Selected Route in Output = Media|HwCodecMedia|VirtualASP
01-06 23:49:53.760   147   399 D RouteManager: doReconsiderRouting:          -Route that need reconfiguration in Input = <none>
01-06 23:49:53.760   147   399 D RouteManager: doReconsiderRouting:          -Route that need reconfiguration in Output = <none>
01-06 23:49:53.760   147   399 D RouteManager: executeMuteStage: --------------- Routing Stage = Mute ---------------
01-06 23:49:53.760   147   399 D RouteManager: Selection criterion changed event: Criterion name: RoutageState, current state: Flow
01-06 23:49:53.760   147   399 D RouteManager: Configuration application request {
01-06 23:49:53.760   147   399 D RouteManager:     Applying configurations {
01-06 23:49:53.760   147   399 D RouteManager:     } Applying configurations
01-06 23:49:53.760   147   399 D RouteManager: } Configuration application request
01-06 23:49:53.760   147   399 D RouteManager: executeDisableStage: --------------- Routing Stage = Disable ---------------
01-06 23:49:53.760   147   399 D RouteManager: Selection criterion changed event: Criterion name: RoutageState, current state: Path
01-06 23:49:53.760   147   399 D RouteManager: Configuration application request {
01-06 23:49:53.760   147   399 D RouteManager:     Applying configurations {
01-06 23:49:53.760   147   399 D RouteManager:     } Applying configurations
01-06 23:49:53.760   147   399 D RouteManager: } Configuration application request
01-06 23:49:53.760   147   399 D RouteManager: executeConfigureStage: --------------- Routing Stage = Configure ---------------
01-06 23:49:53.760   147   399 D RouteManager: Selection criterion changed event: Criterion name: RoutageState, current state: Configure
01-06 23:49:53.760   147   399 D RouteManager: Selection criterion changed event: Criterion name: OpenedCaptureRoutes, current state: Media|HwCodecMedia
01-06 23:49:53.760   147   399 D RouteManager: Configuration application request {
01-06 23:49:53.760   147   399 D RouteManager:     Applying configurations {
01-06 23:49:53.760   147   399 D RouteManager:         Applying configuration "Digital" from domain "Routing.Configure.InputType"
01-06 23:49:53.760   147   399 D RouteManager:     } Applying configurations
01-06 23:49:53.760   147   399 D RouteManager: } Configuration application request
01-06 23:49:53.760   147   399 D RouteManager: executeEnableStage: --------------- Routing Stage = Enable ---------------
01-06 23:49:53.760   147   399 D RouteManager: Selection criterion changed event: Criterion name: RoutageState, current state: Path|Configure
01-06 23:49:53.760   147   399 D RouteManager: Configuration application request {
01-06 23:49:53.760   147   399 D RouteManager:     Applying configurations {
01-06 23:49:53.760   147   399 D RouteManager:     } Applying configurations
01-06 23:49:53.760   147   399 D RouteManager: } Configuration application request
01-06 23:49:53.760   147   399 D RouteManager: enableRoutes: Routes to be enabled(routed) in Input = Media|HwCodecMedia
01-06 23:49:53.760   147   399 D RouteManager/StreamRoute: openPcmDevice called for card (cloverviewaudio,0)
01-06 23:49:53.760   147   399 D RouteManager/StreamRoute: openPcmDevice		 config=rate(48000), format(0), channels(2))
01-06 23:49:53.760   147   399 D RouteManager/StreamRoute: openPcmDevice		 period_size=1920, period_count=2
01-06 23:49:53.760   147   399 D RouteManager/StreamRoute: openPcmDevice		 startTh=1, stop Th=3840 silence Th=0
01-06 23:49:53.760   147   399 D ALSAStreamOps: attachRoute input stream
01-06 23:49:53.760   147   399 D AudioConversion: configure: SOURCE rate=48000 format=1 channels=2
01-06 23:49:53.760   147   399 D AudioConversion: configure: DST rate=8000 format=1 channels=1
01-06 23:49:53.760   147   399 D AudioConversion: doConfigureAndAddConverter: SOURCE rate=48000 format=1 channels=2
01-06 23:49:53.760   147   399 D AudioConversion: doConfigureAndAddConverter: DST rate=48000 format=1 channels=1
01-06 23:49:53.760   147   399 D AudioConversion: doConfigureAndAddConverter: SOURCE rate=48000 format=1 channels=1
01-06 23:49:53.760   147   399 D AudioConversion: doConfigureAndAddConverter: DST rate=8000 format=1 channels=1
01-06 23:49:53.760   147   399 D Resampler: doConfigure: SOURCE rate=48000 format=1 channels=1
01-06 23:49:53.760   147   399 D Resampler: doConfigure: DST rate=8000 format=1 channels=1
01-06 23:49:53.760   147   399 D AudioStreamInALSA: checkAndAddAudioEffects list contains 0 effects
01-06 23:49:53.760   147   399 D RouteManager: executeUnmuteStage: --------------- Routing Stage = Unmute ---------------
01-06 23:49:53.760   147   399 D RouteManager: Selection criterion changed event: Criterion name: RoutageState, current state: Flow|Path|Configure
01-06 23:49:53.760   147   399 D RouteManager: Configuration application request {
01-06 23:49:53.760   147   399 D RouteManager:     Applying configurations {
01-06 23:49:53.760   147   399 D RouteManager:     } Applying configurations
01-06 23:49:53.760   147   399 D RouteManager: } Configuration application request
01-06 23:49:53.760   147   399 D EVENT_THREAD: void CEventThread::run() Do poll with timeout: -1
01-06 23:49:53.760   147  6272 D RouteManager: reconsiderRouting: DONE
01-06 23:49:53.840   147  6275 I MPEG4Writer: setStartTimestampUs: 131565
01-06 23:49:53.840   424   808 I WAKELOCK_ACQUIRE: TIMESTAMP=1528858375326, TAG=SoundRecorder, TYPE=SCREEN_DIM_WAKE_LOCK          , COUNT=0, PID=1819, UID=10057
01-06 23:49:53.840   147  6275 I MPEG4Writer: Earliest track starting time: 131565
01-06 23:49:53.850  1819  1819 V ViewRootImpl: Sending key event to IME: seq=41536 event=KeyEvent { action=ACTION_DOWN, keyCode=KEYCODE_DPAD_UP, scanCode=0, metaState=0, flags=0x8, repeatCount=0, eventTime=1528782, downTime=1528782, deviceId=-1, source=0x101 }
01-06 23:49:53.860  1819  1819 V ViewRootImpl: IME finished event: seq=41536 handled=false event=android.view.ViewRootImpl$QueuedInputEvent@20ffb740
01-06 23:49:53.860  1809  1809 I binder_sample: [android.hardware.input.IInputManager,5,16,com.android.commands.monkey,3]
01-06 23:49:53.860  1819  1819 V ViewRootImpl: Sending key event to IME: seq=41537 event=KeyEvent { action=ACTION_UP, keyCode=KEYCODE_DPAD_UP, scanCode=0, metaState=0, flags=0x8, repeatCount=0, eventTime=1528862, downTime=1528862, deviceId=-1, source=0x101 }
01-06 23:49:53.860  1819  1819 V ViewRootImpl: IME finished event: seq=41537 handled=false event=android.view.ViewRootImpl$QueuedInputEvent@20ffb740
01-06 23:49:53.980  1819  1819 V ViewRootImpl: Sending trackball event to IME: seq=41539 event=MotionEvent { action=ACTION_MOVE, id[0]=0, x[0]=-3.0, y[0]=4.0, toolType[0]=TOOL_TYPE_UNKNOWN, buttonState=0, metaState=0, flags=0x0, edgeFlags=0x0, pointerCount=1, historySize=6, eventTime=1528983, downTime=-1, deviceId=0, source=0x10004 }
01-06 23:49:53.980  1819  1819 V ViewRootImpl: IME finished event: seq=41539 handled=false event=android.view.ViewRootImpl$QueuedInputEvent@20ffb740
01-06 23:49:53.980  1819  1819 V ViewRootImpl: Sending key event to IME: seq=41540 event=KeyEvent { action=ACTION_DOWN, keyCode=KEYCODE_DPAD_DOWN, scanCode=0, metaState=0, flags=0x400, repeatCount=0, eventTime=1528994, downTime=1528994, deviceId=-1, source=0x101 }
01-06 23:49:53.980  1819  1819 V ViewRootImpl: IME finished event: seq=41540 handled=false event=android.view.ViewRootImpl$QueuedInputEvent@20efcb98
01-06 23:49:53.980  1819  1819 V ViewRootImpl: Sending key event to IME: seq=41541 event=KeyEvent { action=ACTION_UP, keyCode=KEYCODE_DPAD_DOWN, scanCode=0, metaState=0, flags=0x400, repeatCount=0, eventTime=1528994, downTime=1528994, deviceId=-1, source=0x101 }
01-06 23:49:53.980  1819  1819 V ViewRootImpl: IME finished event: seq=41541 handled=false event=android.view.ViewRootImpl$QueuedInputEvent@20ebc9d8
01-06 23:49:53.990  1819  1819 V ViewRootImpl: Sending key event to IME: seq=41542 event=KeyEvent { action=ACTION_DOWN, keyCode=KEYCODE_DPAD_DOWN, scanCode=0, metaState=0, flags=0x400, repeatCount=0, eventTime=1528995, downTime=1528995, deviceId=-1, source=0x101 }
01-06 23:49:53.990  1819  1819 V ViewRootImpl: IME finished event: seq=41542 handled=false event=android.view.ViewRootImpl$QueuedInputEvent@20fb9f00
01-06 23:49:53.990  1819  1819 V ViewRootImpl: Sending key event to IME: seq=41543 event=KeyEvent { action=ACTION_UP, keyCode=KEYCODE_DPAD_DOWN, scanCode=0, metaState=0, flags=0x400, repeatCount=0, eventTime=1528995, downTime=1528995, deviceId=-1, source=0x101 }
01-06 23:49:53.990  1819  1819 V ViewRootImpl: IME finished event: seq=41543 handled=false event=android.view.ViewRootImpl$QueuedInputEvent@21010d28
01-06 23:49:53.990  1819  1819 V ViewRootImpl: Sending key event to IME: seq=41544 event=KeyEvent { action=ACTION_DOWN, keyCode=KEYCODE_DPAD_DOWN, scanCode=0, metaState=0, flags=0x400, repeatCount=0, eventTime=1528995, downTime=1528995, deviceId=-1, source=0x101 }
01-06 23:49:53.990  1819  1819 V ViewRootImpl: IME finished event: seq=41544 handled=false event=android.view.ViewRootImpl$QueuedInputEvent@21010cf0
01-06 23:49:53.990  1819  1819 V ViewRootImpl: Sending key event to IME: seq=41545 event=KeyEvent { action=ACTION_UP, keyCode=KEYCODE_DPAD_DOWN, scanCode=0, metaState=0, flags=0x400, repeatCount=0, eventTime=1528995, downTime=1528995, deviceId=-1, source=0x101 }
01-06 23:49:53.990  1819  1819 V ViewRootImpl: IME finished event: seq=41545 handled=false event=android.view.ViewRootImpl$QueuedInputEvent@20f20f40
01-06 23:49:53.990  1819  1819 V ViewRootImpl: Sending key event to IME: seq=41546 event=KeyEvent { action=ACTION_DOWN, keyCode=KEYCODE_DPAD_DOWN, scanCode=0, metaState=0, flags=0x400, repeatCount=0, eventTime=1528995, downTime=1528995, deviceId=-1, source=0x101 }
01-06 23:49:54.000  1819  1819 V ViewRootImpl: IME finished event: seq=41546 handled=false event=android.view.ViewRootImpl$QueuedInputEvent@21058f40
01-06 23:49:54.000  1819  1819 V ViewRootImpl: Sending key event to IME: seq=41547 event=KeyEvent { action=ACTION_UP, keyCode=KEYCODE_DPAD_DOWN, scanCode=0, metaState=0, flags=0x400, repeatCount=0, eventTime=1528995, downTime=1528995, deviceId=-1, source=0x101 }
01-06 23:49:54.000  1819  1819 V ViewRootImpl: IME finished event: seq=41547 handled=false event=android.view.ViewRootImpl$QueuedInputEvent@20f27f38
01-06 23:49:54.000  1819  1819 V ViewRootImpl: Sending trackball event to IME: seq=41550 event=MotionEvent { action=ACTION_MOVE, id[0]=0, x[0]=-2.0, y[0]=-3.0, toolType[0]=TOOL_TYPE_UNKNOWN, buttonState=0, metaState=0, flags=0x0, edgeFlags=0x0, pointerCount=1, historySize=2, eventTime=1528985, downTime=-1, deviceId=0, source=0x10004 }
01-06 23:49:54.000  1819  1819 V ViewRootImpl: IME finished event: seq=41550 handled=false event=android.view.ViewRootImpl$QueuedInputEvent@21010cf0
01-06 23:49:54.000  1819  1819 V ViewRootImpl: Sending key event to IME: seq=41551 event=KeyEvent { action=ACTION_DOWN, keyCode=KEYCODE_DPAD_UP, scanCode=0, metaState=0, flags=0x400, repeatCount=0, eventTime=1529015, downTime=1529015, deviceId=-1, source=0x101 }
01-06 23:49:54.000  1819  1819 V ViewRootImpl: IME finished event: seq=41551 handled=false event=android.view.ViewRootImpl$QueuedInputEvent@21094c98
01-06 23:49:54.000  1819  1819 V ViewRootImpl: Sending key event to IME: seq=41552 event=KeyEvent { action=ACTION_UP, keyCode=KEYCODE_DPAD_UP, scanCode=0, metaState=0, flags=0x400, repeatCount=0, eventTime=1529015, downTime=1529015, deviceId=-1, source=0x101 }
01-06 23:49:54.010  1819  1819 V ViewRootImpl: IME finished event: seq=41552 handled=false event=android.view.ViewRootImpl$QueuedInputEvent@20ffb740
01-06 23:49:54.010  1819  1819 V ViewRootImpl: Sending key event to IME: seq=41553 event=KeyEvent { action=ACTION_DOWN, keyCode=KEYCODE_DPAD_UP, scanCode=0, metaState=0, flags=0x400, repeatCount=0, eventTime=1529015, downTime=1529015, deviceId=-1, source=0x101 }
01-06 23:49:54.010  1819  1819 V ViewRootImpl: IME finished event: seq=41553 handled=false event=android.view.ViewRootImpl$QueuedInputEvent@20f27f38
01-06 23:49:54.010  1819  1819 V ViewRootImpl: Sending key event to IME: seq=41554 event=KeyEvent { action=ACTION_UP, keyCode=KEYCODE_DPAD_UP, scanCode=0, metaState=0, flags=0x400, repeatCount=0, eventTime=1529015, downTime=1529015, deviceId=-1, source=0x101 }
01-06 23:49:54.010  1819  1819 V ViewRootImpl: IME finished event: seq=41554 handled=false event=android.view.ViewRootImpl$QueuedInputEvent@21058f40
01-06 23:49:54.010  1819  1819 V ViewRootImpl: Sending key event to IME: seq=41555 event=KeyEvent { action=ACTION_DOWN, keyCode=KEYCODE_DPAD_UP, scanCode=0, metaState=0, flags=0x400, repeatCount=0, eventTime=1529015, downTime=1529015, deviceId=-1, source=0x101 }
01-06 23:49:54.010  1819  1819 V ViewRootImpl: IME finished event: seq=41555 handled=false event=android.view.ViewRootImpl$QueuedInputEvent@20f20f40
