01-06 23:49:39.880   147   528 D ALSAStreamOps: set: set rate to 8000
01-06 23:49:39.880   147   528 D ALSAStreamOps: set(requested format: 1))
01-06 23:49:39.880   147   528 D ALSAStreamOps: set : set format to 1 (1)
01-06 23:49:39.880   147   528 D ALSAStreamOps: set() -- OUT
01-06 23:49:39.880   147   528 D AudioHardwareALSA: openInputStream: OUT status=0
01-06 23:49:39.880   147   528 D ALSAStreamOps: getBufferSize: latency = 80000 divider = 1
01-06 23:49:39.880   147   528 D ALSAStreamOps: getBufferSize: 1280 (in bytes) for input stream
01-06 23:49:39.890   424   435 I WAKELOCK_ACQUIRE: TIMESTAMP=1514900429623, TAG=AudioIn_AEF, TYPE=PARTIAL_WAKE_LOCK             , COUNT=0, PID=147, UID=1013
01-06 23:49:39.890   424   808 I WAKELOCK_RELEASE: TIMESTAMP=1514901471653, TAG=AudioIn_AEF, TYPE=PARTIAL_WAKE_LOCK             , COUNT=0, PID=147, UID=1013
01-06 23:49:39.890   424   656 I WAKELOCK_ACQUIRE: TIMESTAMP=1514904057868, TAG=AudioIn_AEF, TYPE=PARTIAL_WAKE_LOCK             , COUNT=0, PID=147, UID=1013
01-06 23:49:39.890   147   528 I cip_amrNBenc: USC Encoder plugin created, Media Codecs version: 1.0.2098
01-06 23:49:39.890   147   528 I MPEG4Writer: limits: 2147483647/0 bytes/us, bit rate: 12200 bps and the estimated moov size 3072 bytes
01-06 23:49:39.890   147  6213 D AudioStreamInALSA: setParameters in.
01-06 23:49:39.890   147  6213 D AudioHardwareALSA: setStreamParameters: key value pair input_source=1;routing=-2147483644
01-06 23:49:39.890   147  6213 D RouteManager: setDevices: set device = Main to input stream
01-06 23:49:39.890   147  6213 D RouteManager: setInputSource: inputSource = Mic
01-06 23:49:39.890   147  6213 D RouteManager: setStreamParameters: identical Platform State, do not reconsider routing
01-06 23:49:39.900   147  6213 D RouteManager: startStream: {+++ RECONSIDER ROUTING +++} due to input stream start event
01-06 23:49:39.900   147  6213 D RouteManager: reconsiderRouting
01-06 23:49:39.900   147  6213 D EVENT_THREAD: void CEventThread::trig(uint16_t): in
01-06 23:49:39.900   147  6213 D EVENT_THREAD: void CEventThread::trig(uint16_t): out
01-06 23:49:39.900   147   399 D RouteManager: doReconsiderRouting:       Platform State:
01-06 23:49:39.900   147   399 D RouteManager: doReconsiderRouting:          -Modem Alive = 1 
01-06 23:49:39.900   147   399 D RouteManager: doReconsiderRouting:          -Modem Call Active = 0 
01-06 23:49:39.900   147   399 D RouteManager: doReconsiderRouting:          -Is Shared I2S glitch free=1 
01-06 23:49:39.900   147   399 D RouteManager: doReconsiderRouting:          -Android Telephony Mode = Normal 
01-06 23:49:39.900   147   399 D RouteManager: doReconsiderRouting:          -RTE MGR HW Mode = Normal 
01-06 23:49:39.900   147   399 D RouteManager: doReconsiderRouting:          -BT Enabled = 0 
01-06 23:49:39.900   147   399 D RouteManager: doReconsiderRouting:          -Platform output device = IHF 
01-06 23:49:39.900   147   399 D RouteManager: doReconsiderRouting:          -Platform input device = Main 
01-06 23:49:39.900   147   399 D RouteManager: doReconsiderRouting:          -Platform input source = Mic 
01-06 23:49:39.900   147   399 D RouteManager: doReconsiderRouting:          -Platform Band type = NB 
01-06 23:49:39.900   147   399 D RouteManager: doReconsiderRouting:          -Platform Has Direct Stream = no 
01-06 23:49:39.900   147   399 D RouteManager: doReconsiderRouting:          -Platform TTY direction = <none> 
01-06 23:49:39.900   147   399 D RouteManager: doReconsiderRouting:          -Platform HAC Mode = Off 
01-06 23:49:39.900   147   399 D RouteManager: doReconsiderRouting:          -Platform Screen State = On 
01-06 23:49:39.900   147   399 D RouteManager: doReconsiderRouting:      Route state:
01-06 23:49:39.900   147   399 D RouteManager: doReconsiderRouting:          -Previously Enabled Route in Input = <none>
01-06 23:49:39.900   147   399 D RouteManager: doReconsiderRouting:          -Previously Enabled Route in Output = Media|HwCodecMedia|VirtualASP
01-06 23:49:39.900   147   399 D RouteManager: doReconsiderRouting:          -Selected Route in Input = Media|HwCodecMedia
01-06 23:49:39.900   147   399 D RouteManager: doReconsiderRouting:          -Selected Route in Output = Media|HwCodecMedia|VirtualASP
01-06 23:49:39.900   147   399 D RouteManager: doReconsiderRouting:          -Route that need reconfiguration in Input = <none>
01-06 23:49:39.900   147   399 D RouteManager: doReconsiderRouting:          -Route that need reconfiguration in Output = <none>
01-06 23:49:39.900   147   399 D RouteManager: executeMuteStage: --------------- Routing Stage = Mute ---------------
01-06 23:49:39.900   147   399 D RouteManager: Selection criterion changed event: Criterion name: RoutageState, current state: Flow
01-06 23:49:39.900   147   399 D RouteManager: Configuration application request {
01-06 23:49:39.900   147   399 D RouteManager:     Applying configurations {
01-06 23:49:39.900   147   399 D RouteManager:     } Applying configurations
01-06 23:49:39.900   147   399 D RouteManager: } Configuration application request
01-06 23:49:39.900   147   399 D RouteManager: executeDisableStage: --------------- Routing Stage = Disable ---------------
01-06 23:49:39.900   147   399 D RouteManager: Selection criterion changed event: Criterion name: RoutageState, current state: Path
01-06 23:49:39.900   147   399 D RouteManager: Configuration application request {
01-06 23:49:39.900   147   399 D RouteManager:     Applying configurations {
01-06 23:49:39.900   147   399 D RouteManager:     } Applying configurations
01-06 23:49:39.900   147   399 D RouteManager: } Configuration application request
01-06 23:49:39.900   147   399 D RouteManager: executeConfigureStage: --------------- Routing Stage = Configure ---------------
01-06 23:49:39.900   147   399 D RouteManager: Selection criterion changed event: Criterion name: RoutageState, current state: Configure
01-06 23:49:39.900   147   399 D RouteManager: Selection criterion changed event: Criterion name: OpenedCaptureRoutes, current state: Media|HwCodecMedia
01-06 23:49:39.900   147   399 D RouteManager: Configuration application request {
01-06 23:49:39.900   147   399 D RouteManager:     Applying configurations {
01-06 23:49:39.900   147   399 D RouteManager:         Applying configuration "Digital" from domain "Routing.Configure.InputType"
01-06 23:49:39.900   147   399 D RouteManager:     } Applying configurations
01-06 23:49:39.900   147   399 D RouteManager: } Configuration application request
01-06 23:49:39.900   147   399 D RouteManager: executeEnableStage: --------------- Routing Stage = Enable ---------------
01-06 23:49:39.900   147   399 D RouteManager: Selection criterion changed event: Criterion name: RoutageState, current state: Path|Configure
01-06 23:49:39.900   147   399 D RouteManager: Configuration application request {
01-06 23:49:39.900   147   399 D RouteManager:     Applying configurations {
01-06 23:49:39.900   147   399 D RouteManager:     } Applying configurations
01-06 23:49:39.900   147   399 D RouteManager: } Configuration application request
01-06 23:49:39.900   147   399 D RouteManager: enableRoutes: Routes to be enabled(routed) in Input = Media|HwCodecMedia
01-06 23:49:39.900   147   399 D RouteManager/StreamRoute: openPcmDevice called for card (cloverviewaudio,0)
01-06 23:49:39.900   147   399 D RouteManager/StreamRoute: openPcmDevice		 config=rate(48000), format(0), channels(2))
01-06 23:49:39.900   147   399 D RouteManager/StreamRoute: openPcmDevice		 period_size=1920, period_count=2
01-06 23:49:39.900   147   399 D RouteManager/StreamRoute: openPcmDevice		 startTh=1, stop Th=3840 silence Th=0
01-06 23:49:39.900   147   399 D ALSAStreamOps: attachRoute input stream
01-06 23:49:39.900   147   399 D AudioConversion: configure: SOURCE rate=48000 format=1 channels=2
01-06 23:49:39.900   147   399 D AudioConversion: configure: DST rate=8000 format=1 channels=1
01-06 23:49:39.900   147   399 D AudioConversion: doConfigureAndAddConverter: SOURCE rate=48000 format=1 channels=2
01-06 23:49:39.900   147   399 D AudioConversion: doConfigureAndAddConverter: DST rate=48000 format=1 channels=1
01-06 23:49:39.900   147   399 D AudioConversion: doConfigureAndAddConverter: SOURCE rate=48000 format=1 channels=1
01-06 23:49:39.900   147   399 D AudioConversion: doConfigureAndAddConverter: DST rate=8000 format=1 channels=1
01-06 23:49:39.900   147   399 D Resampler: doConfigure: SOURCE rate=48000 format=1 channels=1
01-06 23:49:39.900   147   399 D Resampler: doConfigure: DST rate=8000 format=1 channels=1
01-06 23:49:39.900   147   399 D AudioStreamInALSA: checkAndAddAudioEffects list contains 0 effects
01-06 23:49:39.900   147   399 D RouteManager: executeUnmuteStage: --------------- Routing Stage = Unmute ---------------
01-06 23:49:39.900   147   399 D RouteManager: Selection criterion changed event: Criterion name: RoutageState, current state: Flow|Path|Configure
01-06 23:49:39.900   147   399 D RouteManager: Configuration application request {
01-06 23:49:39.900   147   399 D RouteManager:     Applying configurations {
01-06 23:49:39.900   147   399 D RouteManager:     } Applying configurations
01-06 23:49:39.900   147   399 D RouteManager: } Configuration application request
01-06 23:49:39.900   147   399 D EVENT_THREAD: void CEventThread::run() Do poll with timeout: -1
01-06 23:49:39.900   147  6213 D RouteManager: reconsiderRouting: DONE
01-06 23:49:39.910   147   421 D AudioResamplerIA: Create AudioResamplerIA Resampler: Input rate 44100, output rate 48000
01-06 23:49:39.980   147  6216 I MPEG4Writer: setStartTimestampUs: 94866
01-06 23:49:39.980   424   648 I WAKELOCK_ACQUIRE: TIMESTAMP=1514998426146, TAG=SoundRecorder, TYPE=SCREEN_DIM_WAKE_LOCK          , COUNT=0, PID=1819, UID=10057
01-06 23:49:39.980   147  6216 I MPEG4Writer: Earliest track starting time: 94866
01-06 23:49:40.260  1819  1819 V ViewRootImpl: Sending key event to IME: seq=41171 event=KeyEvent { action=ACTION_DOWN, keyCode=KEYCODE_DPAD_DOWN, scanCode=0, metaState=0, flags=0x8, repeatCount=0, eventTime=1515265, downTime=1515265, deviceId=-1, source=0x101 }
01-06 23:49:40.260  1819  1819 V ViewRootImpl: IME finished event: seq=41171 handled=false event=android.view.ViewRootImpl$QueuedInputEvent@21010cf0
01-06 23:49:40.260  1819  1819 V ViewRootImpl: Sending key event to IME: seq=41172 event=KeyEvent { action=ACTION_UP, keyCode=KEYCODE_DPAD_DOWN, scanCode=0, metaState=0, flags=0x8, repeatCount=0, eventTime=1515266, downTime=1515266, deviceId=-1, source=0x101 }
01-06 23:49:40.260  1819  1819 V ViewRootImpl: IME finished event: seq=41172 handled=false event=android.view.ViewRootImpl$QueuedInputEvent@21010cf0
01-06 23:49:40.470  1819  1819 V ViewRootImpl: Sending key event to IME: seq=41175 event=KeyEvent { action=ACTION_DOWN, keyCode=KEYCODE_NUMPAD_0, scanCode=0, metaState=0, flags=0x8, repeatCount=0, eventTime=1515474, downTime=1515474, deviceId=-1, source=0x101 }
01-06 23:49:40.470  1819  1819 V ViewRootImpl: IME finished event: seq=41175 handled=false event=android.view.ViewRootImpl$QueuedInputEvent@21010cf0
01-06 23:49:40.470  1819  1819 V ViewRootImpl: Sending key event to IME: seq=41176 event=KeyEvent { action=ACTION_DOWN, keyCode=KEYCODE_INSERT, scanCode=0, metaState=0, flags=0x8, repeatCount=0, eventTime=1515474, downTime=1515474, deviceId=-1, source=0x101 }
01-06 23:49:40.470  1819  1819 V ViewRootImpl: IME finished event: seq=41176 handled=false event=android.view.ViewRootImpl$QueuedInputEvent@21010cf0
01-06 23:49:40.470  1819  1819 V ViewRootImpl: Sending key event to IME: seq=41177 event=KeyEvent { action=ACTION_UP, keyCode=KEYCODE_NUMPAD_0, scanCode=0, metaState=0, flags=0x8, repeatCount=0, eventTime=1515475, downTime=1515475, deviceId=-1, source=0x101 }
01-06 23:49:40.470  1819  1819 V ViewRootImpl: IME finished event: seq=41177 handled=false event=android.view.ViewRootImpl$QueuedInputEvent@21010cf0
01-06 23:49:40.470  1819  1819 V ViewRootImpl: Sending key event to IME: seq=41178 event=KeyEvent { action=ACTION_UP, keyCode=KEYCODE_INSERT, scanCode=0, metaState=0, flags=0x8, repeatCount=0, eventTime=1515475, downTime=1515475, deviceId=-1, source=0x101 }
01-06 23:49:40.470  1819  1819 V ViewRootImpl: IME finished event: seq=41178 handled=false event=android.view.ViewRootImpl$QueuedInputEvent@21010cf0
01-06 23:49:40.570  1819  1819 V ViewRootImpl: Sending key event to IME: seq=41179 event=KeyEvent { action=ACTION_DOWN, keyCode=KEYCODE_DPAD_CENTER, scanCode=0, metaState=0, flags=0x8, repeatCount=0, eventTime=1515580, downTime=1515580, deviceId=-1, source=0x101 }
01-06 23:49:40.570  1819  1819 V ViewRootImpl: IME finished event: seq=41179 handled=false event=android.view.ViewRootImpl$QueuedInputEvent@21010cf0
01-06 23:49:40.570  1819  1819 V ViewRootImpl: Sending key event to IME: seq=41180 event=KeyEvent { action=ACTION_UP, keyCode=KEYCODE_DPAD_CENTER, scanCode=0, metaState=0, flags=0x8, repeatCount=0, eventTime=1515582, downTime=1515582, deviceId=-1, source=0x101 }
01-06 23:49:40.570  1819  1819 V ViewRootImpl: IME finished event: seq=41180 handled=false event=android.view.ViewRootImpl$QueuedInputEvent@21010cf0
01-06 23:49:40.680  1819  1819 V ViewRootImpl: Sending key event to IME: seq=41181 event=KeyEvent { action=ACTION_DOWN, keyCode=KEYCODE_DPAD_UP, scanCode=0, metaState=0, flags=0x8, repeatCount=0, eventTime=1515685, downTime=1515685, deviceId=-1, source=0x101 }
01-06 23:49:40.680  1819  1819 V ViewRootImpl: IME finished event: seq=41181 handled=false event=android.view.ViewRootImpl$QueuedInputEvent@21010cf0
01-06 23:49:40.680  1819  1819 V ViewRootImpl: Sending key event to IME: seq=41182 event=KeyEvent { action=ACTION_UP, keyCode=KEYCODE_DPAD_UP, scanCode=0, metaState=0, flags=0x8, repeatCount=0, eventTime=1515687, downTime=1515687, deviceId=-1, source=0x101 }
01-06 23:49:40.680  1819  1819 V ViewRootImpl: IME finished event: seq=41182 handled=false event=android.view.ViewRootImpl$QueuedInputEvent@21010cf0
01-06 23:49:40.880  1819  1819 V ViewRootImpl: Sending key event to IME: seq=41185 event=KeyEvent { action=ACTION_DOWN, keyCode=KEYCODE_PERIOD, scanCode=0, metaState=0, flags=0x8, repeatCount=0, eventTime=1515894, downTime=1515894, deviceId=-1, source=0x101 }
01-06 23:49:40.880  1819  1819 V ViewRootImpl: IME finished event: seq=41185 handled=true event=android.view.ViewRootImpl$QueuedInputEvent@21010cf0
01-06 23:49:40.880  1819  1819 V ViewRootImpl: Sending key event to IME: seq=41186 event=KeyEvent { action=ACTION_UP, keyCode=KEYCODE_PERIOD, scanCode=0, metaState=0, flags=0x8, repeatCount=0, eventTime=1515896, downTime=1515896, deviceId=-1, source=0x101 }
01-06 23:49:40.890  1819  1819 V ViewRootImpl: IME finished event: seq=41186 handled=true event=android.view.ViewRootImpl$QueuedInputEvent@21010cf0
01-06 23:49:40.990  1819  1819 V ViewRootImpl: Sending key event to IME: seq=41188 event=KeyEvent { action=ACTION_DOWN, keyCode=KEYCODE_DPAD_UP, scanCode=0, metaState=0, flags=0x8, repeatCount=0, eventTime=1515998, downTime=1515998, deviceId=-1, source=0x101 }
01-06 23:49:40.990  1819  1819 V ViewRootImpl: IME finished event: seq=41188 handled=false event=android.view.ViewRootImpl$QueuedInputEvent@21010cf0
01-06 23:49:40.990  1819  1819 V ViewRootImpl: Sending key event to IME: seq=41189 event=KeyEvent { action=ACTION_UP, keyCode=KEYCODE_DPAD_UP, scanCode=0, metaState=0, flags=0x8, repeatCount=0, eventTime=1515999, downTime=1515999, deviceId=-1, source=0x101 }
01-06 23:49:40.990  1819  1819 V ViewRootImpl: IME finished event: seq=41189 handled=false event=android.view.ViewRootImpl$QueuedInputEvent@21010cf0
01-06 23:49:41.190  1819  1819 V ViewRootImpl: Sending key event to IME: seq=41192 event=KeyEvent { action=ACTION_DOWN, keyCode=KEYCODE_DPAD_CENTER, scanCode=0, metaState=0, flags=0x8, repeatCount=0, eventTime=1516208, downTime=1516208, deviceId=-1, source=0x101 }
01-06 23:49:41.200  1819  1819 V ViewRootImpl: IME finished event: seq=41192 handled=false event=android.view.ViewRootImpl$QueuedInputEvent@21010cf0
01-06 23:49:41.200  1819  1819 V ViewRootImpl: Sending key event to IME: seq=41193 event=KeyEvent { action=ACTION_UP, keyCode=KEYCODE_DPAD_CENTER, scanCode=0, metaState=0, flags=0x8, repeatCount=0, eventTime=1516209, downTime=1516209, deviceId=-1, source=0x101 }
01-06 23:49:41.200  1819  1819 V ViewRootImpl: IME finished event: seq=41193 handled=false event=android.view.ViewRootImpl$QueuedInputEvent@21010cf0
01-06 23:49:41.410   424   495 I ActivityManager: START u0 {act=android.intent.action.MAIN cat=[android.intent.category.HOME] flg=0x10200000 cmp=com.android.launcher/com.android.launcher2.Launcher} from pid 424
01-06 23:49:41.530   147   147 D MPEG4Writer: Stopping Audio track
01-06 23:49:41.530   147  2275 I AudioPolicyManagerBase: APM: getOutput
01-06 23:49:41.530   147  2276 I AudioPolicyManagerBase: APM: getOutput
01-06 23:49:41.530   147   528 I AudioPolicyManagerBase: APM: getOutput
01-06 23:49:41.530   147   527 D AudioPolicyManagerALSA: startOutput() output 2, stream type 1, session 2800
01-06 23:49:41.580   147  6216 I MPEG4Writer: Received total/0-length (77/0) buffers and encoded 77 frames. - audio
01-06 23:49:41.580   147  6216 I MPEG4Writer: Audio track drift time: -35202 us
01-06 23:49:41.580   147   147 D MPEG4Writer: Stopping Audio track source
01-06 23:49:41.590   147   421 D AudioFlinger: reconfig due to o/p flag ?
01-06 23:49:41.590   147   421 D AudioHardwareALSA: setStreamParameters: key value pair routing=2;stream_flags=2
01-06 23:49:41.590   424   439 D hwcomposer: same RGB buffer handle 0x68763f90
01-06 23:49:41.660   147   421 D RouteManager: setOutputFlags: output flags = 0x2 (Prev Flags=0x2)
01-06 23:49:41.660   147   421 D RouteManager: setDevices: set device = IHF to output stream
01-06 23:49:41.660   147   421 D RouteManager: setStreamParameters: identical Platform State, do not reconsider routing
01-06 23:49:41.660   147  6213 D RouteManager: stopStream: {+++ RECONSIDER ROUTING +++} due to input stream stop event
01-06 23:49:41.660   147  6213 D RouteManager: reconsiderRouting
01-06 23:49:41.660   147  6213 D EVENT_THREAD: void CEventThread::trig(uint16_t): in
01-06 23:49:41.660   147  6213 D EVENT_THREAD: void CEventThread::trig(uint16_t): out
01-06 23:49:41.660   147   399 D RouteManager: doReconsiderRouting:       Platform State:
01-06 23:49:41.660   147   399 D RouteManager: doReconsiderRouting:          -Modem Alive = 1 
01-06 23:49:41.660   147   399 D RouteManager: doReconsiderRouting:          -Modem Call Active = 0 
01-06 23:49:41.660   147   399 D RouteManager: doReconsiderRouting:          -Is Shared I2S glitch free=1 
01-06 23:49:41.660   147   399 D RouteManager: doReconsiderRouting:          -Android Telephony Mode = Normal 
01-06 23:49:41.660   147   399 D RouteManager: doReconsiderRouting:          -RTE MGR HW Mode = Normal 
01-06 23:49:41.660   147   399 D RouteManager: doReconsiderRouting:          -BT Enabled = 0 
01-06 23:49:41.660   147   399 D RouteManager: doReconsiderRouting:          -Platform output device = IHF 
01-06 23:49:41.660   147   399 D RouteManager: doReconsiderRouting:          -Platform input device = Main 
01-06 23:49:41.660   147   399 D RouteManager: doReconsiderRouting:          -Platform input source = Mic 
01-06 23:49:41.660   147   399 D RouteManager: doReconsiderRouting:          -Platform Band type = NB 
01-06 23:49:41.660   147   399 D RouteManager: doReconsiderRouting:          -Platform Has Direct Stream = no 
01-06 23:49:41.660   147   399 D RouteManager: doReconsiderRouting:          -Platform TTY direction = <none> 
01-06 23:49:41.660   147   399 D RouteManager: doReconsiderRouting:          -Platform HAC Mode = Off 
01-06 23:49:41.660   147   399 D RouteManager: doReconsiderRouting:          -Platform Screen State = On 
01-06 23:49:41.660   147   399 D RouteManager: doReconsiderRouting:      Route state:
01-06 23:49:41.660   147   399 D RouteManager: doReconsiderRouting:          -Previously Enabled Route in Input = Media|HwCodecMedia
01-06 23:49:41.660   147   399 D RouteManager: doReconsiderRouting:          -Previously Enabled Route in Output = Media|HwCodecMedia|VirtualASP
01-06 23:49:41.660   147   399 D RouteManager: doReconsiderRouting:          -Selected Route in Input = <none>
01-06 23:49:41.660   147   399 D RouteManager: doReconsiderRouting:          -Selected Route in Output = Media|HwCodecMedia|VirtualASP
01-06 23:49:41.660   147   399 D RouteManager: doReconsiderRouting:          -Route that need reconfiguration in Input = <none>
01-06 23:49:41.660   147   399 D RouteManager: doReconsiderRouting:          -Route that need reconfiguration in Output = <none>
01-06 23:49:41.660   147   399 D RouteManager: executeMuteStage: --------------- Routing Stage = Mute ---------------
01-06 23:49:41.660   147   399 D RouteManager: Selection criterion changed event: Criterion name: RoutageState, current state: Flow
01-06 23:49:41.660   147   399 D RouteManager: muteRoutes: Expected Routes to be muted in Input = Media|HwCodecMedia
01-06 23:49:41.660   147   399 D RouteManager: Selection criterion changed event: Criterion name: ClosingCaptureRoutes, current state: Media|HwCodecMedia
01-06 23:49:41.660   147   399 D RouteManager: Selection criterion changed event: Criterion name: OpenedCaptureRoutes, current state: <none>
01-06 23:49:41.660   147   399 D RouteManager: Configuration application request {
01-06 23:49:41.660   147   399 D RouteManager:     Applying configurations {
01-06 23:49:41.660   147   399 D RouteManager:     } Applying configurations
01-06 23:49:41.660   147   399 D RouteManager: } Configuration application request
01-06 23:49:41.660   147   399 D RouteManager: executeDisableStage: --------------- Routing Stage = Disable ---------------
01-06 23:49:41.660   147   399 D RouteManager: Selection criterion changed event: Criterion name: RoutageState, current state: Path
01-06 23:49:41.660   147   399 D RouteManager: disableRoutes: Routes to be disabled(unrouted) in Input = Media|HwCodecMedia
01-06 23:49:41.660   147   399 D RouteManager/StreamRoute: closePcmDevice called for card (cloverviewaudio,0)
01-06 23:49:41.670   147   399 D AudioStreamInALSA: checkAndRemoveAudioEffects list contains 0 effects
01-06 23:49:41.670   147   399 D ALSAStreamOps: detachRoute input stream
01-06 23:49:41.670   147   399 D RouteManager: Configuration application request {
01-06 23:49:41.670   147   399 D RouteManager:     Applying configurations {
01-06 23:49:41.670   147   399 D RouteManager:     } Applying configurations
01-06 23:49:41.670   147   399 D RouteManager: } Configuration application request
01-06 23:49:41.670   147   399 D RouteManager: executeConfigureStage: --------------- Routing Stage = Configure ---------------
01-06 23:49:41.670   147   399 D RouteManager: Selection criterion changed event: Criterion name: RoutageState, current state: Configure
01-06 23:49:41.670   147   399 D RouteManager: Selection criterion changed event: Criterion name: ClosingCaptureRoutes, current state: <none>
01-06 23:49:41.670   147   399 D RouteManager: Configuration application request {
01-06 23:49:41.670   147   399 D RouteManager:     Applying configurations {
01-06 23:49:41.670   147   399 D RouteManager:         Applying configuration "None" from domain "Routing.Configure.InputType"
01-06 23:49:41.670   147   399 D RouteManager:     } Applying configurations
01-06 23:49:41.670   147   399 D RouteManager: } Configuration application request
01-06 23:49:41.670   147   399 D RouteManager: executeEnableStage: --------------- Routing Stage = Enable ---------------
01-06 23:49:41.670   147   399 D RouteManager: Selection criterion changed event: Criterion name: RoutageState, current state: Path|Configure
01-06 23:49:41.670   147   399 D RouteManager: Configuration application request {
01-06 23:49:41.670   147   399 D RouteManager:     Applying configurations {
01-06 23:49:41.670   147   399 D RouteManager:     } Applying configurations
01-06 23:49:41.670   147   399 D RouteManager: } Configuration application request
01-06 23:49:41.670   147   399 D RouteManager: executeUnmuteStage: --------------- Routing Stage = Unmute ---------------
01-06 23:49:41.670   147   399 D RouteManager: Selection criterion changed event: Criterion name: RoutageState, current state: Flow|Path|Configure
01-06 23:49:41.670   147   399 D RouteManager: Configuration application request {
01-06 23:49:41.670   424   808 I WAKELOCK_RELEASE: TIMESTAMP=1516683241570, TAG=AudioIn_AEF, TYPE=PARTIAL_WAKE_LOCK             , COUNT=0, PID=147, UID=1013
01-06 23:49:41.670   424   436 I WAKELOCK_ACQUIRE: TIMESTAMP=1516684355955, TAG=AudioIn_AEF, TYPE=PARTIAL_WAKE_LOCK             , COUNT=0, PID=147, UID=1013
01-06 23:49:41.670   424   424 I WAKELOCK_RELEASE: TIMESTAMP=1516685585530, TAG=AudioIn_AEF, TYPE=PARTIAL_WAKE_LOCK             , COUNT=0, PID=147, UID=1013
01-06 23:49:41.670   147   399 D RouteManager:     Applying configurations {
01-06 23:49:41.670   147   399 D RouteManager:     } Applying configurations
01-06 23:49:41.670   147   399 D RouteManager: } Configuration application request
01-06 23:49:41.670   147   399 D EVENT_THREAD: void CEventThread::run() Do poll with timeout: -1
01-06 23:49:41.670   147  6213 D RouteManager: reconsiderRouting: DONE
01-06 23:49:41.670   147   147 D MPEG4Writer: Audio track stopped
01-06 23:49:41.670   147   147 D MPEG4Writer: Stopping writer thread
01-06 23:49:41.670   147  6215 D MPEG4Writer: 0 chunks are written in the last batch
01-06 23:49:41.670   147   147 D MPEG4Writer: Writer thread stopped
01-06 23:49:41.680   147   421 D AudioResamplerIA: Create AudioResamplerIA Resampler: Input rate 44100, output rate 48000
01-06 23:49:41.680   147   147 I MPEG4Writer: The mp4 file will not be streamable.
01-06 23:49:41.680   147   147 D MPEG4Writer: Stopping Audio track
01-06 23:49:41.680   147   147 I cip_amrNBenc: USC Encoder plugin deleted
01-06 23:49:41.680    55    55 I KERNEL  : [ 1515.595986] SCU TRACE INFO: TT: 0x039D50EC 
01-06 23:49:41.690   424   753 I WAKELOCK_ACQUIRE: TIMESTAMP=1516699885395, TAG=AudioIn_AEF, TYPE=PARTIAL_WAKE_LOCK             , COUNT=0, PID=147, UID=1013
01-06 23:49:41.690   424   696 I WAKELOCK_RELEASE: TIMESTAMP=1516700658187, TAG=AudioIn_AEF, TYPE=PARTIAL_WAKE_LOCK             , COUNT=0, PID=147, UID=1013
01-06 23:49:41.710   424   656 I WAKELOCK_RELEASE: TIMESTAMP=1516723190113, TAG=SoundRecorder, TYPE=SCREEN_DIM_WAKE_LOCK          , COUNT=0, PID=1819, UID=10057
01-06 23:49:41.710  1819  1819 W MediaRecorder: mediarecorder went away with unhandled events
01-06 23:49:41.720  1819  1819 V ViewRootImpl: Sending key event to IME: seq=41201 event=KeyEvent { action=ACTION_DOWN, keyCode=KEYCODE_DPAD_DOWN, scanCode=0, metaState=0, flags=0x8, repeatCount=0, eventTime=1516736, downTime=1516736, deviceId=-1, source=0x101 }
01-06 23:49:41.730  1819  1819 V ViewRootImpl: IME finished event: seq=41201 handled=false event=android.view.ViewRootImpl$QueuedInputEvent@21010cf0
01-06 23:49:41.730  1819  1819 V ViewRootImpl: Sending key event to IME: seq=41202 event=KeyEvent { action=ACTION_UP, keyCode=KEYCODE_DPAD_DOWN, scanCode=0, metaState=0, flags=0x8, repeatCount=0, eventTime=1516738, downTime=1516738, deviceId=-1, source=0x101 }
01-06 23:49:41.730  1819  1819 V ViewRootImpl: IME finished event: seq=41202 handled=false event=android.view.ViewRootImpl$QueuedInputEvent@21010cf0
01-06 23:49:41.830  1819  1819 V ViewRootImpl: Sending key event to IME: seq=41203 event=KeyEvent { action=ACTION_DOWN, keyCode=KEYCODE_MENU, scanCode=0, metaState=0, flags=0x8, repeatCount=0, eventTime=1516842, downTime=1516842, deviceId=-1, source=0x101 }
01-06 23:49:41.830  1819  1819 V ViewRootImpl: IME finished event: seq=41203 handled=false event=android.view.ViewRootImpl$QueuedInputEvent@21010cf0
01-06 23:49:41.830  1819  1819 V ViewRootImpl: Sending key event to IME: seq=41204 event=KeyEvent { action=ACTION_UP, keyCode=KEYCODE_MENU, scanCode=0, metaState=0, flags=0x8, repeatCount=0, eventTime=1516844, downTime=1516844, deviceId=-1, source=0x101 }
01-06 23:49:41.830  1819  1819 I menu_opened: 0
01-06 23:49:41.830  1819  1819 V ViewRootImpl: IME finished event: seq=41204 handled=false event=android.view.ViewRootImpl$QueuedInputEvent@21010cf0
01-06 23:49:41.840   147  2275 I AudioPolicyManagerBase: APM: getOutput
01-06 23:49:41.840   147  2276 I AudioPolicyManagerBase: APM: getOutput
01-06 23:49:41.840   147   147 I AudioPolicyManagerBase: APM: getOutput
01-06 23:49:41.840   147   147 D AudioPolicyManagerALSA: startOutput() output 2, stream type 1, session 2801
01-06 23:49:41.850   147   421 D AudioFlinger: reconfig due to o/p flag ?
01-06 23:49:41.850   147   421 D AudioHardwareALSA: setStreamParameters: key value pair routing=2;stream_flags=2
01-06 23:49:41.850   147   421 D RouteManager: setOutputFlags: output flags = 0x2 (Prev Flags=0x2)
01-06 23:49:41.850   147   421 D RouteManager: setDevices: set device = IHF to output stream
01-06 23:49:41.850   147   421 D RouteManager: setStreamParameters: identical Platform State, do not reconsider routing
01-06 23:49:41.870   424   439 D hwcomposer: isRGBOverlayLayer: got an RGB overlay layer
01-06 23:49:41.870   424   439 D hwcomposer: isSpriteLayer: got a sprite layer
01-06 23:49:41.880   147   421 D AudioResamplerIA: Create AudioResamplerIA Resampler: Input rate 44100, output rate 48000
01-06 23:49:41.890   424   439 D hwcomposer: isRGBOverlayLayer: got an RGB overlay layer
01-06 23:49:41.890   424   439 D hwcomposer: isSpriteLayer: got a sprite layer
01-06 23:49:41.900   424   439 D hwcomposer: isRGBOverlayLayer: got an RGB overlay layer
01-06 23:49:41.900   424   439 D hwcomposer: isSpriteLayer: got a sprite layer
01-06 23:49:41.920   424   439 D hwcomposer: isRGBOverlayLayer: got an RGB overlay layer
01-06 23:49:41.920   424   439 D hwcomposer: isSpriteLayer: got a sprite layer
01-06 23:49:41.940   424   439 D hwcomposer: isRGBOverlayLayer: got an RGB overlay layer
01-06 23:49:41.940   424   439 D hwcomposer: isSpriteLayer: got a sprite layer
01-06 23:49:41.950   424   439 D hwcomposer: isRGBOverlayLayer: got an RGB overlay layer
01-06 23:49:41.950   424   439 D hwcomposer: isSpriteLayer: got a sprite layer
01-06 23:49:41.970   424   439 D hwcomposer: isRGBOverlayLayer: got an RGB overlay layer
01-06 23:49:41.970   424   439 D hwcomposer: isSpriteLayer: got a sprite layer
01-06 23:49:41.990   424   439 D hwcomposer: isRGBOverlayLayer: got an RGB overlay layer
01-06 23:49:41.990   424   439 D hwcomposer: isSpriteLayer: got a sprite layer
01-06 23:49:42.010   424   439 D hwcomposer: isRGBOverlayLayer: got an RGB overlay layer
01-06 23:49:42.010   424   439 D hwcomposer: isSpriteLayer: got a sprite layer
01-06 23:49:42.020   424   439 D hwcomposer: isRGBOverlayLayer: got an RGB overlay layer
01-06 23:49:42.020   424   439 D hwcomposer: isSpriteLayer: got a sprite layer
01-06 23:49:42.030   424   514 I WifiHW  : CMD: SIGNAL_POLL
01-06 23:49:42.030   525   525 D wpa_supplicant: RX ctrl_iface - hexdump(len=11): 53 49 47 4e 41 4c 5f 50 4f 4c 4c
01-06 23:49:42.030   525   525 D wpa_supplicant: wlan0: Control interface command 'SIGNAL_POLL'
01-06 23:49:42.040   424   439 D hwcomposer: isRGBOverlayLayer: got an RGB overlay layer
01-06 23:49:42.040   424   439 D hwcomposer: isSpriteLayer: got a sprite layer
01-06 23:49:42.050   525   525 D wpa_supplicant: nl80211: survey data missing!
01-06 23:49:42.050   424   514 I WifiHW  : REPLY: RSSI=-46
01-06 23:49:42.050   424   514 I WifiHW  : REPLY: LINKSPEED=65
01-06 23:49:42.050   424   514 I WifiHW  : REPLY: NOISE=9999
01-06 23:49:42.050   424   514 I WifiHW  : REPLY: FREQUENCY=0
01-06 23:49:42.060   424   439 D hwcomposer: isRGBOverlayLayer: got an RGB overlay layer
01-06 23:49:42.060   424   439 D hwcomposer: isSpriteLayer: got a sprite layer
01-06 23:49:42.070   424   753 W InputMethodManagerService: Window already focused, ignoring focus gain of: com.android.internal.view.IInputMethodClient$Stub$Proxy@20e4bdd8 attribute=android.view.inputmethod.EditorInfo@20e3cd10, token = android.os.BinderProxy@20fb5298
01-06 23:49:42.070   424   439 D hwcomposer: isRGBOverlayLayer: got an RGB overlay layer
01-06 23:49:42.070   424   439 D hwcomposer: isSpriteLayer: got a sprite layer
01-06 23:49:42.090   424   439 D hwcomposer: isRGBOverlayLayer: got an RGB overlay layer
01-06 23:49:42.090   424   439 D hwcomposer: isSpriteLayer: got a sprite layer
01-06 23:49:42.110   424   439 D hwcomposer: isRGBOverlayLayer: got an RGB overlay layer
01-06 23:49:42.110   424   439 D hwcomposer: isSpriteLayer: got a sprite layer
01-06 23:49:42.130   424   439 D hwcomposer: isRGBOverlayLayer: got an RGB overlay layer
01-06 23:49:42.130   424   439 D hwcomposer: isSpriteLayer: got a sprite layer
01-06 23:49:42.140   424   439 D hwcomposer: isRGBOverlayLayer: got an RGB overlay layer
01-06 23:49:42.140   424   439 D hwcomposer: isSpriteLayer: got a sprite layer
01-06 23:49:42.160   424   439 D hwcomposer: isRGBOverlayLayer: got an RGB overlay layer
01-06 23:49:42.160   424   439 D hwcomposer: isSpriteLayer: got a sprite layer
01-06 23:49:42.180   424   439 D hwcomposer: isRGBOverlayLayer: got an RGB overlay layer
01-06 23:49:42.180   424   439 D hwcomposer: isSpriteLayer: got a sprite layer
01-06 23:49:42.190   424   439 D hwcomposer: isRGBOverlayLayer: got an RGB overlay layer
01-06 23:49:42.190   424   439 D hwcomposer: isSpriteLayer: got a sprite layer
01-06 23:49:42.210   424   439 D hwcomposer: isRGBOverlayLayer: got an RGB overlay layer
01-06 23:49:42.210   424   439 D hwcomposer: isSpriteLayer: got a sprite layer
01-06 23:49:42.230   424   439 D hwcomposer: isRGBOverlayLayer: got an RGB overlay layer
01-06 23:49:42.230   424   439 D hwcomposer: isSpriteLayer: got a sprite layer
01-06 23:49:42.250   424   439 D hwcomposer: isRGBOverlayLayer: got an RGB overlay layer
01-06 23:49:42.250   424   439 D hwcomposer: isSpriteLayer: got a sprite layer
01-06 23:49:42.260   424   439 D hwcomposer: isRGBOverlayLayer: got an RGB overlay layer
01-06 23:49:42.260   424   439 D hwcomposer: isSpriteLayer: got a sprite layer
01-06 23:49:42.280   424   439 D hwcomposer: isRGBOverlayLayer: got an RGB overlay layer
01-06 23:49:42.280   424   439 D hwcomposer: isSpriteLayer: got a sprite layer
01-06 23:49:42.300   424   439 D hwcomposer: isRGBOverlayLayer: got an RGB overlay layer
01-06 23:49:42.300   424   439 D hwcomposer: isSpriteLayer: got a sprite layer
01-06 23:49:42.310   424   439 D hwcomposer: isRGBOverlayLayer: got an RGB overlay layer
01-06 23:49:42.310   424   439 D hwcomposer: isSpriteLayer: got a sprite layer
01-06 23:49:42.330   424   439 D hwcomposer: isRGBOverlayLayer: got an RGB overlay layer
01-06 23:49:42.330   424   439 D hwcomposer: isSpriteLayer: got a sprite layer
01-06 23:49:42.380  1819  1819 V ViewRootImpl: Sending key event to IME: seq=41219 event=KeyEvent { action=ACTION_DOWN, keyCode=KEYCODE_DPAD_LEFT, scanCode=0, metaState=0, flags=0x8, repeatCount=0, eventTime=1517390, downTime=1517390, deviceId=-1, source=0x101 }
01-06 23:49:42.380  1819  1819 V ViewRootImpl: IME finished event: seq=41219 handled=false event=android.view.ViewRootImpl$QueuedInputEvent@21010cf0
01-06 23:49:42.380  1819  1819 V ViewRootImpl: Sending key event to IME: seq=41220 event=KeyEvent { action=ACTION_UP, keyCode=KEYCODE_DPAD_LEFT, scanCode=0, metaState=0, flags=0x8, repeatCount=0, eventTime=1517391, downTime=1517391, deviceId=-1, source=0x101 }
01-06 23:49:42.380  1819  1819 V ViewRootImpl: IME finished event: seq=41220 handled=false event=android.view.ViewRootImpl$QueuedInputEvent@21010cf0
01-06 23:49:42.490  1819  1819 V ViewRootImpl: Sending trackball event to IME: seq=41221 event=MotionEvent { action=ACTION_MOVE, id[0]=0, x[0]=-1.0, y[0]=-5.0, toolType[0]=TOOL_TYPE_UNKNOWN, buttonState=0, metaState=0, flags=0x0, edgeFlags=0x0, pointerCount=1, historySize=0, eventTime=1517495, downTime=-1, deviceId=0, source=0x10004 }
01-06 23:49:42.490  1819  1819 V ViewRootImpl: IME finished event: seq=41221 handled=false event=android.view.ViewRootImpl$QueuedInputEvent@21010cf0
01-06 23:49:42.490  1819  1819 V ViewRootImpl: Sending key event to IME: seq=41222 event=KeyEvent { action=ACTION_MULTIPLE, keyCode=KEYCODE_DPAD_UP, scanCode=0, metaState=0, flags=0x400, repeatCount=2, eventTime=1517502, downTime=1517502, deviceId=-1, source=0x101 }
01-06 23:49:42.490  1819  1819 V ViewRootImpl: IME finished event: seq=41222 handled=false event=android.view.ViewRootImpl$QueuedInputEvent@20ebc9d8
01-06 23:49:42.490  1819  1819 V ViewRootImpl: Sending key event to IME: seq=41223 event=KeyEvent { action=ACTION_DOWN, keyCode=KEYCODE_DPAD_UP, scanCode=0, metaState=0, flags=0x400, repeatCount=0, eventTime=1517504, downTime=1517504, deviceId=-1, source=0x101 }
01-06 23:49:42.490  1819  1819 V ViewRootImpl: IME finished event: seq=41223 handled=false event=android.view.ViewRootImpl$QueuedInputEvent@20fb9f00
01-06 23:49:42.490  1819  1819 V ViewRootImpl: Sending key event to IME: seq=41224 event=KeyEvent { action=ACTION_UP, keyCode=KEYCODE_DPAD_UP, scanCode=0, metaState=0, flags=0x400, repeatCount=0, eventTime=1517504, downTime=1517504, deviceId=-1, source=0x101 }
01-06 23:49:42.490  1819  1819 V ViewRootImpl: IME finished event: seq=41224 handled=false event=android.view.ViewRootImpl$QueuedInputEvent@21094c98
01-06 23:49:42.490  1819  1819 V ViewRootImpl: Sending key event to IME: seq=41225 event=KeyEvent { action=ACTION_DOWN, keyCode=KEYCODE_DPAD_UP, scanCode=0, metaState=0, flags=0x400, repeatCount=0, eventTime=1517504, downTime=1517504, deviceId=-1, source=0x101 }
01-06 23:49:42.500  1819  1819 V ViewRootImpl: IME finished event: seq=41225 handled=false event=android.view.ViewRootImpl$QueuedInputEvent@20edf438
01-06 23:49:42.500  1819  1819 V ViewRootImpl: Sending key event to IME: seq=41226 event=KeyEvent { action=ACTION_UP, keyCode=KEYCODE_DPAD_UP, scanCode=0, metaState=0, flags=0x400, repeatCount=0, eventTime=1517504, downTime=1517504, deviceId=-1, source=0x101 }
01-06 23:49:42.500  1819  1819 V ViewRootImpl: IME finished event: seq=41226 handled=false event=android.view.ViewRootImpl$QueuedInputEvent@20f27f38
01-06 23:49:42.500  1819  1819 V ViewRootImpl: Sending key event to IME: seq=41227 event=KeyEvent { action=ACTION_DOWN, keyCode=KEYCODE_DPAD_UP, scanCode=0, metaState=0, flags=0x400, repeatCount=0, eventTime=1517504, downTime=1517504, deviceId=-1, source=0x101 }
01-06 23:49:42.500  1819  1819 V ViewRootImpl: IME finished event: seq=41227 handled=false event=android.view.ViewRootImpl$QueuedInputEvent@21010d28
01-06 23:49:42.500  1819  1819 V ViewRootImpl: Sending key event to IME: seq=41228 event=KeyEvent { action=ACTION_UP, keyCode=KEYCODE_DPAD_UP, scanCode=0, metaState=0, flags=0x400, repeatCount=0, eventTime=1517504, downTime=1517504, deviceId=-1, source=0x101 }
01-06 23:49:42.500  1819  1819 V ViewRootImpl: IME finished event: seq=41228 handled=false event=android.view.ViewRootImpl$QueuedInputEvent@20efcb98
01-06 23:49:42.500  1819  1819 V ViewRootImpl: Sending key event to IME: seq=41229 event=KeyEvent { action=ACTION_DOWN, keyCode=KEYCODE_DPAD_UP, scanCode=0, metaState=0, flags=0x400, repeatCount=0, eventTime=1517504, downTime=1517504, deviceId=-1, source=0x101 }
01-06 23:49:42.500  1819  1819 V ViewRootImpl: IME finished event: seq=41229 handled=false event=android.view.ViewRootImpl$QueuedInputEvent@20efcbd0
01-06 23:49:42.500  1819  1819 V ViewRootImpl: Sending key event to IME: seq=41230 event=KeyEvent { action=ACTION_UP, keyCode=KEYCODE_DPAD_UP, scanCode=0, metaState=0, flags=0x400, repeatCount=0, eventTime=1517504, downTime=1517504, deviceId=-1, source=0x101 }
01-06 23:49:42.500  1819  1819 V ViewRootImpl: IME finished event: seq=41230 handled=false event=android.view.ViewRootImpl$QueuedInputEvent@20ff6d40
01-06 23:49:42.510  1819  1819 V ViewRootImpl: Sending trackball event to IME: seq=41232 event=MotionEvent { action=ACTION_MOVE, id[0]=0, x[0]=-5.0, y[0]=2.0, toolType[0]=TOOL_TYPE_UNKNOWN, buttonState=0, metaState=0, flags=0x0, edgeFlags=0x0, pointerCount=1, historySize=8, eventTime=1517503, downTime=-1, deviceId=0, source=0x10004 }
01-06 23:49:42.510  1819  1819 V ViewRootImpl: IME finished event: seq=41232 handled=false event=android.view.ViewRootImpl$QueuedInputEvent@20efcbd0
01-06 23:49:42.510  1819  1819 V ViewRootImpl: Sending key event to IME: seq=41233 event=KeyEvent { action=ACTION_MULTIPLE, keyCode=KEYCODE_DPAD_LEFT, scanCode=0, metaState=0, flags=0x400, repeatCount=4, eventTime=1517522, downTime=1517522, deviceId=-1, source=0x101 }
01-06 23:49:42.510  1819  1819 V ViewRootImpl: IME finished event: seq=41233 handled=false event=android.view.ViewRootImpl$QueuedInputEvent@20ff6d40
01-06 23:49:42.510  1819  1819 V ViewRootImpl: Sending key event to IME: seq=41234 event=KeyEvent { action=ACTION_DOWN, keyCode=KEYCODE_DPAD_LEFT, scanCode=0, metaState=0, flags=0x400, repeatCount=0, eventTime=1517522, downTime=1517522, deviceId=-1, source=0x101 }
01-06 23:49:42.510  1819  1819 V ViewRootImpl: IME finished event: seq=41234 handled=false event=android.view.ViewRootImpl$QueuedInputEvent@20efcb98
01-06 23:49:42.510  1819  1819 V ViewRootImpl: Sending key event to IME: seq=41235 event=KeyEvent { action=ACTION_UP, keyCode=KEYCODE_DPAD_LEFT, scanCode=0, metaState=0, flags=0x400, repeatCount=0, eventTime=1517522, downTime=1517522, deviceId=-1, source=0x101 }
01-06 23:49:42.510  1819  1819 V ViewRootImpl: IME finished event: seq=41235 handled=false event=android.view.ViewRootImpl$QueuedInputEvent@21010d28
01-06 23:49:42.510  1819  1819 V ViewRootImpl: Sending key event to IME: seq=41236 event=KeyEvent { action=ACTION_DOWN, keyCode=KEYCODE_DPAD_LEFT, scanCode=0, metaState=0, flags=0x400, repeatCount=0, eventTime=1517522, downTime=1517522, deviceId=-1, source=0x101 }
01-06 23:49:42.510  1819  1819 V ViewRootImpl: IME finished event: seq=41236 handled=false event=android.view.ViewRootImpl$QueuedInputEvent@20f27f38
01-06 23:49:42.520  1819  1819 V ViewRootImpl: Sending key event to IME: seq=41237 event=KeyEvent { action=ACTION_UP, keyCode=KEYCODE_DPAD_LEFT, scanCode=0, metaState=0, flags=0x400, repeatCount=0, eventTime=1517522, downTime=1517522, deviceId=-1, source=0x101 }
01-06 23:49:42.520  1819  1819 V ViewRootImpl: IME finished event: seq=41237 handled=false event=android.view.ViewRootImpl$QueuedInputEvent@20edf438
01-06 23:49:42.520  1819  1819 V ViewRootImpl: Sending key event to IME: seq=41238 event=KeyEvent { action=ACTION_DOWN, keyCode=KEYCODE_DPAD_LEFT, scanCode=0, metaState=0, flags=0x400, repeatCount=0, eventTime=1517522, downTime=1517522, deviceId=-1, source=0x101 }
01-06 23:49:42.520  1819  1819 V ViewRootImpl: IME finished event: seq=41238 handled=false event=android.view.ViewRootImpl$QueuedInputEvent@21094c98
01-06 23:49:42.520  1819  1819 V ViewRootImpl: Sending key event to IME: seq=41239 event=KeyEvent { action=ACTION_UP, keyCode=KEYCODE_DPAD_LEFT, scanCode=0, metaState=0, flags=0x400, repeatCount=0, eventTime=1517522, downTime=1517522, deviceId=-1, source=0x101 }
01-06 23:49:42.520  1819  1819 V ViewRootImpl: IME finished event: seq=41239 handled=false event=android.view.ViewRootImpl$QueuedInputEvent@20fb9f00
01-06 23:49:42.520  1819  1819 V ViewRootImpl: Sending key event to IME: seq=41240 event=KeyEvent { action=ACTION_DOWN, keyCode=KEYCODE_DPAD_LEFT, scanCode=0, metaState=0, flags=0x400, repeatCount=0, eventTime=1517522, downTime=1517522, deviceId=-1, source=0x101 }
01-06 23:49:42.520  1819  1819 V ViewRootImpl: IME finished event: seq=41240 handled=false event=android.view.ViewRootImpl$QueuedInputEvent@20ebc9d8
01-06 23:49:42.520  1819  1819 V ViewRootImpl: Sending key event to IME: seq=41241 event=KeyEvent { action=ACTION_UP, keyCode=KEYCODE_DPAD_LEFT, scanCode=0, metaState=0, flags=0x400, repeatCount=0, eventTime=1517522, downTime=1517522, deviceId=-1, source=0x101 }
01-06 23:49:42.520  1819  1819 V ViewRootImpl: IME finished event: seq=41241 handled=false event=android.view.ViewRootImpl$QueuedInputEvent@21010cf0
01-06 23:49:42.520  1819  1819 V ViewRootImpl: Sending key event to IME: seq=41242 event=KeyEvent { action=ACTION_DOWN, keyCode=KEYCODE_DPAD_DOWN, scanCode=0, metaState=0, flags=0x8, repeatCount=0, eventTime=1517503, downTime=1517503, deviceId=-1, source=0x101 }
01-06 23:49:42.530  1819  1819 V ViewRootImpl: IME finished event: seq=41242 handled=false event=android.view.ViewRootImpl$QueuedInputEvent@20efcbd0
01-06 23:49:42.530   147  2276 I AudioPolicyManagerBase: APM: getOutput
01-06 23:49:42.530   147   147 I AudioPolicyManagerBase: APM: getOutput
01-06 23:49:42.530  1819  1819 V ViewRootImpl: Sending key event to IME: seq=41244 event=KeyEvent { action=ACTION_UP, keyCode=KEYCODE_DPAD_DOWN, scanCode=0, metaState=0, flags=0x8, repeatCount=0, eventTime=1517523, downTime=1517523, deviceId=-1, source=0x101 }
01-06 23:49:42.530   147   527 I AudioPolicyManagerBase: APM: getOutput
01-06 23:49:42.530   147   527 D AudioPolicyManagerALSA: startOutput() output 2, stream type 1, session 2802
01-06 23:49:42.530  1819  1819 V ViewRootImpl: IME finished event: seq=41244 handled=false event=android.view.ViewRootImpl$QueuedInputEvent@20efcbd0
01-06 23:49:42.550   147   421 D AudioFlinger: reconfig due to o/p flag ?
01-06 23:49:42.550   147   421 D AudioHardwareALSA: setStreamParameters: key value pair routing=2;stream_flags=2
01-06 23:49:42.550   147   421 D RouteManager: setOutputFlags: output flags = 0x2 (Prev Flags=0x2)
01-06 23:49:42.550   147   421 D RouteManager: setDevices: set device = IHF to output stream
01-06 23:49:42.550   147   421 D RouteManager: setStreamParameters: identical Platform State, do not reconsider routing
01-06 23:49:42.560   600  6025 W DownloadManager: Aborting request for download 38: while trying to execute request: org.apache.http.conn.ConnectTimeoutException: Connect to /74.125.128.120:443 timed out
01-06 23:49:42.560   424   696 I WAKELOCK_RELEASE: TIMESTAMP=1517578603023, TAG=DownloadManager, TYPE=PARTIAL_WAKE_LOCK             , COUNT=0, PID=600, UID=10018
01-06 23:49:42.570   424   808 I WAKELOCK_ACQUIRE: TIMESTAMP=1517584778692, TAG=DownloadManager, TYPE=PARTIAL_WAKE_LOCK             , COUNT=0, PID=600, UID=10018
01-06 23:49:42.570   147   421 D AudioResamplerIA: Create AudioResamplerIA Resampler: Input rate 44100, output rate 48000
01-06 23:49:42.570   600  6221 I DownloadManager: Initiating request for download 1
01-06 23:49:42.710   600  6029 W DownloadManager: Aborting request for download 45: while trying to execute request: org.apache.http.conn.ConnectTimeoutException: Connect to /74.125.128.120:443 timed out
01-06 23:49:42.720   424   803 I WAKELOCK_RELEASE: TIMESTAMP=1517735902071, TAG=DownloadManager, TYPE=PARTIAL_WAKE_LOCK             , COUNT=0, PID=600, UID=10018
01-06 23:49:42.730   600  6225 I force_gc: Binder
01-06 23:49:42.730  1819  1819 V ViewRootImpl: Sending key event to IME: seq=41247 event=KeyEvent { action=ACTION_DOWN, keyCode=KEYCODE_W, scanCode=0, metaState=0, flags=0x8, repeatCount=0, eventTime=1517747, downTime=1517747, deviceId=-1, source=0x101 }
01-06 23:49:42.740  1819  1819 V ViewRootImpl: IME finished event: seq=41247 handled=true event=android.view.ViewRootImpl$QueuedInputEvent@20efcbd0
01-06 23:49:42.740   424   698 I notification_enqueue: [android,17040479,NULL,-1,Notification(pri=0 contentView=android/0x109008f vibrate=null sound=null defaults=0x0 flags=0x2 kind=[android.system.imeswitcher])]
01-06 23:49:42.740  1819  1819 V ViewRootImpl: Sending key event to IME: seq=41248 event=KeyEvent { action=ACTION_UP, keyCode=KEYCODE_W, scanCode=0, metaState=0, flags=0x8, repeatCount=0, eventTime=1517749, downTime=1517749, deviceId=-1, source=0x101 }
01-06 23:49:42.740  1819  1819 V ViewRootImpl: IME finished event: seq=41248 handled=true event=android.view.ViewRootImpl$QueuedInputEvent@20efcbd0
01-06 23:49:42.770   424   698 I WAKELOCK_ACQUIRE: TIMESTAMP=1517782674337, TAG=DownloadManager, TYPE=PARTIAL_WAKE_LOCK             , COUNT=0, PID=600, UID=10018
01-06 23:49:42.770   600  6225 D dalvikvm: GC_EXPLICIT freed 2234K, 57% free 3272K/7600K, paused 3ms+6ms, total 39ms
01-06 23:49:42.780   424   439 D hwcomposer: isRGBOverlayLayer: got an RGB overlay layer
01-06 23:49:42.780   424   439 D hwcomposer: isSpriteLayer: got a sprite layer
01-06 23:49:42.780   600  6225 I DownloadManager: Initiating request for download 46
01-06 23:49:42.790   600  6032 W DownloadManager: Aborting request for download 5: while trying to execute request: org.apache.http.conn.ConnectTimeoutException: Connect to /74.125.128.120:443 timed out
01-06 23:49:42.790   424   439 D hwcomposer: isRGBOverlayLayer: got an RGB overlay layer
01-06 23:49:42.790   424   439 D hwcomposer: isSpriteLayer: got a sprite layer
01-06 23:49:42.800   424   802 I WAKELOCK_RELEASE: TIMESTAMP=1517814488145, TAG=DownloadManager, TYPE=PARTIAL_WAKE_LOCK             , COUNT=0, PID=600, UID=10018
01-06 23:49:42.810   424   648 I WAKELOCK_ACQUIRE: TIMESTAMP=1517822386838, TAG=DownloadManager, TYPE=PARTIAL_WAKE_LOCK             , COUNT=0, PID=600, UID=10018
01-06 23:49:42.810   600  6228 I DownloadManager: Initiating request for download 47
01-06 23:49:42.810   424   439 D hwcomposer: same RGB buffer handle 0x68763f90
01-06 23:49:42.830   424   439 D hwcomposer: isRGBOverlayLayer: got an RGB overlay layer
01-06 23:49:42.830   424   439 D hwcomposer: isSpriteLayer: got a sprite layer
01-06 23:49:42.850   424   439 D hwcomposer: isRGBOverlayLayer: got an RGB overlay layer
01-06 23:49:42.850   424   439 D hwcomposer: isSpriteLayer: got a sprite layer
01-06 23:49:42.860   424   439 D hwcomposer: isRGBOverlayLayer: got an RGB overlay layer
01-06 23:49:42.870   424   431 I dalvikvm: Could not compile trace for Landroid/util/SparseArray;clear, offset 6
01-06 23:49:42.870   424   431 I dalvikvm: ++++++++++++++++++++++++++++++++++++++++++++
01-06 23:49:42.870   424   431 I dalvikvm: JIT_INFO: Issues in trace  Landroid/util/SparseArray;clear, offset 6
