01-06 23:49:47.320   147   399 D RouteManager: doReconsiderRouting:          -Previously Enabled Route in Output = Media|HwCodecMedia|VirtualASP
01-06 23:49:47.320   147   399 D RouteManager: doReconsiderRouting:          -Selected Route in Input = Media|HwCodecMedia
01-06 23:49:47.320   147   399 D RouteManager: doReconsiderRouting:          -Selected Route in Output = Media|HwCodecMedia|VirtualASP
01-06 23:49:47.320   147   399 D RouteManager: doReconsiderRouting:          -Route that need reconfiguration in Input = <none>
01-06 23:49:47.320   147   399 D RouteManager: doReconsiderRouting:          -Route that need reconfiguration in Output = <none>
01-06 23:49:47.320   147   399 D RouteManager: executeMuteStage: --------------- Routing Stage = Mute ---------------
01-06 23:49:47.320   147   399 D RouteManager: Selection criterion changed event: Criterion name: RoutageState, current state: Flow
01-06 23:49:47.320   147   399 D RouteManager: Configuration application request {
01-06 23:49:47.320   147   399 D RouteManager:     Applying configurations {
01-06 23:49:47.320   147   399 D RouteManager:     } Applying configurations
01-06 23:49:47.320   147   399 D RouteManager: } Configuration application request
01-06 23:49:47.320   147   399 D RouteManager: executeDisableStage: --------------- Routing Stage = Disable ---------------
01-06 23:49:47.320   147   399 D RouteManager: Selection criterion changed event: Criterion name: RoutageState, current state: Path
01-06 23:49:47.320   147   399 D RouteManager: Configuration application request {
01-06 23:49:47.320   147   399 D RouteManager:     Applying configurations {
01-06 23:49:47.320   147   399 D RouteManager:     } Applying configurations
01-06 23:49:47.320   147   399 D RouteManager: } Configuration application request
01-06 23:49:47.320   147   399 D RouteManager: executeConfigureStage: --------------- Routing Stage = Configure ---------------
01-06 23:49:47.320   147   399 D RouteManager: Selection criterion changed event: Criterion name: RoutageState, current state: Configure
01-06 23:49:47.320   147   399 D RouteManager: Selection criterion changed event: Criterion name: OpenedCaptureRoutes, current state: Media|HwCodecMedia
01-06 23:49:47.320   147   399 D RouteManager: Configuration application request {
01-06 23:49:47.320   147   399 D RouteManager:     Applying configurations {
01-06 23:49:47.320   147   399 D RouteManager:         Applying configuration "Digital" from domain "Routing.Configure.InputType"
01-06 23:49:47.330   147   399 D RouteManager:     } Applying configurations
01-06 23:49:47.330   147   399 D RouteManager: } Configuration application request
01-06 23:49:47.330   147   399 D RouteManager: executeEnableStage: --------------- Routing Stage = Enable ---------------
01-06 23:49:47.330   147   399 D RouteManager: Selection criterion changed event: Criterion name: RoutageState, current state: Path|Configure
01-06 23:49:47.330   147   399 D RouteManager: Configuration application request {
01-06 23:49:47.330   147   399 D RouteManager:     Applying configurations {
01-06 23:49:47.330   147   399 D RouteManager:     } Applying configurations
01-06 23:49:47.330   147   399 D RouteManager: } Configuration application request
01-06 23:49:47.330   147   399 D RouteManager: enableRoutes: Routes to be enabled(routed) in Input = Media|HwCodecMedia
01-06 23:49:47.330   147   399 D RouteManager/StreamRoute: openPcmDevice called for card (cloverviewaudio,0)
01-06 23:49:47.330   147   399 D RouteManager/StreamRoute: openPcmDevice		 config=rate(48000), format(0), channels(2))
01-06 23:49:47.330   147   399 D RouteManager/StreamRoute: openPcmDevice		 period_size=1920, period_count=2
01-06 23:49:47.330   147   399 D RouteManager/StreamRoute: openPcmDevice		 startTh=1, stop Th=3840 silence Th=0
01-06 23:49:47.330   147   399 D ALSAStreamOps: attachRoute input stream
01-06 23:49:47.330   147   399 D AudioConversion: configure: SOURCE rate=48000 format=1 channels=2
01-06 23:49:47.330   147   399 D AudioConversion: configure: DST rate=8000 format=1 channels=1
01-06 23:49:47.330   147   399 D AudioConversion: doConfigureAndAddConverter: SOURCE rate=48000 format=1 channels=2
01-06 23:49:47.330   147   399 D AudioConversion: doConfigureAndAddConverter: DST rate=48000 format=1 channels=1
01-06 23:49:47.330   147   399 D AudioConversion: doConfigureAndAddConverter: SOURCE rate=48000 format=1 channels=1
01-06 23:49:47.330   147   399 D AudioConversion: doConfigureAndAddConverter: DST rate=8000 format=1 channels=1
01-06 23:49:47.330   147   399 D Resampler: doConfigure: SOURCE rate=48000 format=1 channels=1
01-06 23:49:47.330   147   399 D Resampler: doConfigure: DST rate=8000 format=1 channels=1
01-06 23:49:47.330   147   399 D AudioStreamInALSA: checkAndAddAudioEffects list contains 0 effects
01-06 23:49:47.330   147   399 D RouteManager: executeUnmuteStage: --------------- Routing Stage = Unmute ---------------
01-06 23:49:47.330   147   399 D RouteManager: Selection criterion changed event: Criterion name: RoutageState, current state: Flow|Path|Configure
01-06 23:49:47.330   147   399 D RouteManager: Configuration application request {
01-06 23:49:47.330   147   399 D RouteManager:     Applying configurations {
01-06 23:49:47.330   147   399 D RouteManager:     } Applying configurations
01-06 23:49:47.330   147   399 D RouteManager: } Configuration application request
01-06 23:49:47.330   147   399 D EVENT_THREAD: void CEventThread::run() Do poll with timeout: -1
01-06 23:49:47.330   147  6242 D RouteManager: reconsiderRouting: DONE
01-06 23:49:47.410   147  6245 I MPEG4Writer: setStartTimestampUs: 180856
01-06 23:49:47.410   424   698 I WAKELOCK_ACQUIRE: TIMESTAMP=1522426432778, TAG=SoundRecorder, TYPE=SCREEN_DIM_WAKE_LOCK          , COUNT=0, PID=1819, UID=10057
01-06 23:49:47.410   147  6245 I MPEG4Writer: Earliest track starting time: 180856
01-06 23:49:47.420  1819  1819 V ViewRootImpl: Sending key event to IME: seq=41340 event=KeyEvent { action=ACTION_DOWN, keyCode=KEYCODE_META_LEFT, scanCode=0, metaState=0, flags=0x8, repeatCount=0, eventTime=1522313, downTime=1522313, deviceId=-1, source=0x101 }
01-06 23:49:47.430  1819  1819 V ViewRootImpl: IME finished event: seq=41340 handled=false event=android.view.ViewRootImpl$QueuedInputEvent@21094c98
01-06 23:49:47.430  1819  1819 V ViewRootImpl: Sending key event to IME: seq=41341 event=KeyEvent { action=ACTION_UP, keyCode=KEYCODE_META_LEFT, scanCode=0, metaState=0, flags=0x8, repeatCount=0, eventTime=1522429, downTime=1522429, deviceId=-1, source=0x101 }
01-06 23:49:47.430  1819  1819 V ViewRootImpl: IME finished event: seq=41341 handled=false event=android.view.ViewRootImpl$QueuedInputEvent@21094c98
01-06 23:49:47.530  1819  1819 V ViewRootImpl: Sending key event to IME: seq=41342 event=KeyEvent { action=ACTION_DOWN, keyCode=KEYCODE_DPAD_LEFT, scanCode=0, metaState=0, flags=0x8, repeatCount=0, eventTime=1522546, downTime=1522546, deviceId=-1, source=0x101 }
01-06 23:49:47.530  1819  1819 V ViewRootImpl: IME finished event: seq=41342 handled=false event=android.view.ViewRootImpl$QueuedInputEvent@21094c98
01-06 23:49:47.540  1819  1819 V ViewRootImpl: Sending key event to IME: seq=41343 event=KeyEvent { action=ACTION_UP, keyCode=KEYCODE_DPAD_LEFT, scanCode=0, metaState=0, flags=0x8, repeatCount=0, eventTime=1522547, downTime=1522547, deviceId=-1, source=0x101 }
01-06 23:49:47.540  1819  1819 V ViewRootImpl: IME finished event: seq=41343 handled=false event=android.view.ViewRootImpl$QueuedInputEvent@21094c98
01-06 23:49:47.690   600  6056 W DownloadManager: Aborting request for download 34: while trying to execute request: org.apache.http.conn.ConnectTimeoutException: Connect to /74.125.128.120:443 timed out
01-06 23:49:47.690   600  6054 W DownloadManager: Aborting request for download 31: while trying to execute request: org.apache.http.conn.ConnectTimeoutException: Connect to /74.125.128.120:443 timed out
01-06 23:49:47.690   424   656 I WAKELOCK_RELEASE: TIMESTAMP=1522708126787, TAG=DownloadManager, TYPE=PARTIAL_WAKE_LOCK             , COUNT=0, PID=600, UID=10018
01-06 23:49:47.700   424   690 I WAKELOCK_RELEASE: TIMESTAMP=1522712843900, TAG=DownloadManager, TYPE=PARTIAL_WAKE_LOCK             , COUNT=0, PID=600, UID=10018
01-06 23:49:47.700   424   648 I WAKELOCK_ACQUIRE: TIMESTAMP=1522715232399, TAG=DownloadManager, TYPE=PARTIAL_WAKE_LOCK             , COUNT=0, PID=600, UID=10018
01-06 23:49:47.700   600  6247 I DownloadManager: Initiating request for download 30
01-06 23:49:47.710   424   803 I WAKELOCK_ACQUIRE: TIMESTAMP=1522719888402, TAG=DownloadManager, TYPE=PARTIAL_WAKE_LOCK             , COUNT=0, PID=600, UID=10018
01-06 23:49:47.710   600  6248 I DownloadManager: Initiating request for download 3
01-06 23:49:47.740  1819  1819 V ViewRootImpl: Sending key event to IME: seq=41344 event=KeyEvent { action=ACTION_DOWN, keyCode=KEYCODE_TV_INPUT, scanCode=0, metaState=0, flags=0x8, repeatCount=0, eventTime=1522755, downTime=1522755, deviceId=-1, source=0x101 }
01-06 23:49:47.740  1819  1819 V ViewRootImpl: IME finished event: seq=41344 handled=false event=android.view.ViewRootImpl$QueuedInputEvent@21094c98
01-06 23:49:47.740  1819  1819 V ViewRootImpl: Sending key event to IME: seq=41345 event=KeyEvent { action=ACTION_UP, keyCode=KEYCODE_TV_INPUT, scanCode=0, metaState=0, flags=0x8, repeatCount=0, eventTime=1522756, downTime=1522756, deviceId=-1, source=0x101 }
01-06 23:49:47.750  1819  1819 V ViewRootImpl: IME finished event: seq=41345 handled=false event=android.view.ViewRootImpl$QueuedInputEvent@21094c98
01-06 23:49:47.960  1819  1819 V ViewRootImpl: Sending key event to IME: seq=41348 event=KeyEvent { action=ACTION_DOWN, keyCode=KEYCODE_DPAD_DOWN, scanCode=0, metaState=0, flags=0x8, repeatCount=0, eventTime=1522963, downTime=1522963, deviceId=-1, source=0x101 }
01-06 23:49:47.960  1819  1819 V ViewRootImpl: IME finished event: seq=41348 handled=false event=android.view.ViewRootImpl$QueuedInputEvent@21094c98
01-06 23:49:47.960  1819  1819 V ViewRootImpl: Sending key event to IME: seq=41349 event=KeyEvent { action=ACTION_UP, keyCode=KEYCODE_DPAD_DOWN, scanCode=0, metaState=0, flags=0x8, repeatCount=0, eventTime=1522964, downTime=1522964, deviceId=-1, source=0x101 }
01-06 23:49:47.960  1819  1819 V ViewRootImpl: IME finished event: seq=41349 handled=false event=android.view.ViewRootImpl$QueuedInputEvent@21094c98
01-06 23:49:48.060  1819  1819 V ViewRootImpl: Sending key event to IME: seq=41350 event=KeyEvent { action=ACTION_DOWN, keyCode=KEYCODE_DPAD_LEFT, scanCode=0, metaState=0, flags=0x8, repeatCount=0, eventTime=1523068, downTime=1523068, deviceId=-1, source=0x101 }
01-06 23:49:48.060  1819  1819 V ViewRootImpl: IME finished event: seq=41350 handled=false event=android.view.ViewRootImpl$QueuedInputEvent@21094c98
01-06 23:49:48.060  1819  1819 V ViewRootImpl: Sending key event to IME: seq=41351 event=KeyEvent { action=ACTION_UP, keyCode=KEYCODE_DPAD_LEFT, scanCode=0, metaState=0, flags=0x8, repeatCount=0, eventTime=1523069, downTime=1523069, deviceId=-1, source=0x101 }
01-06 23:49:48.060  1819  1819 V ViewRootImpl: IME finished event: seq=41351 handled=false event=android.view.ViewRootImpl$QueuedInputEvent@21094c98
01-06 23:49:48.070   424   514 I WifiHW  : CMD: SIGNAL_POLL
01-06 23:49:48.070   525   525 D wpa_supplicant: RX ctrl_iface - hexdump(len=11): 53 49 47 4e 41 4c 5f 50 4f 4c 4c
01-06 23:49:48.070   525   525 D wpa_supplicant: wlan0: Control interface command 'SIGNAL_POLL'
01-06 23:49:48.090   525   525 D wpa_supplicant: nl80211: survey data missing!
01-06 23:49:48.090   424   514 I WifiHW  : REPLY: RSSI=-47
01-06 23:49:48.090   424   514 I WifiHW  : REPLY: LINKSPEED=65
01-06 23:49:48.090   424   514 I WifiHW  : REPLY: NOISE=9999
01-06 23:49:48.090   424   514 I WifiHW  : REPLY: FREQUENCY=0
01-06 23:49:48.580  1819  1819 V ViewRootImpl: Sending key event to IME: seq=41358 event=KeyEvent { action=ACTION_DOWN, keyCode=KEYCODE_MENU, scanCode=0, metaState=0, flags=0x8, repeatCount=0, eventTime=1523588, downTime=1523588, deviceId=-1, source=0x101 }
01-06 23:49:48.580  1819  1819 V ViewRootImpl: IME finished event: seq=41358 handled=false event=android.view.ViewRootImpl$QueuedInputEvent@21094c98
01-06 23:49:48.580  1819  1819 V ViewRootImpl: Sending key event to IME: seq=41359 event=KeyEvent { action=ACTION_UP, keyCode=KEYCODE_MENU, scanCode=0, metaState=0, flags=0x8, repeatCount=0, eventTime=1523589, downTime=1523589, deviceId=-1, source=0x101 }
01-06 23:49:48.580  1819  1819 I menu_opened: 0
01-06 23:49:48.580  1819  1819 V ViewRootImpl: IME finished event: seq=41359 handled=false event=android.view.ViewRootImpl$QueuedInputEvent@21094c98
01-06 23:49:48.580   147   527 I AudioPolicyManagerBase: APM: getOutput
01-06 23:49:48.580   147   528 I AudioPolicyManagerBase: APM: getOutput
01-06 23:49:48.580   147   423 I AudioPolicyManagerBase: APM: getOutput
01-06 23:49:48.580   147   423 D AudioPolicyManagerALSA: startOutput() output 2, stream type 1, session 2817
01-06 23:49:48.610   424   439 D hwcomposer: isRGBOverlayLayer: got an RGB overlay layer
01-06 23:49:48.620   147   421 D AudioFlinger: reconfig due to o/p flag ?
01-06 23:49:48.620   147   421 D AudioHardwareALSA: setStreamParameters: key value pair routing=2;stream_flags=2
01-06 23:49:48.620   424   439 D hwcomposer: isRGBOverlayLayer: got an RGB overlay layer
01-06 23:49:48.640   424   439 D hwcomposer: isRGBOverlayLayer: got an RGB overlay layer
01-06 23:49:48.660   424   439 D hwcomposer: isRGBOverlayLayer: got an RGB overlay layer
01-06 23:49:48.680   424   439 D hwcomposer: isRGBOverlayLayer: got an RGB overlay layer
01-06 23:49:48.690   424   808 W InputMethodManagerService: Window already focused, ignoring focus gain of: com.android.internal.view.IInputMethodClient$Stub$Proxy@21251aa0 attribute=android.view.inputmethod.EditorInfo@20ecda90, token = android.os.BinderProxy@20fb5298
01-06 23:49:48.690   147   421 D RouteManager: setOutputFlags: output flags = 0x2 (Prev Flags=0x2)
01-06 23:49:48.690   147   421 D RouteManager: setDevices: set device = IHF to output stream
01-06 23:49:48.690   147   421 D RouteManager: setStreamParameters: identical Platform State, do not reconsider routing
01-06 23:49:48.690   424   439 D hwcomposer: isRGBOverlayLayer: got an RGB overlay layer
01-06 23:49:48.710   424   439 D hwcomposer: isRGBOverlayLayer: got an RGB overlay layer
01-06 23:49:48.720   147   421 D AudioResamplerIA: Create AudioResamplerIA Resampler: Input rate 44100, output rate 48000
01-06 23:49:48.730   424   439 D hwcomposer: isRGBOverlayLayer: got an RGB overlay layer
01-06 23:49:48.740   424   439 D hwcomposer: isRGBOverlayLayer: got an RGB overlay layer
01-06 23:49:48.760   424   439 D hwcomposer: isRGBOverlayLayer: got an RGB overlay layer
01-06 23:49:48.780   424   439 D hwcomposer: isRGBOverlayLayer: got an RGB overlay layer
01-06 23:49:48.780  1819  1819 V ViewRootImpl: Sending key event to IME: seq=41362 event=KeyEvent { action=ACTION_DOWN, keyCode=KEYCODE_DPAD_RIGHT, scanCode=0, metaState=0, flags=0x8, repeatCount=0, eventTime=1523797, downTime=1523797, deviceId=-1, source=0x101 }
01-06 23:49:48.780  1819  1819 V ViewRootImpl: IME finished event: seq=41362 handled=false event=android.view.ViewRootImpl$QueuedInputEvent@21094c98
01-06 23:49:48.790  1819  1819 V ViewRootImpl: Sending key event to IME: seq=41363 event=KeyEvent { action=ACTION_UP, keyCode=KEYCODE_DPAD_RIGHT, scanCode=0, metaState=0, flags=0x8, repeatCount=0, eventTime=1523798, downTime=1523798, deviceId=-1, source=0x101 }
01-06 23:49:48.790  1819  1819 V ViewRootImpl: IME finished event: seq=41363 handled=false event=android.view.ViewRootImpl$QueuedInputEvent@21094c98
01-06 23:49:48.800   424   439 D hwcomposer: isRGBOverlayLayer: got an RGB overlay layer
01-06 23:49:48.810   424   439 D hwcomposer: isRGBOverlayLayer: got an RGB overlay layer
01-06 23:49:48.830   424   439 D hwcomposer: isRGBOverlayLayer: got an RGB overlay layer
01-06 23:49:48.850   424   439 D hwcomposer: isRGBOverlayLayer: got an RGB overlay layer
01-06 23:49:48.860   424   439 D hwcomposer: isRGBOverlayLayer: got an RGB overlay layer
01-06 23:49:48.880   424   439 D hwcomposer: isRGBOverlayLayer: got an RGB overlay layer
01-06 23:49:48.890  1819  1819 V ViewRootImpl: Sending key event to IME: seq=41364 event=KeyEvent { action=ACTION_DOWN, keyCode=KEYCODE_DPAD_LEFT, scanCode=0, metaState=0, flags=0x8, repeatCount=0, eventTime=1523901, downTime=1523901, deviceId=-1, source=0x101 }
01-06 23:49:48.890  1819  1819 V ViewRootImpl: IME finished event: seq=41364 handled=false event=android.view.ViewRootImpl$QueuedInputEvent@21094c98
01-06 23:49:48.890  1819  1819 V ViewRootImpl: Sending key event to IME: seq=41365 event=KeyEvent { action=ACTION_UP, keyCode=KEYCODE_DPAD_LEFT, scanCode=0, metaState=0, flags=0x8, repeatCount=0, eventTime=1523902, downTime=1523902, deviceId=-1, source=0x101 }
01-06 23:49:48.890  1819  1819 V ViewRootImpl: IME finished event: seq=41365 handled=false event=android.view.ViewRootImpl$QueuedInputEvent@21094c98
01-06 23:49:48.900   424   439 D hwcomposer: isRGBOverlayLayer: got an RGB overlay layer
01-06 23:49:48.920   424   439 D hwcomposer: isRGBOverlayLayer: got an RGB overlay layer
01-06 23:49:48.930   424   439 D hwcomposer: isRGBOverlayLayer: got an RGB overlay layer
01-06 23:49:48.950   424   439 D hwcomposer: isRGBOverlayLayer: got an RGB overlay layer
01-06 23:49:48.990  1819  1819 V ViewRootImpl: Sending key event to IME: seq=41366 event=KeyEvent { action=ACTION_DOWN, keyCode=KEYCODE_DPAD_CENTER, scanCode=0, metaState=0, flags=0x8, repeatCount=0, eventTime=1524005, downTime=1524005, deviceId=-1, source=0x101 }
01-06 23:49:48.990  1819  1819 V ViewRootImpl: IME finished event: seq=41366 handled=false event=android.view.ViewRootImpl$QueuedInputEvent@21094c98
01-06 23:49:48.990  1819  1819 V ViewRootImpl: Sending key event to IME: seq=41367 event=KeyEvent { action=ACTION_UP, keyCode=KEYCODE_DPAD_CENTER, scanCode=0, metaState=0, flags=0x8, repeatCount=0, eventTime=1524006, downTime=1524006, deviceId=-1, source=0x101 }
01-06 23:49:49.000  1819  1819 V ViewRootImpl: IME finished event: seq=41367 handled=false event=android.view.ViewRootImpl$QueuedInputEvent@21094c98
01-06 23:49:49.000   147   527 D MPEG4Writer: Stopping Audio track
01-06 23:49:49.000   147   528 I AudioPolicyManagerBase: APM: getOutput
01-06 23:49:49.000   147   147 I AudioPolicyManagerBase: APM: getOutput
01-06 23:49:49.000   147   423 I AudioPolicyManagerBase: APM: getOutput
01-06 23:49:49.000   147  2276 D AudioPolicyManagerALSA: startOutput() output 2, stream type 1, session 2818
01-06 23:49:49.010   147  6245 I MPEG4Writer: Received total/0-length (77/0) buffers and encoded 77 frames. - audio
01-06 23:49:49.010   147  6245 I MPEG4Writer: Audio track drift time: -34092 us
01-06 23:49:49.010   147   527 D MPEG4Writer: Stopping Audio track source
01-06 23:49:49.030   147   421 D AudioFlinger: reconfig due to o/p flag ?
01-06 23:49:49.030   147   421 D AudioHardwareALSA: setStreamParameters: key value pair routing=2;stream_flags=2
01-06 23:49:49.100   147   421 D RouteManager: setOutputFlags: output flags = 0x2 (Prev Flags=0x2)
01-06 23:49:49.100   147   421 D RouteManager: setDevices: set device = IHF to output stream
01-06 23:49:49.100   147   421 D RouteManager: setStreamParameters: identical Platform State, do not reconsider routing
01-06 23:49:49.100   147  6242 D RouteManager: stopStream: {+++ RECONSIDER ROUTING +++} due to input stream stop event
01-06 23:49:49.100   147  6242 D RouteManager: reconsiderRouting
01-06 23:49:49.100   147  6242 D EVENT_THREAD: void CEventThread::trig(uint16_t): in
01-06 23:49:49.100   147  6242 D EVENT_THREAD: void CEventThread::trig(uint16_t): out
01-06 23:49:49.100   147   399 D RouteManager: doReconsiderRouting:       Platform State:
01-06 23:49:49.100   147   399 D RouteManager: doReconsiderRouting:          -Modem Alive = 1 
01-06 23:49:49.100   147   399 D RouteManager: doReconsiderRouting:          -Modem Call Active = 0 
01-06 23:49:49.100   147   399 D RouteManager: doReconsiderRouting:          -Is Shared I2S glitch free=1 
01-06 23:49:49.100   147   399 D RouteManager: doReconsiderRouting:          -Android Telephony Mode = Normal 
01-06 23:49:49.100   147   399 D RouteManager: doReconsiderRouting:          -RTE MGR HW Mode = Normal 
01-06 23:49:49.100   147   399 D RouteManager: doReconsiderRouting:          -BT Enabled = 0 
01-06 23:49:49.100   147   399 D RouteManager: doReconsiderRouting:          -Platform output device = IHF 
01-06 23:49:49.100   147   399 D RouteManager: doReconsiderRouting:          -Platform input device = Main 
01-06 23:49:49.100   147   399 D RouteManager: doReconsiderRouting:          -Platform input source = Mic 
01-06 23:49:49.100   147   399 D RouteManager: doReconsiderRouting:          -Platform Band type = NB 
01-06 23:49:49.100   147   399 D RouteManager: doReconsiderRouting:          -Platform Has Direct Stream = no 
01-06 23:49:49.100   147   399 D RouteManager: doReconsiderRouting:          -Platform TTY direction = <none> 
01-06 23:49:49.100   147   399 D RouteManager: doReconsiderRouting:          -Platform HAC Mode = Off 
01-06 23:49:49.100   147   399 D RouteManager: doReconsiderRouting:          -Platform Screen State = On 
01-06 23:49:49.100   147   399 D RouteManager: doReconsiderRouting:      Route state:
01-06 23:49:49.100   147   399 D RouteManager: doReconsiderRouting:          -Previously Enabled Route in Input = Media|HwCodecMedia
01-06 23:49:49.100   147   399 D RouteManager: doReconsiderRouting:          -Previously Enabled Route in Output = Media|HwCodecMedia|VirtualASP
01-06 23:49:49.100   147   399 D RouteManager: doReconsiderRouting:          -Selected Route in Input = <none>
01-06 23:49:49.100   147   399 D RouteManager: doReconsiderRouting:          -Selected Route in Output = Media|HwCodecMedia|VirtualASP
01-06 23:49:49.100   147   399 D RouteManager: doReconsiderRouting:          -Route that need reconfiguration in Input = <none>
01-06 23:49:49.100   147   399 D RouteManager: doReconsiderRouting:          -Route that need reconfiguration in Output = <none>
01-06 23:49:49.100   147   399 D RouteManager: executeMuteStage: --------------- Routing Stage = Mute ---------------
01-06 23:49:49.100   147   399 D RouteManager: Selection criterion changed event: Criterion name: RoutageState, current state: Flow
01-06 23:49:49.100   147   399 D RouteManager: muteRoutes: Expected Routes to be muted in Input = Media|HwCodecMedia
01-06 23:49:49.100   147   399 D RouteManager: Selection criterion changed event: Criterion name: ClosingCaptureRoutes, current state: Media|HwCodecMedia
01-06 23:49:49.100   147   399 D RouteManager: Selection criterion changed event: Criterion name: OpenedCaptureRoutes, current state: <none>
01-06 23:49:49.100   147   399 D RouteManager: Configuration application request {
01-06 23:49:49.100   147   399 D RouteManager:     Applying configurations {
01-06 23:49:49.100   147   399 D RouteManager:     } Applying configurations
01-06 23:49:49.100   147   399 D RouteManager: } Configuration application request
01-06 23:49:49.100   147   399 D RouteManager: executeDisableStage: --------------- Routing Stage = Disable ---------------
01-06 23:49:49.100   147   399 D RouteManager: Selection criterion changed event: Criterion name: RoutageState, current state: Path
01-06 23:49:49.100   147   399 D RouteManager: disableRoutes: Routes to be disabled(unrouted) in Input = Media|HwCodecMedia
01-06 23:49:49.100   147   399 D RouteManager/StreamRoute: closePcmDevice called for card (cloverviewaudio,0)
01-06 23:49:49.100   147   399 D AudioStreamInALSA: checkAndRemoveAudioEffects list contains 0 effects
01-06 23:49:49.100   147   399 D ALSAStreamOps: detachRoute input stream
01-06 23:49:49.100   147   399 D RouteManager: Configuration application request {
01-06 23:49:49.100   147   399 D RouteManager:     Applying configurations {
01-06 23:49:49.100   147   399 D RouteManager:     } Applying configurations
01-06 23:49:49.100   147   399 D RouteManager: } Configuration application request
01-06 23:49:49.100   147   399 D RouteManager: executeConfigureStage: --------------- Routing Stage = Configure ---------------
01-06 23:49:49.100   147   399 D RouteManager: Selection criterion changed event: Criterion name: RoutageState, current state: Configure
01-06 23:49:49.100   147   399 D RouteManager: Selection criterion changed event: Criterion name: ClosingCaptureRoutes, current state: <none>
01-06 23:49:49.100   147   399 D RouteManager: Configuration application request {
01-06 23:49:49.100   147   399 D RouteManager:     Applying configurations {
01-06 23:49:49.100   147   399 D RouteManager:         Applying configuration "None" from domain "Routing.Configure.InputType"
01-06 23:49:49.100   147   399 D RouteManager:     } Applying configurations
01-06 23:49:49.100   147   399 D RouteManager: } Configuration application request
01-06 23:49:49.100   147   399 D RouteManager: executeEnableStage: --------------- Routing Stage = Enable ---------------
01-06 23:49:49.100   147   399 D RouteManager: Selection criterion changed event: Criterion name: RoutageState, current state: Path|Configure
01-06 23:49:49.100   147   399 D RouteManager: Configuration application request {
01-06 23:49:49.100   147   399 D RouteManager:     Applying configurations {
01-06 23:49:49.100   147   399 D RouteManager:     } Applying configurations
01-06 23:49:49.100   147   399 D RouteManager: } Configuration application request
01-06 23:49:49.100   147   399 D RouteManager: executeUnmuteStage: --------------- Routing Stage = Unmute ---------------
01-06 23:49:49.100   147   399 D RouteManager: Selection criterion changed event: Criterion name: RoutageState, current state: Flow|Path|Configure
01-06 23:49:49.100   147   399 D RouteManager: Configuration application request {
01-06 23:49:49.100   147   399 D RouteManager:     Applying configurations {
01-06 23:49:49.100   147   399 D RouteManager:     } Applying configurations
01-06 23:49:49.100   147   399 D RouteManager: } Configuration application request
01-06 23:49:49.100   147   399 D EVENT_THREAD: void CEventThread::run() Do poll with timeout: -1
01-06 23:49:49.100   147  6242 D RouteManager: reconsiderRouting: DONE
01-06 23:49:49.100   424   808 I WAKELOCK_RELEASE: TIMESTAMP=1524110570603, TAG=AudioIn_B00, TYPE=PARTIAL_WAKE_LOCK             , COUNT=0, PID=147, UID=1013
01-06 23:49:49.100   424   424 I WAKELOCK_ACQUIRE: TIMESTAMP=1524112154452, TAG=AudioIn_B00, TYPE=PARTIAL_WAKE_LOCK             , COUNT=0, PID=147, UID=1013
01-06 23:49:49.100   424   802 I WAKELOCK_RELEASE: TIMESTAMP=1524114380954, TAG=AudioIn_B00, TYPE=PARTIAL_WAKE_LOCK             , COUNT=0, PID=147, UID=1013
01-06 23:49:49.100   147   421 D AudioResamplerIA: Create AudioResamplerIA Resampler: Input rate 44100, output rate 48000
01-06 23:49:49.100   147   527 D MPEG4Writer: Audio track stopped
01-06 23:49:49.100   147   527 D MPEG4Writer: Stopping writer thread
01-06 23:49:49.100   147  6244 D MPEG4Writer: 0 chunks are written in the last batch
01-06 23:49:49.100   147   527 D MPEG4Writer: Writer thread stopped
01-06 23:49:49.110   147   527 I MPEG4Writer: The mp4 file will not be streamable.
01-06 23:49:49.110   147   527 D MPEG4Writer: Stopping Audio track
01-06 23:49:49.110   424   698 I WAKELOCK_ACQUIRE: TIMESTAMP=1524126990939, TAG=AudioIn_B00, TYPE=PARTIAL_WAKE_LOCK             , COUNT=0, PID=147, UID=1013
01-06 23:49:49.110   424   648 I WAKELOCK_RELEASE: TIMESTAMP=1524127764046, TAG=AudioIn_B00, TYPE=PARTIAL_WAKE_LOCK             , COUNT=0, PID=147, UID=1013
01-06 23:49:49.110   147   527 I cip_amrNBenc: USC Encoder plugin deleted
01-06 23:49:49.150   424   656 I WAKELOCK_RELEASE: TIMESTAMP=1524162995040, TAG=SoundRecorder, TYPE=SCREEN_DIM_WAKE_LOCK          , COUNT=0, PID=1819, UID=10057
01-06 23:49:49.160  1819  1819 W MediaRecorder: mediarecorder went away with unhandled events
01-06 23:49:49.210  1819  1819 V ViewRootImpl: Sending trackball event to IME: seq=41370 event=MotionEvent { action=ACTION_MOVE, id[0]=0, x[0]=0.0, y[0]=-4.0, toolType[0]=TOOL_TYPE_UNKNOWN, buttonState=0, metaState=0, flags=0x0, edgeFlags=0x0, pointerCount=1, historySize=0, eventTime=1524216, downTime=-1, deviceId=0, source=0x10004 }
01-06 23:49:49.210  1819  1819 V ViewRootImpl: IME finished event: seq=41370 handled=false event=android.view.ViewRootImpl$QueuedInputEvent@21094c98
01-06 23:49:49.210  1819  1819 V ViewRootImpl: Sending trackball event to IME: seq=41371 event=MotionEvent { action=ACTION_MOVE, id[0]=0, x[0]=-1.0, y[0]=-3.0, toolType[0]=TOOL_TYPE_UNKNOWN, buttonState=0, metaState=0, flags=0x0, edgeFlags=0x0, pointerCount=1, historySize=8, eventTime=1524223, downTime=-1, deviceId=0, source=0x10004 }
01-06 23:49:49.210  1819  1819 V ViewRootImpl: IME finished event: seq=41371 handled=false event=android.view.ViewRootImpl$QueuedInputEvent@20edf438
01-06 23:49:49.210  1819  1819 V ViewRootImpl: Sending trackball event to IME: seq=41372 event=MotionEvent { action=ACTION_DOWN, id[0]=0, x[0]=0.0, y[0]=0.0, toolType[0]=TOOL_TYPE_UNKNOWN, buttonState=0, metaState=0, flags=0x0, edgeFlags=0x0, pointerCount=1, historySize=0, eventTime=1524223, downTime=1524216, deviceId=0, source=0x10004 }
01-06 23:49:49.210  1819  1819 V ViewRootImpl: IME finished event: seq=41372 handled=false event=android.view.ViewRootImpl$QueuedInputEvent@20efcb98
01-06 23:49:49.220  1819  1819 V ViewRootImpl: Sending key event to IME: seq=41373 event=KeyEvent { action=ACTION_DOWN, keyCode=KEYCODE_DPAD_UP, scanCode=0, metaState=0, flags=0x400, repeatCount=0, eventTime=1524225, downTime=1524225, deviceId=-1, source=0x101 }
01-06 23:49:49.220  1819  1819 V ViewRootImpl: IME finished event: seq=41373 handled=false event=android.view.ViewRootImpl$QueuedInputEvent@20f20f40
01-06 23:49:49.220  1819  1819 V ViewRootImpl: Sending key event to IME: seq=41374 event=KeyEvent { action=ACTION_UP, keyCode=KEYCODE_DPAD_UP, scanCode=0, metaState=0, flags=0x400, repeatCount=0, eventTime=1524225, downTime=1524225, deviceId=-1, source=0x101 }
01-06 23:49:49.220  1819  1819 V ViewRootImpl: IME finished event: seq=41374 handled=false event=android.view.ViewRootImpl$QueuedInputEvent@21010cf0
01-06 23:49:49.220  1819  1819 V ViewRootImpl: Sending key event to IME: seq=41375 event=KeyEvent { action=ACTION_DOWN, keyCode=KEYCODE_DPAD_UP, scanCode=0, metaState=0, flags=0x400, repeatCount=0, eventTime=1524225, downTime=1524225, deviceId=-1, source=0x101 }
01-06 23:49:49.220  1819  1819 V ViewRootImpl: IME finished event: seq=41375 handled=false event=android.view.ViewRootImpl$QueuedInputEvent@20ebc9d8
01-06 23:49:49.220  1819  1819 V ViewRootImpl: Sending key event to IME: seq=41376 event=KeyEvent { action=ACTION_UP, keyCode=KEYCODE_DPAD_UP, scanCode=0, metaState=0, flags=0x400, repeatCount=0, eventTime=1524225, downTime=1524225, deviceId=-1, source=0x101 }
01-06 23:49:49.220  1819  1819 V ViewRootImpl: IME finished event: seq=41376 handled=false event=android.view.ViewRootImpl$QueuedInputEvent@20fb9f00
01-06 23:49:49.220  1819  1819 V ViewRootImpl: Sending key event to IME: seq=41377 event=KeyEvent { action=ACTION_DOWN, keyCode=KEYCODE_DPAD_UP, scanCode=0, metaState=0, flags=0x400, repeatCount=0, eventTime=1524225, downTime=1524225, deviceId=-1, source=0x101 }
01-06 23:49:49.230  1819  1819 V ViewRootImpl: IME finished event: seq=41377 handled=false event=android.view.ViewRootImpl$QueuedInputEvent@21010d28
01-06 23:49:49.230  1819  1819 V ViewRootImpl: Sending key event to IME: seq=41378 event=KeyEvent { action=ACTION_UP, keyCode=KEYCODE_DPAD_UP, scanCode=0, metaState=0, flags=0x400, repeatCount=0, eventTime=1524225, downTime=1524225, deviceId=-1, source=0x101 }
01-06 23:49:49.230  1819  1819 V ViewRootImpl: IME finished event: seq=41378 handled=false event=android.view.ViewRootImpl$QueuedInputEvent@20f27f38
01-06 23:49:49.230  1819  1819 V ViewRootImpl: Sending key event to IME: seq=41379 event=KeyEvent { action=ACTION_DOWN, keyCode=KEYCODE_DPAD_UP, scanCode=0, metaState=0, flags=0x400, repeatCount=0, eventTime=1524225, downTime=1524225, deviceId=-1, source=0x101 }
01-06 23:49:49.230  1819  1819 V ViewRootImpl: IME finished event: seq=41379 handled=false event=android.view.ViewRootImpl$QueuedInputEvent@20efcbd0
01-06 23:49:49.240  1819  1819 V ViewRootImpl: Sending key event to IME: seq=41380 event=KeyEvent { action=ACTION_UP, keyCode=KEYCODE_DPAD_UP, scanCode=0, metaState=0, flags=0x400, repeatCount=0, eventTime=1524225, downTime=1524225, deviceId=-1, source=0x101 }
01-06 23:49:49.240  1819  1819 V ViewRootImpl: IME finished event: seq=41380 handled=false event=android.view.ViewRootImpl$QueuedInputEvent@20f245f8
01-06 23:49:49.240  1819  1819 V ViewRootImpl: Sending trackball event to IME: seq=41381 event=MotionEvent { action=ACTION_UP, id[0]=0, x[0]=0.0, y[0]=0.0, toolType[0]=TOOL_TYPE_UNKNOWN, buttonState=0, metaState=0, flags=0x0, edgeFlags=0x0, pointerCount=1, historySize=0, eventTime=1524224, downTime=1524216, deviceId=0, source=0x10004 }
01-06 23:49:49.240  1819  1819 V ViewRootImpl: IME finished event: seq=41381 handled=false event=android.view.ViewRootImpl$QueuedInputEvent@21094c98
01-06 23:49:49.240  1819  1819 V ViewRootImpl: Sending key event to IME: seq=41382 event=KeyEvent { action=ACTION_MULTIPLE, keyCode=KEYCODE_DPAD_UP, scanCode=0, metaState=0, flags=0x400, repeatCount=51, eventTime=1524227, downTime=1524227, deviceId=-1, source=0x101 }
01-06 23:49:49.240  1819  1819 V ViewRootImpl: IME finished event: seq=41382 handled=false event=android.view.ViewRootImpl$QueuedInputEvent@21058f40
01-06 23:49:49.240  1819  1819 V ViewRootImpl: Sending key event to IME: seq=41383 event=KeyEvent { action=ACTION_DOWN, keyCode=KEYCODE_DPAD_UP, scanCode=0, metaState=0, flags=0x400, repeatCount=0, eventTime=1524227, downTime=1524227, deviceId=-1, source=0x101 }
01-06 23:49:49.240  1819  1819 V ViewRootImpl: IME finished event: seq=41383 handled=false event=android.view.ViewRootImpl$QueuedInputEvent@21059290
01-06 23:49:49.240  1819  1819 V ViewRootImpl: Sending key event to IME: seq=41384 event=KeyEvent { action=ACTION_UP, keyCode=KEYCODE_DPAD_UP, scanCode=0, metaState=0, flags=0x400, repeatCount=0, eventTime=1524227, downTime=1524227, deviceId=-1, source=0x101 }
01-06 23:49:49.250  1819  1819 V ViewRootImpl: IME finished event: seq=41384 handled=false event=android.view.ViewRootImpl$QueuedInputEvent@210592c8
01-06 23:49:49.250  1819  1819 V ViewRootImpl: Sending key event to IME: seq=41385 event=KeyEvent { action=ACTION_DOWN, keyCode=KEYCODE_DPAD_UP, scanCode=0, metaState=0, flags=0x400, repeatCount=0, eventTime=1524227, downTime=1524227, deviceId=-1, source=0x101 }
01-06 23:49:49.250  1819  1819 V ViewRootImpl: IME finished event: seq=41385 handled=false event=android.view.ViewRootImpl$QueuedInputEvent@21059300
01-06 23:49:49.250  1819  1819 V ViewRootImpl: Sending key event to IME: seq=41386 event=KeyEvent { action=ACTION_UP, keyCode=KEYCODE_DPAD_UP, scanCode=0, metaState=0, flags=0x400, repeatCount=0, eventTime=1524227, downTime=1524227, deviceId=-1, source=0x101 }
01-06 23:49:49.250  1819  1819 V ViewRootImpl: IME finished event: seq=41386 handled=false event=android.view.ViewRootImpl$QueuedInputEvent@21059338
01-06 23:49:49.250  1819  1819 V ViewRootImpl: Sending key event to IME: seq=41387 event=KeyEvent { action=ACTION_DOWN, keyCode=KEYCODE_DPAD_CENTER, scanCode=0, metaState=0, flags=0x400, repeatCount=0, eventTime=1524229, downTime=1524229, deviceId=-1, source=0x101 }
01-06 23:49:49.250  1819  1819 V ViewRootImpl: IME finished event: seq=41387 handled=false event=android.view.ViewRootImpl$QueuedInputEvent@20edf438
01-06 23:49:49.250  1819  1819 V ViewRootImpl: Sending key event to IME: seq=41388 event=KeyEvent { action=ACTION_UP, keyCode=KEYCODE_DPAD_CENTER, scanCode=0, metaState=0, flags=0x400, repeatCount=0, eventTime=1524253, downTime=1524253, deviceId=-1, source=0x101 }
01-06 23:49:49.250  1819  1819 V ViewRootImpl: IME finished event: seq=41388 handled=false event=android.view.ViewRootImpl$QueuedInputEvent@20f245f8
01-06 23:49:49.260   147  2275 I AudioPolicyManagerBase: APM: getOutput
01-06 23:49:49.260   147   147 I AudioPolicyManagerBase: APM: getOutput
01-06 23:49:49.260   147   527 I AudioPolicyManagerBase: APM: getOutput
01-06 23:49:49.260   147   527 D AudioPolicyManagerALSA: startOutput() output 2, stream type 1, session 2819
01-06 23:49:49.270   147   421 D AudioFlinger: reconfig due to o/p flag ?
01-06 23:49:49.270   147   421 D AudioHardwareALSA: setStreamParameters: key value pair routing=2;stream_flags=2
01-06 23:49:49.270   147   421 D RouteManager: setOutputFlags: output flags = 0x2 (Prev Flags=0x2)
01-06 23:49:49.270   147   421 D RouteManager: setDevices: set device = IHF to output stream
01-06 23:49:49.270   147   421 D RouteManager: setStreamParameters: identical Platform State, do not reconsider routing
01-06 23:49:49.290   147   421 D AudioResamplerIA: Create AudioResamplerIA Resampler: Input rate 44100, output rate 48000
01-06 23:49:49.330   147  2275 I AudioPolicyManagerBase: APM: getOutput
01-06 23:49:49.330   147   147 I AudioPolicyManagerBase: APM: getOutput
01-06 23:49:49.330   147   527 I AudioPolicyManagerBase: APM: getOutput
01-06 23:49:49.340   147   527 D AudioPolicyManagerALSA: startOutput() output 2, stream type 1, session 2820
01-06 23:49:49.340   424   436 I WAKELOCK_ACQUIRE: TIMESTAMP=1524351130200, TAG=com.google.android.music.playback.LocalDevicePlayback.mAsyncWakeLock, TYPE=PARTIAL_WAKE_LOCK             , COUNT=0, PID=1065, UID=10042
01-06 23:49:49.340   424   802 I WAKELOCK_RELEASE: TIMESTAMP=1524352327210, TAG=com.google.android.music.playback.LocalDevicePlayback.mAsyncWakeLock, TYPE=PARTIAL_WAKE_LOCK             , COUNT=0, PID=1065, UID=10042
01-06 23:49:49.340  1065  1080 I [74002] : [[1, DEFAULT],]
01-06 23:49:49.340  1065  1065 I LocalDevicePlayback: pause: transient=false, currentPos=0
01-06 23:49:49.340  1065  1080 D LocalDevicePlayback: Event logging MUSIC_PAUSE_PLAYBACK_REQUESTED: [1, DEFAULT]/
01-06 23:49:49.340   147   421 D AudioResamplerIA: Create AudioResamplerIA Resampler: Input rate 44100, output rate 48000
01-06 23:49:49.340   147   527 D AudioHardwareALSA: openInputStream: IN
01-06 23:49:49.340   147   527 D ALSAStreamOps: set(requested channels: 0x10 (popcount returns 1))
01-06 23:49:49.340   147   527 D ALSAStreamOps: set: set channels to 0x10
01-06 23:49:49.340   147   527 D ALSAStreamOps: set(requested rate: 8000))
01-06 23:49:49.340   147   527 D ALSAStreamOps: set: set rate to 8000
01-06 23:49:49.340   147   527 D ALSAStreamOps: set(requested format: 1))
01-06 23:49:49.340   147   527 D ALSAStreamOps: set : set format to 1 (1)
01-06 23:49:49.340   147   527 D ALSAStreamOps: set() -- OUT
01-06 23:49:49.390   147   527 D AudioHardwareALSA: openInputStream: OUT status=0
01-06 23:49:49.390   147   527 D ALSAStreamOps: getBufferSize: latency = 80000 divider = 1
01-06 23:49:49.390   424   753 I WAKELOCK_ACQUIRE: TIMESTAMP=1524403643300, TAG=AudioIn_B06, TYPE=PARTIAL_WAKE_LOCK             , COUNT=0, PID=147, UID=1013
01-06 23:49:49.390   424   424 I WAKELOCK_RELEASE: TIMESTAMP=1524404603284, TAG=AudioIn_B06, TYPE=PARTIAL_WAKE_LOCK             , COUNT=0, PID=147, UID=1013
01-06 23:49:49.390   424   690 I WAKELOCK_ACQUIRE: TIMESTAMP=1524407041580, TAG=AudioIn_B06, TYPE=PARTIAL_WAKE_LOCK             , COUNT=0, PID=147, UID=1013
01-06 23:49:49.390   147   527 D ALSAStreamOps: getBufferSize: 1280 (in bytes) for input stream
01-06 23:49:49.390   147   527 I cip_amrNBenc: USC Encoder plugin created, Media Codecs version: 1.0.2098
01-06 23:49:49.390   147   527 I MPEG4Writer: limits: 2147483647/0 bytes/us, bit rate: 12200 bps and the estimated moov size 3072 bytes
01-06 23:49:49.390   147  6256 D AudioStreamInALSA: setParameters in.
01-06 23:49:49.390   147  6256 D AudioHardwareALSA: setStreamParameters: key value pair input_source=1;routing=-2147483644
01-06 23:49:49.420   424   696 I ActivityManager: START u0 {act=android.intent.action.MAIN cat=[android.intent.category.LAUNCHER] flg=0x10200000 cmp=com.android.soundrecorder/.SoundRecorder} from pid 1809
01-06 23:49:49.440   147  6256 D RouteManager: setDevices: set device = Main to input stream
01-06 23:49:49.440   147  6256 D RouteManager: setInputSource: inputSource = Mic
01-06 23:49:49.440   147  6256 D RouteManager: setStreamParameters: identical Platform State, do not reconsider routing
01-06 23:49:49.440   147  6256 D RouteManager: startStream: {+++ RECONSIDER ROUTING +++} due to input stream start event
01-06 23:49:49.440   147  6256 D RouteManager: reconsiderRouting
01-06 23:49:49.440   147  6256 D EVENT_THREAD: void CEventThread::trig(uint16_t): in
01-06 23:49:49.440   147  6256 D EVENT_THREAD: void CEventThread::trig(uint16_t): out
01-06 23:49:49.440   147   399 D RouteManager: doReconsiderRouting:       Platform State:
01-06 23:49:49.440   147   399 D RouteManager: doReconsiderRouting:          -Modem Alive = 1 
01-06 23:49:49.440   147   399 D RouteManager: doReconsiderRouting:          -Modem Call Active = 0 
01-06 23:49:49.440   147   399 D RouteManager: doReconsiderRouting:          -Is Shared I2S glitch free=1 
01-06 23:49:49.440   147   399 D RouteManager: doReconsiderRouting:          -Android Telephony Mode = Normal 
01-06 23:49:49.440   147   399 D RouteManager: doReconsiderRouting:          -RTE MGR HW Mode = Normal 
01-06 23:49:49.440   147   399 D RouteManager: doReconsiderRouting:          -BT Enabled = 0 
01-06 23:49:49.440   147   399 D RouteManager: doReconsiderRouting:          -Platform output device = IHF 
01-06 23:49:49.440   147   399 D RouteManager: doReconsiderRouting:          -Platform input device = Main 
01-06 23:49:49.440   147   399 D RouteManager: doReconsiderRouting:          -Platform input source = Mic 
01-06 23:49:49.440   147   399 D RouteManager: doReconsiderRouting:          -Platform Band type = NB 
01-06 23:49:49.440   147   399 D RouteManager: doReconsiderRouting:          -Platform Has Direct Stream = no 
01-06 23:49:49.440   147   399 D RouteManager: doReconsiderRouting:          -Platform TTY direction = <none> 
01-06 23:49:49.440   147   399 D RouteManager: doReconsiderRouting:          -Platform HAC Mode = Off 
01-06 23:49:49.440   147   399 D RouteManager: doReconsiderRouting:          -Platform Screen State = On 
01-06 23:49:49.440   147   399 D RouteManager: doReconsiderRouting:      Route state:
01-06 23:49:49.440   147   399 D RouteManager: doReconsiderRouting:          -Previously Enabled Route in Input = <none>
01-06 23:49:49.440   147   399 D RouteManager: doReconsiderRouting:          -Previously Enabled Route in Output = Media|HwCodecMedia|VirtualASP
01-06 23:49:49.440   147   399 D RouteManager: doReconsiderRouting:          -Selected Route in Input = Media|HwCodecMedia
01-06 23:49:49.440   147   399 D RouteManager: doReconsiderRouting:          -Selected Route in Output = Media|HwCodecMedia|VirtualASP
01-06 23:49:49.440   147   399 D RouteManager: doReconsiderRouting:          -Route that need reconfiguration in Input = <none>
01-06 23:49:49.440   147   399 D RouteManager: doReconsiderRouting:          -Route that need reconfiguration in Output = <none>
01-06 23:49:49.440   147   399 D RouteManager: executeMuteStage: --------------- Routing Stage = Mute ---------------
01-06 23:49:49.440   147   399 D RouteManager: Selection criterion changed event: Criterion name: RoutageState, current state: Flow
01-06 23:49:49.440   147   399 D RouteManager: Configuration application request {
01-06 23:49:49.440   147   399 D RouteManager:     Applying configurations {
01-06 23:49:49.440   147   399 D RouteManager:     } Applying configurations
01-06 23:49:49.440   147   399 D RouteManager: } Configuration application request
01-06 23:49:49.440   147   399 D RouteManager: executeDisableStage: --------------- Routing Stage = Disable ---------------
01-06 23:49:49.440   147   399 D RouteManager: Selection criterion changed event: Criterion name: RoutageState, current state: Path
01-06 23:49:49.440   147   399 D RouteManager: Configuration application request {
01-06 23:49:49.440   147   399 D RouteManager:     Applying configurations {
01-06 23:49:49.440   147   399 D RouteManager:     } Applying configurations
01-06 23:49:49.440   147   399 D RouteManager: } Configuration application request
01-06 23:49:49.440   147   399 D RouteManager: executeConfigureStage: --------------- Routing Stage = Configure ---------------
01-06 23:49:49.440   147   399 D RouteManager: Selection criterion changed event: Criterion name: RoutageState, current state: Configure
01-06 23:49:49.440   147   399 D RouteManager: Selection criterion changed event: Criterion name: OpenedCaptureRoutes, current state: Media|HwCodecMedia
01-06 23:49:49.440   147   399 D RouteManager: Configuration application request {
01-06 23:49:49.440   147   399 D RouteManager:     Applying configurations {
01-06 23:49:49.440   147   399 D RouteManager:         Applying configuration "Digital" from domain "Routing.Configure.InputType"
01-06 23:49:49.440   147   399 D RouteManager:     } Applying configurations
01-06 23:49:49.440   147   399 D RouteManager: } Configuration application request
01-06 23:49:49.440   147   399 D RouteManager: executeEnableStage: --------------- Routing Stage = Enable ---------------
01-06 23:49:49.440   147   399 D RouteManager: Selection criterion changed event: Criterion name: RoutageState, current state: Path|Configure
01-06 23:49:49.440   147   399 D RouteManager: Configuration application request {
01-06 23:49:49.440   147   399 D RouteManager:     Applying configurations {
01-06 23:49:49.440   147   399 D RouteManager:     } Applying configurations
01-06 23:49:49.440   147   399 D RouteManager: } Configuration application request
01-06 23:49:49.440   147   399 D RouteManager: enableRoutes: Routes to be enabled(routed) in Input = Media|HwCodecMedia
01-06 23:49:49.440   147   399 D RouteManager/StreamRoute: openPcmDevice called for card (cloverviewaudio,0)
01-06 23:49:49.440   147   399 D RouteManager/StreamRoute: openPcmDevice		 config=rate(48000), format(0), channels(2))
01-06 23:49:49.440   147   399 D RouteManager/StreamRoute: openPcmDevice		 period_size=1920, period_count=2
01-06 23:49:49.440   147   399 D RouteManager/StreamRoute: openPcmDevice		 startTh=1, stop Th=3840 silence Th=0
01-06 23:49:49.440   147   399 D ALSAStreamOps: attachRoute input stream
01-06 23:49:49.440   147   399 D AudioConversion: configure: SOURCE rate=48000 format=1 channels=2
01-06 23:49:49.440   147   399 D AudioConversion: configure: DST rate=8000 format=1 channels=1
01-06 23:49:49.440   147   399 D AudioConversion: doConfigureAndAddConverter: SOURCE rate=48000 format=1 channels=2
01-06 23:49:49.440   147   399 D AudioConversion: doConfigureAndAddConverter: DST rate=48000 format=1 channels=1
01-06 23:49:49.440   147   399 D AudioConversion: doConfigureAndAddConverter: SOURCE rate=48000 format=1 channels=1
01-06 23:49:49.440   147   399 D AudioConversion: doConfigureAndAddConverter: DST rate=8000 format=1 channels=1
01-06 23:49:49.440   147   399 D Resampler: doConfigure: SOURCE rate=48000 format=1 channels=1
01-06 23:49:49.440   147   399 D Resampler: doConfigure: DST rate=8000 format=1 channels=1
01-06 23:49:49.440   147   399 D AudioStreamInALSA: checkAndAddAudioEffects list contains 0 effects
01-06 23:49:49.440   147   399 D RouteManager: executeUnmuteStage: --------------- Routing Stage = Unmute ---------------
01-06 23:49:49.440   147   399 D RouteManager: Selection criterion changed event: Criterion name: RoutageState, current state: Flow|Path|Configure
01-06 23:49:49.440   147   399 D RouteManager: Configuration application request {
01-06 23:49:49.440   147   399 D RouteManager:     Applying configurations {
01-06 23:49:49.440   147   399 D RouteManager:     } Applying configurations
01-06 23:49:49.440   147   399 D RouteManager: } Configuration application request
01-06 23:49:49.440   147   399 D EVENT_THREAD: void CEventThread::run() Do poll with timeout: -1
01-06 23:49:49.440   147  6256 D RouteManager: reconsiderRouting: DONE
01-06 23:49:49.530   147  6259 I MPEG4Writer: setStartTimestampUs: 135981
01-06 23:49:49.530   424   656 I WAKELOCK_ACQUIRE: TIMESTAMP=1524542466905, TAG=SoundRecorder, TYPE=SCREEN_DIM_WAKE_LOCK          , COUNT=0, PID=1819, UID=10057
01-06 23:49:49.530   147  6259 I MPEG4Writer: Earliest track starting time: 135981
01-06 23:49:49.840  1819  1819 V ViewRootImpl: Sending key event to IME: seq=41399 event=KeyEvent { action=ACTION_DOWN, keyCode=KEYCODE_DPAD_UP, scanCode=0, metaState=0, flags=0x8, repeatCount=0, eventTime=1524850, downTime=1524850, deviceId=-1, source=0x101 }
01-06 23:49:49.840  1819  1819 V ViewRootImpl: IME finished event: seq=41399 handled=false event=android.view.ViewRootImpl$QueuedInputEvent@21058f40
01-06 23:49:49.840  1819  1819 V ViewRootImpl: Sending key event to IME: seq=41400 event=KeyEvent { action=ACTION_UP, keyCode=KEYCODE_DPAD_UP, scanCode=0, metaState=0, flags=0x8, repeatCount=0, eventTime=1524852, downTime=1524852, deviceId=-1, source=0x101 }
01-06 23:49:49.850  1819  1819 V ViewRootImpl: IME finished event: seq=41400 handled=false event=android.view.ViewRootImpl$QueuedInputEvent@21058f40
01-06 23:49:50.260  1819  1819 V ViewRootImpl: Sending key event to IME: seq=41408 event=KeyEvent { action=ACTION_DOWN, keyCode=KEYCODE_DPAD_RIGHT, scanCode=0, metaState=0, flags=0x8, repeatCount=0, eventTime=1525268, downTime=1525268, deviceId=-1, source=0x101 }
01-06 23:49:50.260  1819  1819 V ViewRootImpl: IME finished event: seq=41408 handled=false event=android.view.ViewRootImpl$QueuedInputEvent@21058f40
