01-06 10:32:29.230     1     1 I KERNEL  : [    0.305623] pci 0000:00:02.1: PME# supported from D0 D3hot
01-06 10:32:29.230     1     1 I KERNEL  : [    0.305697] pci 0000:00:02.2: [8086:08ec] type 00 class 0x0b4000
01-06 10:32:29.230     1     1 I KERNEL  : [    0.305761] pci 0000:00:02.2: reg 10: [mem 0xff11d000-0xff11dfff]
01-06 10:32:29.230     1     1 I KERNEL  : [    0.305909] pci 0000:00:02.2: PME# supported from D0 D3hot
01-06 10:32:29.230     1     1 I KERNEL  : [    0.305983] pci 0000:00:02.3: [8086:e006] type 00 class 0x0c0320
01-06 10:32:29.230     1     1 I KERNEL  : [    0.306052] pci 0000:00:02.3: reg 10: [mem 0xffa60000-0xffa7ffff]
01-06 10:32:29.230     1     1 I KERNEL  : [    0.306102] pci 0000:00:02.3: reg 14: [mem 0xfffe0000-0xfffe3fff]
01-06 10:32:29.230     1     1 I KERNEL  : [    0.306242] pci 0000:00:02.3: supports D1
01-06 10:32:29.230     1     1 I KERNEL  : [    0.306264] pci 0000:00:02.3: PME# supported from D0 D3hot
01-06 10:32:29.230     1     1 I KERNEL  : [    0.306331] pci 0000:00:02.4: [8086:08ee] type 00 class 0x078000
01-06 10:32:29.230     1     1 I KERNEL  : [    0.306395] pci 0000:00:02.4: reg 10: [mem 0xff136000-0xff1363ff]
01-06 10:32:29.230     1     1 I KERNEL  : [    0.306548] pci 0000:00:02.4: PME# supported from D0 D3hot
01-06 10:32:29.230     1     1 I KERNEL  : [    0.306623] pci 0000:00:02.5: [8086:08ef] type 00 class 0x088000
01-06 10:32:29.230     1     1 I KERNEL  : [    0.306686] pci 0000:00:02.5: reg 10: [mem 0xff13e000-0xff13e7ff]
01-06 10:32:29.230     1     1 I KERNEL  : [    0.306840] pci 0000:00:02.5: PME# supported from D0 D3hot
01-06 10:32:29.230     1     1 I KERNEL  : [    0.306914] pci 0000:00:02.6: [8086:08f0] type 00 class 0x088000
01-06 10:32:29.230     1     1 I KERNEL  : [    0.306978] pci 0000:00:02.6: reg 10: [mem 0xffaf0000-0xffaf7fff]
01-06 10:32:29.230     1     1 I KERNEL  : [    0.307132] pci 0000:00:02.6: PME# supported from D0 D3hot
01-06 10:32:29.230     1     1 I KERNEL  : [    0.307206] pci 0000:00:02.7: [8086:08f1] type 00 class 0x088000
01-06 10:32:29.230     1     1 I KERNEL  : [    0.307270] pci 0000:00:02.7: reg 10: [mem 0xffa20000-0xffa203ff]
01-06 10:32:29.230     1     1 I KERNEL  : [    0.307424] pci 0000:00:02.7: PME# supported from D0 D3hot
01-06 10:32:29.230     1     1 I KERNEL  : [    0.307499] pci 0000:00:03.0: [8086:08d0] type 00 class 0x048000
01-06 10:32:29.230     1     1 I KERNEL  : [    0.307562] pci 0000:00:03.0: reg 10: [mem 0xdf800000-0xdfbfffff]
01-06 10:32:29.230     1     1 I KERNEL  : [    0.307754] pci 0000:00:03.1: [8086:08f3] type 00 class 0x078000
01-06 10:32:29.230     1     1 I KERNEL  : [    0.307819] pci 0000:00:03.1: reg 10: [mem 0xff128c00-0xff128fff]
01-06 10:32:29.230     1     1 I KERNEL  : [    0.307974] pci 0000:00:03.1: unsupported PM cap regs version (4)
01-06 10:32:29.230     1     1 I KERNEL  : [    0.308044] pci 0000:00:03.2: [8086:08f4] type 00 class 0x078000
01-06 10:32:29.230     1     1 I KERNEL  : [    0.308108] pci 0000:00:03.2: reg 10: [mem 0xff13b000-0xff13b3ff]
01-06 10:32:29.230     1     1 I KERNEL  : [    0.308262] pci 0000:00:03.2: PME# supported from D0 D3hot
01-06 10:32:29.230     1     1 I KERNEL  : [    0.308337] pci 0000:00:03.3: [8086:08f5] type 00 class 0x078000
01-06 10:32:29.230     1     1 I KERNEL  : [    0.308401] pci 0000:00:03.3: reg 10: [mem 0xff13c000-0xff13c3ff]
01-06 10:32:29.230     1     1 I KERNEL  : [    0.308555] pci 0000:00:03.3: PME# supported from D0 D3hot
01-06 10:32:29.230     1     1 I KERNEL  : [    0.308629] pci 0000:00:03.4: [8086:08f6] type 00 class 0x078000
01-06 10:32:29.230     1     1 I KERNEL  : [    0.308693] pci 0000:00:03.4: reg 10: [mem 0xff13d000-0xff13d3ff]
01-06 10:32:29.230     1     1 I KERNEL  : [    0.308847] pci 0000:00:03.4: PME# supported from D0 D3hot
01-06 10:32:29.230     1     1 I KERNEL  : [    0.308921] pci 0000:00:03.5: [8086:08f7] type 00 class 0x088000
01-06 10:32:29.230     1     1 I KERNEL  : [    0.308985] pci 0000:00:03.5: reg 10: [mem 0xff13f000-0xff13f7ff]
01-06 10:32:29.230     1     1 I KERNEL  : [    0.309034] pci 0000:00:03.5: reg 14: [mem 0x000f4fd0-0x000f4fdf]
01-06 10:32:29.230     1     1 I KERNEL  : [    0.309174] pci 0000:00:03.5: PME# supported from D0 D3hot
01-06 10:32:29.230     1     1 I KERNEL  : [    0.309252] pci 0000:00:03.7: [8086:08f8] type 00 class 0xff0000
01-06 10:32:29.230     1     1 I KERNEL  : [    0.309429] pci 0000:00:03.7: PME# supported from D0 D3hot
01-06 10:32:29.230     1     1 I KERNEL  : [    0.309512] pci 0000:00:04.0: [8086:08f9] type 00 class 0x080501
01-06 10:32:29.230     1     1 I KERNEL  : [    0.309578] pci 0000:00:04.0: reg 10: [mem 0xffa58000-0xffa580ff]
01-06 10:32:29.230     1     1 I KERNEL  : [    0.309733] pci 0000:00:04.0: PME# supported from D0 D3hot
01-06 10:32:29.230     1     1 I KERNEL  : [    0.309807] pci 0000:00:04.1: [8086:08fa] type 00 class 0x080501
01-06 10:32:29.230     1     1 I KERNEL  : [    0.309871] pci 0000:00:04.1: reg 10: [mem 0xffa48000-0xffa480ff]
01-06 10:32:29.230     1     1 I KERNEL  : [    0.310026] pci 0000:00:04.1: PME# supported from D0 D3hot
01-06 10:32:29.230     1     1 I KERNEL  : [    0.310117] pci 0000:00:05.0: [8086:08fc] type 00 class 0x070002
01-06 10:32:29.230     1     1 I KERNEL  : [    0.310182] pci 0000:00:05.0: reg 10: [mem 0xffa28080-0xffa280ff]
01-06 10:32:29.230     1     1 I KERNEL  : [    0.310335] pci 0000:00:05.0: supports D1
01-06 10:32:29.230     1     1 I KERNEL  : [    0.310358] pci 0000:00:05.0: PME# supported from D0 D3hot
01-06 10:32:29.230     1     1 I KERNEL  : [    0.310425] pci 0000:00:05.1: [8086:08fd] type 00 class 0x070002
01-06 10:32:29.230     1     1 I KERNEL  : [    0.310489] pci 0000:00:05.1: reg 10: [mem 0xffa28100-0xffa2817f]
01-06 10:32:29.230     1     1 I KERNEL  : [    0.310642] pci 0000:00:05.1: supports D1
01-06 10:32:29.230     1     1 I KERNEL  : [    0.310664] pci 0000:00:05.1: PME# supported from D0 D3hot
01-06 10:32:29.230     1     1 I KERNEL  : [    0.310732] pci 0000:00:05.2: [8086:08fe] type 00 class 0x070002
01-06 10:32:29.230     1     1 I KERNEL  : [    0.310796] pci 0000:00:05.2: reg 10: [mem 0xffa28180-0xffa281ff]
01-06 10:32:29.230     1     1 I KERNEL  : [    0.310949] pci 0000:00:05.2: supports D1
01-06 10:32:29.230     1     1 I KERNEL  : [    0.310971] pci 0000:00:05.2: PME# supported from D0 D3hot
01-06 10:32:29.230     1     1 I KERNEL  : [    0.311038] pci 0000:00:05.3: [8086:08ff] type 00 class 0x070002
01-06 10:32:29.230     1     1 I KERNEL  : [    0.311102] pci 0000:00:05.3: reg 10: [mem 0xffa28400-0xffa287ff]
01-06 10:32:29.240     1     1 I KERNEL  : [    0.311282] pci 0000:00:05.3: PME# supported from D0 D3hot
01-06 10:32:29.240     1     1 I KERNEL  : [    0.311373] pci 0000:00:06.0: [8086:0900] type 00 class 0x118000
01-06 10:32:29.240     1     1 I KERNEL  : [    0.311437] pci 0000:00:06.0: reg 10: [mem 0xffa2e000-0xffa2e3ff]
01-06 10:32:29.240     1     1 I KERNEL  : [    0.311487] pci 0000:00:06.0: reg 14: [mem 0xfa000000-0xfdffffff]
01-06 10:32:29.240     1     1 I KERNEL  : [    0.311628] pci 0000:00:06.0: PME# supported from D0 D3hot
01-06 10:32:29.240     1     1 I KERNEL  : [    0.311703] pci 0000:00:06.1: [8086:0901] type 00 class 0x038000
01-06 10:32:29.240     1     1 I KERNEL  : [    0.311881] pci 0000:00:06.1: PME# supported from D0 D3hot
01-06 10:32:29.240     1     1 I KERNEL  : [    0.311959] pci 0000:00:06.3: [8086:0902] type 00 class 0x078000
01-06 10:32:29.240     1     1 I KERNEL  : [    0.312023] pci 0000:00:06.3: reg 10: [mem 0xffa29000-0xffa297ff]
01-06 10:32:29.240     1     1 I KERNEL  : [    0.312176] pci 0000:00:06.3: PME# supported from D0 D3hot
01-06 10:32:29.240     1     1 I KERNEL  : [    0.312250] pci 0000:00:06.4: [8086:0903] type 00 class 0x078000
01-06 10:32:29.240     1     1 I KERNEL  : [    0.312313] pci 0000:00:06.4: reg 10: [mem 0xffa2a000-0xffa2a7ff]
01-06 10:32:29.240     1     1 I KERNEL  : [    0.312468] pci 0000:00:06.4: PME# supported from D0 D3hot
01-06 10:32:29.240     1     1 I KERNEL  : [    0.312553] pci 0000:00:06.5: [8086:08f2] type 00 class 0x0c0320
01-06 10:32:29.240     1     1 I KERNEL  : [    0.312620] pci 0000:00:06.5: reg 10: [mem 0xffa80000-0xffafffff]
01-06 10:32:29.240     1     1 I KERNEL  : [    0.312774] pci 0000:00:06.5: supports D1
01-06 10:32:29.240     1     1 I KERNEL  : [    0.312796] pci 0000:00:06.5: PME# supported from D0 D3hot
01-06 10:32:29.240     1     1 I KERNEL  : [    0.312864] pci 0000:00:06.6: [8086:0905] type 00 class 0x088000
01-06 10:32:29.240     1     1 I KERNEL  : [    0.312927] pci 0000:00:06.6: reg 10: [mem 0xffae9000-0xffae907f]
01-06 10:32:29.240     1     1 I KERNEL  : [    0.313082] pci 0000:00:06.6: PME# supported from D0 D3hot
01-06 10:32:29.240     1     1 I KERNEL  : [    0.314867] vgaarb: device added: PCI:0000:00:02.0,decodes=io+mem,owns=io+mem,locks=none
01-06 10:32:29.240     1     1 I KERNEL  : [    0.318489] PCI: pci_cache_line_size set to 64 bytes
01-06 10:32:29.240     1     1 I KERNEL  : [    0.318931] reserve RAM buffer: 0000000000098000 - 000000000009ffff 
01-06 10:32:29.240     1     1 I KERNEL  : 
01-06 10:32:29.240     1     1 I KERNEL  : [    0.318971] reserve RAM buffer: 0000000036ff0000 - 0000000037ffffff 
01-06 10:32:29.240     1     1 I KERNEL  : 
01-06 10:32:29.240     1     1 I KERNEL  : [    0.319008] reserve RAM buffer: 000000003eeff400 - 000000003fffffff 
01-06 10:32:29.240     1     1 I KERNEL  : 
01-06 10:32:29.240     1     1 I KERNEL  : [    0.320917] get_pwm_platform_data, CLV board detected
01-06 10:32:29.240     1     1 I KERNEL  : [    0.321116] intel_scu_flis platform device created
01-06 10:32:29.250     1     1 I KERNEL  : [    0.321214] PMU DRIVER BEFORE PROBE
01-06 10:32:29.250     1     1 I KERNEL  : [    0.321347] intel_pmu_driver 0000:00:02.2: PMU DRIVER Probe called
01-06 10:32:29.250     1     1 I KERNEL  : [    0.322590] intel_pmu_driver 0000:00:02.2: after pmu initialization
01-06 10:32:29.290     1     1 I KERNEL  : [    0.366520] gpiochip_add: registered GPIOs 0 to 95 on device: 0000:00:02.1
01-06 10:32:29.290     1     1 I KERNEL  : [    0.367951] gpiochip_add: registered GPIOs 96 to 191 on device: 0000:00:03.5
01-06 10:32:29.300     1     1 I KERNEL  : [    0.371263] Intel MID DMA 0000:00:02.5: setting latency timer to 64
01-06 10:32:29.320     1     1 I KERNEL  : [    0.392546] Intel MID DMA 0000:00:02.6: setting latency timer to 64
01-06 10:32:29.330     1     1 I KERNEL  : [    0.408836] intel_msic_gpio rpmsg2: Probed msic_gpio rpmsg device
01-06 10:32:29.330     1     1 I KERNEL  : [    0.409027] gpiochip_add: registered GPIOs 192 to 200 on device: msic_gpio
01-06 10:32:29.330     1     1 I KERNEL  : [    0.409279] pci 0000:00:02.0: BAR 2: assigned [mem 0x40000000-0x4fffffff]
01-06 10:32:29.330     1     1 I KERNEL  : [    0.409339] pci_bus 0000:00: resource 4 [io  0x0000-0xffff]
01-06 10:32:29.330     1     1 I KERNEL  : [    0.409364] pci_bus 0000:00: resource 5 [mem 0x00000000-0xffffffff]
01-06 10:32:29.330     1     1 I KERNEL  : [    0.409578] NET: Registered protocol family 2
01-06 10:32:29.330     1     1 I KERNEL  : [    0.409855] IP route cache hash table entries: 32768 (order: 5, 131072 bytes)
01-06 10:32:29.330     1     1 I KERNEL  : [    0.410482] TCP established hash table entries: 131072 (order: 8, 1048576 bytes)
01-06 10:32:29.340     1     1 I KERNEL  : [    0.412512] TCP bind hash table entries: 65536 (order: 7, 524288 bytes)
01-06 10:32:29.340     1     1 I KERNEL  : [    0.413437] TCP: Hash tables configured (established 131072 bind 65536)
01-06 10:32:29.340     1     1 I KERNEL  : [    0.413455] TCP: reno registered
01-06 10:32:29.340     1     1 I KERNEL  : [    0.413519] UDP hash table entries: 512 (order: 2, 16384 bytes)
01-06 10:32:29.340     1     1 I KERNEL  : [    0.413577] UDP-Lite hash table entries: 512 (order: 2, 16384 bytes)
01-06 10:32:29.340     1     1 I KERNEL  : [    0.413945] NET: Registered protocol family 1
01-06 10:32:29.340     1     1 I KERNEL  : [    0.414139] pci 0000:00:02.0: Boot video device
01-06 10:32:29.380     1     1 I KERNEL  : [    0.451103] PCI: CLS 0 bytes, default 64
01-06 10:32:29.380     1     1 I KERNEL  : [    0.451306] vbcm43xx: 1800 mV 
01-06 10:32:29.380     1     1 I KERNEL  : [    0.451483] intel_scu_pmic rpmsg8: Probed pmic rpmsg device
01-06 10:32:29.380     1     1 I KERNEL  : [    0.451508] intel_scu_pmic rpmsg8: Allocating rpmsg_instance
01-06 10:32:29.380     1     1 I KERNEL  : [    0.451631] intel_scu_mip rpmsg9: Probed mip rpmsg device
01-06 10:32:29.380     1     1 I KERNEL  : [    0.451654] intel_scu_mip rpmsg9: Allocating rpmsg_instance
01-06 10:32:29.380     1     1 I KERNEL  : [    0.452017] Trying to unpack rootfs image as initramfs...
01-06 10:32:29.740     1     1 I KERNEL  : [    0.811465] Freeing initrd memory: 4036k freed
01-06 10:32:29.740     1     1 I KERNEL  : [    0.816122] intel_mid_gpadc rpmsg1: Probed msic_gpadc rpmsg device
01-06 10:32:29.740     1     1 I KERNEL  : [    0.816561] NS announcement: 72 70 6d 73 67 5f 6d 69 64 5f 70 77 6d 00 00 00  rpmsg_mid_pwm...
01-06 10:32:29.740     1     1 I KERNEL  : [    0.816597] NS announcement: 00 00 00 00 00 00 00 00 00 00 00 00 00 00 00 00  ................
01-06 10:32:29.740     1     1 I KERNEL  : [    0.816614] NS announcement: 22 00 00 00 00 00 00 00                          ".......
01-06 10:32:29.740     1     1 I KERNEL  : [    0.816633] virtio_rpmsg_bus virtio0: creating channel rpmsg_mid_pwm addr 0x22
01-06 10:32:29.740     1     1 I KERNEL  : [    0.816790] NS announcement: 72 70 6d 73 67 5f 66 6c 69 73 00 00 00 00 00 00  rpmsg_flis......
01-06 10:32:29.740     1     1 I KERNEL  : [    0.816817] NS announcement: 00 00 00 00 00 00 00 00 00 00 00 00 00 00 00 00  ................
01-06 10:32:29.740     1     1 I KERNEL  : [    0.816833] NS announcement: f5 00 00 00 00 00 00 00                          ........
01-06 10:32:29.740     1     1 I KERNEL  : [    0.816850] virtio_rpmsg_bus virtio0: creating channel rpmsg_flis addr 0xf5
01-06 10:32:29.740     1     1 I KERNEL  : [    0.817586] intel_scu_watchdog rpmsg12: Probed watchdog rpmsg device
01-06 10:32:29.740     1     1 I KERNEL  : [    0.817617] intel_scu_watchdog rpmsg12: Allocating rpmsg_instance
01-06 10:32:29.740     1     1 I KERNEL  : [    0.817964] intel_scu_ipcutil rpmsg11: Probed ipcutil rpmsg device
01-06 10:32:29.740     1     1 I KERNEL  : [    0.817990] intel_scu_ipcutil rpmsg11: Allocating rpmsg_instance
01-06 10:32:29.740     1     1 I KERNEL  : [    0.818117] (oshob) additional offset = 0x0
01-06 10:32:29.740     1     1 I KERNEL  : [    0.818193] Using EXTENDED OSHOB structure size = 176 bytes
01-06 10:32:29.740     1     1 I KERNEL  : [    0.818216] OSNIB size = 32 bytes OEMNIB size = 64 bytes
01-06 10:32:29.740     1     1 I KERNEL  : [    0.818230] (extend oshob) SCU buffer size is 4 bytes
01-06 10:32:29.740     1     1 I KERNEL  : [    0.818303] [BOOT] RESETIRQ1=0x00 RESETIRQ2=0x00 (interrupt tree)
01-06 10:32:29.740     1     1 I KERNEL  : [    0.818389] [BOOT] SCU_TR=0x00020013 (oshob)
01-06 10:32:29.740     1     1 I KERNEL  : [    0.818410] [BOOT] IA_TR=0xffffffff (oshob)
01-06 10:32:29.740     1     1 I KERNEL  : [    0.818775] [BOOT] RR=0x0c WD=0x00 ALARM=0x00 (osnib)
01-06 10:32:29.740     1     1 I KERNEL  : [    0.818797] [BOOT] WAKESRC=0x05 RESETIRQ1=0x01 RESETIRQ2=0x00 (osnib)
01-06 10:32:29.740     1     1 I KERNEL  : [    0.818849] OEMNIB interface registered to debugfs
01-06 10:32:29.740     1     1 I KERNEL  : [    0.819040] intel_scu_flis rpmsg19: Probed flis rpmsg device
01-06 10:32:29.740     1     1 I KERNEL  : [    0.819065] intel_scu_flis rpmsg19: Allocating rpmsg_instance
01-06 10:32:29.740     1     1 I KERNEL  : [    0.819159] intel_scu_flis intel_scu_flis: scu flis probed
01-06 10:32:29.750    34    34 I KERNEL  : [    0.822436] cryptomgr_test used greatest stack depth: 7680 bytes left
01-06 10:32:29.750     1     1 I KERNEL  : [    0.822911] vprog1: 1200 <--> 2800 mV at 1200 mV fast normal standby
01-06 10:32:29.750     1     1 I KERNEL  : [    0.823349] vprog2: 1200 <--> 2800 mV at 2800 mV fast normal standby
01-06 10:32:29.750     1     1 I KERNEL  : [    0.823655] vemmc1: 2850 mV fast normal standby
01-06 10:32:29.750     1     1 I KERNEL  : [    0.823965] vemmc2: 2850 mV fast normal standby
01-06 10:32:29.750     1     1 I KERNEL  : [    0.824625] persistent_ram: found existing buffer, size 86032, start 86032
01-06 10:32:30.060     1     1 I KERNEL  : [    1.136858] console [ram-1] enabled
01-06 10:32:30.060     1     1 I KERNEL  : [    1.137333] Initialise module verification
01-06 10:32:30.060     1     1 I KERNEL  : [    1.138634] highmem bounce pool size: 64 pages
01-06 10:32:30.060     1     1 I KERNEL  : [    1.138854] HugeTLB registered 2 MB page size, pre-allocated 0 pages
01-06 10:32:30.070     1     1 I KERNEL  : [    1.148290] fuse init (API version 7.18)
01-06 10:32:30.070     1     1 I KERNEL  : [    1.149474] Btrfs loaded
01-06 10:32:30.070     1     1 I KERNEL  : [    1.149601] msgmni has been set to 1618
01-06 10:32:30.080    44    44 I KERNEL  : [    1.150523] cryptomgr_test used greatest stack depth: 7436 bytes left
01-06 10:32:30.080     1     1 I KERNEL  : [    1.151743] Asymmetric key parser 'x509' registered
01-06 10:32:30.080     1     1 I KERNEL  : [    1.152090] Block layer SCSI generic (bsg) driver version 0.4 loaded (major 252)
01-06 10:32:30.080     1     1 I KERNEL  : [    1.152419] io scheduler noop registered
01-06 10:32:30.080     1     1 I KERNEL  : [    1.152569] io scheduler cfq registered (default)
01-06 10:32:30.080     1     1 I KERNEL  : [    1.153503] intel_idle: MWAIT substates: 0x3020220
01-06 10:32:30.080     1     1 I KERNEL  : [    1.153618] intel_idle: v0.4 model 0x35
01-06 10:32:30.080     1     1 I KERNEL  : [    1.153728] intel_idle: lapic_timer_reliable_states 0xffffffff
01-06 10:32:30.080     1     1 I KERNEL  : [    1.153924] intel_idle: cpuidle: target_residency[1]= 4
01-06 10:32:30.080     1     1 I KERNEL  : [    1.154034] intel_idle: cpuidle: target_residency[2]= 80
01-06 10:32:30.080     1     1 I KERNEL  : [    1.154228] intel_idle: cpuidle: target_residency[4]= 400
01-06 10:32:30.080     1     1 I KERNEL  : [    1.154339] intel_idle: cpuidle: target_residency[6]= 560
01-06 10:32:30.080     1     1 I KERNEL  : [    1.154532] intel_idle: cpuidle: target_residency[7]= 2541
01-06 10:32:30.080     1     1 I KERNEL  : [    1.154642] intel_idle: cpuidle: target_residency[8]= 4255
01-06 10:32:30.080     1     1 I KERNEL  : [    1.154836] intel_idle: cpuidle: target_residency[9]= 39853
01-06 10:32:30.080     1     1 I KERNEL  : [    1.155172] hsu core clock 50 M
01-06 10:32:30.080     1     1 I KERNEL  : [    1.155476] HSU serial 0000:00:05.0: PCI ID: 8086:08fc FUNC: 0 driver: 0 addr:ffa28080 len:0
01-06 10:32:30.090     1     1 I KERNEL  : [    1.162629] HSU serial 0000:00:05.1: PCI ID: 8086:08fd FUNC: 1 driver: 0 addr:ffa28100 len:0
01-06 10:32:30.090     1     1 I KERNEL  : [    1.163051] HSU serial 0000:00:05.2: PCI ID: 8086:08fe FUNC: 2 driver: 0 addr:ffa28180 len:0
01-06 10:32:30.090     1     1 I KERNEL  : [    1.163580] HSU serial 0000:00:05.3: PCI ID: 8086:08ff FUNC: 3 driver: 1 addr:ffa28400 len:0
01-06 10:32:30.090     1     1 I KERNEL  : [    1.163854] 0000:00:05.0: ttyMFD0 at MMIO 0xffa28080 (irq = 60) is a hsu_port0
01-06 10:32:30.090     1     1 I KERNEL  : [    1.164245] 0000:00:05.1: ttyMFD1 at MMIO 0xffa28100 (irq = 61) is a hsu_port1
01-06 10:32:30.090     1     1 I KERNEL  : [    1.164604] 0000:00:05.2: ttyMFD2 at MMIO 0xffa28180 (irq = 62) is a hsu_port2
01-06 10:32:30.100     1     1 I KERNEL  : [    1.178715] console [ttyMFD2] enabled
01-06 10:32:30.100     1     1 I KERNEL  : [    1.178924] 0000:00:05.1: ttyMFD3 at MMIO 0xffa28100 (irq = 61) is a hsu_port3
01-06 10:32:30.100     1     1 I KERNEL  : [    1.179405] Non-volatile memory driver v1.3
01-06 10:32:30.100     1     1 I KERNEL  : [    1.180304] [drm] Initialized drm 1.1.0 20060810
01-06 10:32:30.110     1     1 I KERNEL  : [    1.187244] brd: module loaded
01-06 10:32:30.120     1     1 I KERNEL  : [    1.190980] loop: module loaded
01-06 10:32:30.120     1     1 I KERNEL  : [    1.195381] Android kernel panic handler initialized on partition mmcblk0p2!
01-06 10:32:30.120     1     1 I KERNEL  : [    1.195581] intel_fabric_logging rpmsg16: Probed fw_logging rpmsg device
01-06 10:32:30.120     1     1 I KERNEL  : [    1.195791] intel_fabric_logging rpmsg16: Allocating rpmsg_instance
01-06 10:32:30.120     1     1 I KERNEL  : [    1.196043] No stored SCU errors found in SRAM
01-06 10:32:30.120     1     1 I KERNEL  : 
01-06 10:32:30.120     1     1 I KERNEL  : [    1.197677] DW: found PCI SPI controller(ID: 8086:08e1)
01-06 10:32:30.130     1     1 I KERNEL  : [    1.202189] dw_spi_pci 0000:00:00.2: master is unqueued, this is deprecated
01-06 10:32:30.130     1     1 I KERNEL  : [    1.202522] DW: found PCI SPI controller(ID: 8086:08ee)
01-06 10:32:30.140     1     1 I KERNEL  : [    1.212160] dw_spi_pci 0000:00:02.4: master is unqueued, this is deprecated
01-06 10:32:30.140     1     1 I KERNEL  : [    1.212560] hsi-ctrl: Controller driver regiseterd
01-06 10:32:30.150     1     1 I KERNEL  : [    1.221921] hsi-ctrl: IP V1 (0x14), HW PCI id (0x902)
01-06 10:32:30.160     1     1 I KERNEL  : [    1.232258] hsi-ffl hsi-ffl: ffl_driver_probe entered
01-06 10:32:30.160     1     1 I KERNEL  : [    1.232508] hsi-ffl hsi-ffl: ffl_driver_probe completed
01-06 10:32:30.160     1     1 I KERNEL  : [    1.232642] hsi-ffl: done creating pool of frames.
01-06 10:32:30.160     1     1 I KERNEL  : 
01-06 10:32:30.160     1     1 I KERNEL  : [    1.232883] hsi-ffl: driver initialised
01-06 10:32:30.160     1     1 I KERNEL  : 
01-06 10:32:30.160     1     1 I KERNEL  : [    1.233169] tun: Universal TUN/TAP device driver, 1.6
01-06 10:32:30.160     1     1 I KERNEL  : [    1.233459] tun: (C) 1999-2004 Max Krasnyansky <maxk@qualcomm.com>
01-06 10:32:30.160     1     1 I KERNEL  : [    1.233915] e100: Intel(R) PRO/100 Network Driver, 3.5.24-k2-NAPI
01-06 10:32:30.160     1     1 I KERNEL  : [    1.234111] e100: Copyright(c) 1999-2006 Intel Corporation
01-06 10:32:30.160     1     1 I KERNEL  : [    1.234321] e1000: Intel(R) PRO/1000 Network Driver - version 7.3.21-k8-NAPI
01-06 10:32:30.160     1     1 I KERNEL  : [    1.234517] e1000: Copyright (c) 1999-2006 Intel Corporation.
01-06 10:32:30.160     1     1 I KERNEL  : [    1.234817] e1000e: Intel(R) PRO/1000 Network Driver - 1.9.5-k
01-06 10:32:30.160     1     1 I KERNEL  : [    1.234926] e1000e: Copyright(c) 1999 - 2012 Intel Corporation.
01-06 10:32:30.160     1     1 I KERNEL  : [    1.235459] PPP generic driver version 2.4.2
01-06 10:32:30.160     1     1 I KERNEL  : [    1.235701] PPP BSD Compression module registered
01-06 10:32:30.160     1     1 I KERNEL  : [    1.235811] PPP Deflate Compression module registered
01-06 10:32:30.160     8     8 I KERNEL  : [    1.236170] hsi-ffl: done creating pool of frames.
01-06 10:32:30.160    59    59 I KERNEL  : 
01-06 10:32:30.160    59    59 I KERNEL  : [    1.237622] modprobe used greatest stack depth: 6936 bytes left
01-06 10:32:30.160     1     1 I KERNEL  : [    1.239905] PPP MPPE Compression module registered
01-06 10:32:30.160     1     1 I KERNEL  : [    1.240063] NET: Registered protocol family 24
01-06 10:32:30.160     1     1 I KERNEL  : [    1.240387] usbcore: registered new interface driver asix
01-06 10:32:30.170     1     1 I KERNEL  : [    1.240709] usbcore: registered new interface driver cdc_ether
01-06 10:32:30.170     1     1 I KERNEL  : [    1.241015] usbcore: registered new interface driver net1080
01-06 10:32:30.170     1     1 I KERNEL  : [    1.241227] usbcore: registered new interface driver cdc_subset
01-06 10:32:30.170     1     1 I KERNEL  : [    1.241493] usbcore: registered new interface driver zaurus
01-06 10:32:30.170     1     1 I KERNEL  : [    1.241697] usbcore: registered new interface driver cdc_ncm
01-06 10:32:30.170     1     1 I KERNEL  : [    1.242068] penwell_otg 0000:00:02.3: Intel OTG2.0 controller is detected.
01-06 10:32:30.170     1     1 I KERNEL  : [    1.242192] penwell_otg 0000:00:02.3: Driver version: 0.8
01-06 10:32:30.190     1     1 I KERNEL  : [    1.261009] penwell_otg 0000:00:02.3: charging_compliance = 0
01-06 10:32:30.320    33    33 I KERNEL  : [    1.390655] penwell_otg 0000:00:02.3: DCD started
01-06 10:32:30.320    33    33 I KERNEL  : [    1.390883] usbcore: registered new interface driver pnwotg_test
01-06 10:32:30.320    33    33 I KERNEL  : [    1.390897] ehci_hcd: USB 2.0 'Enhanced' Host Controller (EHCI) Driver
01-06 10:32:30.330     1     1 I KERNEL  : [    1.400726] ehci_hcd 0000:00:06.5: setting latency timer to 64
01-06 10:32:30.330     1     1 I KERNEL  : [    1.400871] ehci_hcd 0000:00:06.5: EHCI Host Controller
01-06 10:32:30.330     1     1 I KERNEL  : [    1.401105] ehci_hcd 0000:00:06.5: new USB bus registered, assigned bus number 1
01-06 10:32:30.340     1     1 I KERNEL  : [    1.410301] ehci_hcd 0000:00:06.5: USB SPH is disabled
01-06 10:32:30.340     1     1 I KERNEL  : [    1.410508] ehci_hcd 0000:00:06.5: can't setup
01-06 10:32:30.340     1     1 I KERNEL  : [    1.414994] ehci_hcd 0000:00:06.5: USB bus 1 deregistered
01-06 10:32:30.340     1     1 I KERNEL  : [    1.415513] ehci_hcd 0000:00:06.5: init 0000:00:06.5 fail, -19
01-06 10:32:30.350     1     1 I KERNEL  : [    1.421565] usbcore: registered new interface driver cdc_acm
01-06 10:32:30.350     1     1 I KERNEL  : [    1.421771] cdc_acm: USB Abstract Control Model driver for USB modems and ISDN adapters
01-06 10:32:30.350     1     1 I KERNEL  : [    1.421881] Initializing USB Mass Storage driver...
01-06 10:32:30.350     1     1 I KERNEL  : [    1.422131] usbcore: registered new interface driver usb-storage
01-06 10:32:30.350     1     1 I KERNEL  : [    1.422244] USB Mass Storage support registered.
01-06 10:32:30.350     1     1 I KERNEL  : [    1.422471] penwell_otg 0000:00:02.3: Intel USB2.0 Device Controller driver
01-06 10:32:30.350     1     1 I KERNEL  : [    1.422584] penwell_otg 0000:00:02.3: irq 32, pci mem f56c0000
01-06 10:32:30.350     1     1 I KERNEL  : [    1.422778] penwell_otg 0000:00:02.3: Driver version: June 3, 2010
01-06 10:32:30.350     1     1 I KERNEL  : [    1.422975] penwell_otg 0000:00:02.3: Support (max) 16 endpoints
01-06 10:32:30.350     1     1 I KERNEL  : [    1.423087] penwell_otg 0000:00:02.3: Device interface version: 0x0001
01-06 10:32:30.350     1     1 I KERNEL  : [    1.423282] penwell_otg 0000:00:02.3: Controller mode: Device
01-06 10:32:30.350     1     1 I KERNEL  : [    1.423392] penwell_otg 0000:00:02.3: Support USB LPM: Yes
01-06 10:32:30.350     1     1 I KERNEL  : [    1.423854] mousedev: PS/2 mouse device common for all mice
01-06 10:32:30.350     1     1 I KERNEL  : [    1.424603] rtc_mrst rpmsg15: Probed vrtc_mrst rpmsg device
01-06 10:32:30.350     1     1 I KERNEL  : [    1.424817] rtc_mrst rpmsg15: Allocating rpmsg_instance
01-06 10:32:30.350     1     1 I KERNEL  : [    1.425239] using rtc device, rtc_mrst, for alarms
01-06 10:32:30.350     1     1 I KERNEL  : 
01-06 10:32:30.350     1     1 I KERNEL  : [    1.425401] rtc_mrst rtc_mrst: rtc core: registered rtc_mrst as rtc0
01-06 10:32:30.350     1     1 I KERNEL  : [    1.425905] rtc_mrst rtc_mrst: vRTC driver initialised
01-06 10:32:30.350     1     1 I KERNEL  : [    1.426093] i2c /dev entries driver
01-06 10:32:30.350     1     1 I KERNEL  : [    1.426652] i2c-gpio i2c-gpio.10: using pins 132 (SDA) and 131 (SCL)
01-06 10:32:30.350     1     1 I KERNEL  : [    1.426887] Inside smb347_init
01-06 10:32:30.350     1     1 I KERNEL  : [    1.428439] coretemp coretemp.0: Unable to read TjMax from CPU 0
01-06 10:32:30.350     1     1 I KERNEL  : [    1.428662] coretemp coretemp.0: Unable to read TjMax from CPU 2
01-06 10:32:30.350     1     1 I KERNEL  : [    1.428995] intel_mid_pwm rpmsg18: Probed mid_pwm rpmsg device
01-06 10:32:30.350     1     1 I KERNEL  : [    1.429290] lsm303d driver: init
01-06 10:32:30.350     1     1 I KERNEL  : [    1.429656] device-mapper: uevent: version 1.0.3
01-06 10:32:30.350     1     1 I KERNEL  : [    1.430128] device-mapper: ioctl: 4.22.0-ioctl (2011-10-19) initialised: dm-devel@redhat.com
01-06 10:32:30.360     1     1 I KERNEL  : [    1.431340] cpuidle: using governor ladder
01-06 10:32:30.360     1     1 I KERNEL  : [    1.432995] cpuidle: using governor menu
01-06 10:32:30.360     1     1 I KERNEL  : [    1.433171] sdhci: Secure Digital Host Controller Interface driver
01-06 10:32:30.360     1     1 I KERNEL  : [    1.433374] sdhci: Copyright(c) Pierre Ossman
01-06 10:32:30.360     1     1 I KERNEL  : [    1.433560] leds_intel_kpd rpmsg17: Probed kpd_led rpmsg device
01-06 10:32:30.360     1     1 I KERNEL  : [    1.433955] Registered led device: intel_keypad_led
01-06 10:32:30.360     1     1 I KERNEL  : [    1.434947] usbcore: registered new interface driver usbhid
01-06 10:32:30.360     1     1 I KERNEL  : [    1.435193] usbhid: USB HID core driver
01-06 10:32:30.360     1     1 I KERNEL  : [    1.435840] ashmem: initialized
01-06 10:32:30.360     1     1 I KERNEL  : [    1.436098] logger: created 256K log 'log_main'
01-06 10:32:30.360     1     1 I KERNEL  : [    1.436348] logger_pti: log_main, mc : 74 0
01-06 10:32:30.360     1     1 I KERNEL  : [    1.436593] logger: created 256K log 'log_events'
01-06 10:32:30.360     1     1 I KERNEL  : [    1.436837] logger_pti: log_events, mc : 74 1
01-06 10:32:30.360     1     1 I KERNEL  : [    1.437072] logger: created 256K log 'log_radio'
01-06 10:32:30.360     1     1 I KERNEL  : [    1.437217] logger_pti: log_radio, mc : 74 2
01-06 10:32:30.360     1     1 I KERNEL  : [    1.437551] logger: created 256K log 'log_kernel'
01-06 10:32:30.360     1     1 I KERNEL  : [    1.437697] logger_pti: log_kernel, mc : 74 3
01-06 10:32:30.360     1     1 I KERNEL  : [    1.437934] logger: created 256K log 'log_system'
01-06 10:32:30.360     1     1 I KERNEL  : [    1.438186] logger_pti: log_system, mc : 74 4
01-06 10:32:30.390    33    33 I KERNEL  : [    1.461587] penwell_otg 0000:00:02.3: Data contact detected!
01-06 10:32:30.390    33    33 I KERNEL  : [    1.461850] penwell_otg 0000:00:02.3: DCD complete
01-06 10:32:30.400     5     5 I KERNEL  : [    1.472616] max170xx_battery 2-0036: chip type max17047/50 detected
01-06 10:32:30.400     5     5 I KERNEL  : [    1.473846] max170xx_battery 2-0036: current sensing enabled
01-06 10:32:30.450     5     5 I KERNEL  : [    1.520575] smb347 2-006a: To set USB enabled.
01-06 10:32:30.450     5     5 I KERNEL  : [    1.523194] smb347 2-006a: Set charge mode as USB100.
01-06 10:32:30.450     5     5 I KERNEL  : [    1.524140] smb347 2-006a: registered to OTG notifications
01-06 10:32:30.450     8     8 I KERNEL  : [    1.528247] smb347 2-006a: Charging Status: STAT_C:0x5
01-06 10:32:30.450     8     8 I KERNEL  : [    1.528384] smb347 2-006a: fg chip found:max17047_battery
01-06 10:32:30.460     5     5 I KERNEL  : [    1.535674] smb347 2-006a: Schedule the charge event worker.
01-06 10:32:30.460    64    64 I KERNEL  : [    1.535933] smb347 2-006a: smb347_event_worker
01-06 10:32:30.460    38    38 I KERNEL  : [    1.536417] sdhci-pci 0000:00:01.0: SDHCI controller found [8086:08e5] (rev d)
01-06 10:32:30.460    64    64 I KERNEL  : [    1.537548] smb347 2-006a: USB suspend/disconnect evt. To disable charging
01-06 10:32:30.460    64    64 I KERNEL  : [    1.538800] smb347 2-006a: Set charge mode as USB100.
01-06 10:32:30.470    64    64 I KERNEL  : [    1.540844] smb347 2-006a: To set USB suspend.
01-06 10:32:30.470    38    38 I KERNEL  : [    1.541726] sdhci-pci 0000:00:01.0: setting latency timer to 64
01-06 10:32:30.500     8     8 I KERNEL  : [    1.572321] max170xx_battery 2-0036: soc perc: soc: 81, offset: 1
01-06 10:32:30.500     8     8 I KERNEL  : [    1.574545] smb347 2-006a: Charging Status: STAT_C:0x0
01-06 10:32:30.510    33    33 I KERNEL  : [    1.580185] penwell_otg 0000:00:02.3: SDP detected
01-06 10:32:30.510    33    33 I KERNEL  : [    1.580327] penwell_otg 0000:00:02.3: SDP detected
01-06 10:32:30.510    33    33 I KERNEL  : [    1.580692] penwell_otg 0000:00:02.3: Found private SRAM at fffe0000 size:4000
01-06 10:32:30.510    33    33 I KERNEL  : [    1.580747] smb347 2-006a: [chrg] evt:0 type:4 cur:100
01-06 10:32:30.540     4     4 I KERNEL  : [    1.611199] smb347 2-006a: 
01-06 10:32:30.540     4     4 I KERNEL  : [    1.611205] smb347_status_monitor: temp=31 vbatt=4016 ocv=4011 chrg_now=1706000 chrg_full=2099000
01-06 10:32:30.540     4     4 I KERNEL  : [    1.611214] batt_level=81, current_now=-15(mA)
01-06 10:32:30.540     4     4 I KERNEL  : [    1.611220] BPTHERM= 31[0,45]
01-06 10:32:30.570    71    71 I KERNEL  : [    1.645637] mmc0: new high speed DDR MMC card at address 0001
01-06 10:32:30.570    71    71 I KERNEL  : [    1.646460] mmcblk0: mmc0:0001 SEM04G 3.67 GiB 
01-06 10:32:30.570    71    71 I KERNEL  : [    1.647075] mmcblk0boot0: mmc0:0001 SEM04G partition 1 2.00 MiB
01-06 10:32:30.570    71    71 I KERNEL  : [    1.647579] mmcblk0boot1: mmc0:0001 SEM04G partition 2 2.00 MiB
01-06 10:32:30.570    71    71 I KERNEL  : [    1.648186] mmcblk0rpmb: mmc0:0001 SEM04G partition 3 4.00 KiB
01-06 10:32:30.570    71    71 I KERNEL  : [    1.648701] mmcblk0gp0: mmc0:0001 SEM04G partition 4 8.00 MiB
01-06 10:32:30.580    71    71 I KERNEL  : [    1.657153]  mmcblk0: p1 p2 p3 p4 p5 p6 p7 p8 p9
01-06 10:32:30.590     8     8 I KERNEL  : [    1.661264] max170xx_battery 2-0036: soc perc: soc: 81, offset: 1
01-06 10:32:30.590    71    71 I KERNEL  : [    1.661800]  mmcblk0gp0: unknown partition table
01-06 10:32:30.590     8     8 I KERNEL  : [    1.663638] smb347 2-006a: Charging Status: STAT_C:0x0
01-06 10:32:30.590     8     8 I KERNEL  : [    1.663700] Dev mmcblk0rpmb: unable to read RDB block 0
01-06 10:32:30.590    71    71 I KERNEL  : [    1.664095]  mmcblk0rpmb: unable to read partition table
01-06 10:32:30.590    71    71 I KERNEL  : [    1.666559]  mmcblk0boot1: unknown partition table
01-06 10:32:30.590    71    71 I KERNEL  : [    1.669361]  mmcblk0boot0: unknown partition table
01-06 10:32:30.590    38    38 I KERNEL  : [    1.669935] mmc0: SDHCI controller on PCI [0000:00:01.0] using ADMA
01-06 10:32:30.600    38    38 I KERNEL  : [    1.670235] match_panic_par:emmc found
01-06 10:32:30.600    38    38 I KERNEL  : [    1.670403] panic partition found
01-06 10:32:30.600    38    38 I KERNEL  : [    1.671184] emmc_panic_notify_add: Bound to emmc partition 'emmc_ipanic'
01-06 10:32:30.630    69    69 I KERNEL  : [    1.701560] sep_sec_driver 0000:00:01.5: Chaabi status from SCU 11112222
01-06 10:32:30.640     1     1 I KERNEL  : [    1.712122] [drm] psb - 5.6.0.1202
01-06 10:32:30.640     1     1 I KERNEL  : [    1.712581] [TTM] Zone  kernel: Available graphics memory: 414336 kiB
01-06 10:32:30.640     1     1 I KERNEL  : [    1.712726] [TTM] Zone highmem: Available graphics memory: 494694 kiB
01-06 10:32:30.640     8     8 I KERNEL  : [    1.713011] max170xx_battery 2-0036: soc perc: soc: 81, offset: 1
01-06 10:32:30.640     1     1 I KERNEL  : [    1.713185] [TTM] Initializing pool allocator
01-06 10:32:30.640     1     1 I KERNEL  : [    1.714604] [otm_hdmi]: Enter android_hdmi_driver_setup
01-06 10:32:30.640     8     8 I KERNEL  : 
01-06 10:32:30.640     8     8 I KERNEL  : [    1.715249] smb347 2-006a: Charging Status: STAT_C:0x0
01-06 10:32:30.640     1     1 I KERNEL  : [    1.715906] [otm_hdmi]: android_hdmi_driver_setup: Done with driver setup
01-06 10:32:30.640     1     1 I KERNEL  : [    1.716048] [otm_hdmi]: Exit android_hdmi_driver_setup
01-06 10:32:30.640     1     1 I KERNEL  : [    1.716558] [drm] intel_mid_get_vbt_data: panel name: GWM BB Prx, mipi_mode = 1
01-06 10:32:30.640     1     1 I KERNEL  : [    1.716773] [drm] IMR4 start=0x36ff0000, size=9490432B (2317 pages)
01-06 10:32:30.640     1     1 I KERNEL  : [    1.717288] GMMADR(region 0) start: 0x40000000 (256M).
01-06 10:32:30.640     1     1 I KERNEL  : [    1.717432] GTTADR(region 3) start: 0xdfec0000 (can map 256M RAM), and actual RAM base 0x3ffc0000.
01-06 10:32:30.640     1     1 I KERNEL  : [    1.717562] Stole memory information 
01-06 10:32:30.640     1     1 I KERNEL  : [    1.717862]       base in RAM: 0x3f000000 
01-06 10:32:30.640     1     1 I KERNEL  : [    1.717998]       size: 16124K, calculated by (GTT RAM base) - (Stolen base), seems wrong
01-06 10:32:30.640     1     1 I KERNEL  : [    1.718224]       the correct size should be: 16M(dvmt mode=4) 
01-06 10:32:30.640     1     1 I KERNEL  : [    1.718440] RAR Stole memory: RAM base = 0x36ff0000, size = 9 M 
01-06 10:32:30.660     1     1 I KERNEL  : [    1.737177] Set up 4031 stolen pages starting at 0x0003f000, GTT offset 0K
01-06 10:32:30.670     1     1 I KERNEL  : [    1.740675] Set up 0 CI stolen pages starting at 0x00000000, GTT offset 131072K
01-06 10:32:30.670     1     1 I KERNEL  : [    1.749682] [drm] PSB GTT mem manager ready, tt_start 4031, tt_size 28737 pages
01-06 10:32:30.680     1     1 I KERNEL  : [    1.750286] [drm] SGX core id = 0x00000000
01-06 10:32:30.680     1     1 I KERNEL  : [    1.750429] [drm] SGX core rev major = 0x00, minor = 0x00
01-06 10:32:30.680     1     1 I KERNEL  : [    1.750557] [drm] SGX core rev maintenance = 0x00, designer = 0x00
01-06 10:32:30.680     1     1 I KERNEL  : [    1.750693] init tiling heap, size is 0x00010000 pages
01-06 10:32:30.680     1     1 I KERNEL  : [    1.750849] MSVDX: core id	3038fff
01-06 10:32:30.680     1     1 I KERNEL  : [    1.750983] MSVDX: core rev	40103
01-06 10:32:30.690     1     1 I KERNEL  : [    1.760412] pvrsrvkm 0000:00:02.0: irq 93 for MSI/MSI-X
01-06 10:32:30.690     1     1 I KERNEL  : [    1.761207] [drm] Supports vblank timestamp caching Rev 1 (10.10.2010).
01-06 10:32:30.690     1     1 I KERNEL  : [    1.761353] [drm] No driver support for vblank timestamp query.
01-06 10:32:30.690     1     1 I KERNEL  : [    1.761814] [otm_hdmi]: psb_drv: set irq affnity to CPU0
01-06 10:32:30.690     8     8 I KERNEL  : [    1.762166] max170xx_battery 2-0036: soc perc: soc: 81, offset: 1
01-06 10:32:30.690     1     1 I KERNEL  : [    1.763511] [drm] mdfld_dsi_error_detector_init: started
01-06 10:32:30.690     1     1 I KERNEL  : [    1.763835] [drm] mdfld_dsi_dsr_init: Video mode panel, disabling DSR
01-06 10:32:30.690     1     1 I KERNEL  : [    1.764085] [otm_hdmi]: Enter android_hdmi_driver_init
01-06 10:32:30.690     1     1 I KERNEL  : 
01-06 10:32:30.690     1     1 I KERNEL  : [    1.764639] [otm_hdmi]: android_hdmi_driver_init: Done with driver init
01-06 10:32:30.690     1     1 I KERNEL  : [    1.765076] [otm_hdmi]: Exit android_hdmi_driver_init
01-06 10:32:30.690     1     1 I KERNEL  : [    1.765224] [drm] Initialized pvrsrvkm 8.1.0 2009-03-10 for 0000:00:02.0 on minor 0
01-06 10:32:30.740    64    64 I KERNEL  : [    1.809988] Switching to clocksource tsc
01-06 10:32:30.750     5     5 I KERNEL  : [    1.820516] lsm303d 5-001e: probe start.
01-06 10:32:30.750     5     5 I KERNEL  : [    1.820965] lsm303d: hw init start
01-06 10:32:30.750     5     5 I KERNEL  : [    1.821409] lsm303d: hw init done
01-06 10:32:30.750     5     5 I KERNEL  : [    1.827926] input: lsm303d_acc as /devices/pci0000:00/0000:00:03.4/i2c-5/5-001e/input/input0
01-06 10:32:30.750     5     5 I KERNEL  : [    1.828460] input: lsm303d_mag as /devices/pci0000:00/0000:00:03.4/i2c-5/5-001e/input/input1
01-06 10:32:30.750     5     5 I KERNEL  : [    1.829286] lsm303d 5-001e: lsm303d: probed
01-06 10:32:30.760    38    38 I KERNEL  : [    1.830493] sdhci-pci 0000:00:04.0: SDHCI controller found [8086:08f9] (rev d)
01-06 10:32:30.760    38    38 I KERNEL  : [    1.831652] sdhci-pci 0000:00:04.0: setting latency timer to 64
01-06 10:32:30.760    38    38 I KERNEL  : [    1.833131] mmc1: SDHCI controller on PCI [0000:00:04.0] using ADMA
01-06 10:32:30.760    38    38 I KERNEL  : [    1.834114] sdhci-pci 0000:00:04.1: SDHCI controller found [8086:08fa] (rev d)
01-06 10:32:30.760    38    38 I KERNEL  : [    1.835183] sdhci-pci 0000:00:04.1: setting latency timer to 64
01-06 10:32:30.760    38    38 I KERNEL  : [    1.836787] mmc2: SDHCI controller on PCI [0000:00:04.1] using ADMA
01-06 10:32:30.760     1     1 I KERNEL  : [    1.838487] [drm] gwm_lcd_init:GWM QHD module
01-06 10:32:30.760     1     1 I KERNEL  : [    1.838784] [drm] gwm_lcd_probe:GWM QHD LCD DETECT
01-06 10:32:30.760     1     1 I KERNEL  : [    1.839194] allocated 540x960 fb
01-06 10:32:30.770     1     1 I KERNEL  : [    1.839557] fbcon: psbfb (fb0) is primary device
01-06 10:32:30.770     1     1 I KERNEL  : [    1.839814] mdfld_crtc_dsi_mode_set: dspsurf = 0x0, dsplinoff = 0x0
01-06 10:32:30.770     1     1 I KERNEL  : [    1.839837] [drm] skip panle power setting for first boot! panel is already powered on
01-06 10:32:30.770     1     1 I KERNEL  : [    1.839848] [drm] new update of use cases
01-06 10:32:30.770     1     1 I KERNEL  : [    1.840622] Console: switching to colour frame buffer device 67x60
01-06 10:32:30.770     1     1 I KERNEL  : [    1.841957] fb0: psbfb frame buffer device
01-06 10:32:30.770     1     1 I KERNEL  : [    1.842074] drm: registered panic notifier
01-06 10:32:30.770     1     1 I KERNEL  : [    1.842393] [drm] dsi status [28:LP Generic Write FIFO Full]
01-06 10:32:30.770     1     1 I KERNEL  : [    1.842593] [drm] ospm_post_init dc_islands: 180 to be powered OFF
01-06 10:32:30.770     1     1 I KERNEL  : [    1.842901] kdispmgr: display manager start.
01-06 10:32:30.770     1     1 I KERNEL  : [    1.843046] kdispmgr: netlink socket created successfully.
01-06 10:32:30.770     1     1 I KERNEL  : [    1.848940] [drm] gwm_lcd_init:GWM HD module
01-06 10:32:30.770     1     1 I KERNEL  : [    1.849159] intel_scu_fw_update rpmsg10: Probed fw_update rpmsg device
01-06 10:32:30.770     1     1 I KERNEL  : [    1.849360] intel_scu_fw_update rpmsg10: Allocating rpmsg_instance
01-06 10:32:30.770     1     1 I KERNEL  : [    1.849609] intel_mid_osip rpmsg14: Probed OSIP rpmsg device
01-06 10:32:30.770     1     1 I KERNEL  : [    1.849913] intel_mid_umip rpmsg13: Probed UMIP rpmsg device
01-06 10:32:30.780    38    38 I KERNEL  : [    1.850297] mdm_ctrl: Getting device infos
01-06 10:32:30.780    38    38 I KERNEL  : 
01-06 10:32:30.780    38    38 I KERNEL  : [    1.850573] mdm ctrl: platform data setup
01-06 10:32:30.780    38    38 I KERNEL  : [    1.851039] mdm ctrl: Getting CTP datas
01-06 10:32:30.780    38    38 I KERNEL  : [    1.851184] mdm ctrl: platform data setup done
01-06 10:32:30.780    38    38 I KERNEL  : [    1.851445] mdm ctrl: GPIO list : rst_out:84, pwr_on:113, rst_bbn:178, cdump:37
01-06 10:32:30.780    38    38 I KERNEL  : [    1.851593] mdm_ctrl: Taking 6360 modem sequences
01-06 10:32:30.780     1     1 I KERNEL  : 
01-06 10:32:30.780     1     1 I KERNEL  : [    1.853658] Intel ALSA SSP Driver
01-06 10:32:30.780     1     1 I KERNEL  : [    1.853667]  Version 1.0.2
01-06 10:32:30.780     1     1 I KERNEL  : [    1.853806] I2S SSP Driver 0000:00:01.4: Detected PCI SSP (ID: 8086:08e8)
01-06 10:32:30.780     1     1 I KERNEL  : [    1.853901] mdm_ctrl: GPIO (rst_bbn: 178, pwr_on: 113, rst_out: 84, fcdp_rb: 37)
01-06 10:32:30.780     1     1 I KERNEL  : [    1.853915] mdm_ctrl: IRQ  (rst_out: 340, fcdp_rb: 293)
01-06 10:32:30.780     1     1 I KERNEL  : [    1.853925] mdm_ctrl: Power OFF requested
01-06 10:32:30.780     1     1 I KERNEL  : 
01-06 10:32:30.780     1     1 I KERNEL  : [    1.854515] I2S SSP Driver 0000:00:01.4: Probe/find capability (VNDR 9 pos=0x88)
01-06 10:32:30.780     1     1 I KERNEL  : [    1.854529] I2S SSP Driver 0000:00:01.4: Vendor capability adid = 0x4246
01-06 10:32:30.780     1     1 I KERNEL  : [    1.854542] I2S SSP Driver 0000:00:01.4: Detected PCI SSP (ID: 8086:08e8) ssp_fs_gpio_mapping =9 ssp_fs_mode =1
01-06 10:32:30.780     1     1 I KERNEL  : [    1.854557] I2S SSP Driver 0000:00:01.4: Detected PCI SSP (ID: 8086:08e8) usage =1
01-06 10:32:30.780     1     1 I KERNEL  : [    1.854983] ALLOCATE FOR ASOC
01-06 10:32:30.780    69    69 I KERNEL  : [    1.855652] I2S SSP Driver 0000:00:02.7: Detected PCI SSP (ID: 8086:08f1)
01-06 10:32:30.780    69    69 I KERNEL  : [    1.856572] I2S SSP Driver 0000:00:02.7: Probe/find capability (VNDR 9 pos=0x88)
01-06 10:32:30.780    69    69 I KERNEL  : [    1.856787] I2S SSP Driver 0000:00:02.7: Vendor capability adid = 0x414a
01-06 10:32:30.780    69    69 I KERNEL  : [    1.856902] I2S SSP Driver 0000:00:02.7: Detected PCI SSP (ID: 8086:08f1) ssp_fs_gpio_mapping =5 ssp_fs_mode =1
01-06 10:32:30.780    69    69 I KERNEL  : [    1.856995] Intel ALSA IFX Driver
01-06 10:32:30.780    69    69 I KERNEL  : [    1.857003]  Version 1.0.2
01-06 10:32:30.780    69    69 I KERNEL  : [    1.857398] I2S SSP Driver 0000:00:02.7: Detected PCI SSP (ID: 8086:08f1) usage =2
01-06 10:32:30.780    69    69 I KERNEL  : [    1.857862] ALLOCATE FOR ASOC
01-06 10:32:30.780    69    69 I KERNEL  : [    1.858234] I2S: platform mid-ssp-dai allocated
01-06 10:32:30.790     1     1 I KERNEL  : [    1.861118] cs42l73 1-004a: Cirrus Logic CS42L73, Revision: B0
01-06 10:32:30.790     1     1 I KERNEL  : [    1.861627] mid_ssp: ssp_soc_dai_init: SSP DAI: FCT ssp_soc_dai_init called
01-06 10:32:30.790     1     1 I KERNEL  : [    1.861711] mdm_ctrl: RESET_OUT 0x0 while OFF
01-06 10:32:30.790     1     1 I KERNEL  : [    1.861746] snd_intel_sst: INFO: ******** SST DRIVER loading.. Ver: 3.0.8
01-06 10:32:30.790     1     1 I KERNEL  : [    1.862847] snd_intel_sst: Got drv data max stream 5
01-06 10:32:30.790     1     1 I KERNEL  : [    1.865713] snd_intel_sst: intel_sst_probe successfully done!
01-06 10:32:30.790     1     1 I KERNEL  : [    1.866866] mid_ssp: ssp_dai_probe: SSP DAI: FCT ssp_dai_probe enters
01-06 10:32:30.790     1     1 I KERNEL  : [    1.867078] mid_ssp: ssp_dai_probe: ssp_info address f2d7aca8
01-06 10:32:30.790     1     1 I KERNEL  : 
01-06 10:32:30.790     1     1 I KERNEL  : [    1.867475] mid_ssp: ssp_dai_probe: SSP DAI: FCT ssp_dai_probe leaves 0
01-06 10:32:30.790     1     1 I KERNEL  : [    1.867856] oprofile: using NMI interrupt.
01-06 10:32:30.790     1     1 I KERNEL  : [    1.868146] Netfilter messages via NETLINK v0.30.
01-06 10:32:30.790     1     1 I KERNEL  : [    1.868329] nf_conntrack version 0.5.0 (15459 buckets, 61836 max)
01-06 10:32:30.790     1     1 I KERNEL  : [    1.869080] NF_TPROXY: Transparent proxy support initialized, version 4.1.0
01-06 10:32:30.790     1     1 I KERNEL  : [    1.869287] NF_TPROXY: Copyright (c) 2006-2007 BalaBit IT Ltd.
01-06 10:32:30.790     1     1 I KERNEL  : [    1.870008] ip_tables: (C) 2000-2006 Netfilter Core Team
01-06 10:32:30.800     1     1 I KERNEL  : [    1.870536] TCP: cubic registered
01-06 10:32:30.800     1     1 I KERNEL  : [    1.870675] Initializing XFRM netlink socket
01-06 10:32:30.800     1     1 I KERNEL  : [    1.871518] NET: Registered protocol family 10
01-06 10:32:30.800     1     1 I KERNEL  : [    1.873186] ip6_tables: (C) 2000-2006 Netfilter Core Team
01-06 10:32:30.800     1     1 I KERNEL  : [    1.873622] IPv6 over IPv4 tunneling driver
01-06 10:32:30.800     1     1 I KERNEL  : [    1.874707] NET: Registered protocol family 17
01-06 10:32:30.800     1     1 I KERNEL  : [    1.874884] NET: Registered protocol family 15
01-06 10:32:30.800     1     1 I KERNEL  : [    1.875026] L2TP core driver, V2.0
01-06 10:32:30.800     1     1 I KERNEL  : [    1.875253] PPPoL2TP kernel driver, V2.0
01-06 10:32:30.800     1     1 I KERNEL  : [    1.875380] Registering the dns_resolver key type
01-06 10:32:30.800     1     1 I KERNEL  : [    1.876956] Using IPI No-Shortcut mode
01-06 10:32:30.800     1     1 I KERNEL  : [    1.877209] info[ 0]: name = power_btn, gpio = -1
01-06 10:32:30.800     1     1 I KERNEL  : [    1.877342] info[ 1]: name = prog_btn1, gpio = -1
01-06 10:32:30.800     1     1 I KERNEL  : [    1.877612] info[ 2]: name = prog_btn2, gpio = -1
01-06 10:32:30.800     1     1 I KERNEL  : [    1.877762] info[ 3]: name = lid_switch, gpio = -1
01-06 10:32:30.800     1     1 I KERNEL  : [    1.877909] info[ 4]: name = vol_up, gpio = 30
01-06 10:32:30.800     1     1 I KERNEL  : [    1.878173] info[ 5]: name = vol_down, gpio = 31
01-06 10:32:30.800     1     1 I KERNEL  : [    1.878325] info[ 6]: name = camera_full, gpio = -1
01-06 10:32:30.800     1     1 I KERNEL  : [    1.878612] info[ 7]: name = camera_half, gpio = -1
01-06 10:32:30.800     1     1 I KERNEL  : [    1.878775] info[ 8]: name = MagSw1, gpio = -1
01-06 10:32:30.800     1     1 I KERNEL  : [    1.878927] info[ 9]: name = MagSw2, gpio = -1
01-06 10:32:30.800     1     1 I KERNEL  : [    1.879195] info[10]: name = cam_capture, gpio = -1
01-06 10:32:30.800     1     1 I KERNEL  : [    1.879348] info[11]: name = cam_focus, gpio = -1
01-06 10:32:30.800     1     1 I KERNEL  : [    1.879616] info[12]: name = fp_menu_key, gpio = -1
01-06 10:32:30.800     1     1 I KERNEL  : [    1.879768] info[13]: name = fp_home_key, gpio = -1
01-06 10:32:30.800     1     1 I KERNEL  : [    1.880035] info[14]: name = fp_search_key, gpio = -1
01-06 10:32:30.810     1     1 I KERNEL  : [    1.880245] info[15]: name = fp_back_key, gpio = -1
01-06 10:32:30.810     1     1 I KERNEL  : [    1.880409] info[16]: name = volume_up, gpio = -1
01-06 10:32:30.810     1     1 I KERNEL  : [    1.880671] info[17]: name = volume_down, gpio = -1
01-06 10:32:30.810     1     1 I KERNEL  : [    1.880787] info[18]: name = mute_enable, gpio = -1
01-06 10:32:30.810     1     1 I KERNEL  : [    1.880999] info[19]: name = camera0_sb1, gpio = -1
01-06 10:32:30.810     1     1 I KERNEL  : [    1.881119] info[20]: name = camera0_sb2, gpio = -1
