01-06 10:32:30.810     1     1 I KERNEL  : [    1.881779] Loading module verification certificates
01-06 10:32:30.810     1     1 I KERNEL  : [    1.881985] X.509: Cert Issuer: Magrathea: Glacier signing key
01-06 10:32:30.810     1     1 I KERNEL  : [    1.882098] X.509: Cert Subject: Magrathea: Glacier signing key
01-06 10:32:30.810     1     1 I KERNEL  : [    1.882292] X.509: Cert Key Algo: RSA
01-06 10:32:30.810     1     1 I KERNEL  : [    1.882403] X.509: Cert Valid From: 2014-01-05 17:15:08
01-06 10:32:30.810     1     1 I KERNEL  : [    1.882599] X.509: Cert Valid To: 2113-12-12 17:15:08
01-06 10:32:30.810     1     1 I KERNEL  : [    1.882707] X.509: Cert Signature: RSA + sha256
01-06 10:32:30.810     1     1 I KERNEL  : [    1.882904] X.509: Now: 2014-01-06 10:32:30
01-06 10:32:30.810     1     1 I KERNEL  : [    1.883012] X.509: ==>x509_check_signature()
01-06 10:32:30.830     1     1 I KERNEL  : [    1.906346] X.509: Cert Verification: 0
01-06 10:32:30.830     1     1 I KERNEL  : [    1.906557] X.509: <==x509_check_signature() = 0
01-06 10:32:30.830     1     1 I KERNEL  : [    1.906717] MODSIGN: Loaded cert 'Magrathea: Glacier signing key: 248d8dbd947fe501fbf85854a50f5889a33100bf'
01-06 10:32:30.830     1     1 I KERNEL  : [    1.906986] registered taskstats version 1
01-06 10:32:30.830     1     1 I KERNEL  : [    1.908439] vemmc1: incomplete constraints, leaving on
01-06 10:32:30.830     1     1 I KERNEL  : [    1.908774] vprog2: incomplete constraints, leaving on
01-06 10:32:30.830     1     1 I KERNEL  : [    1.908990] vbcm43xx: incomplete constraints, leaving on
01-06 10:32:30.830     1     1 I KERNEL  : [    1.909880] console [netcon0] enabled
01-06 10:32:30.830     1     1 I KERNEL  : [    1.910004] netconsole: network logging started
01-06 10:32:30.840     1     1 I KERNEL  : [    1.910435] file system registered
01-06 10:32:30.840    38    38 I KERNEL  : [    1.912024] apds990x 5-0039: max ADC value = 18432
01-06 10:32:30.840     1     1 I KERNEL  : [    1.912697]  gadget: Mass Storage Function, version: 2009/09/11
01-06 10:32:30.840     1     1 I KERNEL  : [    1.912971]  gadget: Number of LUNs=1
01-06 10:32:30.840     1     1 I KERNEL  : [    1.913097]  lun0: LUN: removable file: (no medium)
01-06 10:32:30.840     1     1 I KERNEL  : [    1.913568]  gadget: android_usb ready
01-06 10:32:30.840     1     1 I KERNEL  : [    1.913731] apds990x 5-0039: Set flis to "pull up, 20K" for PIN 0xa9.
01-06 10:32:30.840     1     1 I KERNEL  : [    1.913949] penwell_otg 0000:00:02.3: register driver: android_usb
01-06 10:32:30.840     1     1 I KERNEL  : [    1.915637] input: gpio-keys as /devices/platform/gpio-keys/input/input2
01-06 10:32:30.840     1     1 I KERNEL  : [    1.915993] <<-GTP-INFO->> GTP driver install.
01-06 10:32:30.840     1     1 I KERNEL  : [    1.916058] ==falcon ft5x06_ts_probe=
01-06 10:32:30.840     1     1 I KERNEL  : [    1.916598] APIC ID: 0
01-06 10:32:30.840     1     1 I KERNEL  : [    1.916718] APIC ID: 1
01-06 10:32:30.840     1     1 I KERNEL  : [    1.916909] APIC ID: 2
01-06 10:32:30.840     1     1 I KERNEL  : [    1.917015] APIC ID: 3
01-06 10:32:30.840     1     1 I KERNEL  : [    1.917192] Num p-states 3
01-06 10:32:30.840     1     1 I KERNEL  : [    1.917314] State [0]: core_frequency[1200] transition_latency[100] control[0x951]
01-06 10:32:30.840     1     1 I KERNEL  : [    1.917517] State [1]: core_frequency[933] transition_latency[100] control[0x747]
01-06 10:32:30.840     1     1 I KERNEL  : [    1.917717] State [2]: core_frequency[800] transition_latency[100] control[0x645]
01-06 10:32:30.840     1     1 I KERNEL  : [    1.918010] Num p-states 3
01-06 10:32:30.840     1     1 I KERNEL  : [    1.918134] State [0]: core_frequency[1200] transition_latency[100] control[0x951]
01-06 10:32:30.840     1     1 I KERNEL  : [    1.918336] State [1]: core_frequency[933] transition_latency[100] control[0x747]
01-06 10:32:30.840     1     1 I KERNEL  : [    1.918537] State [2]: core_frequency[800] transition_latency[100] control[0x645]
01-06 10:32:30.840     1     1 I KERNEL  : [    1.918747] Num p-states 3
01-06 10:32:30.840     1     1 I KERNEL  : [    1.918955] State [0]: core_frequency[1200] transition_latency[100] control[0x951]
01-06 10:32:30.840     1     1 I KERNEL  : [    1.919070] State [1]: core_frequency[933] transition_latency[100] control[0x747]
01-06 10:32:30.840     1     1 I KERNEL  : [    1.919270] State [2]: core_frequency[800] transition_latency[100] control[0x645]
01-06 10:32:30.840     1     1 I KERNEL  : [    1.919577] Num p-states 3
01-06 10:32:30.840     1     1 I KERNEL  : [    1.919699] State [0]: core_frequency[1200] transition_latency[100] control[0x951]
01-06 10:32:30.840     1     1 I KERNEL  : [    1.919900] State [1]: core_frequency[933] transition_latency[100] control[0x747]
01-06 10:32:30.840     1     1 I KERNEL  : [    1.920014] State [2]: core_frequency[800] transition_latency[100] control[0x645]
01-06 10:32:30.850     1     1 I KERNEL  : [    1.920567] had: ******** HAD DRIVER loading.. Ver: 0.01.003
01-06 10:32:30.850     1     1 I KERNEL  : [    1.920649] msic_thermal rpmsg0: Probed mid_therm rpmsg device
01-06 10:32:30.890    71    71 I KERNEL  : [    1.962519] msic_power_btn rpmsg3: Probed mid_pb rpmsg device
01-06 10:32:30.890     1     1 I KERNEL  : [    1.963100] [drm] mid_hdmi_audio_register: Scheduling HDMI audio work queue
01-06 10:32:30.890    10    10 I KERNEL  : [    1.963350] [drm] hdmi_do_audio_wq: Checking for HDMI connection at boot
01-06 10:32:30.890    71    71 I KERNEL  : [    1.963662] msic_power_btn mid_powerbtn: Probed mid powerbutton devivce
01-06 10:32:30.890    71    71 I KERNEL  : [    1.963762] ALSA device list:
01-06 10:32:30.890    71    71 I KERNEL  : [    1.963770]   #0: Loopback 1
01-06 10:32:30.890    71    71 I KERNEL  : [    1.963777]   #1: 
01-06 10:32:30.890    71    71 I KERNEL  : [    1.963783]   #2: 
01-06 10:32:30.890    71    71 I KERNEL  : [    1.963789]   #3: 
01-06 10:32:30.890    71    71 I KERNEL  : [    1.964867] input: mid_powerbtn as /devices/platform/mid_powerbtn/input/input3
01-06 10:32:30.890    69    69 I KERNEL  : [    1.965812] snd_soc_ctp_machine rpmsg4: Probed snd_clv rpmsg device
01-06 10:32:30.890    69    69 I KERNEL  : [    1.965958] snd_soc_ctp_machine: In snd_ctp_driver_init
01-06 10:32:30.980    38    38 I KERNEL  : [    2.050206] screen_max_x:540  screen_max_y:960 
01-06 10:32:30.980    38    38 I KERNEL  : [    2.050423] ft5x06: set_vkey_map success
01-06 10:32:30.980    38    38 I KERNEL  : [    2.050907] input: ft5x06_ts as /devices/virtual/input/input4
01-06 10:32:30.980    38    38 I KERNEL  : [    2.051187] client->dev.driver->name ft5x06_ts  ,318
01-06 10:32:30.980    38    38 I KERNEL  : [    2.052955] Firmware id 0xd ..
01-06 10:32:31.020    38    38 I KERNEL  : [    2.090488] Point Rate:88 val 100 ..
01-06 10:32:31.020    38    38 I KERNEL  : [    2.090985] Thgroup:80 val 100 ..
01-06 10:32:31.020    38    38 I KERNEL  : [    2.091498] fts_ctpm_get_i_file_ver: ui_sz is 0x6267
01-06 10:32:31.020    38    38 I KERNEL  : [    2.091755] ft5x0x:ft5x0x_create_sysfs() - sysfs_create_group() succeeded.
01-06 10:32:31.020    38    38 I KERNEL  : [    2.091980] ft5x06_ts 0-0038: Create proc entry success!
01-06 10:32:31.060     5     5 I KERNEL  : [    2.131602] mmc1: new high speed SD card at address 0260
01-06 10:32:31.060     5     5 I KERNEL  : [    2.132179] mmc1: calculated max. discard sectors 0 for timeout 2684 ms
01-06 10:32:31.060     5     5 I KERNEL  : [    2.132664] mmcblk1: mmc1:0260 SD    1.88 GiB 
01-06 10:32:31.060     5     5 I KERNEL  : [    2.134779]  mmcblk1: p1
01-06 10:32:31.100    69    69 I KERNEL  : [    2.172693] mid_ssp: ssp_probe: SSP DAI: FCT ssp_probe enters for CPU_DAI 1
01-06 10:32:31.100    69    69 I KERNEL  : [    2.172878] mid_ssp: ssp_probe: SSP DAI: FCT ssp_probe ssp_config f275c900
01-06 10:32:31.100    69    69 I KERNEL  : [    2.173257] mid_ssp: ssp_probe: SSP DAI: FCT ssp_probe enters for CPU_DAI 0
01-06 10:32:31.100    69    69 I KERNEL  : [    2.173409] mid_ssp: ssp_probe: SSP DAI: FCT ssp_probe ssp_config f275c980
01-06 10:32:31.100    33    33 I KERNEL  : [    2.174767] set_clk0 request ON for Mode 0x20
01-06 10:32:31.100    33    33 I KERNEL  : [    2.174907] set_clk0: enabling clk, mode 0x20
01-06 10:32:31.100    33    33 I KERNEL  : [    2.175107] configuring OSC_CLK_AUDIO now
01-06 10:32:31.310    33    33 I KERNEL  : [    2.380935] set_clk0 request OFF for Mode 0x20
01-06 10:32:31.310    33    33 I KERNEL  : [    2.381163] set_clk0: disabling clk, mode 0x0
01-06 10:32:31.310    33    33 I KERNEL  : [    2.381273] configuring OSC_CLK_AUDIO now
01-06 10:32:31.310    69    69 I KERNEL  : [    2.382192] snd_soc_ctp_machine: Disable 288 interrupt line
01-06 10:32:31.310    69    69 I KERNEL  : [    2.388191] asoc: cs42l73-asp <-> Headset-cpu-dai mapping ok
01-06 10:32:31.310    69    69 I KERNEL  : [    2.388930] asoc: cs42l73-vsp <-> Voice-cpu-dai mapping ok
01-06 10:32:31.310    69    69 I KERNEL  : [    2.389488] compress asoc: cs42l73-asp <-> Compress-cpu-dai mapping ok
01-06 10:32:31.320    69    69 I KERNEL  : [    2.390151] asoc: snd-soc-dummy-dai <-> ssp-bt-cpu-dai mapping ok
01-06 10:32:31.320    69    69 I KERNEL  : [    2.390790] asoc: cs42l73-vsp <-> ssp-bt-cpu-dai mapping ok
01-06 10:32:31.320    69    69 I KERNEL  : [    2.391372] asoc: snd-soc-dummy-dai <-> ssp-modem-cpu-dai mapping ok
01-06 10:32:31.320    69    69 I KERNEL  : [    2.392003] asoc: cs42l73-asp <-> Virtual-cpu-dai mapping ok
01-06 10:32:31.320    69    69 I KERNEL  : [    2.392541] asoc: snd-soc-dummy-dai <-> Probe-cpu-dai mapping ok
01-06 10:32:31.320    69    69 I KERNEL  : [    2.394903] input: cloverview_audio Intel MID Audio Jack as /devices/platform/ctp_rhb_cs42l73/sound/card4/input5
01-06 10:32:31.320     1     1 I KERNEL  : [    2.396065] Freeing unused kernel memory: 552k freed
01-06 10:32:31.320     1     1 I KERNEL  : [    2.397007] Write protecting the kernel text: 7460k
01-06 10:32:31.320     1     1 I KERNEL  : [    2.397437] Write protecting the kernel read-only data: 3232k
01-06 10:32:31.320     1     1 I KERNEL  : [    2.397549] NX-protecting the kernel data: 4828k
01-06 10:32:31.330     1     1 I KERNEL  : [    2.401201] init: fail to open /proc/boardid!
01-06 10:32:31.330     1     1 I KERNEL  : [    2.406579] init: could not import file 'init.recovery.debug.rc' from '/init.rc'
01-06 10:32:33.630   113   113 I KERNEL  : [    4.702806] EXT4-fs (mmcblk0p7): mounted filesystem with ordered data mode. Opts: barrier=1,journal_async_commit,data=ordered
01-06 10:32:33.630   113   113 I KERNEL  : [    4.703490] init used greatest stack depth: 6604 bytes left
01-06 10:32:33.640     1     1 I KERNEL  : [    4.715315] EXT4-fs (mmcblk0p9): ext4_orphan_cleanup: deleting unreferenced inode 25218
01-06 10:32:33.650     1     1 I KERNEL  : [    4.726353] EXT4-fs (mmcblk0p9): ext4_orphan_cleanup: deleting unreferenced inode 25040
01-06 10:32:33.650     1     1 I KERNEL  : [    4.726752] EXT4-fs (mmcblk0p9): 2 orphan inodes deleted
01-06 10:32:33.650     1     1 I KERNEL  : [    4.726877] EXT4-fs (mmcblk0p9): recovery complete
01-06 10:32:33.670     1     1 I KERNEL  : [    4.745253] EXT4-fs (mmcblk0p9): mounted filesystem with ordered data mode. Opts: (null)
--------- beginning of /dev/log/main
01-06 10:32:33.690   119   119 E ia_watchdog: Watchdog daemon starting
01-06 10:32:33.690   119   119 E ia_watchdog: Watchdog Timer set to timer=40 margin=15 extra_margin=20
01-06 10:32:33.690     1     1 I KERNEL  : [    4.759910] intel_scu_ipc_write_osnib_wd: write WATCHDOG 0
01-06 10:32:33.690   119   119 I KERNEL  : [    4.760554] intel_scu_watchdog: intel_scu_watchdog: intel_scu_ioctl: Stopping the watchdog
01-06 10:32:33.690   119   119 I KERNEL  : [    4.760682] intel_scu_watchdog: intel_scu_watchdog: intel_scu_stop
01-06 10:32:33.690   119   119 I KERNEL  : [    4.767416] intel_scu_watchdog: intel_scu_watchdog: intel_scu_ioctl: SetTimeout ioctl
01-06 10:32:33.700   119   119 E ia_watchdog: waiting for a timer interrupt
01-06 10:32:33.700   118   118 E Recovery: Cannot load volume /misc!
01-06 10:32:33.700   119   119 I KERNEL  : [    4.767871] intel_scu_watchdog: intel_scu_watchdog: intel_scu_ioctl: SetPreTimeout ioctl
01-06 10:32:33.700   119   119 I KERNEL  : [    4.768052] intel_scu_watchdog: intel_scu_watchdog: intel_scu_ioctl: SetTimerTimeout ioctl
01-06 10:32:33.700   119   119 I KERNEL  : [    4.768319] intel_scu_watchdog: intel_scu_watchdog: intel_scu_ioctl: Starting the watchdog
01-06 10:32:33.700   119   119 I KERNEL  : [    4.768533] intel_scu_watchdog: intel_scu_watchdog: Configuration: 19200kHz, timeout=75s, pre_timeout=15s, timer=40s
01-06 10:32:33.700   118   118 I KERNEL  : [    4.776224] EXT4-fs (mmcblk0p6): mounted filesystem with ordered data mode. Opts: 
01-06 10:32:33.710   118   118 I Recovery: Got arguments from /cache/recovery/command
01-06 10:32:33.710   118   118 E Recovery: Cannot load volume /misc!
01-06 10:32:34.040   118   118 I X86Assembler: generated scanline__00000077:03545405_00000000_00000000 [328 ipp ins size] (430 ins size) at [0x4066f1f0:0x4066f39e] in 8262976 ns
01-06 10:32:34.180   118   118 I X86Assembler: generated scanline__00000077:03545405_00000A01_00000000 [345 ipp ins size] (489 ins size) at [0x4066f3b0:0x4066f599] in 6502326 ns
01-06 10:32:34.190   118   118 I X86Assembler: generated scanline__00000077:03545405_00000A08_00000000 [343 ipp ins size] (493 ins size) at [0x4066f5a0:0x4066f78d] in 6302122 ns
01-06 10:32:34.280   118   118 I X86Assembler: generated scanline__00000077:03545405_00000A02_00000000 [345 ipp ins size] (498 ins size) at [0x4066f7a0:0x4066f992] in 6534782 ns
01-06 10:32:39.560   118   118 I Recovery: Saving locale "en_US"
01-06 10:32:39.570   118   118 I KERNEL  : [   10.633019] EXT4-fs (mmcblk0p6): mounted filesystem with ordered data mode. Opts: 
01-06 10:32:39.590   118   118 E Recovery: Cannot load volume /misc!
