01-07 07:55:27.150  5604  5604 V ViewRootImpl: Sending key event to IME: seq=56 event=KeyEvent { action=ACTION_UP, keyCode=KEYCODE_DPAD_UP, scanCode=0, metaState=0, flags=0x400, repeatCount=0, eventTime=293148, downTime=293148, deviceId=-1, source=0x101 }
01-07 07:55:27.150  5604  5604 V ViewRootImpl: IME finished event: seq=56 handled=false event=android.view.ViewRootImpl$QueuedInputEvent@20da6da8
01-07 07:55:27.160  5604  5604 V ViewRootImpl: Sending key event to IME: seq=57 event=KeyEvent { action=ACTION_DOWN, keyCode=KEYCODE_DPAD_DOWN, scanCode=0, metaState=0, flags=0x8, repeatCount=0, eventTime=293172, downTime=293172, deviceId=-1, source=0x101 }
01-07 07:55:27.160  5604  5604 V ViewRootImpl: IME finished event: seq=57 handled=false event=android.view.ViewRootImpl$QueuedInputEvent@20da5668
01-07 07:55:27.160  5604  5604 V ViewRootImpl: Sending key event to IME: seq=58 event=KeyEvent { action=ACTION_UP, keyCode=KEYCODE_DPAD_DOWN, scanCode=0, metaState=0, flags=0x8, repeatCount=0, eventTime=293173, downTime=293173, deviceId=-1, source=0x101 }
01-07 07:55:27.160  5604  5604 V ViewRootImpl: IME finished event: seq=58 handled=false event=android.view.ViewRootImpl$QueuedInputEvent@20da5668
01-07 07:55:27.270  5604  5604 V ViewRootImpl: Sending key event to IME: seq=61 event=KeyEvent { action=ACTION_DOWN, keyCode=KEYCODE_DPAD_UP, scanCode=0, metaState=0, flags=0x8, repeatCount=0, eventTime=293279, downTime=293279, deviceId=-1, source=0x101 }
01-07 07:55:27.270  5604  5604 V ViewRootImpl: IME finished event: seq=61 handled=false event=android.view.ViewRootImpl$QueuedInputEvent@20da5668
01-07 07:55:27.270  5604  5604 V ViewRootImpl: Sending key event to IME: seq=62 event=KeyEvent { action=ACTION_UP, keyCode=KEYCODE_DPAD_UP, scanCode=0, metaState=0, flags=0x8, repeatCount=0, eventTime=293281, downTime=293281, deviceId=-1, source=0x101 }
01-07 07:55:27.270  5604  5604 V ViewRootImpl: IME finished event: seq=62 handled=false event=android.view.ViewRootImpl$QueuedInputEvent@20da5668
01-07 07:55:27.380  5604  5604 V ViewRootImpl: Sending key event to IME: seq=65 event=KeyEvent { action=ACTION_DOWN, keyCode=KEYCODE_DPAD_UP, scanCode=0, metaState=0, flags=0x8, repeatCount=0, eventTime=293388, downTime=293388, deviceId=-1, source=0x101 }
01-07 07:55:27.380  5604  5604 V ViewRootImpl: IME finished event: seq=65 handled=false event=android.view.ViewRootImpl$QueuedInputEvent@20da5668
01-07 07:55:27.380  5604  5604 V ViewRootImpl: Sending key event to IME: seq=66 event=KeyEvent { action=ACTION_UP, keyCode=KEYCODE_DPAD_UP, scanCode=0, metaState=0, flags=0x8, repeatCount=0, eventTime=293390, downTime=293390, deviceId=-1, source=0x101 }
01-07 07:55:27.380  5604  5604 V ViewRootImpl: IME finished event: seq=66 handled=false event=android.view.ViewRootImpl$QueuedInputEvent@20da5668
01-07 07:55:27.500  5604  5604 V ViewRootImpl: Sending key event to IME: seq=72 event=KeyEvent { action=ACTION_DOWN, keyCode=KEYCODE_MENU, scanCode=0, metaState=0, flags=0x8, repeatCount=0, eventTime=293504, downTime=293504, deviceId=-1, source=0x101 }
01-07 07:55:27.500  5604  5604 V ViewRootImpl: IME finished event: seq=72 handled=false event=android.view.ViewRootImpl$QueuedInputEvent@20da5668
01-07 07:55:27.500  5604  5604 V ViewRootImpl: Sending key event to IME: seq=73 event=KeyEvent { action=ACTION_UP, keyCode=KEYCODE_MENU, scanCode=0, metaState=0, flags=0x8, repeatCount=0, eventTime=293506, downTime=293506, deviceId=-1, source=0x101 }
01-07 07:55:27.500  5604  5604 I menu_opened: 0
01-07 07:55:27.500  5604  5604 V ViewRootImpl: IME finished event: seq=73 handled=false event=android.view.ViewRootImpl$QueuedInputEvent@20da5668
01-07 07:55:27.610  5604  5604 V ViewRootImpl: Sending key event to IME: seq=76 event=KeyEvent { action=ACTION_DOWN, keyCode=KEYCODE_DPAD_CENTER, scanCode=0, metaState=0, flags=0x8, repeatCount=0, eventTime=293616, downTime=293616, deviceId=-1, source=0x101 }
01-07 07:55:27.610  5604  5604 V ViewRootImpl: IME finished event: seq=76 handled=false event=android.view.ViewRootImpl$QueuedInputEvent@20da5668
01-07 07:55:27.610  5604  5604 V ViewRootImpl: Sending key event to IME: seq=77 event=KeyEvent { action=ACTION_UP, keyCode=KEYCODE_DPAD_CENTER, scanCode=0, metaState=0, flags=0x8, repeatCount=0, eventTime=293617, downTime=293617, deviceId=-1, source=0x101 }
01-07 07:55:27.610  5604  5604 V ViewRootImpl: IME finished event: seq=77 handled=false event=android.view.ViewRootImpl$QueuedInputEvent@20da5668
01-07 07:55:27.710   425   490 I WAKELOCK_ACQUIRE: TIMESTAMP=293713739846, TAG=AlarmManager, TYPE=PARTIAL_WAKE_LOCK             , COUNT=0, PID=425, UID=1000
01-07 07:55:27.710   425   451 I WAKELOCK_RELEASE: TIMESTAMP=293718205321, TAG=AlarmManager, TYPE=PARTIAL_WAKE_LOCK             , COUNT=0, PID=425, UID=1000
01-07 07:55:27.710   425   451 V AlarmManager: triggered: act=android.intent.action.DOWNLOAD_WAKEUP flg=0x14
01-07 07:55:27.710   425   451 V AlarmManager: Pkg: com.android.providers.downloads
01-07 07:55:27.830  5604  5604 V ViewRootImpl: Sending key event to IME: seq=87 event=KeyEvent { action=ACTION_DOWN, keyCode=KEYCODE_NUMPAD_9, scanCode=0, metaState=0, flags=0x8, repeatCount=0, eventTime=293844, downTime=293844, deviceId=-1, source=0x101 }
01-07 07:55:27.830  5604  5604 V ViewRootImpl: IME finished event: seq=87 handled=false event=android.view.ViewRootImpl$QueuedInputEvent@20da5668
01-07 07:55:27.830  5604  5604 V ViewRootImpl: Sending key event to IME: seq=88 event=KeyEvent { action=ACTION_DOWN, keyCode=KEYCODE_PAGE_UP, scanCode=0, metaState=0, flags=0x8, repeatCount=0, eventTime=293844, downTime=293844, deviceId=-1, source=0x101 }
01-07 07:55:27.840  5604  5604 V ViewRootImpl: IME finished event: seq=88 handled=false event=android.view.ViewRootImpl$QueuedInputEvent@20da5668
01-07 07:55:27.840  5604  5604 V ViewRootImpl: Sending key event to IME: seq=89 event=KeyEvent { action=ACTION_UP, keyCode=KEYCODE_NUMPAD_9, scanCode=0, metaState=0, flags=0x8, repeatCount=0, eventTime=293846, downTime=293846, deviceId=-1, source=0x101 }
01-07 07:55:27.840  5604  5604 V ViewRootImpl: IME finished event: seq=89 handled=false event=android.view.ViewRootImpl$QueuedInputEvent@20da5668
01-07 07:55:27.840  5604  5604 V ViewRootImpl: Sending key event to IME: seq=90 event=KeyEvent { action=ACTION_UP, keyCode=KEYCODE_PAGE_UP, scanCode=0, metaState=0, flags=0x8, repeatCount=0, eventTime=293846, downTime=293846, deviceId=-1, source=0x101 }
01-07 07:55:27.840  5604  5604 V ViewRootImpl: IME finished event: seq=90 handled=false event=android.view.ViewRootImpl$QueuedInputEvent@20da5668
01-07 07:55:27.890  5604  5604 V ViewRootImpl: Sending key event to IME: seq=91 event=KeyEvent { action=ACTION_DOWN, keyCode=KEYCODE_RIGHT_BRACKET, scanCode=0, metaState=0, flags=0x8, repeatCount=0, eventTime=293901, downTime=293901, deviceId=-1, source=0x101 }
01-07 07:55:27.890  5604  5604 V ViewRootImpl: IME finished event: seq=91 handled=false event=android.view.ViewRootImpl$QueuedInputEvent@20da5668
01-07 07:55:27.890  5604  5604 V ViewRootImpl: Sending key event to IME: seq=92 event=KeyEvent { action=ACTION_UP, keyCode=KEYCODE_RIGHT_BRACKET, scanCode=0, metaState=0, flags=0x8, repeatCount=0, eventTime=293903, downTime=293903, deviceId=-1, source=0x101 }
01-07 07:55:27.890  5604  5604 V ViewRootImpl: IME finished event: seq=92 handled=false event=android.view.ViewRootImpl$QueuedInputEvent@20da5668
01-07 07:55:28.010  5604  5604 V ViewRootImpl: Sending trackball event to IME: seq=98 event=MotionEvent { action=ACTION_MOVE, id[0]=0, x[0]=1.0, y[0]=-2.0, toolType[0]=TOOL_TYPE_UNKNOWN, buttonState=0, metaState=0, flags=0x0, edgeFlags=0x0, pointerCount=1, historySize=9, eventTime=294019, downTime=-1, deviceId=0, source=0x10004 }
01-07 07:55:28.010  5604  5604 V ViewRootImpl: IME finished event: seq=98 handled=false event=android.view.ViewRootImpl$QueuedInputEvent@20da5668
01-07 07:55:28.020  5604  5604 V ViewRootImpl: Sending key event to IME: seq=99 event=KeyEvent { action=ACTION_DOWN, keyCode=KEYCODE_DPAD_UP, scanCode=0, metaState=0, flags=0x400, repeatCount=0, eventTime=294029, downTime=294029, deviceId=-1, source=0x101 }
01-07 07:55:28.020  5604  5604 V ViewRootImpl: IME finished event: seq=99 handled=false event=android.view.ViewRootImpl$QueuedInputEvent@20da71a0
01-07 07:55:28.020  5604  5604 V ViewRootImpl: Sending key event to IME: seq=100 event=KeyEvent { action=ACTION_UP, keyCode=KEYCODE_DPAD_UP, scanCode=0, metaState=0, flags=0x400, repeatCount=0, eventTime=294029, downTime=294029, deviceId=-1, source=0x101 }
01-07 07:55:28.020  5604  5604 V ViewRootImpl: IME finished event: seq=100 handled=false event=android.view.ViewRootImpl$QueuedInputEvent@20da71d8
01-07 07:55:28.020  5604  5604 V ViewRootImpl: Sending key event to IME: seq=101 event=KeyEvent { action=ACTION_DOWN, keyCode=KEYCODE_DPAD_UP, scanCode=0, metaState=0, flags=0x400, repeatCount=0, eventTime=294030, downTime=294030, deviceId=-1, source=0x101 }
01-07 07:55:28.020  5604  5604 V ViewRootImpl: IME finished event: seq=101 handled=false event=android.view.ViewRootImpl$QueuedInputEvent@20da7130
01-07 07:55:28.020  5604  5604 V ViewRootImpl: Sending key event to IME: seq=102 event=KeyEvent { action=ACTION_UP, keyCode=KEYCODE_DPAD_UP, scanCode=0, metaState=0, flags=0x400, repeatCount=0, eventTime=294030, downTime=294030, deviceId=-1, source=0x101 }
01-07 07:55:28.020  5604  5604 V ViewRootImpl: IME finished event: seq=102 handled=false event=android.view.ViewRootImpl$QueuedInputEvent@20da7248
01-07 07:55:28.030   425   514 I WifiHW  : CMD: SIGNAL_POLL
01-07 07:55:28.030  5147  5147 D wpa_supplicant: RX ctrl_iface - hexdump(len=11): 53 49 47 4e 41 4c 5f 50 4f 4c 4c
01-07 07:55:28.030  5147  5147 D wpa_supplicant: wlan0: Control interface command 'SIGNAL_POLL'
01-07 07:55:28.040  5147  5147 D wpa_supplicant: nl80211: survey data missing!
01-07 07:55:28.040   425   514 I WifiHW  : REPLY: RSSI=-47
01-07 07:55:28.040   425   514 I WifiHW  : REPLY: LINKSPEED=65
01-07 07:55:28.040   425   514 I WifiHW  : REPLY: NOISE=9999
01-07 07:55:28.040   425   514 I WifiHW  : REPLY: FREQUENCY=0
01-07 07:55:28.060  5604  5604 V ViewRootImpl: Sending key event to IME: seq=103 event=KeyEvent { action=ACTION_DOWN, keyCode=KEYCODE_DPAD_UP, scanCode=0, metaState=0, flags=0x8, repeatCount=0, eventTime=294074, downTime=294074, deviceId=-1, source=0x101 }
01-07 07:55:28.060  5604  5604 V ViewRootImpl: IME finished event: seq=103 handled=false event=android.view.ViewRootImpl$QueuedInputEvent@20da7248
01-07 07:55:28.060  5604  5604 V ViewRootImpl: Sending key event to IME: seq=104 event=KeyEvent { action=ACTION_UP, keyCode=KEYCODE_DPAD_UP, scanCode=0, metaState=0, flags=0x8, repeatCount=0, eventTime=294075, downTime=294075, deviceId=-1, source=0x101 }
01-07 07:55:28.060  5604  5604 V ViewRootImpl: IME finished event: seq=104 handled=false event=android.view.ViewRootImpl$QueuedInputEvent@20da7248
01-07 07:55:28.180  5604  5604 V ViewRootImpl: Sending key event to IME: seq=107 event=KeyEvent { action=ACTION_DOWN, keyCode=KEYCODE_DPAD_UP, scanCode=0, metaState=0, flags=0x8, repeatCount=0, eventTime=294183, downTime=294183, deviceId=-1, source=0x101 }
01-07 07:55:28.180  5604  5604 V ViewRootImpl: IME finished event: seq=107 handled=false event=android.view.ViewRootImpl$QueuedInputEvent@20da7248
01-07 07:55:28.180  5604  5604 V ViewRootImpl: Sending key event to IME: seq=108 event=KeyEvent { action=ACTION_UP, keyCode=KEYCODE_DPAD_UP, scanCode=0, metaState=0, flags=0x8, repeatCount=0, eventTime=294184, downTime=294184, deviceId=-1, source=0x101 }
01-07 07:55:28.180  5604  5604 V ViewRootImpl: IME finished event: seq=108 handled=false event=android.view.ViewRootImpl$QueuedInputEvent@20da7248
01-07 07:55:28.250  5604  5604 V ViewRootImpl: Sending trackball event to IME: seq=109 event=MotionEvent { action=ACTION_MOVE, id[0]=0, x[0]=-3.0, y[0]=2.0, toolType[0]=TOOL_TYPE_UNKNOWN, buttonState=0, metaState=0, flags=0x0, edgeFlags=0x0, pointerCount=1, historySize=9, eventTime=294245, downTime=-1, deviceId=0, source=0x10004 }
01-07 07:55:28.250  5604  5604 V ViewRootImpl: IME finished event: seq=109 handled=false event=android.view.ViewRootImpl$QueuedInputEvent@20da7248
01-07 07:55:28.250  5604  5604 V ViewRootImpl: Sending key event to IME: seq=110 event=KeyEvent { action=ACTION_DOWN, keyCode=KEYCODE_DPAD_LEFT, scanCode=0, metaState=0, flags=0x400, repeatCount=0, eventTime=294253, downTime=294253, deviceId=-1, source=0x101 }
01-07 07:55:28.250  5604  5604 V ViewRootImpl: IME finished event: seq=110 handled=false event=android.view.ViewRootImpl$QueuedInputEvent@20da7130
01-07 07:55:28.250  5604  5604 V ViewRootImpl: Sending key event to IME: seq=111 event=KeyEvent { action=ACTION_UP, keyCode=KEYCODE_DPAD_LEFT, scanCode=0, metaState=0, flags=0x400, repeatCount=0, eventTime=294253, downTime=294253, deviceId=-1, source=0x101 }
01-07 07:55:28.250  5604  5604 V ViewRootImpl: IME finished event: seq=111 handled=false event=android.view.ViewRootImpl$QueuedInputEvent@20da71d8
01-07 07:55:28.250  5604  5604 V ViewRootImpl: Sending key event to IME: seq=112 event=KeyEvent { action=ACTION_DOWN, keyCode=KEYCODE_DPAD_LEFT, scanCode=0, metaState=0, flags=0x400, repeatCount=0, eventTime=294253, downTime=294253, deviceId=-1, source=0x101 }
01-07 07:55:28.250  5604  5604 V ViewRootImpl: IME finished event: seq=112 handled=false event=android.view.ViewRootImpl$QueuedInputEvent@20da71a0
01-07 07:55:28.250  5604  5604 V ViewRootImpl: Sending key event to IME: seq=113 event=KeyEvent { action=ACTION_UP, keyCode=KEYCODE_DPAD_LEFT, scanCode=0, metaState=0, flags=0x400, repeatCount=0, eventTime=294253, downTime=294253, deviceId=-1, source=0x101 }
01-07 07:55:28.250  5604  5604 V ViewRootImpl: IME finished event: seq=113 handled=false event=android.view.ViewRootImpl$QueuedInputEvent@20da5668
01-07 07:55:28.250  5604  5604 V ViewRootImpl: Sending key event to IME: seq=114 event=KeyEvent { action=ACTION_DOWN, keyCode=KEYCODE_DPAD_LEFT, scanCode=0, metaState=0, flags=0x400, repeatCount=0, eventTime=294253, downTime=294253, deviceId=-1, source=0x101 }
01-07 07:55:28.250  5604  5604 V ViewRootImpl: IME finished event: seq=114 handled=false event=android.view.ViewRootImpl$QueuedInputEvent@20da72b8
01-07 07:55:28.250  5604  5604 V ViewRootImpl: Sending key event to IME: seq=115 event=KeyEvent { action=ACTION_UP, keyCode=KEYCODE_DPAD_LEFT, scanCode=0, metaState=0, flags=0x400, repeatCount=0, eventTime=294253, downTime=294253, deviceId=-1, source=0x101 }
01-07 07:55:28.250  5604  5604 V ViewRootImpl: IME finished event: seq=115 handled=false event=android.view.ViewRootImpl$QueuedInputEvent@20dd9000
01-07 07:55:28.250  5604  5604 V ViewRootImpl: Sending key event to IME: seq=116 event=KeyEvent { action=ACTION_DOWN, keyCode=KEYCODE_MENU, scanCode=0, metaState=0, flags=0x8, repeatCount=0, eventTime=294246, downTime=294246, deviceId=-1, source=0x101 }
01-07 07:55:28.250  5604  5604 V ViewRootImpl: IME finished event: seq=116 handled=false event=android.view.ViewRootImpl$QueuedInputEvent@20da7248
01-07 07:55:28.250  5604  5604 V ViewRootImpl: Sending key event to IME: seq=117 event=KeyEvent { action=ACTION_UP, keyCode=KEYCODE_MENU, scanCode=0, metaState=0, flags=0x8, repeatCount=0, eventTime=294254, downTime=294254, deviceId=-1, source=0x101 }
01-07 07:55:28.260  5604  5604 I menu_opened: 0
01-07 07:55:28.260  5604  5604 V ViewRootImpl: IME finished event: seq=117 handled=false event=android.view.ViewRootImpl$QueuedInputEvent@20da7248
01-07 07:55:28.310  5604  5604 V ViewRootImpl: Sending key event to IME: seq=118 event=KeyEvent { action=ACTION_DOWN, keyCode=KEYCODE_DPAD_UP, scanCode=0, metaState=0, flags=0x8, repeatCount=0, eventTime=294319, downTime=294319, deviceId=-1, source=0x101 }
01-07 07:55:28.310  5604  5604 V ViewRootImpl: IME finished event: seq=118 handled=false event=android.view.ViewRootImpl$QueuedInputEvent@20da7248
01-07 07:55:28.310  5604  5604 V ViewRootImpl: Sending key event to IME: seq=119 event=KeyEvent { action=ACTION_UP, keyCode=KEYCODE_DPAD_UP, scanCode=0, metaState=0, flags=0x8, repeatCount=0, eventTime=294320, downTime=294320, deviceId=-1, source=0x101 }
01-07 07:55:28.310  5604  5604 V ViewRootImpl: IME finished event: seq=119 handled=false event=android.view.ViewRootImpl$QueuedInputEvent@20da7248
01-07 07:55:28.370  5604  5604 V ViewRootImpl: Sending key event to IME: seq=120 event=KeyEvent { action=ACTION_DOWN, keyCode=KEYCODE_BACK, scanCode=0, metaState=0, flags=0x8, repeatCount=0, eventTime=294373, downTime=294373, deviceId=-1, source=0x101 }
01-07 07:55:28.370  5604  5604 V ViewRootImpl: IME finished event: seq=120 handled=false event=android.view.ViewRootImpl$QueuedInputEvent@20da7248
01-07 07:55:28.370  5604  5604 V ViewRootImpl: Sending key event to IME: seq=121 event=KeyEvent { action=ACTION_UP, keyCode=KEYCODE_BACK, scanCode=0, metaState=0, flags=0x8, repeatCount=0, eventTime=294375, downTime=294375, deviceId=-1, source=0x101 }
01-07 07:55:28.370   425   671 I am_finish_activity: [0,556299912,42,com.android.wallpaper.holospiral/.HoloSpiralTestActivity,app-request]
01-07 07:55:28.370  5604  5604 V ViewRootImpl: IME finished event: seq=121 handled=false event=android.view.ViewRootImpl$QueuedInputEvent@20da7248
01-07 07:55:28.380   425   671 I WAKELOCK_ACQUIRE: TIMESTAMP=294396915125, TAG=ActivityManager-Launch, TYPE=PARTIAL_WAKE_LOCK             , COUNT=0, PID=425, UID=1000
01-07 07:55:28.380   425   671 I am_pause_activity: [0,556299912,com.android.wallpaper.holospiral/.HoloSpiralTestActivity]
01-07 07:55:28.380  5604  5604 I am_on_paused_called: [0,com.android.wallpaper.holospiral.HoloSpiralTestActivity]
01-07 07:55:28.400   425   670 I ActivityManager: Start proc com.android.development for activity com.android.development/.Development: pid=5625 uid=10017 gids={50017, 3003, 1015, 1028}
01-07 07:55:28.400   425   670 I am_proc_start: [0,5625,10017,com.android.development,activity,com.android.development/.Development]
01-07 07:55:28.400  5625  5625 D dalvikvm: Try to disable coredump for pid 5625
01-07 07:55:28.420   425   436 I am_proc_bound: [0,5625,com.android.development]
01-07 07:55:28.430   425   436 I am_restart_activity: [0,555299672,42,com.android.development/.Development]
01-07 07:55:28.430  5604  5604 V ViewRootImpl: Sending trackball event to IME: seq=122 event=MotionEvent { action=ACTION_MOVE, id[0]=0, x[0]=-4.0, y[0]=1.0, toolType[0]=TOOL_TYPE_UNKNOWN, buttonState=0, metaState=0, flags=0x0, edgeFlags=0x0, pointerCount=1, historySize=0, eventTime=294428, downTime=-1, deviceId=0, source=0x10004 }
01-07 07:55:28.430  5604  5604 V ViewRootImpl: IME finished event: seq=122 handled=false event=android.view.ViewRootImpl$QueuedInputEvent@20da7248
01-07 07:55:28.430  5604  5604 V ViewRootImpl: Sending key event to IME: seq=123 event=KeyEvent { action=ACTION_MULTIPLE, keyCode=KEYCODE_DPAD_LEFT, scanCode=0, metaState=0, flags=0x400, repeatCount=70, eventTime=294442, downTime=294442, deviceId=-1, source=0x101 }
01-07 07:55:28.430  5604  5604 V ViewRootImpl: IME finished event: seq=123 handled=false event=android.view.ViewRootImpl$QueuedInputEvent@20dd9000
01-07 07:55:28.430  5604  5604 V ViewRootImpl: Sending key event to IME: seq=124 event=KeyEvent { action=ACTION_DOWN, keyCode=KEYCODE_DPAD_LEFT, scanCode=0, metaState=0, flags=0x400, repeatCount=0, eventTime=294442, downTime=294442, deviceId=-1, source=0x101 }
01-07 07:55:28.430  5604  5604 V ViewRootImpl: IME finished event: seq=124 handled=false event=android.view.ViewRootImpl$QueuedInputEvent@20da72b8
01-07 07:55:28.430  5604  5604 V ViewRootImpl: Sending key event to IME: seq=125 event=KeyEvent { action=ACTION_UP, keyCode=KEYCODE_DPAD_LEFT, scanCode=0, metaState=0, flags=0x400, repeatCount=0, eventTime=294442, downTime=294442, deviceId=-1, source=0x101 }
01-07 07:55:28.440  5604  5604 V ViewRootImpl: IME finished event: seq=125 handled=false event=android.view.ViewRootImpl$QueuedInputEvent@20da5668
01-07 07:55:28.440  5604  5604 V ViewRootImpl: Sending key event to IME: seq=126 event=KeyEvent { action=ACTION_DOWN, keyCode=KEYCODE_DPAD_LEFT, scanCode=0, metaState=0, flags=0x400, repeatCount=0, eventTime=294442, downTime=294442, deviceId=-1, source=0x101 }
01-07 07:55:28.440   425   440 D hwcomposer: isRGBOverlayLayer: got an RGB overlay layer
01-07 07:55:28.440   425   440 D hwcomposer: isSpriteLayer: got a sprite layer
01-07 07:55:28.440  5604  5604 V ViewRootImpl: IME finished event: seq=126 handled=false event=android.view.ViewRootImpl$QueuedInputEvent@20da71a0
01-07 07:55:28.440  5604  5604 V ViewRootImpl: Sending key event to IME: seq=127 event=KeyEvent { action=ACTION_UP, keyCode=KEYCODE_DPAD_LEFT, scanCode=0, metaState=0, flags=0x400, repeatCount=0, eventTime=294442, downTime=294442, deviceId=-1, source=0x101 }
01-07 07:55:28.450  5604  5604 W ViewRootImpl: Dropping event due to no window focus: KeyEvent { action=ACTION_DOWN, keyCode=KEYCODE_DPAD_LEFT, scanCode=0, metaState=0, flags=0x400, repeatCount=0, eventTime=294442, downTime=294442, deviceId=-1, source=0x101 }
01-07 07:55:28.450  5604  5604 V ViewRootImpl: IME finished event: seq=127 handled=false event=android.view.ViewRootImpl$QueuedInputEvent@20da71d8
01-07 07:55:28.450  5604  5604 V ViewRootImpl: Sending key event to IME: seq=128 event=KeyEvent { action=ACTION_DOWN, keyCode=KEYCODE_DPAD_LEFT, scanCode=0, metaState=0, flags=0x400, repeatCount=0, eventTime=294442, downTime=294442, deviceId=-1, source=0x101 }
01-07 07:55:28.450  5604  5604 V ViewRootImpl: IME finished event: seq=128 handled=false event=android.view.ViewRootImpl$QueuedInputEvent@20da7130
01-07 07:55:28.450  5604  5604 V ViewRootImpl: Sending key event to IME: seq=129 event=KeyEvent { action=ACTION_UP, keyCode=KEYCODE_DPAD_LEFT, scanCode=0, metaState=0, flags=0x400, repeatCount=0, eventTime=294442, downTime=294442, deviceId=-1, source=0x101 }
01-07 07:55:28.450  5604  5604 V ViewRootImpl: IME finished event: seq=129 handled=false event=android.view.ViewRootImpl$QueuedInputEvent@20db8500
01-07 07:55:28.460  5604  5604 W ViewRootImpl: Dropping event due to no window focus: MotionEvent { action=ACTION_MOVE, id[0]=0, x[0]=-2.0, y[0]=-2.0, toolType[0]=TOOL_TYPE_UNKNOWN, buttonState=0, metaState=0, flags=0x0, edgeFlags=0x0, pointerCount=1, historySize=8, eventTime=294451, downTime=-1, deviceId=0, source=0x10004 }
01-07 07:55:28.460  5604  5604 V ViewRootImpl: Sending trackball event to IME: seq=130 event=MotionEvent { action=ACTION_MOVE, id[0]=0, x[0]=-2.0, y[0]=-2.0, toolType[0]=TOOL_TYPE_UNKNOWN, buttonState=0, metaState=0, flags=0x0, edgeFlags=0x0, pointerCount=1, historySize=8, eventTime=294451, downTime=-1, deviceId=0, source=0x10004 }
01-07 07:55:28.460  5604  5604 V ViewRootImpl: IME finished event: seq=130 handled=false event=android.view.ViewRootImpl$QueuedInputEvent@20da5668
01-07 07:55:28.480   425   440 D hwcomposer: isRGBOverlayLayer: got an RGB overlay layer
01-07 07:55:28.480   425   440 D hwcomposer: isSpriteLayer: got a sprite layer
01-07 07:55:28.490  5604  5621 D RenderScript_jni: MessageThread exiting.
01-07 07:55:28.490  5604  5604 V RenderScript: 0x5e976490 rsContextDestroy
01-07 07:55:28.490  5604  5604 V RenderScript: 0x5e976490 Context::~Context
01-07 07:55:28.490  5604  5617 V RenderScript: 0x5e976490 RS Thread exiting
01-07 07:55:28.490  5604  5617 V RenderScript: 0x5e976490 RS Thread exited
01-07 07:55:28.490   425   440 D hwcomposer: isRGBOverlayLayer: got an RGB overlay layer
01-07 07:55:28.490  5604  5604 V RenderScript: 0x5e976490 Context::~Context done
01-07 07:55:28.490  5604  5604 V RenderScript: 0x5e976490 rsContextDestroy done
01-07 07:55:28.510   425   440 D hwcomposer: isRGBOverlayLayer: got an RGB overlay layer
01-07 07:55:28.530   425   440 D hwcomposer: isRGBOverlayLayer: got an RGB overlay layer
01-07 07:55:28.550   425   440 D hwcomposer: isRGBOverlayLayer: got an RGB overlay layer
01-07 07:55:28.550  5625  5625 I am_on_resume_called: [0,com.android.development.Development]
01-07 07:55:28.560   425   440 D hwcomposer: isRGBOverlayLayer: got an RGB overlay layer
01-07 07:55:28.580  1583  1583 I binder_sample: [android.hardware.input.IInputManager,5,144,com.android.commands.monkey,28]
01-07 07:55:28.580   425   440 D hwcomposer: isRGBOverlayLayer: got an RGB overlay layer
01-07 07:55:28.590  5625  5625 D libEGL  : loaded /vendor/lib/egl/libEGL_POWERVR_SGX544_115.so
01-07 07:55:28.600   425   440 D hwcomposer: isRGBOverlayLayer: got an RGB overlay layer
01-07 07:55:28.600  5625  5625 D libEGL  : loaded /vendor/lib/egl/libGLESv1_CM_POWERVR_SGX544_115.so
01-07 07:55:28.600  5625  5625 D libEGL  : loaded /vendor/lib/egl/libGLESv2_POWERVR_SGX544_115.so
01-07 07:55:28.610   425   440 D hwcomposer: isRGBOverlayLayer: got an RGB overlay layer
01-07 07:55:28.630   425   440 D hwcomposer: isRGBOverlayLayer: got an RGB overlay layer
01-07 07:55:28.630  5625  5625 D OpenGLRenderer: Enabling debug mode 0
01-07 07:55:28.650   425   440 D hwcomposer: isRGBOverlayLayer: got an RGB overlay layer
01-07 07:55:28.670   425   440 D hwcomposer: isRGBOverlayLayer: got an RGB overlay layer
01-07 07:55:28.680   425   440 D hwcomposer: isRGBOverlayLayer: got an RGB overlay layer
01-07 07:55:28.700   425   440 D hwcomposer: isRGBOverlayLayer: got an RGB overlay layer
01-07 07:55:28.720   425   440 D hwcomposer: isRGBOverlayLayer: got an RGB overlay layer
01-07 07:55:28.730   425   440 D hwcomposer: isRGBOverlayLayer: got an RGB overlay layer
01-07 07:55:28.740   425   453 I am_activity_launch_time: [0,555299672,com.android.development/.Development,354,354]
01-07 07:55:28.740   425   453 I ActivityManager: Displayed com.android.development/.Development: +354ms
01-07 07:55:28.750  5625  5625 V ViewRootImpl: Sending key event to IME: seq=7 event=KeyEvent { action=ACTION_DOWN, keyCode=KEYCODE_DPAD_CENTER, scanCode=0, metaState=0, flags=0x8, repeatCount=0, eventTime=294755, downTime=294755, deviceId=-1, source=0x101 }
01-07 07:55:28.750   425   440 D hwcomposer: isRGBOverlayLayer: got an RGB overlay layer
01-07 07:55:28.750   425   440 D hwcomposer: isSpriteLayer: got a sprite layer
01-07 07:55:28.760  5625  5625 V ViewRootImpl: IME finished event: seq=7 handled=false event=android.view.ViewRootImpl$QueuedInputEvent@20e0c6e0
01-07 07:55:28.760  5625  5625 V ViewRootImpl: Sending key event to IME: seq=8 event=KeyEvent { action=ACTION_UP, keyCode=KEYCODE_DPAD_CENTER, scanCode=0, metaState=0, flags=0x8, repeatCount=0, eventTime=294756, downTime=294756, deviceId=-1, source=0x101 }
01-07 07:55:28.760  5625  5625 V ViewRootImpl: IME finished event: seq=8 handled=false event=android.view.ViewRootImpl$QueuedInputEvent@20e0c6e0
01-07 07:55:28.770   425   783 I force_gc: Binder
01-07 07:55:28.770   425   440 D hwcomposer: isRGBOverlayLayer: got an RGB overlay layer
01-07 07:55:28.770   425   440 D hwcomposer: isSpriteLayer: got a sprite layer
01-07 07:55:28.780   147   422 D RouteManager: stopStream: {+++ RECONSIDER ROUTING +++} due to output stream stop event
01-07 07:55:28.780   147   422 D RouteManager: reconsiderRouting
01-07 07:55:28.780   147   422 D EVENT_THREAD: void CEventThread::trig(uint16_t): in
01-07 07:55:28.780   147   422 D EVENT_THREAD: void CEventThread::trig(uint16_t): out
01-07 07:55:28.780   147   277 D RouteManager: doReconsiderRouting:       Platform State:
01-07 07:55:28.780   147   277 D RouteManager: doReconsiderRouting:          -Modem Alive = 1 
01-07 07:55:28.780   147   277 D RouteManager: doReconsiderRouting:          -Modem Call Active = 0 
01-07 07:55:28.780   147   277 D RouteManager: doReconsiderRouting:          -Is Shared I2S glitch free=1 
01-07 07:55:28.780   147   277 D RouteManager: doReconsiderRouting:          -Android Telephony Mode = Normal 
01-07 07:55:28.780   147   277 D RouteManager: doReconsiderRouting:          -RTE MGR HW Mode = Normal 
01-07 07:55:28.780   147   277 D RouteManager: doReconsiderRouting:          -BT Enabled = 1 
01-07 07:55:28.780   147   277 D RouteManager: doReconsiderRouting:          -Platform output device = IHF 
01-07 07:55:28.780   147   277 D RouteManager: doReconsiderRouting:          -Platform input device = Main 
01-07 07:55:28.780   147   277 D RouteManager: doReconsiderRouting:          -Platform input source = VoiceRecognition 
01-07 07:55:28.780   147   277 D RouteManager: doReconsiderRouting:          -Platform Band type = NB 
01-07 07:55:28.780   147   277 D RouteManager: doReconsiderRouting:          -Platform Has Direct Stream = yes 
01-07 07:55:28.780   147   277 D RouteManager: doReconsiderRouting:          -Platform TTY direction = <none> 
01-07 07:55:28.780   147   277 D RouteManager: doReconsiderRouting:          -Platform HAC Mode = Off 
01-07 07:55:28.780   147   277 D RouteManager: doReconsiderRouting:          -Platform Screen State = On 
01-07 07:55:28.780   147   277 D RouteManager: doReconsiderRouting:      Route state:
01-07 07:55:28.780   147   277 D RouteManager: doReconsiderRouting:          -Previously Enabled Route in Input = <none>
01-07 07:55:28.780   147   277 D RouteManager: doReconsiderRouting:          -Previously Enabled Route in Output = Media|CompressedMedia|HwCodecMedia|VirtualASP
01-07 07:55:28.780   147   277 D RouteManager: doReconsiderRouting:          -Selected Route in Input = <none>
01-07 07:55:28.780   147   277 D RouteManager: doReconsiderRouting:          -Selected Route in Output = CompressedMedia|HwCodecMedia|VirtualASP
01-07 07:55:28.780   147   277 D RouteManager: doReconsiderRouting:          -Route that need reconfiguration in Input = <none>
01-07 07:55:28.780   147   277 D RouteManager: doReconsiderRouting:          -Route that need reconfiguration in Output = <none>
01-07 07:55:28.780   147   277 D RouteManager: executeMuteStage: --------------- Routing Stage = Mute ---------------
01-07 07:55:28.780   147   277 D RouteManager: Selection criterion changed event: Criterion name: RoutageState, current state: Flow
01-07 07:55:28.780   425   425 I WAKELOCK_RELEASE: TIMESTAMP=294794692603, TAG=AudioOut_2, TYPE=PARTIAL_WAKE_LOCK             , COUNT=0, PID=147, UID=1013
01-07 07:55:28.780   147   277 D RouteManager: muteRoutes: Expected Routes to be muted in Output = Media
01-07 07:55:28.780   147   277 D RouteManager: Selection criterion changed event: Criterion name: ClosingPlaybackRoutes, current state: Media
01-07 07:55:28.780   147   277 D RouteManager: Selection criterion changed event: Criterion name: OpenedPlaybackRoutes, current state: CompressedMedia|HwCodecMedia|VirtualASP
01-07 07:55:28.780   147   277 D RouteManager: Configuration application request {
01-07 07:55:28.780   147   277 D RouteManager:     Applying configurations {
01-07 07:55:28.780   147   277 D RouteManager:     } Applying configurations
01-07 07:55:28.780   147   277 D RouteManager: } Configuration application request
01-07 07:55:28.780   147   277 D RouteManager: executeDisableStage: --------------- Routing Stage = Disable ---------------
01-07 07:55:28.780   147   277 D RouteManager: Selection criterion changed event: Criterion name: RoutageState, current state: Path
01-07 07:55:28.780   147   277 D RouteManager: disableRoutes: Routes to be disabled(unrouted) in Output = Media
01-07 07:55:28.780   147   277 D RouteManager/StreamRoute: closePcmDevice called for card (cloverviewaudio,0)
01-07 07:55:28.780   147   277 D ALSAStreamOps: detachRoute output stream
01-07 07:55:28.780   147   277 D RouteManager: Configuration application request {
01-07 07:55:28.780   147   277 D RouteManager:     Applying configurations {
01-07 07:55:28.780   147   277 D RouteManager:     } Applying configurations
01-07 07:55:28.780   147   277 D RouteManager: } Configuration application request
01-07 07:55:28.780   147   277 D RouteManager: executeConfigureStage: --------------- Routing Stage = Configure ---------------
01-07 07:55:28.780   147   277 D RouteManager: Selection criterion changed event: Criterion name: RoutageState, current state: Configure
01-07 07:55:28.780   147   277 D RouteManager: Selection criterion changed event: Criterion name: ClosingPlaybackRoutes, current state: <none>
01-07 07:55:28.780   147   277 D RouteManager: Configuration application request {
01-07 07:55:28.780   147   277 D RouteManager:     Applying configurations {
01-07 07:55:28.780   147   277 D RouteManager:     } Applying configurations
01-07 07:55:28.780   147   277 D RouteManager: } Configuration application request
01-07 07:55:28.780   147   277 D RouteManager: executeEnableStage: --------------- Routing Stage = Enable ---------------
01-07 07:55:28.780   147   277 D RouteManager: Selection criterion changed event: Criterion name: RoutageState, current state: Path|Configure
01-07 07:55:28.780   147   277 D RouteManager: Configuration application request {
01-07 07:55:28.780   147   277 D RouteManager:     Applying configurations {
01-07 07:55:28.780   147   277 D RouteManager:     } Applying configurations
01-07 07:55:28.780   147   277 D RouteManager: } Configuration application request
01-07 07:55:28.780   147   277 D RouteManager: executeUnmuteStage: --------------- Routing Stage = Unmute ---------------
01-07 07:55:28.780   147   277 D RouteManager: Selection criterion changed event: Criterion name: RoutageState, current state: Flow|Path|Configure
01-07 07:55:28.780   147   277 D RouteManager: Configuration application request {
01-07 07:55:28.780   147   277 D RouteManager:     Applying configurations {
01-07 07:55:28.780   147   277 D RouteManager:     } Applying configurations
01-07 07:55:28.780   147   277 D RouteManager: } Configuration application request
01-07 07:55:28.780   147   277 D EVENT_THREAD: void CEventThread::run() Do poll with timeout: -1
01-07 07:55:28.780   147   422 D RouteManager: reconsiderRouting: DONE
01-07 07:55:28.790   425   440 D hwcomposer: isRGBOverlayLayer: got an RGB overlay layer
01-07 07:55:28.800   425   440 D hwcomposer: isRGBOverlayLayer: got an RGB overlay layer
01-07 07:55:28.820   425   440 D hwcomposer: isRGBOverlayLayer: got an RGB overlay layer
01-07 07:55:28.840   425   440 D hwcomposer: isRGBOverlayLayer: got an RGB overlay layer
01-07 07:55:28.840   425   673 I ActivityManager: START u0 {act=android.intent.action.MAIN cat=[android.intent.category.TEST] cmp=com.android.settings/.Settings$DevelopmentSettingsActivity} from pid 5625
01-07 07:55:28.840   425   783 D dalvikvm: GC_EXPLICIT freed 2518K, 22% free 17182K/21940K, paused 4ms+8ms, total 76ms
01-07 07:55:28.850   425   673 I am_create_activity: [0,551091896,42,com.android.settings/.Settings$DevelopmentSettingsActivity,android.intent.action.MAIN,NULL,NULL,0]
01-07 07:55:28.860   425   440 D hwcomposer: isRGBOverlayLayer: got an RGB overlay layer
01-07 07:55:28.870   425   673 I WAKELOCK_ACQUIRE: TIMESTAMP=294880245105, TAG=ActivityManager-Launch, TYPE=PARTIAL_WAKE_LOCK             , COUNT=0, PID=425, UID=1000
01-07 07:55:28.870   425   673 I am_pause_activity: [0,555299672,com.android.development/.Development]
01-07 07:55:28.870  5625  5625 I am_on_paused_called: [0,com.android.development.Development]
01-07 07:55:28.880   425   670 I ActivityManager: Start proc com.android.settings for activity com.android.settings/.Settings$DevelopmentSettingsActivity: pid=5639 uid=1000 gids={41000, 1015, 1028, 3002, 3001, 3003, 3007}
01-07 07:55:28.880   425   670 I am_proc_start: [0,5639,1000,com.android.settings,activity,com.android.settings/.Settings$DevelopmentSettingsActivity]
01-07 07:55:28.880  5639  5639 D dalvikvm: Try to disable coredump for pid 5639
01-07 07:55:28.880  5625  5625 V ViewRootImpl: Sending key event to IME: seq=9 event=KeyEvent { action=ACTION_DOWN, keyCode=KEYCODE_DPAD_LEFT, scanCode=0, metaState=0, flags=0x8, repeatCount=0, eventTime=294826, downTime=294826, deviceId=-1, source=0x101 }
01-07 07:55:28.890   425   715 I am_destroy_activity: [0,556299912,42,com.android.wallpaper.holospiral/.HoloSpiralTestActivity,finish-imm]
01-07 07:55:28.890  5625  5625 V ViewRootImpl: IME finished event: seq=9 handled=false event=android.view.ViewRootImpl$QueuedInputEvent@20e0c6e0
01-07 07:55:28.890  5625  5632 D dalvikvm: Rejecting registerization due to ushr-int/lit8 v4, v7, (#19)
01-07 07:55:28.890  5625  5625 V ViewRootImpl: Sending key event to IME: seq=10 event=KeyEvent { action=ACTION_UP, keyCode=KEYCODE_DPAD_LEFT, scanCode=0, metaState=0, flags=0x8, repeatCount=0, eventTime=294899, downTime=294899, deviceId=-1, source=0x101 }
01-07 07:55:28.900   425   436 I am_proc_bound: [0,5639,com.android.settings]
01-07 07:55:28.900  5625  5632 D dalvikvm: Rejecting registerization due to and-int/lit8 v4, v6, (#15)
01-07 07:55:28.910   425   440 D hwcomposer: isRGBOverlayLayer: got an RGB overlay layer
01-07 07:55:28.910   425   436 I am_restart_activity: [0,551091896,42,com.android.settings/.Settings$DevelopmentSettingsActivity]
01-07 07:55:28.920  5625  5625 V ViewRootImpl: IME finished event: seq=10 handled=false event=android.view.ViewRootImpl$QueuedInputEvent@20e0c6e0
01-07 07:55:28.920   425   440 D hwcomposer: isRGBOverlayLayer: got an RGB overlay layer
01-07 07:55:28.920   425   440 D hwcomposer: isSpriteLayer: got a sprite layer
01-07 07:55:28.940   425   440 D hwcomposer: isRGBOverlayLayer: got an RGB overlay layer
01-07 07:55:28.940   425   440 D hwcomposer: isSpriteLayer: got a sprite layer
01-07 07:55:28.970   425   440 D hwcomposer: bool IntelOverlayContext::disable(): disable overlay...
01-07 07:55:29.060   137   157 E Cryptfs : not running with encryption, aborting
01-07 07:55:29.070  5639  5639 I am_on_resume_called: [0,com.android.settings.Settings$DevelopmentSettingsActivity]
01-07 07:55:29.130  5639  5639 D libEGL  : loaded /vendor/lib/egl/libEGL_POWERVR_SGX544_115.so
01-07 07:55:29.140  5639  5639 D libEGL  : loaded /vendor/lib/egl/libGLESv1_CM_POWERVR_SGX544_115.so
01-07 07:55:29.150  5639  5639 D libEGL  : loaded /vendor/lib/egl/libGLESv2_POWERVR_SGX544_115.so
01-07 07:55:29.180  5639  5639 D OpenGLRenderer: Enabling debug mode 0
01-07 07:55:29.250    55    55 I KERNEL  : [  295.167310] SCU TRACE INFO: TT: 0x00B59A3B 
01-07 07:55:29.280   425   440 D hwcomposer: isRGBOverlayLayer: got an RGB overlay layer
01-07 07:55:29.280   425   440 D hwcomposer: isSpriteLayer: got a sprite layer
01-07 07:55:29.300   425   440 D hwcomposer: isRGBOverlayLayer: got an RGB overlay layer
01-07 07:55:29.300   425   440 D hwcomposer: isSpriteLayer: got a sprite layer
01-07 07:55:29.590  5639  5639 I menu_opened: 0
01-07 07:55:29.590   425   453 I am_activity_launch_time: [0,551091896,com.android.settings/.Settings$DevelopmentSettingsActivity,722,722]
01-07 07:55:29.590   425   440 D hwcomposer: isRGBOverlayLayer: got an RGB overlay layer
01-07 07:55:29.590   425   440 D hwcomposer: isSpriteLayer: got a sprite layer
01-07 07:55:29.590   425   453 I ActivityManager: Displayed com.android.settings/.Settings$DevelopmentSettingsActivity: +722ms
01-07 07:55:29.600  5625  5625 W IInputConnectionWrapper: showStatusIcon on inactive InputConnection
01-07 07:55:29.610   425   440 D hwcomposer: isRGBOverlayLayer: got an RGB overlay layer
01-07 07:55:29.610   425   440 D hwcomposer: isSpriteLayer: got a sprite layer
01-07 07:55:29.640   425   440 D hwcomposer: isRGBOverlayLayer: got an RGB overlay layer
01-07 07:55:29.660   425   440 D hwcomposer: isRGBOverlayLayer: got an RGB overlay layer
01-07 07:55:29.680   425   440 D hwcomposer: isRGBOverlayLayer: got an RGB overlay layer
01-07 07:55:29.690  5639  5646 D dalvikvm: Rejecting registerization due to move v4, v9, (#0)
01-07 07:55:29.690   425   440 D hwcomposer: isRGBOverlayLayer: got an RGB overlay layer
01-07 07:55:29.710  5639  5646 I dalvikvm: Total arena pages for JIT: 11
01-07 07:55:29.710  5639  5646 I dalvikvm: Total arena pages for JIT: 12
01-07 07:55:29.710  5639  5646 I dalvikvm: Total arena pages for JIT: 13
01-07 07:55:29.710  5639  5646 I dalvikvm: Total arena pages for JIT: 14
01-07 07:55:29.710  5639  5646 I dalvikvm: Total arena pages for JIT: 15
01-07 07:55:29.710   425   440 D hwcomposer: isRGBOverlayLayer: got an RGB overlay layer
01-07 07:55:29.720  5639  5646 I dalvikvm: Total arena pages for JIT: 16
01-07 07:55:29.730   425   440 D hwcomposer: isRGBOverlayLayer: got an RGB overlay layer
01-07 07:55:29.730  5639  5646 I dalvikvm: Total arena pages for JIT: 17
01-07 07:55:29.750   425   440 D hwcomposer: isRGBOverlayLayer: got an RGB overlay layer
01-07 07:55:29.750  5639  5639 V ViewRootImpl: Sending trackball event to IME: seq=7 event=MotionEvent { action=ACTION_MOVE, id[0]=0, x[0]=-4.0, y[0]=-3.0, toolType[0]=TOOL_TYPE_UNKNOWN, buttonState=0, metaState=0, flags=0x0, edgeFlags=0x0, pointerCount=1, historySize=9, eventTime=295663, downTime=-1, deviceId=0, source=0x10004 }
01-07 07:55:29.760  5639  5646 D dalvikvm: Rejecting registerization due to div-int/lit8 v0, v3, (#2)
01-07 07:55:29.760  5639  5646 D dalvikvm: Rejecting registerization due to div-int/lit8 v0, v3, (#2)
01-07 07:55:29.760   425   440 D hwcomposer: isRGBOverlayLayer: got an RGB overlay layer
01-07 07:55:29.780  5639  5646 D dalvikvm: Rejecting registerization due to ushr-int/lit8 v4, v7, (#19)
01-07 07:55:29.780   425   440 D hwcomposer: isRGBOverlayLayer: got an RGB overlay layer
01-07 07:55:29.780   425   440 D hwcomposer: isSpriteLayer: got a sprite layer
01-07 07:55:29.790  5639  5646 D dalvikvm: Rejecting registerization due to div-int/lit8 v0, v3, (#2)
01-07 07:55:29.790  5639  5646 D dalvikvm: Rejecting registerization due to div-int/lit8 v0, v3, (#2)
01-07 07:55:29.800   425   440 D hwcomposer: isRGBOverlayLayer: got an RGB overlay layer
01-07 07:55:29.800   425   440 D hwcomposer: isSpriteLayer: got a sprite layer
01-07 07:55:29.810   425   440 D hwcomposer: isRGBOverlayLayer: got an RGB overlay layer
01-07 07:55:29.810   425   440 D hwcomposer: isSpriteLayer: got a sprite layer
01-07 07:55:29.820  5639  5639 V ViewRootImpl: IME finished event: seq=7 handled=false event=android.view.ViewRootImpl$QueuedInputEvent@20e3fc70
01-07 07:55:29.830   425   440 D hwcomposer: isRGBOverlayLayer: got an RGB overlay layer
01-07 07:55:29.830   425   440 D hwcomposer: isSpriteLayer: got a sprite layer
01-07 07:55:29.840  5639  5646 I dalvikvm: Total arena pages for JIT: 18
01-07 07:55:29.850  5639  5639 V ViewRootImpl: Sending key event to IME: seq=11 event=KeyEvent { action=ACTION_DOWN, keyCode=KEYCODE_DPAD_LEFT, scanCode=0, metaState=0, flags=0x400, repeatCount=0, eventTime=295838, downTime=295838, deviceId=-1, source=0x101 }
01-07 07:55:29.860  5639  5639 V ViewRootImpl: IME finished event: seq=11 handled=false event=android.view.ViewRootImpl$QueuedInputEvent@20e70510
01-07 07:55:29.860  5639  5639 V ViewRootImpl: Sending key event to IME: seq=12 event=KeyEvent { action=ACTION_UP, keyCode=KEYCODE_DPAD_LEFT, scanCode=0, metaState=0, flags=0x400, repeatCount=0, eventTime=295838, downTime=295838, deviceId=-1, source=0x101 }
01-07 07:55:29.860  5639  5639 V ViewRootImpl: IME finished event: seq=12 handled=false event=android.view.ViewRootImpl$QueuedInputEvent@20e708b8
01-07 07:55:29.860  5639  5639 V ViewRootImpl: Sending key event to IME: seq=13 event=KeyEvent { action=ACTION_DOWN, keyCode=KEYCODE_DPAD_LEFT, scanCode=0, metaState=0, flags=0x400, repeatCount=0, eventTime=295838, downTime=295838, deviceId=-1, source=0x101 }
01-07 07:55:29.860  5639  5639 V ViewRootImpl: IME finished event: seq=13 handled=false event=android.view.ViewRootImpl$QueuedInputEvent@20e708f0
01-07 07:55:29.860  5639  5639 V ViewRootImpl: Sending key event to IME: seq=14 event=KeyEvent { action=ACTION_UP, keyCode=KEYCODE_DPAD_LEFT, scanCode=0, metaState=0, flags=0x400, repeatCount=0, eventTime=295838, downTime=295838, deviceId=-1, source=0x101 }
01-07 07:55:29.860  5639  5639 V ViewRootImpl: IME finished event: seq=14 handled=false event=android.view.ViewRootImpl$QueuedInputEvent@20e70928
01-07 07:55:29.860  5639  5639 V ViewRootImpl: Sending key event to IME: seq=15 event=KeyEvent { action=ACTION_DOWN, keyCode=KEYCODE_DPAD_LEFT, scanCode=0, metaState=0, flags=0x400, repeatCount=0, eventTime=295838, downTime=295838, deviceId=-1, source=0x101 }
01-07 07:55:29.870   425   440 D hwcomposer: isRGBOverlayLayer: got an RGB overlay layer
01-07 07:55:29.870   425   440 D hwcomposer: isSpriteLayer: got a sprite layer
01-07 07:55:29.870  5639  5646 D dalvikvm: Rejecting registerization due to ushr-int/lit8 v4, v7, (#19)
01-07 07:55:29.880   425   440 D hwcomposer: isRGBOverlayLayer: got an RGB overlay layer
01-07 07:55:29.880   425   440 D hwcomposer: isSpriteLayer: got a sprite layer
01-07 07:55:29.900   425   440 D hwcomposer: isRGBOverlayLayer: got an RGB overlay layer
01-07 07:55:29.900   425   440 D hwcomposer: isSpriteLayer: got a sprite layer
01-07 07:55:29.910  5639  5639 W ViewRootImpl: Dropping event due to no window focus: KeyEvent { action=ACTION_DOWN, keyCode=KEYCODE_DPAD_LEFT, scanCode=0, metaState=0, flags=0x400, repeatCount=0, eventTime=295838, downTime=295838, deviceId=-1, source=0x101 }
01-07 07:55:29.910  5639  5639 W ViewRootImpl: Dropping event due to no window focus: KeyEvent { action=ACTION_DOWN, keyCode=KEYCODE_DPAD_LEFT, scanCode=0, metaState=0, flags=0x400, repeatCount=0, eventTime=295838, downTime=295838, deviceId=-1, source=0x101 }
01-07 07:55:29.910  5639  5639 V ViewRootImpl: IME finished event: seq=15 handled=false event=android.view.ViewRootImpl$QueuedInputEvent@20e70960
01-07 07:55:29.910  5639  5639 V ViewRootImpl: Sending key event to IME: seq=16 event=KeyEvent { action=ACTION_UP, keyCode=KEYCODE_DPAD_LEFT, scanCode=0, metaState=0, flags=0x400, repeatCount=0, eventTime=295838, downTime=295838, deviceId=-1, source=0x101 }
01-07 07:55:29.910  5639  5639 V ViewRootImpl: IME finished event: seq=16 handled=false event=android.view.ViewRootImpl$QueuedInputEvent@20e70998
01-07 07:55:29.910  5639  5639 V ViewRootImpl: Sending key event to IME: seq=17 event=KeyEvent { action=ACTION_DOWN, keyCode=KEYCODE_DPAD_LEFT, scanCode=0, metaState=0, flags=0x400, repeatCount=0, eventTime=295838, downTime=295838, deviceId=-1, source=0x101 }
01-07 07:55:29.910  5639  5639 V ViewRootImpl: IME finished event: seq=17 handled=false event=android.view.ViewRootImpl$QueuedInputEvent@20e709d0
01-07 07:55:29.910  5639  5639 V ViewRootImpl: Sending key event to IME: seq=18 event=KeyEvent { action=ACTION_UP, keyCode=KEYCODE_DPAD_LEFT, scanCode=0, metaState=0, flags=0x400, repeatCount=0, eventTime=295838, downTime=295838, deviceId=-1, source=0x101 }
01-07 07:55:29.920  5639  5639 V ViewRootImpl: IME finished event: seq=18 handled=false event=android.view.ViewRootImpl$QueuedInputEvent@20e70a08
01-07 07:55:29.930   425  5187 I WAKELOCK_RELEASE: TIMESTAMP=295943732260, TAG=ActivityManager-Launch, TYPE=PARTIAL_WAKE_LOCK             , COUNT=0, PID=425, UID=1000
01-07 07:55:29.930  5639  5646 D dalvikvm: Rejecting registerization due to and-int/lit8 v4, v6, (#15)
01-07 07:55:29.950   425   440 D hwcomposer: bool IntelOverlayContext::disable(): disable overlay...
01-07 07:55:29.980   425  5187 W InputMethodManagerService: Window already focused, ignoring focus gain of: com.android.internal.view.IInputMethodClient$Stub$Proxy@21004298 attribute=null, token = android.os.BinderProxy@20f8dcb0
01-07 07:55:29.980  5639  5646 D dalvikvm: Rejecting registerization due to array-length v3, v5, (#0)
01-07 07:55:30.020  5639  5639 V ViewRootImpl: Sending trackball event to IME: seq=25 event=MotionEvent { action=ACTION_MOVE, id[0]=0, x[0]=1.0, y[0]=3.0, toolType[0]=TOOL_TYPE_UNKNOWN, buttonState=0, metaState=0, flags=0x0, edgeFlags=0x0, pointerCount=1, historySize=9, eventTime=296026, downTime=-1, deviceId=0, source=0x10004 }
01-07 07:55:30.030  5639  5646 I dalvikvm: Total arena pages for JIT: 19
01-07 07:55:30.030  5639  5639 V ViewRootImpl: IME finished event: seq=25 handled=false event=android.view.ViewRootImpl$QueuedInputEvent@20e70a08
01-07 07:55:30.030  5639  5646 I dalvikvm: Total arena pages for JIT: 20
01-07 07:55:30.030  5639  5646 I dalvikvm: Total arena pages for JIT: 21
01-07 07:55:30.030  5639  5639 V ViewRootImpl: Sending key event to IME: seq=26 event=KeyEvent { action=ACTION_DOWN, keyCode=KEYCODE_DPAD_DOWN, scanCode=0, metaState=0, flags=0x400, repeatCount=0, eventTime=296043, downTime=296043, deviceId=-1, source=0x101 }
01-07 07:55:30.030  5639  5639 V ViewRootImpl: IME finished event: seq=26 handled=false event=android.view.ViewRootImpl$QueuedInputEvent@20e709d0
01-07 07:55:30.030  5639  5639 V ViewRootImpl: Sending key event to IME: seq=27 event=KeyEvent { action=ACTION_UP, keyCode=KEYCODE_DPAD_DOWN, scanCode=0, metaState=0, flags=0x400, repeatCount=0, eventTime=296043, downTime=296043, deviceId=-1, source=0x101 }
01-07 07:55:30.030  5639  5639 V ViewRootImpl: IME finished event: seq=27 handled=false event=android.view.ViewRootImpl$QueuedInputEvent@20e70998
01-07 07:55:30.030  5639  5639 V ViewRootImpl: Sending key event to IME: seq=28 event=KeyEvent { action=ACTION_DOWN, keyCode=KEYCODE_DPAD_DOWN, scanCode=0, metaState=0, flags=0x400, repeatCount=0, eventTime=296043, downTime=296043, deviceId=-1, source=0x101 }
01-07 07:55:30.040  5639  5639 V ViewRootImpl: IME finished event: seq=28 handled=false event=android.view.ViewRootImpl$QueuedInputEvent@20e70960
01-07 07:55:30.050  5639  5639 V ViewRootImpl: Sending key event to IME: seq=29 event=KeyEvent { action=ACTION_UP, keyCode=KEYCODE_DPAD_DOWN, scanCode=0, metaState=0, flags=0x400, repeatCount=0, eventTime=296043, downTime=296043, deviceId=-1, source=0x101 }
01-07 07:55:30.050  5639  5639 V ViewRootImpl: IME finished event: seq=29 handled=false event=android.view.ViewRootImpl$QueuedInputEvent@20e70928
01-07 07:55:30.050  5639  5639 V ViewRootImpl: Sending key event to IME: seq=30 event=KeyEvent { action=ACTION_DOWN, keyCode=KEYCODE_DPAD_DOWN, scanCode=0, metaState=0, flags=0x400, repeatCount=0, eventTime=296043, downTime=296043, deviceId=-1, source=0x101 }
01-07 07:55:30.050  5639  5639 V ViewRootImpl: IME finished event: seq=30 handled=false event=android.view.ViewRootImpl$QueuedInputEvent@20e708f0
