01-07 07:55:35.260     8     8 I KERNEL  : [  301.167032] 	04	      2
01-07 07:55:35.260     8     8 I KERNEL  : [  301.167107] 	06	  19662
01-07 07:55:35.260     8     8 I KERNEL  : [  301.167245] 	08	  17727
01-07 07:55:35.260     8     8 I KERNEL  : [  301.167321] 	18	   1581
01-07 07:55:35.260     8     8 I KERNEL  : [  301.167397] 	20	     12
01-07 07:55:35.260     8     8 I KERNEL  : [  301.167473] 	21	     62
01-07 07:55:35.260     8     8 I KERNEL  : [  301.167547] 	27	     63
01-07 07:55:35.260     8     8 I KERNEL  : [  301.167683] 	30	   3677
01-07 07:55:35.260     8     8 I KERNEL  : [  301.167758] 	35	   3668
01-07 07:55:35.260     8     8 I KERNEL  : [  301.167832] 	41	   3762
01-07 07:55:35.260     8     8 I KERNEL  : [  301.167906] 
01-07 07:55:35.260     8     8 I KERNEL  : [  301.167979] lpmp3: Block Count
01-07 07:55:35.260     8     8 I KERNEL  : [  301.168120] 	Display blocked: 9981 times
01-07 07:55:35.260     8     8 I KERNEL  : [  301.168202] 	Camera blocked: 1131 times
01-07 07:55:35.260     8     8 I KERNEL  : [  301.168281] 	LSS	 #blocked
01-07 07:55:35.260     8     8 I KERNEL  : [  301.168418] 	00	    109
01-07 07:55:35.260     8     8 I KERNEL  : [  301.168492] 	01	   1595
01-07 07:55:35.260     8     8 I KERNEL  : [  301.168567] 	03	    289
01-07 07:55:35.260     8     8 I KERNEL  : [  301.168640] 	06	   9981
01-07 07:55:35.260     8     8 I KERNEL  : [  301.168718] 	08	   5116
01-07 07:55:35.260     8     8 I KERNEL  : [  301.168857] 	18	   1708
01-07 07:55:35.260     8     8 I KERNEL  : [  301.168937] 	20	     17
01-07 07:55:35.260     8     8 I KERNEL  : [  301.169019] 	21	     49
01-07 07:55:35.260     8     8 I KERNEL  : [  301.169098] 	27	     26
01-07 07:55:35.260     8     8 I KERNEL  : [  301.169175] 	30	    886
01-07 07:55:35.260     8     8 I KERNEL  : [  301.169311] 	34	      1
01-07 07:55:35.260     8     8 I KERNEL  : [  301.169385] 	35	   3833
01-07 07:55:35.260     8     8 I KERNEL  : [  301.169459] 	41	   1726
01-07 07:55:35.260     8     8 I KERNEL  : [  301.169533] 
01-07 07:55:35.260     8     8 I KERNEL  : [  301.169607] s0i3: Block Count
01-07 07:55:35.260     8     8 I KERNEL  : [  301.169740] 	Display blocked: 3804 times
01-07 07:55:35.260     8     8 I KERNEL  : [  301.169814] 	Camera blocked: 229 times
01-07 07:55:35.260     8     8 I KERNEL  : [  301.169890] 	LSS	 #blocked
01-07 07:55:35.260     8     8 I KERNEL  : [  301.170038] 	00	     17
01-07 07:55:35.260     8     8 I KERNEL  : [  301.170116] 	01	    206
01-07 07:55:35.260     8     8 I KERNEL  : [  301.170248] 	03	     70
01-07 07:55:35.260     8     8 I KERNEL  : [  301.170345] 	06	   3804
01-07 07:55:35.260     8     8 I KERNEL  : [  301.170430] 	08	     61
01-07 07:55:35.260     8     8 I KERNEL  : [  301.170573] 	18	    267
01-07 07:55:35.260     8     8 I KERNEL  : [  301.170686] 	21	     12
01-07 07:55:35.260     8     8 I KERNEL  : [  301.170770] 	27	     10
01-07 07:55:35.260     8     8 I KERNEL  : [  301.170849] 	30	     23
01-07 07:55:35.260     8     8 I KERNEL  : [  301.170995] 	35	   3060
01-07 07:55:35.260     8     8 I KERNEL  : [  301.171075] 	41	    219
01-07 07:55:35.260     8     8 I KERNEL  : [  301.171153] 	52	      3
01-07 07:55:35.260     8     8 I KERNEL  : [  301.171232] 
01-07 07:55:35.260     8     8 I KERNEL  : [  301.171309] 
01-07 07:55:35.260     8     8 I KERNEL  : [  301.171311] ----MID_PMU_STATS_LOG_END----
01-07 07:55:35.270   425   440 D hwcomposer: isRGBOverlayLayer: got an RGB overlay layer
01-07 07:55:35.270  5675  5675 V ViewRootImpl: IME finished event: seq=148 handled=false event=android.view.ViewRootImpl$QueuedInputEvent@20f4ff20
01-07 07:55:35.270  5675  5675 V ViewRootImpl: Sending key event to IME: seq=149 event=KeyEvent { action=ACTION_UP, keyCode=KEYCODE_DPAD_RIGHT, scanCode=0, metaState=0, flags=0x400, repeatCount=0, eventTime=301251, downTime=301251, deviceId=-1, source=0x101 }
01-07 07:55:35.270  5675  5675 V ViewRootImpl: IME finished event: seq=149 handled=false event=android.view.ViewRootImpl$QueuedInputEvent@20f4fee8
01-07 07:55:35.270  5675  5675 V ViewRootImpl: Sending key event to IME: seq=150 event=KeyEvent { action=ACTION_DOWN, keyCode=KEYCODE_DPAD_CENTER, scanCode=0, metaState=0, flags=0x8, repeatCount=0, eventTime=301238, downTime=301238, deviceId=-1, source=0x101 }
01-07 07:55:35.270  5675  5675 V ViewRootImpl: IME finished event: seq=150 handled=false event=android.view.ViewRootImpl$QueuedInputEvent@20f50038
01-07 07:55:35.270  5675  5675 V ViewRootImpl: Sending key event to IME: seq=151 event=KeyEvent { action=ACTION_UP, keyCode=KEYCODE_DPAD_CENTER, scanCode=0, metaState=0, flags=0x8, repeatCount=0, eventTime=301252, downTime=301252, deviceId=-1, source=0x101 }
01-07 07:55:35.280   425   712 I ActivityManager: START u0 {act=android.settings.ADD_ACCOUNT_SETTINGS flg=0x4000000 cmp=com.android.settings/.accounts.AddAccountSettings (has extras)} from pid 5675
01-07 07:55:35.280  5675  5675 I menu_item_selected: [0,]
01-07 07:55:35.280   425   712 I am_create_activity: [0,554174832,5,com.android.settings/.accounts.AddAccountSettings,android.settings.ADD_ACCOUNT_SETTINGS,NULL,NULL,67108864]
01-07 07:55:35.280  5675  5675 V ViewRootImpl: IME finished event: seq=151 handled=false event=android.view.ViewRootImpl$QueuedInputEvent@20f50038
01-07 07:55:35.290   425   440 D hwcomposer: isRGBOverlayLayer: got an RGB overlay layer
01-07 07:55:35.300   425   712 I WAKELOCK_ACQUIRE: TIMESTAMP=301311164645, TAG=ActivityManager-Launch, TYPE=PARTIAL_WAKE_LOCK             , COUNT=0, PID=425, UID=1000
01-07 07:55:35.300   425   712 I am_pause_activity: [0,554749064,com.google.android.calendar/com.android.calendar.CalendarSettingsActivity]
01-07 07:55:35.300  5675  5675 I am_on_paused_called: [0,com.android.calendar.CalendarSettingsActivity]
01-07 07:55:35.300   425   440 D hwcomposer: isRGBOverlayLayer: got an RGB overlay layer
01-07 07:55:35.310   425  3716 I am_restart_activity: [0,554174832,5,com.android.settings/.accounts.AddAccountSettings]
01-07 07:55:35.310   425   715 I ActivityManager: START u0 {cmp=com.android.settings/.accounts.ChooseAccountActivity (has extras)} from pid 5639
01-07 07:55:35.320   425   715 I WAKELOCK_ACQUIRE: TIMESTAMP=301332738526, TAG=ActivityManager-Launch, TYPE=PARTIAL_WAKE_LOCK             , COUNT=0, PID=425, UID=1000
01-07 07:55:35.320   425   715 I am_create_activity: [0,555530944,5,com.android.settings/.accounts.ChooseAccountActivity,NULL,NULL,NULL,0]
01-07 07:55:35.320   425   715 I am_pause_activity: [0,554174832,com.android.settings/.accounts.AddAccountSettings]
01-07 07:55:35.320  5639  5639 I am_on_resume_called: [0,com.android.settings.accounts.AddAccountSettings]
01-07 07:55:35.320  5639  5639 I am_on_paused_called: [0,com.android.settings.accounts.AddAccountSettings]
01-07 07:55:35.320   425   440 D hwcomposer: isRGBOverlayLayer: got an RGB overlay layer
01-07 07:55:35.330   425   783 I am_restart_activity: [0,555530944,5,com.android.settings/.accounts.ChooseAccountActivity]
01-07 07:55:35.340   425   440 D hwcomposer: isRGBOverlayLayer: got an RGB overlay layer
01-07 07:55:35.350   425   440 D hwcomposer: isRGBOverlayLayer: got an RGB overlay layer
01-07 07:55:35.370   425   440 D hwcomposer: isRGBOverlayLayer: got an RGB overlay layer
01-07 07:55:35.390   425   440 D hwcomposer: isRGBOverlayLayer: got an RGB overlay layer
01-07 07:55:35.400   425   440 D hwcomposer: isRGBOverlayLayer: got an RGB overlay layer
01-07 07:55:35.410  5639  5639 I am_on_resume_called: [0,com.android.settings.accounts.ChooseAccountActivity]
01-07 07:55:35.420   425   440 D hwcomposer: isRGBOverlayLayer: got an RGB overlay layer
01-07 07:55:35.440   425   440 D hwcomposer: isRGBOverlayLayer: got an RGB overlay layer
01-07 07:55:35.460   425   440 D hwcomposer: isRGBOverlayLayer: got an RGB overlay layer
01-07 07:55:35.470  1583  1583 I binder_sample: [android.hardware.input.IInputManager,5,28,com.android.commands.monkey,5]
01-07 07:55:35.470   425   440 D hwcomposer: isRGBOverlayLayer: got an RGB overlay layer
01-07 07:55:35.490   425   440 D hwcomposer: isRGBOverlayLayer: got an RGB overlay layer
01-07 07:55:35.510   425   453 I am_activity_launch_time: [0,555530944,com.android.settings/.accounts.ChooseAccountActivity,185,204]
01-07 07:55:35.510   425   453 I ActivityManager: Displayed com.android.settings/.accounts.ChooseAccountActivity: +185ms (total +204ms)
01-07 07:55:35.520   425   440 D hwcomposer: bool IntelOverlayContext::disable(): disable overlay...
01-07 07:55:35.540   425  3716 I WAKELOCK_RELEASE: TIMESTAMP=301557100420, TAG=ActivityManager-Launch, TYPE=PARTIAL_WAKE_LOCK             , COUNT=0, PID=425, UID=1000
01-07 07:55:35.580  5639  5639 V ViewRootImpl: Sending key event to IME: seq=39 event=KeyEvent { action=ACTION_DOWN, keyCode=KEYCODE_BUTTON_3, scanCode=0, metaState=0, flags=0x8, repeatCount=0, eventTime=301588, downTime=301588, deviceId=-1, source=0x101 }
01-07 07:55:35.580  5639  5639 V ViewRootImpl: IME finished event: seq=39 handled=false event=android.view.ViewRootImpl$QueuedInputEvent@20ec4650
01-07 07:55:35.580  5639  5639 V ViewRootImpl: Sending key event to IME: seq=40 event=KeyEvent { action=ACTION_DOWN, keyCode=KEYCODE_DPAD_CENTER, scanCode=0, metaState=0, flags=0x8, repeatCount=0, eventTime=301588, downTime=301588, deviceId=-1, source=0x101 }
01-07 07:55:35.580  5639  5639 V ViewRootImpl: IME finished event: seq=40 handled=false event=android.view.ViewRootImpl$QueuedInputEvent@20ec4650
01-07 07:55:35.580  5639  5639 V ViewRootImpl: Sending key event to IME: seq=41 event=KeyEvent { action=ACTION_UP, keyCode=KEYCODE_BUTTON_3, scanCode=0, metaState=0, flags=0x8, repeatCount=0, eventTime=301590, downTime=301590, deviceId=-1, source=0x101 }
01-07 07:55:35.580  5639  5639 V ViewRootImpl: IME finished event: seq=41 handled=false event=android.view.ViewRootImpl$QueuedInputEvent@20ec4650
01-07 07:55:35.580  5639  5639 V ViewRootImpl: Sending key event to IME: seq=42 event=KeyEvent { action=ACTION_UP, keyCode=KEYCODE_DPAD_CENTER, scanCode=0, metaState=0, flags=0x8, repeatCount=0, eventTime=301590, downTime=301590, deviceId=-1, source=0x101 }
01-07 07:55:35.590  5639  5639 V ViewRootImpl: IME finished event: seq=42 handled=false event=android.view.ViewRootImpl$QueuedInputEvent@20ec4650
01-07 07:55:35.630  5639  5639 V ViewRootImpl: Sending key event to IME: seq=43 event=KeyEvent { action=ACTION_DOWN, keyCode=KEYCODE_DPAD_LEFT, scanCode=0, metaState=0, flags=0x8, repeatCount=0, eventTime=301647, downTime=301647, deviceId=-1, source=0x101 }
01-07 07:55:35.640  5639  5639 V ViewRootImpl: IME finished event: seq=43 handled=false event=android.view.ViewRootImpl$QueuedInputEvent@20ec4650
01-07 07:55:35.640  5639  5646 D dalvikvm: Rejecting registerization due to mul-int/lit8 v7, v4, (#100)
01-07 07:55:35.640  5639  5639 V ViewRootImpl: Sending key event to IME: seq=44 event=KeyEvent { action=ACTION_UP, keyCode=KEYCODE_DPAD_LEFT, scanCode=0, metaState=0, flags=0x8, repeatCount=0, eventTime=301648, downTime=301648, deviceId=-1, source=0x101 }
01-07 07:55:35.640  5639  5639 V ViewRootImpl: IME finished event: seq=44 handled=false event=android.view.ViewRootImpl$QueuedInputEvent@20ec4650
01-07 07:55:35.750  5639  5639 V ViewRootImpl: Sending trackball event to IME: seq=47 event=MotionEvent { action=ACTION_MOVE, id[0]=0, x[0]=-4.0, y[0]=-2.0, toolType[0]=TOOL_TYPE_UNKNOWN, buttonState=0, metaState=0, flags=0x0, edgeFlags=0x0, pointerCount=1, historySize=0, eventTime=301755, downTime=-1, deviceId=0, source=0x10004 }
01-07 07:55:35.750  5639  5639 V ViewRootImpl: IME finished event: seq=47 handled=false event=android.view.ViewRootImpl$QueuedInputEvent@20ec4650
01-07 07:55:35.750  5639  5639 V ViewRootImpl: Sending key event to IME: seq=48 event=KeyEvent { action=ACTION_DOWN, keyCode=KEYCODE_DPAD_LEFT, scanCode=0, metaState=0, flags=0x400, repeatCount=0, eventTime=301766, downTime=301766, deviceId=-1, source=0x101 }
01-07 07:55:35.760   425   715 I am_finish_activity: [0,555530944,5,com.android.settings/.accounts.ChooseAccountActivity,app-request]
01-07 07:55:35.760  5639  5639 V ViewRootImpl: IME finished event: seq=48 handled=false event=android.view.ViewRootImpl$QueuedInputEvent@20ed2278
01-07 07:55:35.780   425   715 I WAKELOCK_ACQUIRE: TIMESTAMP=301792328300, TAG=ActivityManager-Launch, TYPE=PARTIAL_WAKE_LOCK             , COUNT=0, PID=425, UID=1000
01-07 07:55:35.780   425   715 I am_pause_activity: [0,555530944,com.android.settings/.accounts.ChooseAccountActivity]
01-07 07:55:35.780  5639  5639 I am_on_paused_called: [0,com.android.settings.accounts.ChooseAccountActivity]
01-07 07:55:35.780  5639  5639 V ViewRootImpl: Sending key event to IME: seq=49 event=KeyEvent { action=ACTION_UP, keyCode=KEYCODE_DPAD_LEFT, scanCode=0, metaState=0, flags=0x400, repeatCount=0, eventTime=301766, downTime=301766, deviceId=-1, source=0x101 }
01-07 07:55:35.790   425   782 I am_resume_activity: [0,554174832,5,com.android.settings/.accounts.AddAccountSettings]
01-07 07:55:35.790  5639  5639 V ViewRootImpl: IME finished event: seq=49 handled=false event=android.view.ViewRootImpl$QueuedInputEvent@20ed25c8
01-07 07:55:35.800   425  5143 I am_create_service: [0,553800984,com.google.android.gsf.login/com.google.android.gsf.loginservice.GoogleLoginService,1229]
01-07 07:55:35.800  5639  5639 I am_on_resume_called: [0,com.android.settings.accounts.AddAccountSettings]
01-07 07:55:35.810   425   425 I am_destroy_service: [0,553800984,1229]
01-07 07:55:35.820   425   440 D hwcomposer: isRGBOverlayLayer: got an RGB overlay layer
01-07 07:55:35.820   425   783 I ActivityManager: START u0 {flg=0x80000 cmp=com.google.android.gsf.login/.AccountIntroActivity (has extras)} from pid 5639
01-07 07:55:35.820   425   783 I WAKELOCK_ACQUIRE: TIMESTAMP=301836884048, TAG=ActivityManager-Launch, TYPE=PARTIAL_WAKE_LOCK             , COUNT=0, PID=425, UID=1000
01-07 07:55:35.820   425   783 I am_create_activity: [0,555076384,5,com.google.android.gsf.login/.AccountIntroActivity,NULL,NULL,NULL,524288]
01-07 07:55:35.820   425   783 I am_pause_activity: [0,554174832,com.android.settings/.accounts.AddAccountSettings]
01-07 07:55:35.820  5639  5639 V ViewRootImpl: Sending key event to IME: seq=50 event=KeyEvent { action=ACTION_DOWN, keyCode=KEYCODE_DPAD_LEFT, scanCode=0, metaState=0, flags=0x400, repeatCount=0, eventTime=301767, downTime=301767, deviceId=-1, source=0x101 }
01-07 07:55:35.830  5675  5682 I dalvikvm: Total arena pages for JIT: 30
01-07 07:55:35.830  5675  5682 I dalvikvm: Total arena pages for JIT: 31
01-07 07:55:35.830  5675  5682 I dalvikvm: Total arena pages for JIT: 32
01-07 07:55:35.830  5675  5682 I dalvikvm: Total arena pages for JIT: 33
01-07 07:55:35.830  5675  5682 I dalvikvm: Total arena pages for JIT: 34
01-07 07:55:35.830  5675  5682 I dalvikvm: Total arena pages for JIT: 35
01-07 07:55:35.830   425   440 D hwcomposer: isRGBOverlayLayer: got an RGB overlay layer
01-07 07:55:35.850  5639  5639 W ViewRootImpl: Dropping event due to no window focus: KeyEvent { action=ACTION_DOWN, keyCode=KEYCODE_DPAD_LEFT, scanCode=0, metaState=0, flags=0x400, repeatCount=0, eventTime=301767, downTime=301767, deviceId=-1, source=0x101 }
01-07 07:55:35.850  5639  5639 I am_on_paused_called: [0,com.android.settings.accounts.AddAccountSettings]
01-07 07:55:35.850   425  3716 I am_restart_activity: [0,555076384,5,com.google.android.gsf.login/.AccountIntroActivity]
01-07 07:55:35.850  5639  5639 V ViewRootImpl: IME finished event: seq=50 handled=false event=android.view.ViewRootImpl$QueuedInputEvent@20ed2600
01-07 07:55:35.860   425   670 I ActivityManager: START u0 {cmp=com.google.android.gsf.login/.AccountIntroUIActivity (has extras)} from pid 1229
01-07 07:55:35.860   425   670 I WAKELOCK_ACQUIRE: TIMESTAMP=301878579301, TAG=ActivityManager-Launch, TYPE=PARTIAL_WAKE_LOCK             , COUNT=0, PID=425, UID=1000
01-07 07:55:35.860   425   670 I am_create_activity: [0,554496192,5,com.google.android.gsf.login/.AccountIntroUIActivity,NULL,NULL,NULL,0]
01-07 07:55:35.860   425   670 I am_pause_activity: [0,555076384,com.google.android.gsf.login/.AccountIntroActivity]
01-07 07:55:35.860  1229  1229 I GLSActivity: Starting account intro Intent { flg=0x80000 cmp=com.google.android.gsf.login/.AccountIntroActivity (has extras) }
01-07 07:55:35.860  5639  5639 V ViewRootImpl: Sending key event to IME: seq=51 event=KeyEvent { action=ACTION_UP, keyCode=KEYCODE_DPAD_LEFT, scanCode=0, metaState=0, flags=0x400, repeatCount=0, eventTime=301767, downTime=301767, deviceId=-1, source=0x101 }
01-07 07:55:35.860  5639  5639 V ViewRootImpl: IME finished event: seq=51 handled=false event=android.view.ViewRootImpl$QueuedInputEvent@20ed2638
01-07 07:55:35.870  1229  1229 I am_on_resume_called: [0,com.google.android.gsf.login.AccountIntroActivity]
01-07 07:55:35.870  1229  1229 I am_on_paused_called: [0,com.google.android.gsf.login.AccountIntroActivity]
01-07 07:55:35.870   425   671 I am_restart_activity: [0,554496192,5,com.google.android.gsf.login/.AccountIntroUIActivity]
01-07 07:55:35.870  5639  5639 V ViewRootImpl: Sending key event to IME: seq=52 event=KeyEvent { action=ACTION_DOWN, keyCode=KEYCODE_DPAD_LEFT, scanCode=0, metaState=0, flags=0x400, repeatCount=0, eventTime=301767, downTime=301767, deviceId=-1, source=0x101 }
01-07 07:55:35.870  5639  5639 V ViewRootImpl: Sending trackball event to IME: seq=61 event=MotionEvent { action=ACTION_MOVE, id[0]=0, x[0]=2.0, y[0]=0.0, toolType[0]=TOOL_TYPE_UNKNOWN, buttonState=0, metaState=0, flags=0x0, edgeFlags=0x0, pointerCount=1, historySize=9, eventTime=301857, downTime=-1, deviceId=0, source=0x10004 }
01-07 07:55:35.880   425   451 I dvm_lock_sample: [system_server,1,android.server.ServerThread,6,ActivityStack.java,3490,-,1037,1]
01-07 07:55:35.880   425   451 I am_destroy_activity: [0,555530944,5,com.android.settings/.accounts.ChooseAccountActivity,finish-idle]
01-07 07:55:35.880  5639  5639 W ViewRootImpl: Dropping event due to no window focus: KeyEvent { action=ACTION_DOWN, keyCode=KEYCODE_DPAD_LEFT, scanCode=0, metaState=0, flags=0x400, repeatCount=0, eventTime=301767, downTime=301767, deviceId=-1, source=0x101 }
01-07 07:55:35.880  5639  5639 W ViewRootImpl: Dropping event due to no window focus: MotionEvent { action=ACTION_MOVE, id[0]=0, x[0]=2.0, y[0]=0.0, toolType[0]=TOOL_TYPE_UNKNOWN, buttonState=0, metaState=0, flags=0x0, edgeFlags=0x0, pointerCount=1, historySize=9, eventTime=301857, downTime=-1, deviceId=0, source=0x10004 }
01-07 07:55:35.880  5639  5639 V ViewRootImpl: IME finished event: seq=52 handled=false event=android.view.ViewRootImpl$QueuedInputEvent@20ed2670
01-07 07:55:35.880  5639  5639 V ViewRootImpl: IME finished event: seq=61 handled=false event=android.view.ViewRootImpl$QueuedInputEvent@20edc8f0
01-07 07:55:35.880   425   440 D hwcomposer: isRGBOverlayLayer: got an RGB overlay layer
01-07 07:55:35.890  1229  1229 I am_on_resume_called: [0,com.google.android.gsf.login.AccountIntroUIActivity]
01-07 07:55:35.900   425   440 D hwcomposer: isRGBOverlayLayer: got an RGB overlay layer
01-07 07:55:35.910  5639  5639 W InputEventReceiver: Attempted to finish an input event but the input event receiver has already been disposed.
01-07 07:55:35.910  5639  5639 W InputEventReceiver: Attempted to finish an input event but the input event receiver has already been disposed.
01-07 07:55:35.910  5639  5639 W InputEventReceiver: Attempted to finish an input event but the input event receiver has already been disposed.
01-07 07:55:35.920   425   440 D hwcomposer: isRGBOverlayLayer: got an RGB overlay layer
01-07 07:55:35.930  1229  1229 V ViewRootImpl: Sending key event to IME: seq=391 event=KeyEvent { action=ACTION_DOWN, keyCode=KEYCODE_PAGE_DOWN, scanCode=0, metaState=0, flags=0x8, repeatCount=0, eventTime=301912, downTime=301912, deviceId=-1, source=0x101 }
01-07 07:55:35.930  1229  1229 V ViewRootImpl: IME finished event: seq=391 handled=false event=android.view.ViewRootImpl$QueuedInputEvent@20f0cd30
01-07 07:55:35.930  1229  1229 V ViewRootImpl: Sending key event to IME: seq=392 event=KeyEvent { action=ACTION_UP, keyCode=KEYCODE_NUMPAD_3, scanCode=0, metaState=0, flags=0x8, repeatCount=0, eventTime=301926, downTime=301926, deviceId=-1, source=0x101 }
01-07 07:55:35.930  1229  1229 V ViewRootImpl: IME finished event: seq=392 handled=false event=android.view.ViewRootImpl$QueuedInputEvent@20f0cd30
01-07 07:55:35.940  1229  1229 V ViewRootImpl: Sending key event to IME: seq=393 event=KeyEvent { action=ACTION_UP, keyCode=KEYCODE_PAGE_DOWN, scanCode=0, metaState=0, flags=0x8, repeatCount=0, eventTime=301926, downTime=301926, deviceId=-1, source=0x101 }
01-07 07:55:35.940   425   440 D hwcomposer: isRGBOverlayLayer: got an RGB overlay layer
01-07 07:55:35.950   425   453 I am_activity_launch_time: [0,554496192,com.google.android.gsf.login/.AccountIntroUIActivity,81,97]
01-07 07:55:35.950   425   451 I am_destroy_activity: [0,555320904,5,com.google.android.calendar/com.android.calendar.CalendarSettingsActivity,finish-imm]
01-07 07:55:35.950   425   453 I ActivityManager: Displayed com.google.android.gsf.login/.AccountIntroUIActivity: +81ms (total +97ms)
01-07 07:55:35.950   425   440 D hwcomposer: isRGBOverlayLayer: got an RGB overlay layer
01-07 07:55:35.960   425   453 I am_activity_launch_time: [0,554174832,com.android.settings/.accounts.AddAccountSettings,655,655]
01-07 07:55:35.960   425   453 I ActivityManager: Displayed com.android.settings/.accounts.AddAccountSettings: +655ms
01-07 07:55:35.960  1229  1229 V ViewRootImpl: IME finished event: seq=393 handled=false event=android.view.ViewRootImpl$QueuedInputEvent@20f0cd30
01-07 07:55:35.970   425  5143 I WAKELOCK_RELEASE: TIMESTAMP=301980971242, TAG=ActivityManager-Launch, TYPE=PARTIAL_WAKE_LOCK             , COUNT=0, PID=425, UID=1000
01-07 07:55:35.970   425   440 D hwcomposer: isRGBOverlayLayer: got an RGB overlay layer
01-07 07:55:35.980  1229  1229 V ViewRootImpl: Sending key event to IME: seq=394 event=KeyEvent { action=ACTION_DOWN, keyCode=KEYCODE_F1, scanCode=0, metaState=0, flags=0x8, repeatCount=0, eventTime=301998, downTime=301998, deviceId=-1, source=0x101 }
01-07 07:55:35.990  1229  1229 V ViewRootImpl: IME finished event: seq=394 handled=false event=android.view.ViewRootImpl$QueuedInputEvent@20f0cd30
01-07 07:55:35.990   425   440 D hwcomposer: isRGBOverlayLayer: got an RGB overlay layer
01-07 07:55:35.990  1229  1229 V ViewRootImpl: Sending key event to IME: seq=395 event=KeyEvent { action=ACTION_UP, keyCode=KEYCODE_F1, scanCode=0, metaState=0, flags=0x8, repeatCount=0, eventTime=301999, downTime=301999, deviceId=-1, source=0x101 }
01-07 07:55:35.990  1229  1229 V ViewRootImpl: IME finished event: seq=395 handled=false event=android.view.ViewRootImpl$QueuedInputEvent@20f0cd30
01-07 07:55:36.000  5675  5675 D dalvikvm: GC_EXPLICIT freed 1078K, 34% free 4517K/6808K, paused 1ms+4ms, total 27ms
01-07 07:55:36.000   425   440 D hwcomposer: isRGBOverlayLayer: got an RGB overlay layer
01-07 07:55:36.020   425   440 D hwcomposer: isRGBOverlayLayer: got an RGB overlay layer
01-07 07:55:36.040   425   440 D hwcomposer: isRGBOverlayLayer: got an RGB overlay layer
01-07 07:55:36.060   425   440 D hwcomposer: isRGBOverlayLayer: got an RGB overlay layer
01-07 07:55:36.060  1229  1229 V ViewRootImpl: Sending trackball event to IME: seq=396 event=MotionEvent { action=ACTION_MOVE, id[0]=0, x[0]=-3.0, y[0]=1.0, toolType[0]=TOOL_TYPE_UNKNOWN, buttonState=0, metaState=0, flags=0x0, edgeFlags=0x0, pointerCount=1, historySize=9, eventTime=302059, downTime=-1, deviceId=0, source=0x10004 }
01-07 07:55:36.060  1229  1229 V ViewRootImpl: IME finished event: seq=396 handled=false event=android.view.ViewRootImpl$QueuedInputEvent@20f0cd30
01-07 07:55:36.060  1229  1229 V ViewRootImpl: Sending key event to IME: seq=397 event=KeyEvent { action=ACTION_DOWN, keyCode=KEYCODE_DPAD_LEFT, scanCode=0, metaState=0, flags=0x400, repeatCount=0, eventTime=302073, downTime=302073, deviceId=-1, source=0x101 }
01-07 07:55:36.060  1229  1229 V ViewRootImpl: IME finished event: seq=397 handled=false event=android.view.ViewRootImpl$QueuedInputEvent@20e0c0b0
01-07 07:55:36.060  1229  1229 V ViewRootImpl: Sending key event to IME: seq=398 event=KeyEvent { action=ACTION_UP, keyCode=KEYCODE_DPAD_LEFT, scanCode=0, metaState=0, flags=0x400, repeatCount=0, eventTime=302073, downTime=302073, deviceId=-1, source=0x101 }
01-07 07:55:36.060  1229  1229 V ViewRootImpl: IME finished event: seq=398 handled=false event=android.view.ViewRootImpl$QueuedInputEvent@20e16dd8
01-07 07:55:36.060  1229  1229 V ViewRootImpl: Sending key event to IME: seq=399 event=KeyEvent { action=ACTION_DOWN, keyCode=KEYCODE_DPAD_LEFT, scanCode=0, metaState=0, flags=0x400, repeatCount=0, eventTime=302073, downTime=302073, deviceId=-1, source=0x101 }
01-07 07:55:36.060  1229  1229 V ViewRootImpl: IME finished event: seq=399 handled=false event=android.view.ViewRootImpl$QueuedInputEvent@20e16e10
01-07 07:55:36.070  1229  1229 V ViewRootImpl: Sending key event to IME: seq=400 event=KeyEvent { action=ACTION_UP, keyCode=KEYCODE_DPAD_LEFT, scanCode=0, metaState=0, flags=0x400, repeatCount=0, eventTime=302073, downTime=302073, deviceId=-1, source=0x101 }
01-07 07:55:36.070  1229  1229 V ViewRootImpl: IME finished event: seq=400 handled=false event=android.view.ViewRootImpl$QueuedInputEvent@20e16e48
01-07 07:55:36.070  1229  1229 V ViewRootImpl: Sending key event to IME: seq=401 event=KeyEvent { action=ACTION_DOWN, keyCode=KEYCODE_DPAD_LEFT, scanCode=0, metaState=0, flags=0x400, repeatCount=0, eventTime=302073, downTime=302073, deviceId=-1, source=0x101 }
01-07 07:55:36.070  1229  1229 V ViewRootImpl: IME finished event: seq=401 handled=false event=android.view.ViewRootImpl$QueuedInputEvent@20e16e80
01-07 07:55:36.070  1229  1229 V ViewRootImpl: Sending key event to IME: seq=402 event=KeyEvent { action=ACTION_UP, keyCode=KEYCODE_DPAD_LEFT, scanCode=0, metaState=0, flags=0x400, repeatCount=0, eventTime=302073, downTime=302073, deviceId=-1, source=0x101 }
01-07 07:55:36.070  1229  1229 V ViewRootImpl: IME finished event: seq=402 handled=false event=android.view.ViewRootImpl$QueuedInputEvent@20e16eb8
01-07 07:55:36.070  1229  1229 V ViewRootImpl: Sending key event to IME: seq=403 event=KeyEvent { action=ACTION_DOWN, keyCode=KEYCODE_MENU, scanCode=0, metaState=0, flags=0x8, repeatCount=0, eventTime=302060, downTime=302060, deviceId=-1, source=0x101 }
01-07 07:55:36.070   425   440 D hwcomposer: isRGBOverlayLayer: got an RGB overlay layer
01-07 07:55:36.070  1229  1229 V ViewRootImpl: IME finished event: seq=403 handled=false event=android.view.ViewRootImpl$QueuedInputEvent@20f0cd30
01-07 07:55:36.070  1229  1229 V ViewRootImpl: Sending key event to IME: seq=404 event=KeyEvent { action=ACTION_UP, keyCode=KEYCODE_MENU, scanCode=0, metaState=0, flags=0x8, repeatCount=0, eventTime=302074, downTime=302074, deviceId=-1, source=0x101 }
01-07 07:55:36.080  1229  1229 V ViewRootImpl: IME finished event: seq=404 handled=false event=android.view.ViewRootImpl$QueuedInputEvent@20f0cd30
01-07 07:55:36.090   425   440 D hwcomposer: isRGBOverlayLayer: got an RGB overlay layer
01-07 07:55:36.120   425   440 D hwcomposer: isRGBOverlayLayer: got an RGB overlay layer
01-07 07:55:36.120   425   440 D hwcomposer: isRGBOverlayLayer: got an RGB overlay layer
01-07 07:55:36.130  1229  1229 V ViewRootImpl: Sending key event to IME: seq=405 event=KeyEvent { action=ACTION_DOWN, keyCode=KEYCODE_MENU, scanCode=0, metaState=0, flags=0x8, repeatCount=0, eventTime=302140, downTime=302140, deviceId=-1, source=0x101 }
01-07 07:55:36.130  1229  1229 V ViewRootImpl: IME finished event: seq=405 handled=false event=android.view.ViewRootImpl$QueuedInputEvent@20f0cd30
01-07 07:55:36.130  1229  1229 V ViewRootImpl: Sending key event to IME: seq=406 event=KeyEvent { action=ACTION_UP, keyCode=KEYCODE_MENU, scanCode=0, metaState=0, flags=0x8, repeatCount=0, eventTime=302142, downTime=302142, deviceId=-1, source=0x101 }
01-07 07:55:36.130  1229  1229 V ViewRootImpl: IME finished event: seq=406 handled=false event=android.view.ViewRootImpl$QueuedInputEvent@20f0cd30
01-07 07:55:36.150   425   440 D hwcomposer: isRGBOverlayLayer: got an RGB overlay layer
01-07 07:55:36.170   425   440 D hwcomposer: isRGBOverlayLayer: got an RGB overlay layer
01-07 07:55:36.180   425   440 D hwcomposer: isRGBOverlayLayer: got an RGB overlay layer
01-07 07:55:36.190   425   440 D hwcomposer: isRGBOverlayLayer: got an RGB overlay layer
01-07 07:55:36.210   425   440 D hwcomposer: isRGBOverlayLayer: got an RGB overlay layer
01-07 07:55:36.230   425   440 D hwcomposer: isRGBOverlayLayer: got an RGB overlay layer
01-07 07:55:36.240   425   440 D hwcomposer: isRGBOverlayLayer: got an RGB overlay layer
01-07 07:55:36.240   425   440 D hwcomposer: isSpriteLayer: got a sprite layer
01-07 07:55:36.250  1229  1229 V ViewRootImpl: Sending key event to IME: seq=411 event=KeyEvent { action=ACTION_DOWN, keyCode=KEYCODE_DPAD_DOWN, scanCode=0, metaState=0, flags=0x8, repeatCount=0, eventTime=302259, downTime=302259, deviceId=-1, source=0x101 }
01-07 07:55:36.250  1229  1229 V ViewRootImpl: IME finished event: seq=411 handled=false event=android.view.ViewRootImpl$QueuedInputEvent@20f0cd30
01-07 07:55:36.250  1229  1229 V ViewRootImpl: Sending key event to IME: seq=412 event=KeyEvent { action=ACTION_UP, keyCode=KEYCODE_DPAD_DOWN, scanCode=0, metaState=0, flags=0x8, repeatCount=0, eventTime=302260, downTime=302260, deviceId=-1, source=0x101 }
01-07 07:55:36.250  1229  1229 V ViewRootImpl: IME finished event: seq=412 handled=false event=android.view.ViewRootImpl$QueuedInputEvent@20f0cd30
01-07 07:55:36.260   425   673 I WAKELOCK_RELEASE: TIMESTAMP=302275743241, TAG=AudioOut_2, TYPE=PARTIAL_WAKE_LOCK             , COUNT=0, PID=147, UID=1013
01-07 07:55:36.260   425   425 I WAKELOCK_RELEASE: TIMESTAMP=302278671508, TAG=AudioOut_3, TYPE=PARTIAL_WAKE_LOCK             , COUNT=0, PID=147, UID=1013
01-07 07:55:36.260   425   440 D hwcomposer: isRGBOverlayLayer: got an RGB overlay layer
01-07 07:55:36.260   425   440 D hwcomposer: isSpriteLayer: got a sprite layer
01-07 07:55:36.280   425   440 D hwcomposer: isRGBOverlayLayer: got an RGB overlay layer
01-07 07:55:36.280   425   440 D hwcomposer: isSpriteLayer: got a sprite layer
01-07 07:55:36.300   425   440 D hwcomposer: isRGBOverlayLayer: got an RGB overlay layer
01-07 07:55:36.300   425   440 D hwcomposer: isSpriteLayer: got a sprite layer
01-07 07:55:36.300  1229  1229 V ViewRootImpl: Sending key event to IME: seq=413 event=KeyEvent { action=ACTION_DOWN, keyCode=KEYCODE_INFO, scanCode=0, metaState=0, flags=0x8, repeatCount=0, eventTime=302314, downTime=302314, deviceId=-1, source=0x101 }
01-07 07:55:36.300  1229  1229 V ViewRootImpl: IME finished event: seq=413 handled=false event=android.view.ViewRootImpl$QueuedInputEvent@20f0cd30
01-07 07:55:36.300  1229  1229 V ViewRootImpl: Sending key event to IME: seq=414 event=KeyEvent { action=ACTION_UP, keyCode=KEYCODE_INFO, scanCode=0, metaState=0, flags=0x8, repeatCount=0, eventTime=302317, downTime=302317, deviceId=-1, source=0x101 }
01-07 07:55:36.310  1229  1229 V ViewRootImpl: IME finished event: seq=414 handled=false event=android.view.ViewRootImpl$QueuedInputEvent@20f0cd30
01-07 07:55:36.310   425   440 D hwcomposer: isRGBOverlayLayer: got an RGB overlay layer
01-07 07:55:36.310   425   440 D hwcomposer: isSpriteLayer: got a sprite layer
01-07 07:55:36.360  1229  1229 V ViewRootImpl: Sending key event to IME: seq=415 event=KeyEvent { action=ACTION_DOWN, keyCode=KEYCODE_MENU, scanCode=0, metaState=0, flags=0x8, repeatCount=0, eventTime=302370, downTime=302370, deviceId=-1, source=0x101 }
01-07 07:55:36.360  1229  1229 V ViewRootImpl: IME finished event: seq=415 handled=false event=android.view.ViewRootImpl$QueuedInputEvent@20f0cd30
01-07 07:55:36.360  1229  1229 V ViewRootImpl: Sending key event to IME: seq=416 event=KeyEvent { action=ACTION_UP, keyCode=KEYCODE_MENU, scanCode=0, metaState=0, flags=0x8, repeatCount=0, eventTime=302371, downTime=302371, deviceId=-1, source=0x101 }
01-07 07:55:36.360  1229  1229 V ViewRootImpl: IME finished event: seq=416 handled=false event=android.view.ViewRootImpl$QueuedInputEvent@20f0cd30
01-07 07:55:36.410  1229  1229 V ViewRootImpl: Sending key event to IME: seq=417 event=KeyEvent { action=ACTION_DOWN, keyCode=KEYCODE_DPAD_UP, scanCode=0, metaState=0, flags=0x8, repeatCount=0, eventTime=302423, downTime=302423, deviceId=-1, source=0x101 }
01-07 07:55:36.410  1229  1229 V ViewRootImpl: IME finished event: seq=417 handled=false event=android.view.ViewRootImpl$QueuedInputEvent@20f0cd30
01-07 07:55:36.410  1229  1229 V ViewRootImpl: Sending key event to IME: seq=418 event=KeyEvent { action=ACTION_UP, keyCode=KEYCODE_DPAD_UP, scanCode=0, metaState=0, flags=0x8, repeatCount=0, eventTime=302424, downTime=302424, deviceId=-1, source=0x101 }
01-07 07:55:36.410  1229  1229 V ViewRootImpl: IME finished event: seq=418 handled=false event=android.view.ViewRootImpl$QueuedInputEvent@20f0cd30
01-07 07:55:36.480  1229  1229 V ViewRootImpl: Sending trackball event to IME: seq=421 event=MotionEvent { action=ACTION_MOVE, id[0]=0, x[0]=2.0, y[0]=4.0, toolType[0]=TOOL_TYPE_UNKNOWN, buttonState=0, metaState=0, flags=0x0, edgeFlags=0x0, pointerCount=1, historySize=9, eventTime=302485, downTime=-1, deviceId=0, source=0x10004 }
01-07 07:55:36.490   425   450 I am_finish_activity: [0,554496192,5,com.google.android.gsf.login/.AccountIntroUIActivity,app-request]
01-07 07:55:36.550  1583  1583 I binder_sample: [android.hardware.display.IDisplayManager,1,30,com.android.commands.monkey,6]
01-07 07:55:36.550   425   450 D dalvikvm: GC_FOR_ALLOC freed 3972K, 28% free 15897K/21940K, paused 50ms, total 50ms
01-07 07:55:36.560   425   450 I WAKELOCK_ACQUIRE: TIMESTAMP=302572669268, TAG=ActivityManager-Launch, TYPE=PARTIAL_WAKE_LOCK             , COUNT=0, PID=425, UID=1000
01-07 07:55:36.560   425   450 I am_pause_activity: [0,554496192,com.google.android.gsf.login/.AccountIntroUIActivity]
01-07 07:55:36.560  1229  1229 I am_on_paused_called: [0,com.google.android.gsf.login.AccountIntroUIActivity]
01-07 07:55:36.560   425  5187 I am_resume_activity: [0,555076384,5,com.google.android.gsf.login/.AccountIntroActivity]
01-07 07:55:36.560  1229  1229 V ViewRootImpl: IME finished event: seq=421 handled=false event=android.view.ViewRootImpl$QueuedInputEvent@20f0cd30
01-07 07:55:36.570  1229  1229 V ViewRootImpl: Sending key event to IME: seq=422 event=KeyEvent { action=ACTION_DOWN, keyCode=KEYCODE_DPAD_DOWN, scanCode=0, metaState=0, flags=0x400, repeatCount=0, eventTime=302574, downTime=302574, deviceId=-1, source=0x101 }
01-07 07:55:36.580   425   715 I ActivityManager: START u0 {cmp=com.google.android.gsf.login/.LoginActivity (has extras)} from pid 1229
01-07 07:55:36.580   425   715 I WAKELOCK_ACQUIRE: TIMESTAMP=302596171678, TAG=ActivityManager-Launch, TYPE=PARTIAL_WAKE_LOCK             , COUNT=0, PID=425, UID=1000
01-07 07:55:36.580   425   715 I am_create_activity: [0,551503344,5,com.google.android.gsf.login/.LoginActivity,NULL,NULL,NULL,8388608]
01-07 07:55:36.580   425   715 I am_pause_activity: [0,555076384,com.google.android.gsf.login/.AccountIntroActivity]
01-07 07:55:36.580  1229  1229 I am_on_resume_called: [0,com.google.android.gsf.login.AccountIntroActivity]
01-07 07:55:36.580  1229  1229 V ViewRootImpl: IME finished event: seq=422 handled=false event=android.view.ViewRootImpl$QueuedInputEvent@20e16eb8
01-07 07:55:36.590  1229  1229 I am_on_paused_called: [0,com.google.android.gsf.login.AccountIntroActivity]
01-07 07:55:36.590   425   673 I am_restart_activity: [0,551503344,5,com.google.android.gsf.login/.LoginActivity]
01-07 07:55:36.590   425   440 D hwcomposer: isRGBOverlayLayer: got an RGB overlay layer
01-07 07:55:36.590   425   440 D hwcomposer: isSpriteLayer: got a sprite layer
01-07 07:55:36.600  1229  1229 V ViewRootImpl: Sending key event to IME: seq=423 event=KeyEvent { action=ACTION_UP, keyCode=KEYCODE_DPAD_DOWN, scanCode=0, metaState=0, flags=0x400, repeatCount=0, eventTime=302574, downTime=302574, deviceId=-1, source=0x101 }
01-07 07:55:36.610   425   671 I ActivityManager: START u0 {cmp=com.google.android.gsf.login/.UsernamePasswordActivity (has extras)} from pid 1229
01-07 07:55:36.610   425   671 I WAKELOCK_ACQUIRE: TIMESTAMP=302624278305, TAG=ActivityManager-Launch, TYPE=PARTIAL_WAKE_LOCK             , COUNT=0, PID=425, UID=1000
01-07 07:55:36.610   425   671 I am_create_activity: [0,551812896,5,com.google.android.gsf.login/.UsernamePasswordActivity,NULL,NULL,NULL,0]
01-07 07:55:36.610   425   671 I am_pause_activity: [0,551503344,com.google.android.gsf.login/.LoginActivity]
01-07 07:55:36.610  1229  1229 I am_on_resume_called: [0,com.google.android.gsf.login.LoginActivity]
01-07 07:55:36.610  1229  1229 I am_on_paused_called: [0,com.google.android.gsf.login.LoginActivity]
01-07 07:55:36.610  1229  1229 V ViewRootImpl: IME finished event: seq=423 handled=false event=android.view.ViewRootImpl$QueuedInputEvent@20e16e80
01-07 07:55:36.620   425   715 I am_restart_activity: [0,551812896,5,com.google.android.gsf.login/.UsernamePasswordActivity]
01-07 07:55:36.620   425   440 D hwcomposer: isRGBOverlayLayer: got an RGB overlay layer
01-07 07:55:36.620   425   440 D hwcomposer: isSpriteLayer: got a sprite layer
01-07 07:55:36.630  1229  1229 V ViewRootImpl: Sending key event to IME: seq=424 event=KeyEvent { action=ACTION_DOWN, keyCode=KEYCODE_DPAD_DOWN, scanCode=0, metaState=0, flags=0x400, repeatCount=0, eventTime=302574, downTime=302574, deviceId=-1, source=0x101 }
01-07 07:55:36.640   425   440 D hwcomposer: isRGBOverlayLayer: got an RGB overlay layer
01-07 07:55:36.640   425   440 D hwcomposer: isSpriteLayer: got a sprite layer
01-07 07:55:36.660   425   440 D hwcomposer: isRGBOverlayLayer: got an RGB overlay layer
01-07 07:55:36.660   425   440 D hwcomposer: isSpriteLayer: got a sprite layer
01-07 07:55:36.660  1229  1229 I am_on_resume_called: [0,com.google.android.gsf.login.UsernamePasswordActivity]
01-07 07:55:36.670  1229  1229 W ViewRootImpl: Dropping event due to no window focus: KeyEvent { action=ACTION_DOWN, keyCode=KEYCODE_DPAD_DOWN, scanCode=0, metaState=0, flags=0x400, repeatCount=0, eventTime=302574, downTime=302574, deviceId=-1, source=0x101 }
01-07 07:55:36.670  1229  1229 V ViewRootImpl: IME finished event: seq=424 handled=false event=android.view.ViewRootImpl$QueuedInputEvent@20e16e48
01-07 07:55:36.670  1229  1229 V ViewRootImpl: Sending key event to IME: seq=425 event=KeyEvent { action=ACTION_UP, keyCode=KEYCODE_DPAD_DOWN, scanCode=0, metaState=0, flags=0x400, repeatCount=0, eventTime=302574, downTime=302574, deviceId=-1, source=0x101 }
01-07 07:55:36.670  1229  1229 V ViewRootImpl: IME finished event: seq=425 handled=false event=android.view.ViewRootImpl$QueuedInputEvent@20e16e10
01-07 07:55:36.670  1229  1229 V ViewRootImpl: Sending key event to IME: seq=426 event=KeyEvent { action=ACTION_DOWN, keyCode=KEYCODE_DPAD_DOWN, scanCode=0, metaState=0, flags=0x400, repeatCount=0, eventTime=302574, downTime=302574, deviceId=-1, source=0x101 }
01-07 07:55:36.670   425   440 D hwcomposer: isRGBOverlayLayer: got an RGB overlay layer
01-07 07:55:36.670   425   440 D hwcomposer: isSpriteLayer: got a sprite layer
01-07 07:55:36.690   425   440 D hwcomposer: isRGBOverlayLayer: got an RGB overlay layer
01-07 07:55:36.690   425   440 D hwcomposer: isSpriteLayer: got a sprite layer
01-07 07:55:36.710  1229  1229 V ViewRootImpl: IME finished event: seq=426 handled=false event=android.view.ViewRootImpl$QueuedInputEvent@20e16dd8
01-07 07:55:36.710   425   440 D hwcomposer: isRGBOverlayLayer: got an RGB overlay layer
01-07 07:55:36.710  1229  1229 W ViewRootImpl: Dropping event due to no window focus: KeyEvent { action=ACTION_DOWN, keyCode=KEYCODE_DPAD_DOWN, scanCode=0, metaState=0, flags=0x400, repeatCount=0, eventTime=302574, downTime=302574, deviceId=-1, source=0x101 }
01-07 07:55:36.710  1583  1583 I binder_sample: [android.hardware.input.IInputManager,5,17,com.android.commands.monkey,3]
01-07 07:55:36.710   425   440 D hwcomposer: isSpriteLayer: got a sprite layer
01-07 07:55:36.720   425   453 I am_activity_launch_time: [0,551812896,com.google.android.gsf.login/.UsernamePasswordActivity,104,134]
01-07 07:55:36.720   425   453 I ActivityManager: Displayed com.google.android.gsf.login/.UsernamePasswordActivity: +104ms (total +134ms)
01-07 07:55:36.720   425   440 D hwcomposer: isRGBOverlayLayer: got an RGB overlay layer
01-07 07:55:36.720   425   440 D hwcomposer: isSpriteLayer: got a sprite layer
01-07 07:55:36.740  1229  1229 V ViewRootImpl: Sending key event to IME: seq=427 event=KeyEvent { action=ACTION_UP, keyCode=KEYCODE_DPAD_DOWN, scanCode=0, metaState=0, flags=0x400, repeatCount=0, eventTime=302574, downTime=302574, deviceId=-1, source=0x101 }
01-07 07:55:36.760   425   440 D hwcomposer: bool IntelOverlayContext::disable(): disable overlay...
01-07 07:55:36.790   425   670 I WAKELOCK_RELEASE: TIMESTAMP=302801283182, TAG=ActivityManager-Launch, TYPE=PARTIAL_WAKE_LOCK             , COUNT=0, PID=425, UID=1000
01-07 07:55:36.830  1229  1229 V ViewRootImpl: Sending trackball event to IME: seq=434 event=MotionEvent { action=ACTION_MOVE, id[0]=0, x[0]=0.0, y[0]=-4.0, toolType[0]=TOOL_TYPE_UNKNOWN, buttonState=0, metaState=0, flags=0x0, edgeFlags=0x0, pointerCount=1, historySize=9, eventTime=302836, downTime=-1, deviceId=0, source=0x10004 }
01-07 07:55:36.870   425  3716 I notification_enqueue: [android,17040479,NULL,-1,Notification(pri=0 contentView=android/0x109008f vibrate=null sound=null defaults=0x0 flags=0x2 kind=[android.system.imeswitcher])]
01-07 07:55:36.870   425  5187 I notification_enqueue: [android,17040479,NULL,-1,Notification(pri=0 contentView=android/0x109008f vibrate=null sound=null defaults=0x0 flags=0x2 kind=[android.system.imeswitcher])]
01-07 07:55:36.870  1229  1229 V ViewRootImpl: IME finished event: seq=427 handled=false event=android.view.ViewRootImpl$QueuedInputEvent@20e0c0b0
01-07 07:55:36.880  1229  1229 V ViewRootImpl: Sending key event to IME: seq=428 event=KeyEvent { action=ACTION_DOWN, keyCode=KEYCODE_DPAD_DOWN, scanCode=0, metaState=0, flags=0x400, repeatCount=0, eventTime=302574, downTime=302574, deviceId=-1, source=0x101 }
01-07 07:55:36.920  1229  1229 W ViewRootImpl: Dropping event due to no window focus: KeyEvent { action=ACTION_DOWN, keyCode=KEYCODE_DPAD_DOWN, scanCode=0, metaState=0, flags=0x400, repeatCount=0, eventTime=302574, downTime=302574, deviceId=-1, source=0x101 }
01-07 07:55:36.920  1583  1583 I binder_sample: [android.hardware.input.IInputManager,5,97,com.android.commands.monkey,19]
01-07 07:55:36.920  1229  1229 V ViewRootImpl: IME finished event: seq=434 handled=false event=android.view.ViewRootImpl$QueuedInputEvent@20f83de8
01-07 07:55:36.920  1229  1229 V ViewRootImpl: Sending key event to IME: seq=435 event=KeyEvent { action=ACTION_DOWN, keyCode=KEYCODE_DPAD_UP, scanCode=0, metaState=0, flags=0x400, repeatCount=0, eventTime=302932, downTime=302932, deviceId=-1, source=0x101 }
01-07 07:55:36.920  1229  1229 V ViewRootImpl: IME finished event: seq=428 handled=false event=android.view.ViewRootImpl$QueuedInputEvent@20e71848
01-07 07:55:36.920  1229  1229 V ViewRootImpl: Sending key event to IME: seq=429 event=KeyEvent { action=ACTION_UP, keyCode=KEYCODE_DPAD_DOWN, scanCode=0, metaState=0, flags=0x400, repeatCount=0, eventTime=302574, downTime=302574, deviceId=-1, source=0x101 }
01-07 07:55:36.980  1229  1229 V ViewRootImpl: IME finished event: seq=435 handled=false event=android.view.ViewRootImpl$QueuedInputEvent@20e4f2d0
01-07 07:55:36.980  1229  1229 V ViewRootImpl: IME finished event: seq=429 handled=false event=android.view.ViewRootImpl$QueuedInputEvent@20e71880
01-07 07:55:36.980  1229  1229 V ViewRootImpl: Sending key event to IME: seq=436 event=KeyEvent { action=ACTION_UP, keyCode=KEYCODE_DPAD_UP, scanCode=0, metaState=0, flags=0x400, repeatCount=0, eventTime=302932, downTime=302932, deviceId=-1, source=0x101 }
01-07 07:55:36.980  1229  1229 V ViewRootImpl: IME finished event: seq=436 handled=false event=android.view.ViewRootImpl$QueuedInputEvent@20e4f620
01-07 07:55:36.980  1229  1229 V ViewRootImpl: Sending key event to IME: seq=437 event=KeyEvent { action=ACTION_DOWN, keyCode=KEYCODE_DPAD_UP, scanCode=0, metaState=0, flags=0x400, repeatCount=0, eventTime=302932, downTime=302932, deviceId=-1, source=0x101 }
01-07 07:55:36.980  1229  1229 V ViewRootImpl: IME finished event: seq=437 handled=false event=android.view.ViewRootImpl$QueuedInputEvent@20e4f658
01-07 07:55:36.990  1229  1229 V ViewRootImpl: Sending key event to IME: seq=438 event=KeyEvent { action=ACTION_UP, keyCode=KEYCODE_DPAD_UP, scanCode=0, metaState=0, flags=0x400, repeatCount=0, eventTime=302932, downTime=302932, deviceId=-1, source=0x101 }
01-07 07:55:36.990  1229  1229 V ViewRootImpl: IME finished event: seq=438 handled=false event=android.view.ViewRootImpl$QueuedInputEvent@20e4f690
01-07 07:55:36.990  1229  1229 V ViewRootImpl: Sending key event to IME: seq=439 event=KeyEvent { action=ACTION_DOWN, keyCode=KEYCODE_DPAD_UP, scanCode=0, metaState=0, flags=0x400, repeatCount=0, eventTime=302932, downTime=302932, deviceId=-1, source=0x101 }
01-07 07:55:36.990  1229  1229 V ViewRootImpl: IME finished event: seq=439 handled=false event=android.view.ViewRootImpl$QueuedInputEvent@20e4f6c8
01-07 07:55:36.990  1229  1229 V ViewRootImpl: Sending key event to IME: seq=440 event=KeyEvent { action=ACTION_UP, keyCode=KEYCODE_DPAD_UP, scanCode=0, metaState=0, flags=0x400, repeatCount=0, eventTime=302932, downTime=302932, deviceId=-1, source=0x101 }
01-07 07:55:36.990  1229  1229 V ViewRootImpl: IME finished event: seq=440 handled=false event=android.view.ViewRootImpl$QueuedInputEvent@20e4f700
01-07 07:55:36.990  1229  1229 V ViewRootImpl: Sending key event to IME: seq=441 event=KeyEvent { action=ACTION_DOWN, keyCode=KEYCODE_DPAD_UP, scanCode=0, metaState=0, flags=0x400, repeatCount=0, eventTime=302932, downTime=302932, deviceId=-1, source=0x101 }
01-07 07:55:36.990  1229  1229 V ViewRootImpl: IME finished event: seq=441 handled=false event=android.view.ViewRootImpl$QueuedInputEvent@20e4f738
01-07 07:55:36.990  1229  1229 V ViewRootImpl: Sending key event to IME: seq=442 event=KeyEvent { action=ACTION_UP, keyCode=KEYCODE_DPAD_UP, scanCode=0, metaState=0, flags=0x400, repeatCount=0, eventTime=302932, downTime=302932, deviceId=-1, source=0x101 }
01-07 07:55:37.000  1229  1229 V ViewRootImpl: IME finished event: seq=442 handled=false event=android.view.ViewRootImpl$QueuedInputEvent@20e4f770
01-07 07:55:37.000  1229  1229 V ViewRootImpl: Sending key event to IME: seq=443 event=KeyEvent { action=ACTION_DOWN, keyCode=KEYCODE_DPAD_UP, scanCode=0, metaState=0, flags=0x8, repeatCount=0, eventTime=302837, downTime=302837, deviceId=-1, source=0x101 }
01-07 07:55:37.000  1583  1583 I binder_sample: [android.hardware.input.IInputManager,5,80,com.android.commands.monkey,16]
01-07 07:55:37.000  1229  1229 V ViewRootImpl: IME finished event: seq=443 handled=false event=android.view.ViewRootImpl$QueuedInputEvent@20f83de8
01-07 07:55:37.000  1229  1229 V ViewRootImpl: Sending key event to IME: seq=444 event=KeyEvent { action=ACTION_UP, keyCode=KEYCODE_DPAD_UP, scanCode=0, metaState=0, flags=0x8, repeatCount=0, eventTime=302934, downTime=302934, deviceId=-1, source=0x101 }
01-07 07:55:37.000  1229  1229 V ViewRootImpl: IME finished event: seq=444 handled=false event=android.view.ViewRootImpl$QueuedInputEvent@20f83de8
01-07 07:55:37.050   425   451 I am_destroy_activity: [0,554496192,5,com.google.android.gsf.login/.AccountIntroUIActivity,finish-imm]
01-07 07:55:37.050  1229  1229 V ViewRootImpl: Sending key event to IME: seq=445 event=KeyEvent { action=ACTION_DOWN, keyCode=KEYCODE_DPAD_CENTER, scanCode=0, metaState=0, flags=0x8, repeatCount=0, eventTime=303065, downTime=303065, deviceId=-1, source=0x101 }
01-07 07:55:37.070   425   440 D hwcomposer: isRGBOverlayLayer: got an RGB overlay layer
01-07 07:55:37.070   425   514 I WifiHW  : CMD: SIGNAL_POLL
01-07 07:55:37.070  5147  5147 D wpa_supplicant: RX ctrl_iface - hexdump(len=11): 53 49 47 4e 41 4c 5f 50 4f 4c 4c
01-07 07:55:37.070  5147  5147 D wpa_supplicant: wlan0: Control interface command 'SIGNAL_POLL'
01-07 07:55:37.080  1229  1229 D dalvikvm: GC_EXPLICIT freed 1018K, 38% free 4561K/7268K, paused 4ms+1ms, total 27ms
01-07 07:55:37.090   425   440 D hwcomposer: isRGBOverlayLayer: got an RGB overlay layer
01-07 07:55:37.090  5147  5147 D wpa_supplicant: nl80211: survey data missing!
01-07 07:55:37.090   425   514 I WifiHW  : REPLY: RSSI=-47
01-07 07:55:37.090   425   514 I WifiHW  : REPLY: LINKSPEED=65
01-07 07:55:37.090   425   514 I WifiHW  : REPLY: NOISE=9999
01-07 07:55:37.090   425   514 I WifiHW  : REPLY: FREQUENCY=0
01-07 07:55:37.100  1229  1229 V ViewRootImpl: IME finished event: seq=445 handled=false event=android.view.ViewRootImpl$QueuedInputEvent@20f83de8
01-07 07:55:37.100   425   440 D hwcomposer: isRGBOverlayLayer: got an RGB overlay layer
01-07 07:55:37.100  1229  1229 V ViewRootImpl: Sending key event to IME: seq=446 event=KeyEvent { action=ACTION_UP, keyCode=KEYCODE_DPAD_CENTER, scanCode=0, metaState=0, flags=0x8, repeatCount=0, eventTime=303066, downTime=303066, deviceId=-1, source=0x101 }
01-07 07:55:37.110   425   425 I notification_enqueue: [android,17040479,NULL,-1,Notification(pri=0 contentView=android/0x109008f vibrate=null sound=null defaults=0x0 flags=0x2 kind=[android.system.imeswitcher])]
01-07 07:55:37.110  1229  1229 V ViewRootImpl: IME finished event: seq=446 handled=false event=android.view.ViewRootImpl$QueuedInputEvent@20f83de8
01-07 07:55:37.120   425   440 D hwcomposer: isRGBOverlayLayer: got an RGB overlay layer
01-07 07:55:37.140   425   440 D hwcomposer: isRGBOverlayLayer: got an RGB overlay layer
01-07 07:55:37.150   425   440 D hwcomposer: isRGBOverlayLayer: got an RGB overlay layer
