01-07 07:55:25.570  1229  1229 I am_on_resume_called: [0,com.google.android.gsf.login.AccountIntroActivity]
01-07 07:55:25.570  1229  1229 I GLSActivity: Starting account intro Intent { flg=0x80000 cmp=com.google.android.gsf.login/.AccountIntroActivity (has extras) }
01-07 07:55:25.570   425   453 I ActivityManager: Displayed com.google.android.apps.plus/.phone.AccountSelectionActivity: +537ms (total +922ms)
01-07 07:55:25.570    39    39 I KERNEL  : [  291.483251] send sigkill to 4728 (d.apps.uploader), adj 1000, size 9800
01-07 07:55:25.580  5586  5586 D OpenGLRenderer: Enabling debug mode 0
01-07 07:55:25.590   425   670 I ActivityManager: Process com.google.android.apps.uploader (pid 4728) has died.
01-07 07:55:25.590   425   782 I WAKELOCK_ACQUIRE: TIMESTAMP=291601179074, TAG=com.google.android.music.playback.LocalAsyncMediaPlayer, TYPE=PARTIAL_WAKE_LOCK             , COUNT=0, PID=971, UID=10042
01-07 07:55:25.590   425   670 I am_proc_died: [0,4728,com.google.android.apps.uploader]
01-07 07:55:25.600  4097  4097 W ThumbnailCache: Low Memory: Freed 0 textures from compression queue, 0 from write queue, 1 from the pinned list, 0 from the cache.
01-07 07:55:25.600  4097  4097 W ThumbnailCache: Low Memory: Freed 0 textures from compression queue, 0 from write queue, 0 from the pinned list, 0 from the cache.
01-07 07:55:25.600  5491  5498 D dalvikvm: Rejecting registerization due to +iget-quick v3, v5, (#20)
01-07 07:55:25.600   762   770 D dalvikvm: Rejecting registerization due to ushr-int/lit8 v4, v7, (#19)
01-07 07:55:25.610  4097  4104 D dalvikvm: Rejecting registerization due to +iget-object-quick v6, v8, (#8)
01-07 07:55:25.610  4181  4188 D dalvikvm: Rejecting registerization due to array-length v2, v7, (#0)
01-07 07:55:25.610   425   715 I am_finish_activity: [0,555363920,54,android/.accounts.ChooseTypeAndAccountActivity,app-request]
01-07 07:55:25.610  4097  4104 D dalvikvm: Rejecting registerization due to +iget-object-quick v6, v8, (#8)
01-07 07:55:25.620   425   425 W ActivityManager: Duplicate finish request for ActivityRecord{211a2e50 u0 android/.accounts.ChooseTypeAndAccountActivity}
01-07 07:55:25.620   425   673 W ActivityManager: Duplicate finish request for ActivityRecord{211a2e50 u0 android/.accounts.ChooseTypeAndAccountActivity}
01-07 07:55:25.620  1229  1229 I am_on_resume_called: [0,com.google.android.gsf.login.AccountIntroUIActivity]
01-07 07:55:25.620  5586  5586 I am_on_paused_called: [0,android.accounts.ChooseTypeAndAccountActivity]
01-07 07:55:25.630   425   453 I WAKELOCK_ACQUIRE: TIMESTAMP=291646458867, TAG=WindowManager, TYPE=SCREEN_BRIGHT_WAKE_LOCK       , COUNT=0, PID=425, UID=1000
01-07 07:55:25.630  5572  5572 D OpenGLRenderer: Enabling debug mode 0
01-07 07:55:25.640   425   436 I WAKELOCK_RELEASE: TIMESTAMP=291654509040, TAG=WindowManager, TYPE=SCREEN_BRIGHT_WAKE_LOCK       , COUNT=0, PID=425, UID=1000
01-07 07:55:25.640   425  5187 I WAKELOCK_ACQUIRE: TIMESTAMP=291654805389, TAG=com.google.android.music.playback.LocalAsyncMediaPlayer, TYPE=PARTIAL_WAKE_LOCK             , COUNT=0, PID=971, UID=10042
01-07 07:55:25.640   425   712 I WAKELOCK_RELEASE: TIMESTAMP=291659170398, TAG=com.google.android.music.playback.LocalAsyncMediaPlayer, TYPE=PARTIAL_WAKE_LOCK             , COUNT=0, PID=971, UID=10042
01-07 07:55:25.640   425   436 I am_resume_activity: [0,555109864,54,com.google.android.gsf.login/.AccountIntroUIActivity]
01-07 07:55:25.650   425   425 I WAKELOCK_ACQUIRE: TIMESTAMP=291665256674, TAG=com.google.android.music.playback.LocalAsyncMediaPlayer, TYPE=PARTIAL_WAKE_LOCK             , COUNT=0, PID=971, UID=10042
01-07 07:55:25.650  5346  5346 I dhcpcd  : dhcpcd[5348]: wlan0: sending IPv6 Router Solicitation
01-07 07:55:25.650  5346  5346 I dhcpcd  : dhcpcd[5348]: wlan0: no IPv6 Routers available
01-07 07:55:25.660   425   673 W InputMethodManagerService: Focus gain on non-focused client com.android.internal.view.IInputMethodClient$Stub$Proxy@21007768 (uid=1000 pid=5586)
01-07 07:55:25.660   425   782 I WAKELOCK_RELEASE: TIMESTAMP=291671598809, TAG=com.google.android.music.playback.LocalAsyncMediaPlayer, TYPE=PARTIAL_WAKE_LOCK             , COUNT=0, PID=971, UID=10042
01-07 07:55:25.660   425  3716 I WAKELOCK_ACQUIRE: TIMESTAMP=291675083649, TAG=com.google.android.music.playback.LocalAsyncMediaPlayer, TYPE=PARTIAL_WAKE_LOCK             , COUNT=0, PID=971, UID=10042
01-07 07:55:25.660  1229  1229 I am_on_resume_called: [0,com.google.android.gsf.login.AccountIntroUIActivity]
01-07 07:55:25.660  5586  5586 V ViewRootImpl: Sending trackball event to IME: seq=8 event=MotionEvent { action=ACTION_MOVE, id[0]=0, x[0]=1.0, y[0]=-4.0, toolType[0]=TOOL_TYPE_UNKNOWN, buttonState=0, metaState=0, flags=0x0, edgeFlags=0x0, pointerCount=1, historySize=9, eventTime=291560, downTime=-1, deviceId=0, source=0x10004 }
01-07 07:55:25.660  5572  5579 D dalvikvm: Rejecting registerization due to div-int/lit8 v0, v3, (#2)
01-07 07:55:25.670   425   450 I WAKELOCK_RELEASE: TIMESTAMP=291679454810, TAG=com.google.android.music.playback.LocalAsyncMediaPlayer, TYPE=PARTIAL_WAKE_LOCK             , COUNT=0, PID=971, UID=10042
01-07 07:55:25.670   425   712 I WAKELOCK_ACQUIRE: TIMESTAMP=291685807500, TAG=com.google.android.music.playback.LocalAsyncMediaPlayer, TYPE=PARTIAL_WAKE_LOCK             , COUNT=0, PID=971, UID=10042
01-07 07:55:25.680   425   670 I WAKELOCK_RELEASE: TIMESTAMP=291692911084, TAG=com.google.android.music.playback.LocalAsyncMediaPlayer, TYPE=PARTIAL_WAKE_LOCK             , COUNT=0, PID=971, UID=10042
01-07 07:55:25.680   425   782 I WAKELOCK_ACQUIRE: TIMESTAMP=291697071045, TAG=com.google.android.music.playback.LocalAsyncMediaPlayer, TYPE=PARTIAL_WAKE_LOCK             , COUNT=0, PID=971, UID=10042
01-07 07:55:25.680  5572  5579 D dalvikvm: Rejecting registerization due to div-int/lit8 v0, v3, (#2)
01-07 07:55:25.690   425  5187 I WAKELOCK_RELEASE: TIMESTAMP=291701049328, TAG=com.google.android.music.playback.LocalAsyncMediaPlayer, TYPE=PARTIAL_WAKE_LOCK             , COUNT=0, PID=971, UID=10042
01-07 07:55:25.690   425   640 I WAKELOCK_ACQUIRE: TIMESTAMP=291705952175, TAG=com.google.android.music.playback.LocalAsyncMediaPlayer, TYPE=PARTIAL_WAKE_LOCK             , COUNT=0, PID=971, UID=10042
01-07 07:55:25.690   425   670 I WAKELOCK_RELEASE: TIMESTAMP=291708523351, TAG=com.google.android.music.playback.LocalAsyncMediaPlayer, TYPE=PARTIAL_WAKE_LOCK             , COUNT=0, PID=971, UID=10042
01-07 07:55:25.700   425   782 I WAKELOCK_ACQUIRE: TIMESTAMP=291716621413, TAG=com.google.android.music.playback.LocalAsyncMediaPlayer, TYPE=PARTIAL_WAKE_LOCK             , COUNT=0, PID=971, UID=10042
01-07 07:55:25.710   425   715 I WAKELOCK_RELEASE: TIMESTAMP=291721180503, TAG=com.google.android.music.playback.LocalAsyncMediaPlayer, TYPE=PARTIAL_WAKE_LOCK             , COUNT=0, PID=971, UID=10042
01-07 07:55:25.710   425   673 I WAKELOCK_ACQUIRE: TIMESTAMP=291727212617, TAG=com.google.android.music.playback.LocalAsyncMediaPlayer, TYPE=PARTIAL_WAKE_LOCK             , COUNT=0, PID=971, UID=10042
01-07 07:55:25.710   425   453 I dvm_lock_sample: [system_server,1,WindowManager,6,WindowManagerService.java,6769,-,2797,1]
01-07 07:55:25.720   425   437 I WAKELOCK_RELEASE: TIMESTAMP=291729910769, TAG=com.google.android.music.playback.LocalAsyncMediaPlayer, TYPE=PARTIAL_WAKE_LOCK             , COUNT=0, PID=971, UID=10042
01-07 07:55:25.720   425  3716 I WAKELOCK_ACQUIRE: TIMESTAMP=291737053287, TAG=com.google.android.music.playback.LocalAsyncMediaPlayer, TYPE=PARTIAL_WAKE_LOCK             , COUNT=0, PID=971, UID=10042
01-07 07:55:25.720   425  5187 I WAKELOCK_RELEASE: TIMESTAMP=291738761738, TAG=com.google.android.music.playback.LocalAsyncMediaPlayer, TYPE=PARTIAL_WAKE_LOCK             , COUNT=0, PID=971, UID=10042
01-07 07:55:25.730   425   783 I WAKELOCK_ACQUIRE: TIMESTAMP=291747159724, TAG=com.google.android.music.playback.LocalAsyncMediaPlayer, TYPE=PARTIAL_WAKE_LOCK             , COUNT=0, PID=971, UID=10042
01-07 07:55:25.740   425   640 I WAKELOCK_RELEASE: TIMESTAMP=291750708132, TAG=com.google.android.music.playback.LocalAsyncMediaPlayer, TYPE=PARTIAL_WAKE_LOCK             , COUNT=0, PID=971, UID=10042
01-07 07:55:25.740  5572  5572 I Choreographer: Skipped 30 frames!  The application may be doing too much work on its main thread.
01-07 07:55:25.740   425   715 I WAKELOCK_ACQUIRE: TIMESTAMP=291757747074, TAG=com.google.android.music.playback.LocalAsyncMediaPlayer, TYPE=PARTIAL_WAKE_LOCK             , COUNT=0, PID=971, UID=10042
01-07 07:55:25.750   425   436 I WAKELOCK_RELEASE: TIMESTAMP=291761549104, TAG=com.google.android.music.playback.LocalAsyncMediaPlayer, TYPE=PARTIAL_WAKE_LOCK             , COUNT=0, PID=971, UID=10042
01-07 07:55:25.750  5572  5579 I dalvikvm: Total arena pages for JIT: 11
01-07 07:55:25.750  5572  5579 I dalvikvm: Total arena pages for JIT: 12
01-07 07:55:25.750  5572  5579 I dalvikvm: Total arena pages for JIT: 13
01-07 07:55:25.750  5572  5579 I dalvikvm: Total arena pages for JIT: 14
01-07 07:55:25.750   425   440 D hwcomposer: isRGBOverlayLayer: got an RGB overlay layer
01-07 07:55:25.750   425   440 D hwcomposer: isSpriteLayer: got a sprite layer
01-07 07:55:25.750  5572  5579 I dalvikvm: Total arena pages for JIT: 15
01-07 07:55:25.750  5572  5579 I dalvikvm: Total arena pages for JIT: 16
01-07 07:55:25.760   425  3716 I WAKELOCK_ACQUIRE: TIMESTAMP=291770741682, TAG=com.google.android.music.playback.LocalAsyncMediaPlayer, TYPE=PARTIAL_WAKE_LOCK             , COUNT=0, PID=971, UID=10042
01-07 07:55:25.760   425  5187 I WAKELOCK_RELEASE: TIMESTAMP=291772563399, TAG=com.google.android.music.playback.LocalAsyncMediaPlayer, TYPE=PARTIAL_WAKE_LOCK             , COUNT=0, PID=971, UID=10042
01-07 07:55:25.760  3742  3742 W IInputConnectionWrapper: showStatusIcon on inactive InputConnection
01-07 07:55:25.770   425   783 I WAKELOCK_ACQUIRE: TIMESTAMP=291783753220, TAG=com.google.android.music.playback.LocalAsyncMediaPlayer, TYPE=PARTIAL_WAKE_LOCK             , COUNT=0, PID=971, UID=10042
01-07 07:55:25.770   425   640 I WAKELOCK_RELEASE: TIMESTAMP=291785526733, TAG=com.google.android.music.playback.LocalAsyncMediaPlayer, TYPE=PARTIAL_WAKE_LOCK             , COUNT=0, PID=971, UID=10042
01-07 07:55:25.770   425   440 D hwcomposer: isRGBOverlayLayer: got an RGB overlay layer
01-07 07:55:25.770   425   440 D hwcomposer: isSpriteLayer: got a sprite layer
01-07 07:55:25.780   425   671 I WAKELOCK_ACQUIRE: TIMESTAMP=291792546813, TAG=com.google.android.music.playback.LocalAsyncMediaPlayer, TYPE=PARTIAL_WAKE_LOCK             , COUNT=0, PID=971, UID=10042
01-07 07:55:25.780   425   715 I WAKELOCK_RELEASE: TIMESTAMP=291795530106, TAG=com.google.android.music.playback.LocalAsyncMediaPlayer, TYPE=PARTIAL_WAKE_LOCK             , COUNT=0, PID=971, UID=10042
01-07 07:55:25.780   425   440 D hwcomposer: isRGBOverlayLayer: got an RGB overlay layer
01-07 07:55:25.780   425   440 D hwcomposer: isSpriteLayer: got a sprite layer
01-07 07:55:25.790   425   436 I WAKELOCK_ACQUIRE: TIMESTAMP=291803540540, TAG=com.google.android.music.playback.LocalAsyncMediaPlayer, TYPE=PARTIAL_WAKE_LOCK             , COUNT=0, PID=971, UID=10042
01-07 07:55:25.790   425   437 I WAKELOCK_RELEASE: TIMESTAMP=291805541546, TAG=com.google.android.music.playback.LocalAsyncMediaPlayer, TYPE=PARTIAL_WAKE_LOCK             , COUNT=0, PID=971, UID=10042
01-07 07:55:25.800   425  5187 I WAKELOCK_RELEASE: TIMESTAMP=291810838805, TAG=ActivityManager-Launch, TYPE=PARTIAL_WAKE_LOCK             , COUNT=0, PID=425, UID=1000
01-07 07:55:25.800   425   640 I WAKELOCK_ACQUIRE: TIMESTAMP=291814507607, TAG=com.google.android.music.playback.LocalAsyncMediaPlayer, TYPE=PARTIAL_WAKE_LOCK             , COUNT=0, PID=971, UID=10042
01-07 07:55:25.800   425   670 I WAKELOCK_RELEASE: TIMESTAMP=291816825268, TAG=com.google.android.music.playback.LocalAsyncMediaPlayer, TYPE=PARTIAL_WAKE_LOCK             , COUNT=0, PID=971, UID=10042
01-07 07:55:25.800   425   450 I ActivityManager: START u0 {act=android.intent.action.MAIN cat=[android.intent.category.LAUNCHER] flg=0x10200000 cmp=com.android.development/.Development} from pid 1583
01-07 07:55:25.800   425  5187 I am_destroy_activity: [0,555363920,54,android/.accounts.ChooseTypeAndAccountActivity,finish-idle]
01-07 07:55:25.800   425   453 I am_activity_launch_time: [0,555109864,com.google.android.gsf.login/.AccountIntroUIActivity,209,209]
01-07 07:55:25.800   425   440 D hwcomposer: same RGB buffer handle 0x65205c20
01-07 07:55:25.800   425   453 I ActivityManager: Displayed com.google.android.gsf.login/.AccountIntroUIActivity: +209ms
01-07 07:55:25.810   425   715 I WAKELOCK_ACQUIRE: TIMESTAMP=291825507795, TAG=com.google.android.music.playback.LocalAsyncMediaPlayer, TYPE=PARTIAL_WAKE_LOCK             , COUNT=0, PID=971, UID=10042
01-07 07:55:25.810   425   782 I WAKELOCK_RELEASE: TIMESTAMP=291827437866, TAG=com.google.android.music.playback.LocalAsyncMediaPlayer, TYPE=PARTIAL_WAKE_LOCK             , COUNT=0, PID=971, UID=10042
01-07 07:55:25.820   425   436 I WAKELOCK_ACQUIRE: TIMESTAMP=291835069259, TAG=com.google.android.music.playback.LocalAsyncMediaPlayer, TYPE=PARTIAL_WAKE_LOCK             , COUNT=0, PID=971, UID=10042
01-07 07:55:25.820   425   437 I WAKELOCK_RELEASE: TIMESTAMP=291836521746, TAG=com.google.android.music.playback.LocalAsyncMediaPlayer, TYPE=PARTIAL_WAKE_LOCK             , COUNT=0, PID=971, UID=10042
01-07 07:55:25.830   425   450 I WAKELOCK_ACQUIRE: TIMESTAMP=291841930843, TAG=ActivityManager-Launch, TYPE=PARTIAL_WAKE_LOCK             , COUNT=0, PID=425, UID=1000
01-07 07:55:25.830   425   671 I WAKELOCK_ACQUIRE: TIMESTAMP=291844704048, TAG=com.google.android.music.playback.LocalAsyncMediaPlayer, TYPE=PARTIAL_WAKE_LOCK             , COUNT=0, PID=971, UID=10042
01-07 07:55:25.830   425   715 I WAKELOCK_RELEASE: TIMESTAMP=291846164399, TAG=com.google.android.music.playback.LocalAsyncMediaPlayer, TYPE=PARTIAL_WAKE_LOCK             , COUNT=0, PID=971, UID=10042
01-07 07:55:25.830   425   450 I am_pause_activity: [0,555109864,com.google.android.gsf.login/.AccountIntroUIActivity]
01-07 07:55:25.830  1229  1229 I am_on_paused_called: [0,com.google.android.gsf.login.AccountIntroUIActivity]
01-07 07:55:25.840   425   673 I WAKELOCK_ACQUIRE: TIMESTAMP=291855593891, TAG=com.google.android.music.playback.LocalAsyncMediaPlayer, TYPE=PARTIAL_WAKE_LOCK             , COUNT=0, PID=971, UID=10042
01-07 07:55:25.840   425   436 I WAKELOCK_RELEASE: TIMESTAMP=291857698030, TAG=com.google.android.music.playback.LocalAsyncMediaPlayer, TYPE=PARTIAL_WAKE_LOCK             , COUNT=0, PID=971, UID=10042
01-07 07:55:25.840  4751  4751 I binder_sample: [android.view.IWindowSession,6,38,com.google.android.apps.plus,7]
01-07 07:55:25.840   425   450 I am_task_to_front: [0,42]
01-07 07:55:25.850   425  5143 I WAKELOCK_ACQUIRE: TIMESTAMP=291866386266, TAG=com.google.android.music.playback.LocalAsyncMediaPlayer, TYPE=PARTIAL_WAKE_LOCK             , COUNT=0, PID=971, UID=10042
01-07 07:55:25.850   425   783 I WAKELOCK_RELEASE: TIMESTAMP=291867896272, TAG=com.google.android.music.playback.LocalAsyncMediaPlayer, TYPE=PARTIAL_WAKE_LOCK             , COUNT=0, PID=971, UID=10042
01-07 07:55:25.860   425  5187 I ActivityManager: Start proc com.android.wallpaper.holospiral for activity com.android.wallpaper.holospiral/.HoloSpiralTestActivity: pid=5604 uid=10033 gids={50033, 1028}
01-07 07:55:25.860   425   671 I WAKELOCK_ACQUIRE: TIMESTAMP=291879138572, TAG=com.google.android.music.playback.LocalAsyncMediaPlayer, TYPE=PARTIAL_WAKE_LOCK             , COUNT=0, PID=971, UID=10042
01-07 07:55:25.860   425  5187 I am_proc_start: [0,5604,10033,com.android.wallpaper.holospiral,activity,com.android.wallpaper.holospiral/.HoloSpiralTestActivity]
01-07 07:55:25.860   425   453 I am_activity_launch_time: [0,554937448,com.google.android.videoeditor/com.android.videoeditor.ProjectsActivity,1216,20]
01-07 07:55:25.860  5604  5604 D dalvikvm: Try to disable coredump for pid 5604
01-07 07:55:25.860   425   453 I ActivityManager: Displayed com.google.android.videoeditor/com.android.videoeditor.ProjectsActivity: +1s216ms (total +20ms)
01-07 07:55:25.870   425   715 I WAKELOCK_RELEASE: TIMESTAMP=291886011229, TAG=com.google.android.music.playback.LocalAsyncMediaPlayer, TYPE=PARTIAL_WAKE_LOCK             , COUNT=0, PID=971, UID=10042
01-07 07:55:25.870   425   782 I WAKELOCK_ACQUIRE: TIMESTAMP=291887227703, TAG=com.google.android.music.playback.LocalAsyncMediaPlayer, TYPE=PARTIAL_WAKE_LOCK             , COUNT=0, PID=971, UID=10042
01-07 07:55:25.870   425   673 I WAKELOCK_RELEASE: TIMESTAMP=291889107480, TAG=com.google.android.music.playback.LocalAsyncMediaPlayer, TYPE=PARTIAL_WAKE_LOCK             , COUNT=0, PID=971, UID=10042
01-07 07:55:25.880   425   425 I WAKELOCK_ACQUIRE: TIMESTAMP=291897138077, TAG=com.google.android.music.playback.LocalAsyncMediaPlayer, TYPE=PARTIAL_WAKE_LOCK             , COUNT=0, PID=971, UID=10042
01-07 07:55:25.890   425   436 I WAKELOCK_RELEASE: TIMESTAMP=291902280303, TAG=com.google.android.music.playback.LocalAsyncMediaPlayer, TYPE=PARTIAL_WAKE_LOCK             , COUNT=0, PID=971, UID=10042
01-07 07:55:25.900   425   437 I WAKELOCK_ACQUIRE: TIMESTAMP=291912171724, TAG=com.google.android.music.playback.LocalAsyncMediaPlayer, TYPE=PARTIAL_WAKE_LOCK             , COUNT=0, PID=971, UID=10042
01-07 07:55:25.900   425   670 I WAKELOCK_ACQUIRE: TIMESTAMP=291918931632, TAG=com.google.android.music.playback.LocalAsyncMediaPlayer, TYPE=PARTIAL_WAKE_LOCK             , COUNT=0, PID=971, UID=10042
01-07 07:55:25.900   425   783 I am_proc_bound: [0,5604,com.android.wallpaper.holospiral]
01-07 07:55:25.900   425   440 D hwcomposer: bool IntelOverlayContext::disable(): disable overlay...
01-07 07:55:25.910   425   782 I WAKELOCK_RELEASE: TIMESTAMP=291922007760, TAG=com.google.android.music.playback.LocalAsyncMediaPlayer, TYPE=PARTIAL_WAKE_LOCK             , COUNT=0, PID=971, UID=10042
01-07 07:55:25.920   425  5187 I WAKELOCK_ACQUIRE: TIMESTAMP=291929811561, TAG=com.google.android.music.playback.LocalAsyncMediaPlayer, TYPE=PARTIAL_WAKE_LOCK             , COUNT=0, PID=971, UID=10042
01-07 07:55:25.920   425   640 I WAKELOCK_RELEASE: TIMESTAMP=291931169914, TAG=com.google.android.music.playback.LocalAsyncMediaPlayer, TYPE=PARTIAL_WAKE_LOCK             , COUNT=0, PID=971, UID=10042
01-07 07:55:25.920   425   783 I am_restart_activity: [0,556299912,42,com.android.wallpaper.holospiral/.HoloSpiralTestActivity]
01-07 07:55:25.920   971   975 D dalvikvm: GC_CONCURRENT freed 4006K, 53% free 3795K/8068K, paused 1ms+6ms, total 52ms
01-07 07:55:25.930   425   670 I WAKELOCK_ACQUIRE: TIMESTAMP=291941211350, TAG=com.google.android.music.playback.LocalAsyncMediaPlayer, TYPE=PARTIAL_WAKE_LOCK             , COUNT=0, PID=971, UID=10042
01-07 07:55:25.930   425   783 I WAKELOCK_RELEASE: TIMESTAMP=291943835644, TAG=com.google.android.music.playback.LocalAsyncMediaPlayer, TYPE=PARTIAL_WAKE_LOCK             , COUNT=0, PID=971, UID=10042
01-07 07:55:25.940   425   712 I WAKELOCK_ACQUIRE: TIMESTAMP=291951553162, TAG=com.google.android.music.playback.LocalAsyncMediaPlayer, TYPE=PARTIAL_WAKE_LOCK             , COUNT=0, PID=971, UID=10042
01-07 07:55:25.940  5586  5586 W ViewRootImpl: Dropping event due to no window focus: MotionEvent { action=ACTION_MOVE, id[0]=0, x[0]=1.0, y[0]=-4.0, toolType[0]=TOOL_TYPE_UNKNOWN, buttonState=0, metaState=0, flags=0x0, edgeFlags=0x0, pointerCount=1, historySize=9, eventTime=291560, downTime=-1, deviceId=0, source=0x10004 }
01-07 07:55:25.940   425   436 I WAKELOCK_RELEASE: TIMESTAMP=291959299458, TAG=com.google.android.music.playback.LocalAsyncMediaPlayer, TYPE=PARTIAL_WAKE_LOCK             , COUNT=0, PID=971, UID=10042
01-07 07:55:25.940  5586  5586 V ViewRootImpl: IME finished event: seq=8 handled=false event=android.view.ViewRootImpl$QueuedInputEvent@20d909e0
01-07 07:55:25.950   425   712 I WAKELOCK_ACQUIRE: TIMESTAMP=291962503350, TAG=com.google.android.music.playback.LocalAsyncMediaPlayer, TYPE=PARTIAL_WAKE_LOCK             , COUNT=0, PID=971, UID=10042
01-07 07:55:25.950   425   640 I WAKELOCK_RELEASE: TIMESTAMP=291964804845, TAG=com.google.android.music.playback.LocalAsyncMediaPlayer, TYPE=PARTIAL_WAKE_LOCK             , COUNT=0, PID=971, UID=10042
01-07 07:55:25.950   425   453 I am_activity_launch_time: [0,555363920,android/.accounts.ChooseTypeAndAccountActivity,858,90]
01-07 07:55:25.950   425   453 I ActivityManager: Displayed android/.accounts.ChooseTypeAndAccountActivity: +858ms (total +90ms)
01-07 07:55:25.960   425   712 I WAKELOCK_ACQUIRE: TIMESTAMP=291972329410, TAG=com.google.android.music.playback.LocalAsyncMediaPlayer, TYPE=PARTIAL_WAKE_LOCK             , COUNT=0, PID=971, UID=10042
01-07 07:55:25.960   425   640 I WAKELOCK_RELEASE: TIMESTAMP=291974459518, TAG=com.google.android.music.playback.LocalAsyncMediaPlayer, TYPE=PARTIAL_WAKE_LOCK             , COUNT=0, PID=971, UID=10042
01-07 07:55:25.970   425   436 I WAKELOCK_ACQUIRE: TIMESTAMP=291981988673, TAG=com.google.android.music.playback.LocalAsyncMediaPlayer, TYPE=PARTIAL_WAKE_LOCK             , COUNT=0, PID=971, UID=10042
01-07 07:55:25.970   425  5187 I WAKELOCK_RELEASE: TIMESTAMP=291984166339, TAG=com.google.android.music.playback.LocalAsyncMediaPlayer, TYPE=PARTIAL_WAKE_LOCK             , COUNT=0, PID=971, UID=10042
01-07 07:55:25.970   147   422 D AudioFlinger: reconfig due to o/p flag ?
01-07 07:55:25.970   147   422 D AudioHardwareALSA: setStreamParameters: key value pair routing=2
01-07 07:55:25.970   147   422 D RouteManager: setDevices: set device = IHF to output stream
01-07 07:55:25.970   147   422 D RouteManager: setStreamParameters: identical Platform State, do not reconsider routing
01-07 07:55:25.980   425   670 I WAKELOCK_ACQUIRE: TIMESTAMP=291992193503, TAG=com.google.android.music.playback.LocalAsyncMediaPlayer, TYPE=PARTIAL_WAKE_LOCK             , COUNT=0, PID=971, UID=10042
01-07 07:55:25.980   425   783 I WAKELOCK_RELEASE: TIMESTAMP=291993781604, TAG=com.google.android.music.playback.LocalAsyncMediaPlayer, TYPE=PARTIAL_WAKE_LOCK             , COUNT=0, PID=971, UID=10042
01-07 07:55:25.980  5604  5604 I am_on_resume_called: [0,com.android.wallpaper.holospiral.HoloSpiralTestActivity]
01-07 07:55:25.990   425   673 I WAKELOCK_ACQUIRE: TIMESTAMP=292001610029, TAG=com.google.android.music.playback.LocalAsyncMediaPlayer, TYPE=PARTIAL_WAKE_LOCK             , COUNT=0, PID=971, UID=10042
01-07 07:55:25.990   425   671 I WAKELOCK_RELEASE: TIMESTAMP=292003163950, TAG=com.google.android.music.playback.LocalAsyncMediaPlayer, TYPE=PARTIAL_WAKE_LOCK             , COUNT=0, PID=971, UID=10042
01-07 07:55:26.000   425   712 I WAKELOCK_ACQUIRE: TIMESTAMP=292012235345, TAG=com.google.android.music.playback.LocalAsyncMediaPlayer, TYPE=PARTIAL_WAKE_LOCK             , COUNT=0, PID=971, UID=10042
01-07 07:55:26.000   425   670 I WAKELOCK_RELEASE: TIMESTAMP=292013643495, TAG=com.google.android.music.playback.LocalAsyncMediaPlayer, TYPE=PARTIAL_WAKE_LOCK             , COUNT=0, PID=971, UID=10042
01-07 07:55:26.010   425   783 I WAKELOCK_ACQUIRE: TIMESTAMP=292021927938, TAG=com.google.android.music.playback.LocalAsyncMediaPlayer, TYPE=PARTIAL_WAKE_LOCK             , COUNT=0, PID=971, UID=10042
01-07 07:55:26.010   425   671 I WAKELOCK_RELEASE: TIMESTAMP=292024001030, TAG=com.google.android.music.playback.LocalAsyncMediaPlayer, TYPE=PARTIAL_WAKE_LOCK             , COUNT=0, PID=971, UID=10042
01-07 07:55:26.060  5604  5604 D libEGL  : loaded /vendor/lib/egl/libEGL_POWERVR_SGX544_115.so
01-07 07:55:26.090  5604  5604 D libEGL  : loaded /vendor/lib/egl/libGLESv1_CM_POWERVR_SGX544_115.so
01-07 07:55:26.110  5604  5604 D libEGL  : loaded /vendor/lib/egl/libGLESv2_POWERVR_SGX544_115.so
01-07 07:55:26.140  5604  5604 D OpenGLRenderer: Enabling debug mode 0
01-07 07:55:26.150  5604  5604 V RenderScript: rsContextCreateGL dev=0x5e94a2d0
01-07 07:55:26.210  5604  5617 V RenderScript: 0x5e976490 Launching thread(s), CPUs 4
01-07 07:55:26.210  5604  5617 V RenderScript: 0x5e976490 initEGL start
01-07 07:55:26.220  5604  5617 V RenderScript: 0x5e976490 initGLThread end
01-07 07:55:26.220  5604  5604 V RenderScript: 0x5e976490 rsContextCreateGL ret
01-07 07:55:26.220  5604  5617 V RenderScript: low pri
01-07 07:55:26.250  5604  5604 V ScriptC : Create script for resource = holo_spiral
01-07 07:55:26.270  5604  5617 W bcc     : RS export var at entry #14 named VertexColor_s_dummy cannot be found in the result object!
01-07 07:55:26.270  5604  5617 W bcc     : Expanded RS foreach at entry #0 named root.expand cannot be found in the result object!
01-07 07:55:26.270  5604  5617 D StopWatch: StopWatch bcc: RSCompilerDriver::loadScriptCache time (us): 3383 
01-07 07:55:26.270  5604  5617 D StopWatch: StopWatch bcc: RSCompilerDriver::build time (us): 3548 
01-07 07:55:26.350   425   715 I WAKELOCK_RELEASE: TIMESTAMP=292368798863, TAG=ActivityManager-Launch, TYPE=PARTIAL_WAKE_LOCK             , COUNT=0, PID=425, UID=1000
01-07 07:55:26.350   425   453 I am_activity_launch_time: [0,556299912,com.android.wallpaper.holospiral/.HoloSpiralTestActivity,510,510]
01-07 07:55:26.350   425   453 I ActivityManager: Displayed com.android.wallpaper.holospiral/.HoloSpiralTestActivity: +510ms
01-07 07:55:26.370    39    39 I KERNEL  : [  292.283093] send sigkill to 4993 (ndroid.settings), adj 1000, size 14048
01-07 07:55:26.380   425   712 I WindowState: WIN DEATH: Window{20eb36c8 u0 com.android.settings/com.android.settings.SubSettings}
01-07 07:55:26.380   425   783 I ActivityManager: Process com.android.settings (pid 4993) has died.
01-07 07:55:26.380   425   450 I WindowState: WIN DEATH: Window{210701c0 u0 com.android.settings/com.android.settings.Settings}
01-07 07:55:26.380   425   783 I am_proc_died: [0,4993,com.android.settings]
01-07 07:55:26.380   425   498 W InputDispatcher: channel '210701c0 com.android.settings/com.android.settings.Settings (server)' ~ Consumer closed input channel or an error occurred.  events=0x9
01-07 07:55:26.380   425   498 E InputDispatcher: channel '210701c0 com.android.settings/com.android.settings.Settings (server)' ~ Channel is unrecoverably broken and will be disposed!
01-07 07:55:26.380   425   450 W InputDispatcher: Attempted to unregister already unregistered input channel '210701c0 com.android.settings/com.android.settings.Settings (server)'
01-07 07:55:26.680  1583  1583 I binder_sample: [android.hardware.input.IInputManager,5,789,com.android.commands.monkey,100]
01-07 07:55:26.690   425   440 D hwcomposer: isRGBOverlayLayer: got an RGB overlay layer
01-07 07:55:26.690   425   440 D hwcomposer: isSpriteLayer: got a sprite layer
01-07 07:55:26.690  5604  5604 V ViewRootImpl: Sending trackball event to IME: seq=0 event=MotionEvent { action=ACTION_MOVE, id[0]=0, x[0]=-5.0, y[0]=-5.0, toolType[0]=TOOL_TYPE_UNKNOWN, buttonState=0, metaState=0, flags=0x0, edgeFlags=0x0, pointerCount=1, historySize=0, eventTime=291908, downTime=-1, deviceId=0, source=0x10004 }
01-07 07:55:26.700  5604  5604 V ViewRootImpl: IME finished event: seq=0 handled=false event=android.view.ViewRootImpl$QueuedInputEvent@20da5668
01-07 07:55:26.700  5604  5604 V ViewRootImpl: Sending key event to IME: seq=1 event=KeyEvent { action=ACTION_MULTIPLE, keyCode=KEYCODE_DPAD_UP, scanCode=0, metaState=0, flags=0x400, repeatCount=2, eventTime=292715, downTime=292715, deviceId=-1, source=0x101 }
01-07 07:55:26.700  5604  5604 V ViewRootImpl: IME finished event: seq=1 handled=false event=android.view.ViewRootImpl$QueuedInputEvent@20da6da8
01-07 07:55:26.710  5604  5604 V ViewRootImpl: Sending key event to IME: seq=2 event=KeyEvent { action=ACTION_DOWN, keyCode=KEYCODE_DPAD_UP, scanCode=0, metaState=0, flags=0x400, repeatCount=0, eventTime=292716, downTime=292716, deviceId=-1, source=0x101 }
01-07 07:55:26.710  5604  5611 D dalvikvm: Rejecting registerization due to and-int/lit8 v4, v6, (#15)
01-07 07:55:26.710  5604  5604 V ViewRootImpl: IME finished event: seq=2 handled=false event=android.view.ViewRootImpl$QueuedInputEvent@20da7130
01-07 07:55:26.710   425   440 D hwcomposer: isRGBOverlayLayer: got an RGB overlay layer
01-07 07:55:26.710   425   440 D hwcomposer: isSpriteLayer: got a sprite layer
01-07 07:55:26.710  5604  5604 V ViewRootImpl: Sending key event to IME: seq=3 event=KeyEvent { action=ACTION_UP, keyCode=KEYCODE_DPAD_UP, scanCode=0, metaState=0, flags=0x400, repeatCount=0, eventTime=292716, downTime=292716, deviceId=-1, source=0x101 }
01-07 07:55:26.710  5604  5611 D dalvikvm: Rejecting registerization due to ushr-int/lit8 v4, v7, (#19)
01-07 07:55:26.720  5604  5604 V ViewRootImpl: IME finished event: seq=3 handled=false event=android.view.ViewRootImpl$QueuedInputEvent@20da7168
01-07 07:55:26.720  5604  5604 V ViewRootImpl: Sending key event to IME: seq=4 event=KeyEvent { action=ACTION_DOWN, keyCode=KEYCODE_DPAD_UP, scanCode=0, metaState=0, flags=0x400, repeatCount=0, eventTime=292716, downTime=292716, deviceId=-1, source=0x101 }
01-07 07:55:26.720  5604  5604 V ViewRootImpl: IME finished event: seq=4 handled=false event=android.view.ViewRootImpl$QueuedInputEvent@20da71a0
01-07 07:55:26.720  5604  5611 D dalvikvm: Rejecting registerization due to ushr-int/lit8 v4, v7, (#19)
01-07 07:55:26.720  5604  5604 V ViewRootImpl: Sending key event to IME: seq=5 event=KeyEvent { action=ACTION_UP, keyCode=KEYCODE_DPAD_UP, scanCode=0, metaState=0, flags=0x400, repeatCount=0, eventTime=292716, downTime=292716, deviceId=-1, source=0x101 }
01-07 07:55:26.720  5604  5604 V ViewRootImpl: IME finished event: seq=5 handled=false event=android.view.ViewRootImpl$QueuedInputEvent@20da71d8
01-07 07:55:26.720  5604  5604 V ViewRootImpl: Sending key event to IME: seq=6 event=KeyEvent { action=ACTION_DOWN, keyCode=KEYCODE_DPAD_UP, scanCode=0, metaState=0, flags=0x400, repeatCount=0, eventTime=292716, downTime=292716, deviceId=-1, source=0x101 }
01-07 07:55:26.720  5604  5604 V ViewRootImpl: IME finished event: seq=6 handled=false event=android.view.ViewRootImpl$QueuedInputEvent@20da7210
01-07 07:55:26.720  5604  5604 V ViewRootImpl: Sending key event to IME: seq=7 event=KeyEvent { action=ACTION_UP, keyCode=KEYCODE_DPAD_UP, scanCode=0, metaState=0, flags=0x400, repeatCount=0, eventTime=292716, downTime=292716, deviceId=-1, source=0x101 }
01-07 07:55:26.720  5604  5604 V ViewRootImpl: IME finished event: seq=7 handled=false event=android.view.ViewRootImpl$QueuedInputEvent@20da7248
01-07 07:55:26.720  5604  5604 V ViewRootImpl: Sending key event to IME: seq=8 event=KeyEvent { action=ACTION_DOWN, keyCode=KEYCODE_DPAD_UP, scanCode=0, metaState=0, flags=0x400, repeatCount=0, eventTime=292716, downTime=292716, deviceId=-1, source=0x101 }
01-07 07:55:26.730  5604  5604 V ViewRootImpl: IME finished event: seq=8 handled=false event=android.view.ViewRootImpl$QueuedInputEvent@20da7280
01-07 07:55:26.730  5604  5604 V ViewRootImpl: Sending key event to IME: seq=9 event=KeyEvent { action=ACTION_UP, keyCode=KEYCODE_DPAD_UP, scanCode=0, metaState=0, flags=0x400, repeatCount=0, eventTime=292716, downTime=292716, deviceId=-1, source=0x101 }
01-07 07:55:26.730  5604  5604 V ViewRootImpl: IME finished event: seq=9 handled=false event=android.view.ViewRootImpl$QueuedInputEvent@20da72b8
01-07 07:55:26.730  5604  5604 V ViewRootImpl: Sending trackball event to IME: seq=10 event=MotionEvent { action=ACTION_MOVE, id[0]=0, x[0]=1.0, y[0]=0.0, toolType[0]=TOOL_TYPE_UNKNOWN, buttonState=0, metaState=0, flags=0x0, edgeFlags=0x0, pointerCount=1, historySize=3, eventTime=292719, downTime=-1, deviceId=0, source=0x10004 }
01-07 07:55:26.730  5604  5604 V ViewRootImpl: IME finished event: seq=10 handled=false event=android.view.ViewRootImpl$QueuedInputEvent@20da7130
01-07 07:55:26.730  5604  5604 V ViewRootImpl: Sending trackball event to IME: seq=11 event=MotionEvent { action=ACTION_MOVE, id[0]=0, x[0]=-5.0, y[0]=-1.0, toolType[0]=TOOL_TYPE_UNKNOWN, buttonState=0, metaState=0, flags=0x0, edgeFlags=0x0, pointerCount=1, historySize=4, eventTime=292723, downTime=-1, deviceId=0, source=0x10004 }
01-07 07:55:26.730  5604  5604 V ViewRootImpl: IME finished event: seq=11 handled=false event=android.view.ViewRootImpl$QueuedInputEvent@20da7280
01-07 07:55:26.730  1583  1583 I binder_sample: [android.hardware.input.IInputManager,5,25,com.android.commands.monkey,5]
01-07 07:55:26.730  5604  5604 V ViewRootImpl: Sending key event to IME: seq=12 event=KeyEvent { action=ACTION_DOWN, keyCode=KEYCODE_DPAD_RIGHT, scanCode=0, metaState=0, flags=0x400, repeatCount=0, eventTime=292746, downTime=292746, deviceId=-1, source=0x101 }
01-07 07:55:26.740  5604  5604 V ViewRootImpl: IME finished event: seq=12 handled=false event=android.view.ViewRootImpl$QueuedInputEvent@20da72b8
01-07 07:55:26.740  5604  5604 V ViewRootImpl: Sending key event to IME: seq=13 event=KeyEvent { action=ACTION_UP, keyCode=KEYCODE_DPAD_RIGHT, scanCode=0, metaState=0, flags=0x400, repeatCount=0, eventTime=292746, downTime=292746, deviceId=-1, source=0x101 }
01-07 07:55:26.740  5604  5604 V ViewRootImpl: IME finished event: seq=13 handled=false event=android.view.ViewRootImpl$QueuedInputEvent@20da7248
01-07 07:55:26.740  5604  5604 V ViewRootImpl: Sending key event to IME: seq=14 event=KeyEvent { action=ACTION_MULTIPLE, keyCode=KEYCODE_DPAD_LEFT, scanCode=0, metaState=0, flags=0x400, repeatCount=2, eventTime=292748, downTime=292748, deviceId=-1, source=0x101 }
01-07 07:55:26.740  5604  5604 V ViewRootImpl: IME finished event: seq=14 handled=false event=android.view.ViewRootImpl$QueuedInputEvent@20da7130
01-07 07:55:26.740  5604  5604 V ViewRootImpl: Sending key event to IME: seq=15 event=KeyEvent { action=ACTION_DOWN, keyCode=KEYCODE_DPAD_LEFT, scanCode=0, metaState=0, flags=0x400, repeatCount=0, eventTime=292748, downTime=292748, deviceId=-1, source=0x101 }
01-07 07:55:26.740  5604  5611 D dalvikvm: Rejecting registerization due to +iget-object-quick v0, v0, (#16)
01-07 07:55:26.740  5604  5604 V ViewRootImpl: IME finished event: seq=15 handled=false event=android.view.ViewRootImpl$QueuedInputEvent@20da7210
01-07 07:55:26.740  5604  5604 V ViewRootImpl: Sending key event to IME: seq=16 event=KeyEvent { action=ACTION_UP, keyCode=KEYCODE_DPAD_LEFT, scanCode=0, metaState=0, flags=0x400, repeatCount=0, eventTime=292748, downTime=292748, deviceId=-1, source=0x101 }
01-07 07:55:26.740  5604  5604 V ViewRootImpl: IME finished event: seq=16 handled=false event=android.view.ViewRootImpl$QueuedInputEvent@20da71d8
01-07 07:55:26.740  5604  5604 V ViewRootImpl: Sending key event to IME: seq=17 event=KeyEvent { action=ACTION_DOWN, keyCode=KEYCODE_DPAD_LEFT, scanCode=0, metaState=0, flags=0x400, repeatCount=0, eventTime=292748, downTime=292748, deviceId=-1, source=0x101 }
01-07 07:55:26.750  5604  5604 V ViewRootImpl: IME finished event: seq=17 handled=false event=android.view.ViewRootImpl$QueuedInputEvent@20da71a0
01-07 07:55:26.750  5604  5604 V ViewRootImpl: Sending key event to IME: seq=18 event=KeyEvent { action=ACTION_UP, keyCode=KEYCODE_DPAD_LEFT, scanCode=0, metaState=0, flags=0x400, repeatCount=0, eventTime=292748, downTime=292748, deviceId=-1, source=0x101 }
01-07 07:55:26.750  5604  5604 V ViewRootImpl: IME finished event: seq=18 handled=false event=android.view.ViewRootImpl$QueuedInputEvent@20da7168
01-07 07:55:26.750  5604  5604 V ViewRootImpl: Sending key event to IME: seq=19 event=KeyEvent { action=ACTION_DOWN, keyCode=KEYCODE_DPAD_LEFT, scanCode=0, metaState=0, flags=0x400, repeatCount=0, eventTime=292748, downTime=292748, deviceId=-1, source=0x101 }
01-07 07:55:26.750  5604  5604 V ViewRootImpl: IME finished event: seq=19 handled=false event=android.view.ViewRootImpl$QueuedInputEvent@20da6da8
01-07 07:55:26.750  5604  5604 V ViewRootImpl: Sending key event to IME: seq=20 event=KeyEvent { action=ACTION_UP, keyCode=KEYCODE_DPAD_LEFT, scanCode=0, metaState=0, flags=0x400, repeatCount=0, eventTime=292748, downTime=292748, deviceId=-1, source=0x101 }
01-07 07:55:26.750  5604  5604 V ViewRootImpl: IME finished event: seq=20 handled=false event=android.view.ViewRootImpl$QueuedInputEvent@20da5668
01-07 07:55:26.750  5604  5604 V ViewRootImpl: Sending key event to IME: seq=21 event=KeyEvent { action=ACTION_DOWN, keyCode=KEYCODE_DPAD_LEFT, scanCode=0, metaState=0, flags=0x400, repeatCount=0, eventTime=292748, downTime=292748, deviceId=-1, source=0x101 }
01-07 07:55:26.750  5604  5611 D dalvikvm: Rejecting registerization due to div-int/lit8 v0, v3, (#2)
01-07 07:55:26.760  5604  5604 V ViewRootImpl: IME finished event: seq=21 handled=false event=android.view.ViewRootImpl$QueuedInputEvent@20db8500
01-07 07:55:26.760  5604  5604 V ViewRootImpl: Sending key event to IME: seq=22 event=KeyEvent { action=ACTION_UP, keyCode=KEYCODE_DPAD_LEFT, scanCode=0, metaState=0, flags=0x400, repeatCount=0, eventTime=292748, downTime=292748, deviceId=-1, source=0x101 }
01-07 07:55:26.760  5604  5604 V ViewRootImpl: IME finished event: seq=22 handled=false event=android.view.ViewRootImpl$QueuedInputEvent@20db8538
01-07 07:55:26.760  5604  5604 V ViewRootImpl: Sending key event to IME: seq=23 event=KeyEvent { action=ACTION_DOWN, keyCode=KEYCODE_DPAD_CENTER, scanCode=0, metaState=0, flags=0x8, repeatCount=0, eventTime=292724, downTime=292724, deviceId=-1, source=0x101 }
01-07 07:55:26.760  5604  5611 D dalvikvm: Rejecting registerization due to div-int/lit8 v0, v3, (#2)
01-07 07:55:26.760  5604  5604 V ViewRootImpl: IME finished event: seq=23 handled=false event=android.view.ViewRootImpl$QueuedInputEvent@20da7280
01-07 07:55:26.760  5604  5604 V ViewRootImpl: Sending key event to IME: seq=24 event=KeyEvent { action=ACTION_UP, keyCode=KEYCODE_DPAD_CENTER, scanCode=0, metaState=0, flags=0x8, repeatCount=0, eventTime=292749, downTime=292749, deviceId=-1, source=0x101 }
01-07 07:55:26.760  5604  5604 V ViewRootImpl: IME finished event: seq=24 handled=false event=android.view.ViewRootImpl$QueuedInputEvent@20db8500
01-07 07:55:26.840  5604  5604 V ViewRootImpl: Sending trackball event to IME: seq=25 event=MotionEvent { action=ACTION_MOVE, id[0]=0, x[0]=-2.0, y[0]=1.0, toolType[0]=TOOL_TYPE_UNKNOWN, buttonState=0, metaState=0, flags=0x0, edgeFlags=0x0, pointerCount=1, historySize=9, eventTime=292833, downTime=-1, deviceId=0, source=0x10004 }
01-07 07:55:26.840  5604  5604 V ViewRootImpl: IME finished event: seq=25 handled=false event=android.view.ViewRootImpl$QueuedInputEvent@20db8500
01-07 07:55:26.840  5604  5604 V ViewRootImpl: Sending key event to IME: seq=26 event=KeyEvent { action=ACTION_MULTIPLE, keyCode=KEYCODE_DPAD_LEFT, scanCode=0, metaState=0, flags=0x400, repeatCount=14, eventTime=292847, downTime=292847, deviceId=-1, source=0x101 }
01-07 07:55:26.840  5604  5611 D dalvikvm: Rejecting registerization due to mul-int/lit8 v7, v4, (#100)
01-07 07:55:26.840  5604  5604 V ViewRootImpl: IME finished event: seq=26 handled=false event=android.view.ViewRootImpl$QueuedInputEvent@20da5668
01-07 07:55:26.840  5604  5604 V ViewRootImpl: Sending key event to IME: seq=27 event=KeyEvent { action=ACTION_DOWN, keyCode=KEYCODE_DPAD_LEFT, scanCode=0, metaState=0, flags=0x400, repeatCount=0, eventTime=292848, downTime=292848, deviceId=-1, source=0x101 }
01-07 07:55:26.840  5604  5604 V ViewRootImpl: IME finished event: seq=27 handled=false event=android.view.ViewRootImpl$QueuedInputEvent@20da6da8
01-07 07:55:26.840  5604  5604 V ViewRootImpl: Sending key event to IME: seq=28 event=KeyEvent { action=ACTION_UP, keyCode=KEYCODE_DPAD_LEFT, scanCode=0, metaState=0, flags=0x400, repeatCount=0, eventTime=292848, downTime=292848, deviceId=-1, source=0x101 }
01-07 07:55:26.840  5604  5604 V ViewRootImpl: IME finished event: seq=28 handled=false event=android.view.ViewRootImpl$QueuedInputEvent@20da7168
01-07 07:55:26.840  5604  5604 V ViewRootImpl: Sending key event to IME: seq=29 event=KeyEvent { action=ACTION_DOWN, keyCode=KEYCODE_DPAD_CENTER, scanCode=0, metaState=0, flags=0x8, repeatCount=0, eventTime=292833, downTime=292833, deviceId=-1, source=0x101 }
01-07 07:55:26.840  5604  5604 V ViewRootImpl: IME finished event: seq=29 handled=false event=android.view.ViewRootImpl$QueuedInputEvent@20db8500
01-07 07:55:26.840  5604  5604 V ViewRootImpl: Sending key event to IME: seq=30 event=KeyEvent { action=ACTION_UP, keyCode=KEYCODE_DPAD_CENTER, scanCode=0, metaState=0, flags=0x8, repeatCount=0, eventTime=292848, downTime=292848, deviceId=-1, source=0x101 }
01-07 07:55:26.850  5604  5604 V ViewRootImpl: IME finished event: seq=30 handled=false event=android.view.ViewRootImpl$QueuedInputEvent@20db8500
01-07 07:55:26.890   425   515 I KERNEL  : [  292.804039] binder: 425:515 transaction failed 29189, size 100-4
01-07 07:55:26.890   425   515 I KERNEL  : [  292.804550] binder: 425:515 transaction failed 29189, size 100-4
01-07 07:55:26.890   425   515 I KERNEL  : [  292.804899] binder: 425:515 transaction failed 29189, size 100-4
01-07 07:55:26.890   425   515 I KERNEL  : [  292.805129] binder: 425:515 transaction failed 29189, size 100-4
01-07 07:55:26.920   425   440 D hwcomposer: same RGB buffer handle 0x617355b0
01-07 07:55:26.920   425   432 D dalvikvm: Rejecting registerization due to ushr-int/lit8 v2, v4, (#1)
01-07 07:55:26.920   425   432 D dalvikvm: Rejecting registerization due to +iget-object-quick v4, v7, (#16)
01-07 07:55:26.950  5604  5604 V ViewRootImpl: Sending key event to IME: seq=33 event=KeyEvent { action=ACTION_DOWN, keyCode=KEYCODE_DPAD_CENTER, scanCode=0, metaState=0, flags=0x8, repeatCount=0, eventTime=292964, downTime=292964, deviceId=-1, source=0x101 }
01-07 07:55:26.950  5604  5604 V ViewRootImpl: IME finished event: seq=33 handled=false event=android.view.ViewRootImpl$QueuedInputEvent@20db8500
01-07 07:55:26.950  5604  5604 V ViewRootImpl: Sending key event to IME: seq=34 event=KeyEvent { action=ACTION_UP, keyCode=KEYCODE_DPAD_CENTER, scanCode=0, metaState=0, flags=0x8, repeatCount=0, eventTime=292965, downTime=292965, deviceId=-1, source=0x101 }
01-07 07:55:26.950  5604  5604 V ViewRootImpl: IME finished event: seq=34 handled=false event=android.view.ViewRootImpl$QueuedInputEvent@20db8500
01-07 07:55:27.100  5604  5604 V ViewRootImpl: Sending trackball event to IME: seq=35 event=MotionEvent { action=ACTION_MOVE, id[0]=0, x[0]=-5.0, y[0]=2.0, toolType[0]=TOOL_TYPE_UNKNOWN, buttonState=0, metaState=0, flags=0x0, edgeFlags=0x0, pointerCount=1, historySize=3, eventTime=293113, downTime=-1, deviceId=0, source=0x10004 }
01-07 07:55:27.110  5604  5604 V ViewRootImpl: IME finished event: seq=35 handled=false event=android.view.ViewRootImpl$QueuedInputEvent@20db8500
01-07 07:55:27.110  5604  5604 V ViewRootImpl: Sending key event to IME: seq=37 event=KeyEvent { action=ACTION_MULTIPLE, keyCode=KEYCODE_DPAD_LEFT, scanCode=0, metaState=0, flags=0x400, repeatCount=2, eventTime=293121, downTime=293121, deviceId=-1, source=0x101 }
01-07 07:55:27.110  5604  5604 V ViewRootImpl: IME finished event: seq=37 handled=false event=android.view.ViewRootImpl$QueuedInputEvent@20da6da8
01-07 07:55:27.110  5604  5604 V ViewRootImpl: Sending key event to IME: seq=38 event=KeyEvent { action=ACTION_DOWN, keyCode=KEYCODE_DPAD_LEFT, scanCode=0, metaState=0, flags=0x400, repeatCount=0, eventTime=293122, downTime=293122, deviceId=-1, source=0x101 }
01-07 07:55:27.120  5604  5604 V ViewRootImpl: IME finished event: seq=38 handled=false event=android.view.ViewRootImpl$QueuedInputEvent@20da5668
01-07 07:55:27.120  5604  5604 V ViewRootImpl: Sending key event to IME: seq=39 event=KeyEvent { action=ACTION_UP, keyCode=KEYCODE_DPAD_LEFT, scanCode=0, metaState=0, flags=0x400, repeatCount=0, eventTime=293122, downTime=293122, deviceId=-1, source=0x101 }
01-07 07:55:27.120  5604  5604 V ViewRootImpl: IME finished event: seq=39 handled=false event=android.view.ViewRootImpl$QueuedInputEvent@20da71a0
01-07 07:55:27.120  5604  5604 V ViewRootImpl: Sending key event to IME: seq=40 event=KeyEvent { action=ACTION_DOWN, keyCode=KEYCODE_DPAD_LEFT, scanCode=0, metaState=0, flags=0x400, repeatCount=0, eventTime=293122, downTime=293122, deviceId=-1, source=0x101 }
01-07 07:55:27.120  5604  5604 V ViewRootImpl: IME finished event: seq=40 handled=false event=android.view.ViewRootImpl$QueuedInputEvent@20da71d8
01-07 07:55:27.120  5604  5604 V ViewRootImpl: Sending key event to IME: seq=41 event=KeyEvent { action=ACTION_UP, keyCode=KEYCODE_DPAD_LEFT, scanCode=0, metaState=0, flags=0x400, repeatCount=0, eventTime=293122, downTime=293122, deviceId=-1, source=0x101 }
01-07 07:55:27.120  5604  5604 V ViewRootImpl: IME finished event: seq=41 handled=false event=android.view.ViewRootImpl$QueuedInputEvent@20da7210
01-07 07:55:27.120  5604  5604 V ViewRootImpl: Sending key event to IME: seq=42 event=KeyEvent { action=ACTION_DOWN, keyCode=KEYCODE_DPAD_LEFT, scanCode=0, metaState=0, flags=0x400, repeatCount=0, eventTime=293122, downTime=293122, deviceId=-1, source=0x101 }
01-07 07:55:27.120  5604  5604 V ViewRootImpl: IME finished event: seq=42 handled=false event=android.view.ViewRootImpl$QueuedInputEvent@20da7130
01-07 07:55:27.120  5604  5604 V ViewRootImpl: Sending key event to IME: seq=43 event=KeyEvent { action=ACTION_UP, keyCode=KEYCODE_DPAD_LEFT, scanCode=0, metaState=0, flags=0x400, repeatCount=0, eventTime=293122, downTime=293122, deviceId=-1, source=0x101 }
01-07 07:55:27.130  5604  5604 V ViewRootImpl: IME finished event: seq=43 handled=false event=android.view.ViewRootImpl$QueuedInputEvent@20da7248
01-07 07:55:27.130  5604  5604 V ViewRootImpl: Sending key event to IME: seq=44 event=KeyEvent { action=ACTION_DOWN, keyCode=KEYCODE_DPAD_LEFT, scanCode=0, metaState=0, flags=0x400, repeatCount=0, eventTime=293122, downTime=293122, deviceId=-1, source=0x101 }
01-07 07:55:27.130  5604  5604 V ViewRootImpl: IME finished event: seq=44 handled=false event=android.view.ViewRootImpl$QueuedInputEvent@20da72b8
01-07 07:55:27.130  5604  5604 V ViewRootImpl: Sending key event to IME: seq=45 event=KeyEvent { action=ACTION_UP, keyCode=KEYCODE_DPAD_LEFT, scanCode=0, metaState=0, flags=0x400, repeatCount=0, eventTime=293122, downTime=293122, deviceId=-1, source=0x101 }
01-07 07:55:27.130  5604  5604 V ViewRootImpl: IME finished event: seq=45 handled=false event=android.view.ViewRootImpl$QueuedInputEvent@20dd9000
01-07 07:55:27.130  5604  5604 V ViewRootImpl: Sending trackball event to IME: seq=47 event=MotionEvent { action=ACTION_MOVE, id[0]=0, x[0]=2.0, y[0]=-5.0, toolType[0]=TOOL_TYPE_UNKNOWN, buttonState=0, metaState=0, flags=0x0, edgeFlags=0x0, pointerCount=1, historySize=5, eventTime=293118, downTime=-1, deviceId=0, source=0x10004 }
01-07 07:55:27.130  5604  5604 V ViewRootImpl: IME finished event: seq=47 handled=false event=android.view.ViewRootImpl$QueuedInputEvent@20da7210
01-07 07:55:27.130  5604  5604 V ViewRootImpl: Sending key event to IME: seq=48 event=KeyEvent { action=ACTION_MULTIPLE, keyCode=KEYCODE_DPAD_UP, scanCode=0, metaState=0, flags=0x400, repeatCount=4, eventTime=293148, downTime=293148, deviceId=-1, source=0x101 }
01-07 07:55:27.140  5604  5604 V ViewRootImpl: IME finished event: seq=48 handled=false event=android.view.ViewRootImpl$QueuedInputEvent@20db8500
01-07 07:55:27.140  5604  5604 V ViewRootImpl: Sending key event to IME: seq=49 event=KeyEvent { action=ACTION_DOWN, keyCode=KEYCODE_DPAD_UP, scanCode=0, metaState=0, flags=0x400, repeatCount=0, eventTime=293148, downTime=293148, deviceId=-1, source=0x101 }
01-07 07:55:27.140  5604  5604 V ViewRootImpl: IME finished event: seq=49 handled=false event=android.view.ViewRootImpl$QueuedInputEvent@20dd9000
01-07 07:55:27.140  5604  5604 V ViewRootImpl: Sending key event to IME: seq=50 event=KeyEvent { action=ACTION_UP, keyCode=KEYCODE_DPAD_UP, scanCode=0, metaState=0, flags=0x400, repeatCount=0, eventTime=293148, downTime=293148, deviceId=-1, source=0x101 }
01-07 07:55:27.140  5604  5604 V ViewRootImpl: IME finished event: seq=50 handled=false event=android.view.ViewRootImpl$QueuedInputEvent@20da72b8
01-07 07:55:27.140  5604  5604 V ViewRootImpl: Sending key event to IME: seq=51 event=KeyEvent { action=ACTION_DOWN, keyCode=KEYCODE_DPAD_UP, scanCode=0, metaState=0, flags=0x400, repeatCount=0, eventTime=293148, downTime=293148, deviceId=-1, source=0x101 }
01-07 07:55:27.140  5604  5604 V ViewRootImpl: IME finished event: seq=51 handled=false event=android.view.ViewRootImpl$QueuedInputEvent@20da7248
01-07 07:55:27.140  5604  5604 V ViewRootImpl: Sending key event to IME: seq=52 event=KeyEvent { action=ACTION_UP, keyCode=KEYCODE_DPAD_UP, scanCode=0, metaState=0, flags=0x400, repeatCount=0, eventTime=293148, downTime=293148, deviceId=-1, source=0x101 }
01-07 07:55:27.140  5604  5604 V ViewRootImpl: IME finished event: seq=52 handled=false event=android.view.ViewRootImpl$QueuedInputEvent@20da7130
01-07 07:55:27.140  5604  5604 V ViewRootImpl: Sending key event to IME: seq=53 event=KeyEvent { action=ACTION_DOWN, keyCode=KEYCODE_DPAD_UP, scanCode=0, metaState=0, flags=0x400, repeatCount=0, eventTime=293148, downTime=293148, deviceId=-1, source=0x101 }
01-07 07:55:27.150  5604  5604 V ViewRootImpl: IME finished event: seq=53 handled=false event=android.view.ViewRootImpl$QueuedInputEvent@20da71d8
01-07 07:55:27.150  5604  5604 V ViewRootImpl: Sending key event to IME: seq=54 event=KeyEvent { action=ACTION_UP, keyCode=KEYCODE_DPAD_UP, scanCode=0, metaState=0, flags=0x400, repeatCount=0, eventTime=293148, downTime=293148, deviceId=-1, source=0x101 }
01-07 07:55:27.150  5604  5604 V ViewRootImpl: IME finished event: seq=54 handled=false event=android.view.ViewRootImpl$QueuedInputEvent@20da71a0
01-07 07:55:27.150  5604  5604 V ViewRootImpl: Sending key event to IME: seq=55 event=KeyEvent { action=ACTION_DOWN, keyCode=KEYCODE_DPAD_UP, scanCode=0, metaState=0, flags=0x400, repeatCount=0, eventTime=293148, downTime=293148, deviceId=-1, source=0x101 }
01-07 07:55:27.150  5604  5604 V ViewRootImpl: IME finished event: seq=55 handled=false event=android.view.ViewRootImpl$QueuedInputEvent@20da5668
