01-07 07:55:37.160  1229  1229 V ViewRootImpl: Sending key event to IME: seq=447 event=KeyEvent { action=ACTION_DOWN, keyCode=KEYCODE_DPAD_RIGHT, scanCode=0, metaState=0, flags=0x8, repeatCount=0, eventTime=303168, downTime=303168, deviceId=-1, source=0x101 }
01-07 07:55:37.160  1229  1229 V ViewRootImpl: IME finished event: seq=447 handled=false event=android.view.ViewRootImpl$QueuedInputEvent@20f83de8
01-07 07:55:37.160  1229  1229 V ViewRootImpl: Sending key event to IME: seq=448 event=KeyEvent { action=ACTION_UP, keyCode=KEYCODE_DPAD_RIGHT, scanCode=0, metaState=0, flags=0x8, repeatCount=0, eventTime=303170, downTime=303170, deviceId=-1, source=0x101 }
01-07 07:55:37.160  1229  1229 V ViewRootImpl: IME finished event: seq=448 handled=false event=android.view.ViewRootImpl$QueuedInputEvent@20f83de8
01-07 07:55:37.170   425   440 D hwcomposer: isRGBOverlayLayer: got an RGB overlay layer
01-07 07:55:37.190   425   440 D hwcomposer: isRGBOverlayLayer: got an RGB overlay layer
01-07 07:55:37.200   425   440 D hwcomposer: isRGBOverlayLayer: got an RGB overlay layer
01-07 07:55:37.210  1229  1229 V ViewRootImpl: Sending key event to IME: seq=449 event=KeyEvent { action=ACTION_DOWN, keyCode=KEYCODE_DPAD_CENTER, scanCode=0, metaState=0, flags=0x8, repeatCount=0, eventTime=303223, downTime=303223, deviceId=-1, source=0x101 }
01-07 07:55:37.210  1229  1229 V ViewRootImpl: IME finished event: seq=449 handled=false event=android.view.ViewRootImpl$QueuedInputEvent@20f83de8
01-07 07:55:37.210  1229  1229 V ViewRootImpl: Sending key event to IME: seq=450 event=KeyEvent { action=ACTION_UP, keyCode=KEYCODE_DPAD_CENTER, scanCode=0, metaState=0, flags=0x8, repeatCount=0, eventTime=303225, downTime=303225, deviceId=-1, source=0x101 }
01-07 07:55:37.210  1229  1229 V ViewRootImpl: IME finished event: seq=450 handled=false event=android.view.ViewRootImpl$QueuedInputEvent@20f83de8
01-07 07:55:37.220   425  3716 I notification_enqueue: [android,17040479,NULL,-1,Notification(pri=0 contentView=android/0x109008f vibrate=null sound=null defaults=0x0 flags=0x2 kind=[android.system.imeswitcher])]
01-07 07:55:37.260  1229  1229 V ViewRootImpl: Sending key event to IME: seq=451 event=KeyEvent { action=ACTION_DOWN, keyCode=KEYCODE_DPAD_CENTER, scanCode=0, metaState=0, flags=0x8, repeatCount=0, eventTime=303278, downTime=303278, deviceId=-1, source=0x101 }
01-07 07:55:37.270  1229  1229 V ViewRootImpl: IME finished event: seq=451 handled=false event=android.view.ViewRootImpl$QueuedInputEvent@20f83de8
01-07 07:55:37.270  1229  1229 V ViewRootImpl: Sending key event to IME: seq=452 event=KeyEvent { action=ACTION_UP, keyCode=KEYCODE_DPAD_CENTER, scanCode=0, metaState=0, flags=0x8, repeatCount=0, eventTime=303279, downTime=303279, deviceId=-1, source=0x101 }
01-07 07:55:37.270   425  5187 I notification_enqueue: [android,17040479,NULL,-1,Notification(pri=0 contentView=android/0x109008f vibrate=null sound=null defaults=0x0 flags=0x2 kind=[android.system.imeswitcher])]
01-07 07:55:37.270  1229  1229 V ViewRootImpl: IME finished event: seq=452 handled=false event=android.view.ViewRootImpl$QueuedInputEvent@20f83de8
01-07 07:55:37.330  1229  1229 V ViewRootImpl: Sending key event to IME: seq=453 event=KeyEvent { action=ACTION_DOWN, keyCode=KEYCODE_F4, scanCode=0, metaState=0, flags=0x8, repeatCount=0, eventTime=303332, downTime=303332, deviceId=-1, source=0x101 }
01-07 07:55:37.330  1229  1229 V ViewRootImpl: IME finished event: seq=453 handled=false event=android.view.ViewRootImpl$QueuedInputEvent@20f83de8
01-07 07:55:37.330  1229  1229 V ViewRootImpl: Sending key event to IME: seq=454 event=KeyEvent { action=ACTION_UP, keyCode=KEYCODE_F4, scanCode=0, metaState=0, flags=0x8, repeatCount=0, eventTime=303333, downTime=303333, deviceId=-1, source=0x101 }
01-07 07:55:37.330  1229  1229 V ViewRootImpl: IME finished event: seq=454 handled=false event=android.view.ViewRootImpl$QueuedInputEvent@20f83de8
01-07 07:55:37.390  1229  1229 V ViewRootImpl: Sending trackball event to IME: seq=455 event=MotionEvent { action=ACTION_MOVE, id[0]=0, x[0]=1.0, y[0]=-3.0, toolType[0]=TOOL_TYPE_UNKNOWN, buttonState=0, metaState=0, flags=0x0, edgeFlags=0x0, pointerCount=1, historySize=14, eventTime=303402, downTime=-1, deviceId=0, source=0x10004 }
01-07 07:55:37.400  1229  1229 V ViewRootImpl: IME finished event: seq=455 handled=false event=android.view.ViewRootImpl$QueuedInputEvent@20f83de8
01-07 07:55:37.400  1229  1229 V ViewRootImpl: Sending key event to IME: seq=456 event=KeyEvent { action=ACTION_DOWN, keyCode=KEYCODE_DPAD_UP, scanCode=0, metaState=0, flags=0x400, repeatCount=0, eventTime=303411, downTime=303411, deviceId=-1, source=0x101 }
01-07 07:55:37.400  1229  1229 V ViewRootImpl: IME finished event: seq=456 handled=false event=android.view.ViewRootImpl$QueuedInputEvent@20e4f770
01-07 07:55:37.400  1229  1229 V ViewRootImpl: Sending key event to IME: seq=457 event=KeyEvent { action=ACTION_UP, keyCode=KEYCODE_DPAD_UP, scanCode=0, metaState=0, flags=0x400, repeatCount=0, eventTime=303411, downTime=303411, deviceId=-1, source=0x101 }
01-07 07:55:37.400  1229  1229 V ViewRootImpl: IME finished event: seq=457 handled=false event=android.view.ViewRootImpl$QueuedInputEvent@20e4f738
01-07 07:55:37.400  1229  1229 V ViewRootImpl: Sending key event to IME: seq=458 event=KeyEvent { action=ACTION_DOWN, keyCode=KEYCODE_DPAD_UP, scanCode=0, metaState=0, flags=0x400, repeatCount=0, eventTime=303411, downTime=303411, deviceId=-1, source=0x101 }
01-07 07:55:37.410  1229  1229 V ViewRootImpl: IME finished event: seq=458 handled=false event=android.view.ViewRootImpl$QueuedInputEvent@20e4f700
01-07 07:55:37.410  1229  1229 V ViewRootImpl: Sending key event to IME: seq=459 event=KeyEvent { action=ACTION_UP, keyCode=KEYCODE_DPAD_UP, scanCode=0, metaState=0, flags=0x400, repeatCount=0, eventTime=303411, downTime=303411, deviceId=-1, source=0x101 }
01-07 07:55:37.410  1229  1229 V ViewRootImpl: IME finished event: seq=459 handled=false event=android.view.ViewRootImpl$QueuedInputEvent@20e4f6c8
01-07 07:55:37.410  1229  1229 V ViewRootImpl: Sending key event to IME: seq=460 event=KeyEvent { action=ACTION_DOWN, keyCode=KEYCODE_DPAD_UP, scanCode=0, metaState=0, flags=0x400, repeatCount=0, eventTime=303411, downTime=303411, deviceId=-1, source=0x101 }
01-07 07:55:37.410  1229  1229 V ViewRootImpl: IME finished event: seq=460 handled=false event=android.view.ViewRootImpl$QueuedInputEvent@20e4f690
01-07 07:55:37.410  1229  1229 V ViewRootImpl: Sending key event to IME: seq=461 event=KeyEvent { action=ACTION_UP, keyCode=KEYCODE_DPAD_UP, scanCode=0, metaState=0, flags=0x400, repeatCount=0, eventTime=303411, downTime=303411, deviceId=-1, source=0x101 }
01-07 07:55:37.410  1229  1229 V ViewRootImpl: IME finished event: seq=461 handled=false event=android.view.ViewRootImpl$QueuedInputEvent@20e4f658
01-07 07:55:37.410  1229  1229 V ViewRootImpl: Sending trackball event to IME: seq=462 event=MotionEvent { action=ACTION_MOVE, id[0]=0, x[0]=-3.0, y[0]=0.0, toolType[0]=TOOL_TYPE_UNKNOWN, buttonState=0, metaState=0, flags=0x0, edgeFlags=0x0, pointerCount=1, historySize=4, eventTime=303406, downTime=-1, deviceId=0, source=0x10004 }
01-07 07:55:37.420  1229  1229 V ViewRootImpl: IME finished event: seq=462 handled=false event=android.view.ViewRootImpl$QueuedInputEvent@20e4f6c8
01-07 07:55:37.420  1229  1229 V ViewRootImpl: Sending key event to IME: seq=463 event=KeyEvent { action=ACTION_DOWN, keyCode=KEYCODE_DPAD_LEFT, scanCode=0, metaState=0, flags=0x400, repeatCount=0, eventTime=303431, downTime=303431, deviceId=-1, source=0x101 }
01-07 07:55:37.420  1229  1229 V ViewRootImpl: IME finished event: seq=463 handled=false event=android.view.ViewRootImpl$QueuedInputEvent@20e4f658
01-07 07:55:37.420  1229  1229 V ViewRootImpl: Sending key event to IME: seq=464 event=KeyEvent { action=ACTION_UP, keyCode=KEYCODE_DPAD_LEFT, scanCode=0, metaState=0, flags=0x400, repeatCount=0, eventTime=303431, downTime=303431, deviceId=-1, source=0x101 }
01-07 07:55:37.420  1229  1229 V ViewRootImpl: IME finished event: seq=464 handled=false event=android.view.ViewRootImpl$QueuedInputEvent@20e4f690
01-07 07:55:37.420  1229  1229 V ViewRootImpl: Sending key event to IME: seq=465 event=KeyEvent { action=ACTION_DOWN, keyCode=KEYCODE_DPAD_LEFT, scanCode=0, metaState=0, flags=0x400, repeatCount=0, eventTime=303431, downTime=303431, deviceId=-1, source=0x101 }
01-07 07:55:37.420  1229  1229 V ViewRootImpl: IME finished event: seq=465 handled=false event=android.view.ViewRootImpl$QueuedInputEvent@20e4f700
01-07 07:55:37.420  1229  1229 V ViewRootImpl: Sending key event to IME: seq=466 event=KeyEvent { action=ACTION_UP, keyCode=KEYCODE_DPAD_LEFT, scanCode=0, metaState=0, flags=0x400, repeatCount=0, eventTime=303431, downTime=303431, deviceId=-1, source=0x101 }
01-07 07:55:37.430  1229  1229 V ViewRootImpl: IME finished event: seq=466 handled=false event=android.view.ViewRootImpl$QueuedInputEvent@20e4f738
01-07 07:55:37.430  1229  1229 V ViewRootImpl: Sending key event to IME: seq=467 event=KeyEvent { action=ACTION_DOWN, keyCode=KEYCODE_DPAD_LEFT, scanCode=0, metaState=0, flags=0x400, repeatCount=0, eventTime=303431, downTime=303431, deviceId=-1, source=0x101 }
01-07 07:55:37.430  1229  1229 V ViewRootImpl: IME finished event: seq=467 handled=false event=android.view.ViewRootImpl$QueuedInputEvent@20e4f770
01-07 07:55:37.430  1229  1229 V ViewRootImpl: Sending key event to IME: seq=468 event=KeyEvent { action=ACTION_UP, keyCode=KEYCODE_DPAD_LEFT, scanCode=0, metaState=0, flags=0x400, repeatCount=0, eventTime=303431, downTime=303431, deviceId=-1, source=0x101 }
01-07 07:55:37.430  1229  1229 V ViewRootImpl: IME finished event: seq=468 handled=false event=android.view.ViewRootImpl$QueuedInputEvent@20f83de8
01-07 07:55:37.430  1229  1229 V ViewRootImpl: Sending key event to IME: seq=469 event=KeyEvent { action=ACTION_DOWN, keyCode=KEYCODE_VOLUME_UP, scanCode=0, metaState=0, flags=0x8, repeatCount=0, eventTime=303407, downTime=303407, deviceId=-1, source=0x101 }
01-07 07:55:37.430  1229  1229 V ViewRootImpl: IME finished event: seq=469 handled=false event=android.view.ViewRootImpl$QueuedInputEvent@20e4f6c8
01-07 07:55:37.440  1229  1229 V ViewRootImpl: Sending key event to IME: seq=470 event=KeyEvent { action=ACTION_UP, keyCode=KEYCODE_VOLUME_UP, scanCode=0, metaState=0, flags=0x8, repeatCount=0, eventTime=303432, downTime=303432, deviceId=-1, source=0x101 }
01-07 07:55:37.440  1229  1229 V ViewRootImpl: IME finished event: seq=470 handled=false event=android.view.ViewRootImpl$QueuedInputEvent@20e4f6c8
01-07 07:55:37.460   425   440 D hwcomposer: isRGBOverlayLayer: got an RGB overlay layer
01-07 07:55:37.480   425   440 D hwcomposer: isRGBOverlayLayer: got an RGB overlay layer
01-07 07:55:37.490  1229  1229 V ViewRootImpl: Sending key event to IME: seq=471 event=KeyEvent { action=ACTION_DOWN, keyCode=KEYCODE_DPAD_UP, scanCode=0, metaState=0, flags=0x8, repeatCount=0, eventTime=303503, downTime=303503, deviceId=-1, source=0x101 }
01-07 07:55:37.490  1229  1229 V ViewRootImpl: IME finished event: seq=471 handled=false event=android.view.ViewRootImpl$QueuedInputEvent@20e4f6c8
01-07 07:55:37.500  1229  1229 V ViewRootImpl: Sending key event to IME: seq=472 event=KeyEvent { action=ACTION_UP, keyCode=KEYCODE_DPAD_UP, scanCode=0, metaState=0, flags=0x8, repeatCount=0, eventTime=303504, downTime=303504, deviceId=-1, source=0x101 }
01-07 07:55:37.500   425   440 D hwcomposer: isRGBOverlayLayer: got an RGB overlay layer
01-07 07:55:37.500  1229  1229 V ViewRootImpl: IME finished event: seq=472 handled=false event=android.view.ViewRootImpl$QueuedInputEvent@20e4f6c8
01-07 07:55:37.550  1229  1229 V ViewRootImpl: Sending key event to IME: seq=473 event=KeyEvent { action=ACTION_DOWN, keyCode=KEYCODE_DPAD_LEFT, scanCode=0, metaState=0, flags=0x8, repeatCount=0, eventTime=303560, downTime=303560, deviceId=-1, source=0x101 }
01-07 07:55:37.550  1229  1229 V ViewRootImpl: IME finished event: seq=473 handled=false event=android.view.ViewRootImpl$QueuedInputEvent@20e4f6c8
01-07 07:55:37.550  1229  1229 V ViewRootImpl: Sending key event to IME: seq=474 event=KeyEvent { action=ACTION_UP, keyCode=KEYCODE_DPAD_LEFT, scanCode=0, metaState=0, flags=0x8, repeatCount=0, eventTime=303561, downTime=303561, deviceId=-1, source=0x101 }
01-07 07:55:37.550  1229  1229 V ViewRootImpl: IME finished event: seq=474 handled=false event=android.view.ViewRootImpl$QueuedInputEvent@20e4f6c8
01-07 07:55:37.670  1229  1229 V ViewRootImpl: Sending trackball event to IME: seq=475 event=MotionEvent { action=ACTION_MOVE, id[0]=0, x[0]=-2.0, y[0]=1.0, toolType[0]=TOOL_TYPE_UNKNOWN, buttonState=0, metaState=0, flags=0x0, edgeFlags=0x0, pointerCount=1, historySize=6, eventTime=303676, downTime=-1, deviceId=0, source=0x10004 }
01-07 07:55:37.670  1229  1229 V ViewRootImpl: IME finished event: seq=475 handled=false event=android.view.ViewRootImpl$QueuedInputEvent@20e4f6c8
01-07 07:55:37.670  1229  1229 V ViewRootImpl: Sending key event to IME: seq=476 event=KeyEvent { action=ACTION_DOWN, keyCode=KEYCODE_DPAD_LEFT, scanCode=0, metaState=0, flags=0x400, repeatCount=0, eventTime=303684, downTime=303684, deviceId=-1, source=0x101 }
01-07 07:55:37.670  1229  1229 V ViewRootImpl: IME finished event: seq=476 handled=false event=android.view.ViewRootImpl$QueuedInputEvent@20f83de8
01-07 07:55:37.670  1229  1229 V ViewRootImpl: Sending key event to IME: seq=477 event=KeyEvent { action=ACTION_UP, keyCode=KEYCODE_DPAD_LEFT, scanCode=0, metaState=0, flags=0x400, repeatCount=0, eventTime=303684, downTime=303684, deviceId=-1, source=0x101 }
01-07 07:55:37.680  1229  1229 V ViewRootImpl: IME finished event: seq=477 handled=false event=android.view.ViewRootImpl$QueuedInputEvent@20e4f770
01-07 07:55:37.680  1229  1229 V ViewRootImpl: Sending key event to IME: seq=478 event=KeyEvent { action=ACTION_DOWN, keyCode=KEYCODE_DPAD_LEFT, scanCode=0, metaState=0, flags=0x400, repeatCount=0, eventTime=303684, downTime=303684, deviceId=-1, source=0x101 }
01-07 07:55:37.680  1229  1229 V ViewRootImpl: IME finished event: seq=478 handled=false event=android.view.ViewRootImpl$QueuedInputEvent@20e4f738
01-07 07:55:37.680  1229  1229 V ViewRootImpl: Sending key event to IME: seq=479 event=KeyEvent { action=ACTION_UP, keyCode=KEYCODE_DPAD_LEFT, scanCode=0, metaState=0, flags=0x400, repeatCount=0, eventTime=303684, downTime=303684, deviceId=-1, source=0x101 }
01-07 07:55:37.680  1229  1229 V ViewRootImpl: IME finished event: seq=479 handled=false event=android.view.ViewRootImpl$QueuedInputEvent@20e4f700
01-07 07:55:37.690  1229  1229 V ViewRootImpl: Sending trackball event to IME: seq=480 event=MotionEvent { action=ACTION_MOVE, id[0]=0, x[0]=2.0, y[0]=-2.0, toolType[0]=TOOL_TYPE_UNKNOWN, buttonState=0, metaState=0, flags=0x0, edgeFlags=0x0, pointerCount=1, historySize=2, eventTime=303678, downTime=-1, deviceId=0, source=0x10004 }
01-07 07:55:37.690  1229  1229 V ViewRootImpl: IME finished event: seq=480 handled=false event=android.view.ViewRootImpl$QueuedInputEvent@20e4f700
01-07 07:55:37.690  1229  1229 V ViewRootImpl: Sending key event to IME: seq=481 event=KeyEvent { action=ACTION_DOWN, keyCode=KEYCODE_DPAD_UP, scanCode=0, metaState=0, flags=0x400, repeatCount=0, eventTime=303702, downTime=303702, deviceId=-1, source=0x101 }
01-07 07:55:37.690  1229  1229 V ViewRootImpl: IME finished event: seq=481 handled=false event=android.view.ViewRootImpl$QueuedInputEvent@20e4f738
01-07 07:55:37.690  1229  1229 V ViewRootImpl: Sending key event to IME: seq=482 event=KeyEvent { action=ACTION_UP, keyCode=KEYCODE_DPAD_UP, scanCode=0, metaState=0, flags=0x400, repeatCount=0, eventTime=303702, downTime=303702, deviceId=-1, source=0x101 }
01-07 07:55:37.690  1229  1229 V ViewRootImpl: IME finished event: seq=482 handled=false event=android.view.ViewRootImpl$QueuedInputEvent@20e4f770
01-07 07:55:37.700  1229  1229 V ViewRootImpl: Sending key event to IME: seq=483 event=KeyEvent { action=ACTION_DOWN, keyCode=KEYCODE_DPAD_UP, scanCode=0, metaState=0, flags=0x400, repeatCount=0, eventTime=303702, downTime=303702, deviceId=-1, source=0x101 }
01-07 07:55:37.700  1229  1229 V ViewRootImpl: IME finished event: seq=483 handled=false event=android.view.ViewRootImpl$QueuedInputEvent@20f83de8
01-07 07:55:37.700  1229  1229 V ViewRootImpl: Sending key event to IME: seq=484 event=KeyEvent { action=ACTION_UP, keyCode=KEYCODE_DPAD_UP, scanCode=0, metaState=0, flags=0x400, repeatCount=0, eventTime=303702, downTime=303702, deviceId=-1, source=0x101 }
01-07 07:55:37.700  1229  1229 V ViewRootImpl: IME finished event: seq=484 handled=false event=android.view.ViewRootImpl$QueuedInputEvent@20e4f6c8
01-07 07:55:37.700  1229  1229 V ViewRootImpl: Sending key event to IME: seq=485 event=KeyEvent { action=ACTION_DOWN, keyCode=KEYCODE_DPAD_RIGHT, scanCode=0, metaState=0, flags=0x8, repeatCount=0, eventTime=303678, downTime=303678, deviceId=-1, source=0x101 }
01-07 07:55:37.710  1229  1229 V ViewRootImpl: IME finished event: seq=485 handled=false event=android.view.ViewRootImpl$QueuedInputEvent@20e4f700
01-07 07:55:37.710  1229  1229 V ViewRootImpl: Sending key event to IME: seq=486 event=KeyEvent { action=ACTION_UP, keyCode=KEYCODE_DPAD_RIGHT, scanCode=0, metaState=0, flags=0x8, repeatCount=0, eventTime=303703, downTime=303703, deviceId=-1, source=0x101 }
01-07 07:55:37.710  1229  1229 V ViewRootImpl: IME finished event: seq=486 handled=false event=android.view.ViewRootImpl$QueuedInputEvent@20e4f700
01-07 07:55:37.760  1229  1229 V ViewRootImpl: Sending key event to IME: seq=487 event=KeyEvent { action=ACTION_DOWN, keyCode=KEYCODE_DPAD_CENTER, scanCode=0, metaState=0, flags=0x8, repeatCount=0, eventTime=303775, downTime=303775, deviceId=-1, source=0x101 }
01-07 07:55:37.760  1229  1229 V ViewRootImpl: IME finished event: seq=487 handled=false event=android.view.ViewRootImpl$QueuedInputEvent@20e4f700
01-07 07:55:37.760  1229  1229 V ViewRootImpl: Sending key event to IME: seq=488 event=KeyEvent { action=ACTION_UP, keyCode=KEYCODE_DPAD_CENTER, scanCode=0, metaState=0, flags=0x8, repeatCount=0, eventTime=303777, downTime=303777, deviceId=-1, source=0x101 }
01-07 07:55:37.770   425   640 I notification_enqueue: [android,17040479,NULL,-1,Notification(pri=0 contentView=android/0x109008f vibrate=null sound=null defaults=0x0 flags=0x2 kind=[android.system.imeswitcher])]
01-07 07:55:37.770  1229  1229 V ViewRootImpl: IME finished event: seq=488 handled=false event=android.view.ViewRootImpl$QueuedInputEvent@20e4f700
01-07 07:55:37.860    67    67 I KERNEL  : [  303.764502] smb347 2-006a: 
01-07 07:55:37.860    67    67 I KERNEL  : [  303.764506] smb347_status_monitor: temp=47 vbatt=3803 ocv=3859 chrg_now=1108000 chrg_full=2099000
01-07 07:55:37.860    67    67 I KERNEL  : [  303.764511] batt_level=53, current_now=-317(mA)
01-07 07:55:37.860    67    67 I KERNEL  : [  303.764514] BPTHERM= 46[0,45]
01-07 07:55:37.860    67    67 I KERNEL  : [  303.765612] smb347 2-006a: Charging Status: STAT_C:0x5
01-07 07:55:37.860   425   486 I battery_level: [53,3859,470,-253]
01-07 07:55:37.870  1229  1229 V ViewRootImpl: Sending key event to IME: seq=492 event=KeyEvent { action=ACTION_DOWN, keyCode=KEYCODE_DPAD_RIGHT, scanCode=0, metaState=0, flags=0x8, repeatCount=0, eventTime=303885, downTime=303885, deviceId=-1, source=0x101 }
01-07 07:55:37.870   425   440 D hwcomposer: isRGBOverlayLayer: got an RGB overlay layer
01-07 07:55:37.870  1961  1968 D dalvikvm: Rejecting registerization due to +iget-quick v10, v4, (#20)
01-07 07:55:37.880  1229  1229 V ViewRootImpl: IME finished event: seq=492 handled=false event=android.view.ViewRootImpl$QueuedInputEvent@20e4f700
01-07 07:55:37.880  1229  1229 V ViewRootImpl: Sending key event to IME: seq=493 event=KeyEvent { action=ACTION_UP, keyCode=KEYCODE_DPAD_RIGHT, scanCode=0, metaState=0, flags=0x8, repeatCount=0, eventTime=303887, downTime=303887, deviceId=-1, source=0x101 }
01-07 07:55:37.880  1229  1229 V ViewRootImpl: IME finished event: seq=493 handled=false event=android.view.ViewRootImpl$QueuedInputEvent@20e4f700
01-07 07:55:37.890   425   440 D hwcomposer: isRGBOverlayLayer: got an RGB overlay layer
01-07 07:55:37.900    67    67 I KERNEL  : [  303.804674] smb347 2-006a: Battery over heat.
01-07 07:55:37.900    67    67 I KERNEL  : [  303.805392] max170xx_battery 2-0036: soc perc: soc: 52, offset: 1
01-07 07:55:37.910   425   440 D hwcomposer: isRGBOverlayLayer: got an RGB overlay layer
01-07 07:55:37.920   425   486 I battery_status: [2,3,1,2,Li-ion]
01-07 07:55:37.930   425   440 D hwcomposer: isRGBOverlayLayer: got an RGB overlay layer
01-07 07:55:37.930  1229  1229 V ViewRootImpl: Sending key event to IME: seq=494 event=KeyEvent { action=ACTION_DOWN, keyCode=KEYCODE_DPAD_RIGHT, scanCode=0, metaState=0, flags=0x8, repeatCount=0, eventTime=303943, downTime=303943, deviceId=-1, source=0x101 }
01-07 07:55:37.930  1229  1229 V ViewRootImpl: IME finished event: seq=494 handled=false event=android.view.ViewRootImpl$QueuedInputEvent@20e4f700
01-07 07:55:37.930  1229  1229 V ViewRootImpl: Sending key event to IME: seq=495 event=KeyEvent { action=ACTION_UP, keyCode=KEYCODE_DPAD_RIGHT, scanCode=0, metaState=0, flags=0x8, repeatCount=0, eventTime=303944, downTime=303944, deviceId=-1, source=0x101 }
01-07 07:55:37.940  1229  1229 V ViewRootImpl: IME finished event: seq=495 handled=false event=android.view.ViewRootImpl$QueuedInputEvent@20e4f700
01-07 07:55:37.940  1961  1968 D dalvikvm: Rejecting registerization due to +iget-quick v10, v4, (#20)
01-07 07:55:37.940   425   440 D hwcomposer: isRGBOverlayLayer: got an RGB overlay layer
01-07 07:55:37.950   425   529 I backup_data_changed: com.android.providers.settings
01-07 07:55:37.960   425   529 I backup_data_changed: com.android.providers.settings
01-07 07:55:37.960   684   696 D dalvikvm: Rejecting registerization due to +iget-quick v3, v5, (#20)
01-07 07:55:37.960   425   440 D hwcomposer: isRGBOverlayLayer: got an RGB overlay layer
01-07 07:55:37.980   425   440 D hwcomposer: isRGBOverlayLayer: got an RGB overlay layer
01-07 07:55:37.990   425   498 W ApplicationContext: Calling a method in the system process without a qualified user: android.app.ContextImpl.startActivity:930 com.android.internal.policy.impl.PhoneWindowManager.interceptKeyBeforeDispatching:2128 com.android.server.wm.InputMonitor.interceptKeyBeforeDispatching:352 
01-07 07:55:37.990   425   498 W ApplicationContext: Calling a method in the system process without a qualified user: android.app.ContextImpl.startActivity:942 android.app.ContextImpl.startActivity:931 com.android.internal.policy.impl.PhoneWindowManager.interceptKeyBeforeDispatching:2128 
01-07 07:55:37.990  5675  5712 D AlertService: Beginning updateAlertNotification
01-07 07:55:37.990   425   440 D hwcomposer: isRGBOverlayLayer: got an RGB overlay layer
01-07 07:55:37.990  1229  1229 V ViewRootImpl: Sending trackball event to IME: seq=496 event=MotionEvent { action=ACTION_MOVE, id[0]=0, x[0]=0.0, y[0]=4.0, toolType[0]=TOOL_TYPE_UNKNOWN, buttonState=0, metaState=0, flags=0x0, edgeFlags=0x0, pointerCount=1, historySize=5, eventTime=304002, downTime=-1, deviceId=0, source=0x10004 }
01-07 07:55:38.000   425   498 I ActivityManager: START u0 {act=android.intent.action.MAIN cat=[android.intent.category.LAUNCHER] flg=0x10000000 cmp=com.android.browser/.BrowserActivity sel={act=android.intent.action.MAIN cat=[android.intent.category.APP_BROWSER]}} from pid 425
01-07 07:55:38.000  1229  1229 V ViewRootImpl: IME finished event: seq=496 handled=false event=android.view.ViewRootImpl$QueuedInputEvent@20e4f700
01-07 07:55:38.000  1229  1229 V ViewRootImpl: Sending key event to IME: seq=497 event=KeyEvent { action=ACTION_DOWN, keyCode=KEYCODE_DPAD_DOWN, scanCode=0, metaState=0, flags=0x400, repeatCount=0, eventTime=304012, downTime=304012, deviceId=-1, source=0x101 }
01-07 07:55:38.000  1229  1229 V ViewRootImpl: IME finished event: seq=497 handled=false event=android.view.ViewRootImpl$QueuedInputEvent@20e4f6c8
01-07 07:55:38.010  1229  1229 V ViewRootImpl: Sending key event to IME: seq=498 event=KeyEvent { action=ACTION_UP, keyCode=KEYCODE_DPAD_DOWN, scanCode=0, metaState=0, flags=0x400, repeatCount=0, eventTime=304012, downTime=304012, deviceId=-1, source=0x101 }
01-07 07:55:38.020   425   498 I WAKELOCK_ACQUIRE: TIMESTAMP=304033928760, TAG=ActivityManager-Launch, TYPE=PARTIAL_WAKE_LOCK             , COUNT=0, PID=425, UID=1000
01-07 07:55:38.020   425   498 I am_pause_activity: [0,551812896,com.google.android.gsf.login/.UsernamePasswordActivity]
01-07 07:55:38.020   425   498 I am_task_to_front: [0,11]
01-07 07:55:38.020   425   498 I am_new_intent: [0,553014896,11,com.android.browser/.BrowserActivity,android.intent.action.MAIN,NULL,NULL,272629760]
01-07 07:55:38.020   425   440 D hwcomposer: isRGBOverlayLayer: got an RGB overlay layer
01-07 07:55:38.030   425   425 I notification_cancel: [com.google.android.calendar,0,NULL,0,0,64]
01-07 07:55:38.030   425   783 I notification_cancel: [com.google.android.calendar,1,NULL,0,0,64]
01-07 07:55:38.030   425   437 I notification_cancel: [com.google.android.calendar,2,NULL,0,0,64]
01-07 07:55:38.030   425  5143 I notification_cancel: [com.google.android.calendar,3,NULL,0,0,64]
01-07 07:55:38.030  1229  1229 I am_on_paused_called: [0,com.google.android.gsf.login.UsernamePasswordActivity]
01-07 07:55:38.030   425   640 I notification_cancel: [com.google.android.calendar,4,NULL,0,0,64]
01-07 07:55:38.030   425   425 I notification_cancel: [com.google.android.calendar,5,NULL,0,0,64]
01-07 07:55:38.030   425   783 I notification_cancel: [com.google.android.calendar,6,NULL,0,0,64]
01-07 07:55:38.030  5675  5712 D AlertService: No fired or scheduled alerts
01-07 07:55:38.030   425   440 D hwcomposer: isRGBOverlayLayer: got an RGB overlay layer
01-07 07:55:38.030  1229  1229 V ViewRootImpl: IME finished event: seq=498 handled=false event=android.view.ViewRootImpl$QueuedInputEvent@20f83de8
01-07 07:55:38.040   425  5187 I ActivityManager: Start proc com.android.browser for activity com.android.browser/.BrowserActivity: pid=5734 uid=10005 gids={50005, 3003, 1015, 1028}
01-07 07:55:38.040   425   671 I notification_cancel: [com.google.android.calendar,7,NULL,0,0,64]
01-07 07:55:38.040   425   712 I notification_cancel: [com.google.android.calendar,8,NULL,0,0,64]
01-07 07:55:38.040   425   450 I notification_cancel: [com.google.android.calendar,9,NULL,0,0,64]
01-07 07:55:38.040   425   673 I notification_cancel: [com.google.android.calendar,10,NULL,0,0,64]
01-07 07:55:38.040   425   437 I notification_cancel: [com.google.android.calendar,11,NULL,0,0,64]
01-07 07:55:38.040   425  5187 I am_proc_start: [0,5734,10005,com.android.browser,activity,com.android.browser/.BrowserActivity]
01-07 07:55:38.040  5734  5734 D dalvikvm: Try to disable coredump for pid 5734
01-07 07:55:38.050   425   670 I notification_cancel: [com.google.android.calendar,12,NULL,0,0,64]
01-07 07:55:38.050   425   640 I notification_cancel: [com.google.android.calendar,13,NULL,0,0,64]
01-07 07:55:38.050   425   715 I notification_cancel: [com.google.android.calendar,14,NULL,0,0,64]
01-07 07:55:38.050   425   671 I notification_cancel: [com.google.android.calendar,15,NULL,0,0,64]
01-07 07:55:38.050   425   673 I notification_cancel: [com.google.android.calendar,16,NULL,0,0,64]
01-07 07:55:38.050   425   437 I notification_cancel: [com.google.android.calendar,17,NULL,0,0,64]
01-07 07:55:38.050   425   782 I notification_cancel: [com.google.android.calendar,18,NULL,0,0,64]
01-07 07:55:38.050   425  5143 I notification_cancel: [com.google.android.calendar,19,NULL,0,0,64]
01-07 07:55:38.050   425  5187 I notification_cancel: [com.google.android.calendar,20,NULL,0,0,64]
01-07 07:55:38.050   425   440 D hwcomposer: isRGBOverlayLayer: got an RGB overlay layer
01-07 07:55:38.050  1229  1229 V ViewRootImpl: Sending key event to IME: seq=499 event=KeyEvent { action=ACTION_DOWN, keyCode=KEYCODE_DPAD_DOWN, scanCode=0, metaState=0, flags=0x400, repeatCount=0, eventTime=304013, downTime=304013, deviceId=-1, source=0x101 }
01-07 07:55:38.050  5675  5712 D AlertService: Scheduling next alarm with AlarmScheduler. sEventReminderReceived: null
01-07 07:55:38.060   425   783 I am_proc_bound: [0,5734,com.android.browser]
01-07 07:55:38.060   425   440 D hwcomposer: isRGBOverlayLayer: got an RGB overlay layer
01-07 07:55:38.070   425   783 I am_restart_activity: [0,556321800,11,com.android.browser/.BrowserActivity]
01-07 07:55:38.080   425   440 D hwcomposer: isRGBOverlayLayer: got an RGB overlay layer
01-07 07:55:38.090  5675  5712 D AlarmScheduler: No events found starting within 1 week.
01-07 07:55:38.100   425   440 D hwcomposer: isRGBOverlayLayer: got an RGB overlay layer
01-07 07:55:38.100  5675  5712 D AlertService: 0 Action = removeOldReminders
01-07 07:55:38.110   425   440 D hwcomposer: isRGBOverlayLayer: got an RGB overlay layer
01-07 07:55:38.130  5675  5712 D AlertService: Scheduling next alarm with AlarmScheduler. sEventReminderReceived: null
01-07 07:55:38.130  5675  5682 D dalvikvm: Rejecting registerization due to ushr-int/lit8 v0, v2, (#19)
01-07 07:55:38.140  5675  5712 D AlarmScheduler: No events found starting within 1 week.
01-07 07:55:38.140  5734  5734 I ActivityThread: Pub com.android.browser;browser: com.android.browser.provider.BrowserProvider2
01-07 07:55:38.150  5675  5712 D AlertService: 0 Action = android.intent.action.PROVIDER_CHANGED
01-07 07:55:38.150  5734  5734 I ActivityThread: Pub com.android.browser.home: com.android.browser.homepages.HomeProvider
01-07 07:55:38.150  5734  5734 I ActivityThread: Pub com.android.browser.snapshots: com.android.browser.provider.SnapshotProvider
01-07 07:55:38.160   425   440 D hwcomposer: bool IntelOverlayContext::disable(): disable overlay...
01-07 07:55:38.180   425   450 I notification_enqueue: [android,17040479,NULL,-1,Notification(pri=0 contentView=android/0x109008f vibrate=null sound=null defaults=0x0 flags=0x2 kind=[android.system.imeswitcher])]
01-07 07:55:38.230  1229  1229 W ViewRootImpl: Dropping event due to no window focus: KeyEvent { action=ACTION_DOWN, keyCode=KEYCODE_DPAD_DOWN, scanCode=0, metaState=0, flags=0x400, repeatCount=0, eventTime=304013, downTime=304013, deviceId=-1, source=0x101 }
01-07 07:55:38.230  1229  1229 W ViewRootImpl: Dropping event due to no window focus: KeyEvent { action=ACTION_DOWN, keyCode=KEYCODE_DPAD_DOWN, scanCode=0, metaState=0, flags=0x400, repeatCount=0, eventTime=304013, downTime=304013, deviceId=-1, source=0x101 }
01-07 07:55:38.230  1229  1229 V ViewRootImpl: IME finished event: seq=499 handled=false event=android.view.ViewRootImpl$QueuedInputEvent@20e4f770
01-07 07:55:38.230  1229  1229 V ViewRootImpl: Sending key event to IME: seq=500 event=KeyEvent { action=ACTION_UP, keyCode=KEYCODE_DPAD_DOWN, scanCode=0, metaState=0, flags=0x400, repeatCount=0, eventTime=304013, downTime=304013, deviceId=-1, source=0x101 }
01-07 07:55:38.230  1229  1229 V ViewRootImpl: IME finished event: seq=500 handled=false event=android.view.ViewRootImpl$QueuedInputEvent@20e4f738
01-07 07:55:38.230  1229  1229 V ViewRootImpl: Sending key event to IME: seq=501 event=KeyEvent { action=ACTION_DOWN, keyCode=KEYCODE_DPAD_DOWN, scanCode=0, metaState=0, flags=0x400, repeatCount=0, eventTime=304013, downTime=304013, deviceId=-1, source=0x101 }
01-07 07:55:38.230  1229  1229 V ViewRootImpl: IME finished event: seq=501 handled=false event=android.view.ViewRootImpl$QueuedInputEvent@20e4f690
01-07 07:55:38.240  1229  1229 W ViewRootImpl: Dropping event due to no window focus: KeyEvent { action=ACTION_DOWN, keyCode=KEYCODE_DPAD_DOWN, scanCode=0, metaState=0, flags=0x400, repeatCount=0, eventTime=304013, downTime=304013, deviceId=-1, source=0x101 }
01-07 07:55:38.240  1229  1229 V ViewRootImpl: Sending key event to IME: seq=502 event=KeyEvent { action=ACTION_UP, keyCode=KEYCODE_DPAD_DOWN, scanCode=0, metaState=0, flags=0x400, repeatCount=0, eventTime=304013, downTime=304013, deviceId=-1, source=0x101 }
01-07 07:55:38.240  1229  1229 V ViewRootImpl: IME finished event: seq=502 handled=false event=android.view.ViewRootImpl$QueuedInputEvent@20e4f658
01-07 07:55:38.240  1229  1229 V ViewRootImpl: Sending key event to IME: seq=503 event=KeyEvent { action=ACTION_DOWN, keyCode=KEYCODE_DPAD_DOWN, scanCode=0, metaState=0, flags=0x400, repeatCount=0, eventTime=304013, downTime=304013, deviceId=-1, source=0x101 }
01-07 07:55:38.240  1229  1229 V ViewRootImpl: IME finished event: seq=503 handled=false event=android.view.ViewRootImpl$QueuedInputEvent@20e4f620
01-07 07:55:38.240  1229  1229 V ViewRootImpl: Sending key event to IME: seq=504 event=KeyEvent { action=ACTION_UP, keyCode=KEYCODE_DPAD_DOWN, scanCode=0, metaState=0, flags=0x400, repeatCount=0, eventTime=304013, downTime=304013, deviceId=-1, source=0x101 }
01-07 07:55:38.240  1229  1229 V ViewRootImpl: IME finished event: seq=504 handled=false event=android.view.ViewRootImpl$QueuedInputEvent@20e4f2d0
01-07 07:55:38.240  1229  1229 V ViewRootImpl: Sending trackball event to IME: seq=505 event=MotionEvent { action=ACTION_MOVE, id[0]=0, x[0]=3.0, y[0]=-2.0, toolType[0]=TOOL_TYPE_UNKNOWN, buttonState=0, metaState=0, flags=0x0, edgeFlags=0x0, pointerCount=1, historySize=3, eventTime=304004, downTime=-1, deviceId=0, source=0x10004 }
01-07 07:55:38.250  1229  1229 W ViewRootImpl: Dropping event due to no window focus: MotionEvent { action=ACTION_MOVE, id[0]=0, x[0]=3.0, y[0]=-2.0, toolType[0]=TOOL_TYPE_UNKNOWN, buttonState=0, metaState=0, flags=0x0, edgeFlags=0x0, pointerCount=1, historySize=3, eventTime=304004, downTime=-1, deviceId=0, source=0x10004 }
01-07 07:55:38.250  1229  1229 V ViewRootImpl: IME finished event: seq=505 handled=false event=android.view.ViewRootImpl$QueuedInputEvent@20e4f6c8
01-07 07:55:38.350  5734  5734 I browser_text_size_change: [100,130]
01-07 07:55:38.350  5734  5734 D TilesManager: Starting TG #0, 0x5e9a57e0
01-07 07:55:38.370  5734  5734 D WebViewTimersControl: onBrowserActivityResume
01-07 07:55:38.370  5734  5734 D WebViewTimersControl: Resuming webview timers, view=com.android.browser.BrowserWebView{20dd6bb8 VFEDHVCL .F....I. 0,0-0,0}
01-07 07:55:38.400  5734  5734 I am_on_resume_called: [0,com.android.browser.BrowserActivity]
01-07 07:55:38.400  5734  5734 V NFC     : this device does not have NFC support
01-07 07:55:38.430  5734  5752 I content_update_sample: [content://com.android.browser/thumbnails,delete,_id not in (1),66,,14]
01-07 07:55:38.470  1583  1583 I binder_sample: [android.hardware.input.IInputManager,5,452,com.android.commands.monkey,90]
01-07 07:55:38.480  5734  5734 D libEGL  : loaded /vendor/lib/egl/libEGL_POWERVR_SGX544_115.so
01-07 07:55:38.490  5734  5734 D libEGL  : loaded /vendor/lib/egl/libGLESv1_CM_POWERVR_SGX544_115.so
01-07 07:55:38.500  5734  5734 D libEGL  : loaded /vendor/lib/egl/libGLESv2_POWERVR_SGX544_115.so
01-07 07:55:38.530  5734  5734 D OpenGLRenderer: Enabling debug mode 0
01-07 07:55:38.570   425  3716 I ActivityManager: START u0 {act=com.android.systemui.recent.action.TOGGLE_RECENTS flg=0x10800000 cmp=com.android.systemui/.recent.RecentsActivity (has extras)} from pid 535
01-07 07:55:38.590   425  3716 I WAKELOCK_ACQUIRE: TIMESTAMP=304606139360, TAG=ActivityManager-Launch, TYPE=PARTIAL_WAKE_LOCK             , COUNT=0, PID=425, UID=1000
01-07 07:55:38.590   425  3716 I am_pause_activity: [0,556321800,com.android.browser/.BrowserActivity]
01-07 07:55:38.600   425  3716 I am_task_to_front: [0,28]
01-07 07:55:38.600   425  3716 I am_new_intent: [0,555485744,28,com.android.systemui/.recent.RecentsActivity,com.android.systemui.recent.action.TOGGLE_RECENTS,NULL,NULL,281018368]
01-07 07:55:38.600   425   453 I am_activity_launch_time: [0,556321800,com.android.browser/.BrowserActivity,564,564]
01-07 07:55:38.600   425   783 I notification_cancel: [android,17040479,NULL,-1,0,0]
01-07 07:55:38.600   425   453 I ActivityManager: Displayed com.android.browser/.BrowserActivity: +564ms
01-07 07:55:38.630  1229  1229 W IInputConnectionWrapper: showStatusIcon on inactive InputConnection
01-07 07:55:38.630   425   437 I WAKELOCK_ACQUIRE: TIMESTAMP=304647264571, TAG=Browser, TYPE=PARTIAL_WAKE_LOCK             , COUNT=0, PID=5734, UID=10005
01-07 07:55:38.630  5734  5734 I am_on_paused_called: [0,com.android.browser.BrowserActivity]
01-07 07:55:38.630  5734  5741 D dalvikvm: Rejecting registerization due to mul-int/lit8 v4, v2, (#31)
01-07 07:55:38.630  5734  5741 D dalvikvm: Rejecting registerization due to mul-int/lit8 v4, v2, (#31)
01-07 07:55:38.640   425   673 I am_resume_activity: [0,554381800,28,com.android.systemui/.recent.RecentsActivity]
01-07 07:55:38.640  5734  5734 V ViewRootImpl: Sending trackball event to IME: seq=1 event=MotionEvent { action=ACTION_MOVE, id[0]=0, x[0]=-1.0, y[0]=1.0, toolType[0]=TOOL_TYPE_UNKNOWN, buttonState=0, metaState=0, flags=0x0, edgeFlags=0x0, pointerCount=1, historySize=9, eventTime=304559, downTime=-1, deviceId=0, source=0x10004 }
01-07 07:55:38.650   535   535 I am_on_resume_called: [0,com.android.systemui.recent.RecentsActivity]
01-07 07:55:38.670  5734  5741 D dalvikvm: Rejecting registerization due to +iget-object-quick v5, v6, (#8)
01-07 07:55:38.670  1583  1583 I binder_sample: [android.hardware.input.IInputManager,5,69,com.android.commands.monkey,13]
01-07 07:55:38.670  5734  5741 D dalvikvm: Rejecting registerization due to +iget-object-quick v5, v6, (#8)
01-07 07:55:38.680  5734  5741 D dalvikvm: Rejecting registerization due to +iget-object-quick v5, v6, (#8)
01-07 07:55:38.680  5734  5741 D dalvikvm: Rejecting registerization due to +iget-object-quick v5, v6, (#8)
01-07 07:55:38.690  5734  5741 I dalvikvm: Total arena pages for JIT: 11
01-07 07:55:38.690  5734  5741 I dalvikvm: Total arena pages for JIT: 12
01-07 07:55:38.690  5734  5741 I dalvikvm: Total arena pages for JIT: 13
01-07 07:55:38.690  5734  5741 I dalvikvm: Total arena pages for JIT: 14
01-07 07:55:38.690  5734  5741 I dalvikvm: Total arena pages for JIT: 15
01-07 07:55:38.770  5734  5734 W ViewRootImpl: Dropping event due to no window focus: MotionEvent { action=ACTION_MOVE, id[0]=0, x[0]=-1.0, y[0]=1.0, toolType[0]=TOOL_TYPE_UNKNOWN, buttonState=0, metaState=0, flags=0x0, edgeFlags=0x0, pointerCount=1, historySize=9, eventTime=304559, downTime=-1, deviceId=0, source=0x10004 }
01-07 07:55:38.770  5734  5734 V ViewRootImpl: IME finished event: seq=1 handled=false event=android.view.ViewRootImpl$QueuedInputEvent@20e6b8a8
01-07 07:55:38.780   535   545 D dalvikvm: Rejecting registerization due to array-length v1, v2, (#0)
01-07 07:55:38.780   535   545 D dalvikvm: Rejecting registerization due to +iget-quick v2, v4, (#20)
01-07 07:55:38.810  5734  5741 D dalvikvm: Rejecting registerization due to div-int/lit8 v0, v3, (#2)
01-07 07:55:38.810  5734  5741 D dalvikvm: Rejecting registerization due to div-int/lit8 v0, v3, (#2)
01-07 07:55:38.830  5734  5741 I dalvikvm: Total arena pages for JIT: 16
01-07 07:55:38.830  5734  5741 I dalvikvm: Total arena pages for JIT: 17
01-07 07:55:38.870   425   440 D hwcomposer: isRGBOverlayLayer: got an RGB overlay layer
01-07 07:55:38.890   425   440 D hwcomposer: isRGBOverlayLayer: got an RGB overlay layer
01-07 07:55:38.890  5734  5741 I dalvikvm: Total arena pages for JIT: 18
01-07 07:55:38.900   535   542 D dalvikvm: GC_CONCURRENT freed 3194K, 40% free 9438K/15532K, paused 1ms+6ms, total 37ms
01-07 07:55:38.900   425   440 D hwcomposer: isRGBOverlayLayer: got an RGB overlay layer
01-07 07:55:38.910   535  2982 D dalvikvm: WAIT_FOR_CONCURRENT_GC blocked 32ms
01-07 07:55:38.920   425   440 D hwcomposer: isRGBOverlayLayer: got an RGB overlay layer
01-07 07:55:38.940   425   440 D hwcomposer: isRGBOverlayLayer: got an RGB overlay layer
01-07 07:55:38.950   425   440 D hwcomposer: isRGBOverlayLayer: got an RGB overlay layer
01-07 07:55:38.970   425   440 D hwcomposer: isRGBOverlayLayer: got an RGB overlay layer
01-07 07:55:38.970   535   545 D dalvikvm: Rejecting registerization due to sget-object v2, (#8261), (#0)
01-07 07:55:38.990   425   440 D hwcomposer: isRGBOverlayLayer: got an RGB overlay layer
01-07 07:55:38.990  5734  5741 D dalvikvm: Rejecting registerization due to and-int/lit8 v4, v6, (#15)
01-07 07:55:39.010   425   440 D hwcomposer: isRGBOverlayLayer: got an RGB overlay layer
01-07 07:55:39.010  1583  1583 I binder_sample: [android.hardware.input.IInputManager,5,287,com.android.commands.monkey,57]
01-07 07:55:39.020   425   440 D hwcomposer: isRGBOverlayLayer: got an RGB overlay layer
01-07 07:55:39.040   425   440 D hwcomposer: isRGBOverlayLayer: got an RGB overlay layer
01-07 07:55:39.040   535   535 V ViewRootImpl: Sending key event to IME: seq=503 event=KeyEvent { action=ACTION_DOWN, keyCode=KEYCODE_DPAD_UP, scanCode=0, metaState=0, flags=0x8, repeatCount=0, eventTime=304739, downTime=304739, deviceId=-1, source=0x101 }
01-07 07:55:39.080  5734  5734 W IInputConnectionWrapper: showStatusIcon on inactive InputConnection
01-07 07:55:39.090   535   535 V ViewRootImpl: IME finished event: seq=503 handled=false event=android.view.ViewRootImpl$QueuedInputEvent@2100b780
01-07 07:55:39.090  1583  1583 I binder_sample: [android.hardware.input.IInputManager,5,79,com.android.commands.monkey,15]
01-07 07:55:39.090   535   535 V ViewRootImpl: Sending key event to IME: seq=504 event=KeyEvent { action=ACTION_UP, keyCode=KEYCODE_DPAD_UP, scanCode=0, metaState=0, flags=0x8, repeatCount=0, eventTime=305026, downTime=305026, deviceId=-1, source=0x101 }
01-07 07:55:39.100   535   545 D dalvikvm: Rejecting registerization due to move v5, v4, (#0)
01-07 07:55:39.110   425   671 I WAKELOCK_RELEASE: TIMESTAMP=305124285867, TAG=ActivityManager-Launch, TYPE=PARTIAL_WAKE_LOCK             , COUNT=0, PID=425, UID=1000
01-07 07:55:39.110   535   535 V ViewRootImpl: IME finished event: seq=504 handled=false event=android.view.ViewRootImpl$QueuedInputEvent@2100b780
01-07 07:55:39.130  5734  5741 D dalvikvm: Rejecting registerization due to move v5, v4, (#0)
01-07 07:55:39.140  5734  5741 D dalvikvm: Rejecting registerization due to ushr-int/lit8 v4, v7, (#19)
01-07 07:55:39.150   425   670 I ActivityManager: START u0 {act=android.intent.action.MAIN cat=[android.intent.category.HOME] flg=0x10200000 cmp=com.android.launcher/com.android.launcher2.Launcher} from pid 535
01-07 07:55:39.160  5734  5741 D dalvikvm: Rejecting registerization due to ushr-int/lit8 v4, v7, (#19)
01-07 07:55:39.170   425   670 I WAKELOCK_ACQUIRE: TIMESTAMP=305188615930, TAG=ActivityManager-Launch, TYPE=PARTIAL_WAKE_LOCK             , COUNT=0, PID=425, UID=1000
01-07 07:55:39.170   425   670 I am_pause_activity: [0,554381800,com.android.systemui/.recent.RecentsActivity]
01-07 07:55:39.180   425   670 I am_task_to_front: [0,2]
01-07 07:55:39.180   425   670 I am_new_intent: [0,554586128,2,com.android.launcher/com.android.launcher2.Launcher,android.intent.action.MAIN,NULL,NULL,274726912]
01-07 07:55:39.180   535   535 I am_on_paused_called: [0,com.android.systemui.recent.RecentsActivity]
01-07 07:55:39.180   425   450 I am_resume_activity: [0,553919296,2,com.android.launcher/com.android.launcher2.Launcher]
01-07 07:55:39.180   425   440 D hwcomposer: isRGBOverlayLayer: got an RGB overlay layer
01-07 07:55:39.200   684   684 I am_on_resume_called: [0,com.android.launcher2.Launcher]
01-07 07:55:39.200   630   630 D CAT     : StkAppService$2: got intent: Intent { act=com.android.launcher.CLOSE_ALL_APPS flg=0x10 }
01-07 07:55:39.230   425   440 D hwcomposer: isRGBOverlayLayer: got an RGB overlay layer
01-07 07:55:39.250   684   684 V ViewRootImpl: Sending key event to IME: seq=242 event=KeyEvent { action=ACTION_DOWN, keyCode=KEYCODE_BUTTON_12, scanCode=0, metaState=0, flags=0x8, repeatCount=0, eventTime=305211, downTime=305211, deviceId=-1, source=0x101 }
01-07 07:55:39.250   684   684 V ViewRootImpl: IME finished event: seq=242 handled=false event=android.view.ViewRootImpl$QueuedInputEvent@20fbe720
01-07 07:55:39.260   684   684 V ViewRootImpl: Sending key event to IME: seq=243 event=KeyEvent { action=ACTION_DOWN, keyCode=KEYCODE_DPAD_CENTER, scanCode=0, metaState=0, flags=0x8, repeatCount=0, eventTime=305211, downTime=305211, deviceId=-1, source=0x101 }
01-07 07:55:39.260   684   684 V ViewRootImpl: IME finished event: seq=243 handled=false event=android.view.ViewRootImpl$QueuedInputEvent@20fbe720
01-07 07:55:39.260   684   684 V ViewRootImpl: Sending key event to IME: seq=244 event=KeyEvent { action=ACTION_UP, keyCode=KEYCODE_BUTTON_12, scanCode=0, metaState=0, flags=0x8, repeatCount=0, eventTime=305235, downTime=305235, deviceId=-1, source=0x101 }
01-07 07:55:39.260   684   684 V ViewRootImpl: IME finished event: seq=244 handled=false event=android.view.ViewRootImpl$QueuedInputEvent@20fbe720
01-07 07:55:39.260   684   684 V ViewRootImpl: Sending key event to IME: seq=245 event=KeyEvent { action=ACTION_UP, keyCode=KEYCODE_DPAD_CENTER, scanCode=0, metaState=0, flags=0x8, repeatCount=0, eventTime=305235, downTime=305235, deviceId=-1, source=0x101 }
01-07 07:55:39.280   425   440 D hwcomposer: isRGBOverlayLayer: got an RGB overlay layer
01-07 07:55:39.280   425  3716 W ResourceType: Skipping entry 0x7f05000e in package table 0 because it is not complex!
01-07 07:55:39.290   425  3716 W ResourceType: Skipping entry 0x7f05000f in package table 0 because it is not complex!
01-07 07:55:39.300   684   684 V ViewRootImpl: IME finished event: seq=245 handled=false event=android.view.ViewRootImpl$QueuedInputEvent@20fbe720
01-07 07:55:39.310   684   684 V ViewRootImpl: Sending key event to IME: seq=246 event=KeyEvent { action=ACTION_DOWN, keyCode=KEYCODE_DPAD_DOWN, scanCode=0, metaState=0, flags=0x8, repeatCount=0, eventTime=305323, downTime=305323, deviceId=-1, source=0x101 }
01-07 07:55:39.310   425   440 D hwcomposer: isRGBOverlayLayer: got an RGB overlay layer
01-07 07:55:39.320   684   684 V ViewRootImpl: IME finished event: seq=246 handled=false event=android.view.ViewRootImpl$QueuedInputEvent@20fbe720
01-07 07:55:39.330  1583  1583 I binder_sample: [android.hardware.input.IInputManager,5,22,com.android.commands.monkey,4]
01-07 07:55:39.330   425   440 D hwcomposer: isRGBOverlayLayer: got an RGB overlay layer
01-07 07:55:39.330   684   684 V ViewRootImpl: Sending key event to IME: seq=247 event=KeyEvent { action=ACTION_UP, keyCode=KEYCODE_DPAD_DOWN, scanCode=0, metaState=0, flags=0x8, repeatCount=0, eventTime=305325, downTime=305325, deviceId=-1, source=0x101 }
01-07 07:55:39.340   425   783 I WAKELOCK_RELEASE: TIMESTAMP=305356043622, TAG=ActivityManager-Launch, TYPE=PARTIAL_WAKE_LOCK             , COUNT=0, PID=425, UID=1000
01-07 07:55:39.340   684   684 V ViewRootImpl: IME finished event: seq=247 handled=false event=android.view.ViewRootImpl$QueuedInputEvent@20fbe720
01-07 07:55:39.350   425   440 D hwcomposer: isRGBOverlayLayer: got an RGB overlay layer
01-07 07:55:39.360   425   440 D hwcomposer: isRGBOverlayLayer: got an RGB overlay layer
01-07 07:55:39.380   425   440 D hwcomposer: isRGBOverlayLayer: got an RGB overlay layer
01-07 07:55:39.380   684   684 V ViewRootImpl: Sending key event to IME: seq=248 event=KeyEvent { action=ACTION_DOWN, keyCode=KEYCODE_NUMPAD_3, scanCode=0, metaState=0, flags=0x8, repeatCount=0, eventTime=305398, downTime=305398, deviceId=-1, source=0x101 }
01-07 07:55:39.390   684   684 V ViewRootImpl: IME finished event: seq=248 handled=false event=android.view.ViewRootImpl$QueuedInputEvent@20fbe720
01-07 07:55:39.390   684   684 V ViewRootImpl: Sending key event to IME: seq=249 event=KeyEvent { action=ACTION_DOWN, keyCode=KEYCODE_PAGE_DOWN, scanCode=0, metaState=0, flags=0x8, repeatCount=0, eventTime=305398, downTime=305398, deviceId=-1, source=0x101 }
01-07 07:55:39.390   684   684 V ViewRootImpl: IME finished event: seq=249 handled=false event=android.view.ViewRootImpl$QueuedInputEvent@20fbe720
01-07 07:55:39.390   684   684 V ViewRootImpl: Sending key event to IME: seq=250 event=KeyEvent { action=ACTION_UP, keyCode=KEYCODE_NUMPAD_3, scanCode=0, metaState=0, flags=0x8, repeatCount=0, eventTime=305399, downTime=305399, deviceId=-1, source=0x101 }
01-07 07:55:39.390   684   684 V ViewRootImpl: IME finished event: seq=250 handled=false event=android.view.ViewRootImpl$QueuedInputEvent@20fbe720
01-07 07:55:39.390   684   684 V ViewRootImpl: Sending key event to IME: seq=251 event=KeyEvent { action=ACTION_UP, keyCode=KEYCODE_PAGE_DOWN, scanCode=0, metaState=0, flags=0x8, repeatCount=0, eventTime=305399, downTime=305399, deviceId=-1, source=0x101 }
01-07 07:55:39.390   684   684 V ViewRootImpl: IME finished event: seq=251 handled=false event=android.view.ViewRootImpl$QueuedInputEvent@20fbe720
01-07 07:55:39.400   425   440 D hwcomposer: isRGBOverlayLayer: got an RGB overlay layer
01-07 07:55:39.420   425   440 D hwcomposer: isRGBOverlayLayer: got an RGB overlay layer
01-07 07:55:39.430   425   440 D hwcomposer: isRGBOverlayLayer: got an RGB overlay layer
01-07 07:55:39.450   425   440 D hwcomposer: isRGBOverlayLayer: got an RGB overlay layer
01-07 07:55:39.480   425   440 D hwcomposer: isRGBOverlayLayer: got an RGB overlay layer
01-07 07:55:39.490   425   440 D hwcomposer: isRGBOverlayLayer: got an RGB overlay layer
01-07 07:55:39.500   425   440 D hwcomposer: isRGBOverlayLayer: got an RGB overlay layer
01-07 07:55:39.500   684   684 V ViewRootImpl: Sending trackball event to IME: seq=254 event=MotionEvent { action=ACTION_MOVE, id[0]=0, x[0]=-4.0, y[0]=3.0, toolType[0]=TOOL_TYPE_UNKNOWN, buttonState=0, metaState=0, flags=0x0, edgeFlags=0x0, pointerCount=1, historySize=1, eventTime=305510, downTime=-1, deviceId=0, source=0x10004 }
01-07 07:55:39.510   684   684 V ViewRootImpl: IME finished event: seq=254 handled=false event=android.view.ViewRootImpl$QueuedInputEvent@20fbe720
01-07 07:55:39.510   684   684 V ViewRootImpl: Sending key event to IME: seq=256 event=KeyEvent { action=ACTION_DOWN, keyCode=KEYCODE_DPAD_LEFT, scanCode=0, metaState=0, flags=0x400, repeatCount=0, eventTime=305523, downTime=305523, deviceId=-1, source=0x101 }
